La génération a démarré 23/12/2025 10:25:06.
La verbosité de la journalisation a la valeur Detailed.     0>Processus = "C:\Program Files\dotnet\dotnet.exe"
       Chemin de l'exécutable MSBuild = "C:\Program Files\dotnet\sdk\10.0.101\MSBuild.dll"
       Arguments de ligne de commande = "C:\Program Files\dotnet\sdk\10.0.101\MSBuild.dll -maxcpucount --verbosity:m -tlp:default=auto --property:NuGetInteractive=true --restoreProperty:NuGetInteractive=true --restoreProperty:EnableDefaultCompileItems=false --restoreProperty:EnableDefaultEmbeddedResourceItems=false --restoreProperty:EnableDefaultNoneItems=false /flp:logfile=build_error.log -consoleloggerparameters:Summary -restore -distributedlogger:Microsoft.DotNet.Cli.Commands.MSBuild.MSBuildLogger,C:\Program Files\dotnet\sdk\10.0.101\dotnet.dll*Microsoft.DotNet.Cli.Commands.MSBuild.MSBuildForwardingLogger,C:\Program Files\dotnet\sdk\10.0.101\dotnet.dll -nologo"
       Répertoire actif = "C:\Users\rdenimal\Documents\gestionnaire_doublon\DoublonManager"
       Version de MSBuild = "18.0.6+fad253f51"
       D’après la clé de Registre Windows LongPathsEnabled, la fonctionnalité LongPaths est désactivé.
       Basé sur la clé de Registre Windows VerifiedAndReputablePolicyState, état SAC = 0 : désactivé.
       Le « Microsoft.NET.Sdk » SDK a été résolu par le programme de résolution de « DefaultSdkResolver » en « C:\Program Files\dotnet\sdk\10.0.101\Sdks\Microsoft.NET.Sdk\Sdk » d’emplacement et en version «  ».
       C:\Program Files\dotnet\sdk\10.0.101\Sdks\Microsoft.NET.Sdk\Sdk\Sdk.props(49,11): message : Propriété 'MSBuildExtensionsPath' avec la valeur 'C:\Program Files\dotnet\sdk\10.0.101\' développée à partir de l’environnement.
       C:\Program Files\dotnet\sdk\10.0.101\Current\Microsoft.Common.props(60,5): message : Réassignation de propriété : $(MSBuildProjectExtensionsPath)="C:\Users\rdenimal\Documents\gestionnaire_doublon\DoublonManager\obj\" (valeur précédente : "obj\") à C:\Program Files\dotnet\sdk\10.0.101\Current\Microsoft.Common.props (60,5)
       C:\Program Files\dotnet\sdk\10.0.101\Current\Microsoft.Common.props(84,119): message : Propriété 'MSBuildUserExtensionsPath' avec la valeur 'C:\Users\rdenimal\AppData\Local\Microsoft\MSBuild' développée à partir de l’environnement.
       Assembly chargé pendant Evaluation : System.Threading.Tasks.Parallel, Version=10.0.0.0, Culture=neutral, PublicKeyToken=b03f5f7f11d50a3a (emplacement : C:\Program Files\dotnet\shared\Microsoft.NETCore.App\10.0.1\System.Threading.Tasks.Parallel.dll, MVID : c0c31281-a1da-475c-91e3-f539049c5ef1, AssemblyLoadContext : Default)
       C:\Program Files\dotnet\sdk\10.0.101\Sdks\Microsoft.NET.Sdk\targets\Microsoft.NET.Sdk.props(90,5): message : Réassignation de propriété : $(AssemblySearchPaths)="{CandidateAssemblyFiles};{HintPathFromItem}" (valeur précédente : "{CandidateAssemblyFiles}") à C:\Program Files\dotnet\sdk\10.0.101\Sdks\Microsoft.NET.Sdk\targets\Microsoft.NET.Sdk.props (90,5)
       C:\Program Files\dotnet\sdk\10.0.101\Sdks\Microsoft.NET.Sdk\targets\Microsoft.NET.Sdk.props(91,5): message : Réassignation de propriété : $(AssemblySearchPaths)="{CandidateAssemblyFiles};{HintPathFromItem};{TargetFrameworkDirectory}" (valeur précédente : "{CandidateAssemblyFiles};{HintPathFromItem}") à C:\Program Files\dotnet\sdk\10.0.101\Sdks\Microsoft.NET.Sdk\targets\Microsoft.NET.Sdk.props (91,5)
       C:\Program Files\dotnet\sdk\10.0.101\Sdks\Microsoft.NET.Sdk\targets\Microsoft.NET.Sdk.props(92,5): message : Réassignation de propriété : $(AssemblySearchPaths)="{CandidateAssemblyFiles};{HintPathFromItem};{TargetFrameworkDirectory};{RawFileName}" (valeur précédente : "{CandidateAssemblyFiles};{HintPathFromItem};{TargetFrameworkDirectory}") à C:\Program Files\dotnet\sdk\10.0.101\Sdks\Microsoft.NET.Sdk\targets\Microsoft.NET.Sdk.props (92,5)
       Le programme de résolution « DefaultSdkResolver » a tenté de résoudre le SDK « Microsoft.NET.SDK.WorkloadAutoImportPropsLocator ».
       Avertissements : null
       Erreurs : MSB4276: Le programme de résolution du SDK par défaut n’a pas pu résoudre le SDK «Microsoft.NET.SDK.WorkloadAutoImportPropsLocator», car le répertoire «C:\Program Files\dotnet\sdk\10.0.101\Sdks\Microsoft.NET.SDK.WorkloadAutoImportPropsLocator\Sdk» n’existait pas.
       Assembly chargé pendant Evaluation : Microsoft.Build.NuGetSdkResolver, Version=7.0.0.0, Culture=neutral, PublicKeyToken=31bf3856ad364e35 (emplacement : C:\Program Files\dotnet\sdk\10.0.101\Microsoft.Build.NuGetSdkResolver.dll, MVID : 3aed13f2-41a4-4f79-9ae7-f91c942ed8e5, AssemblyLoadContext : MSBuild plugin C:\Program Files\dotnet\sdk\10.0.101\Microsoft.Build.NuGetSdkResolver.dll)
       Assembly chargé pendant Evaluation : System.Reflection.Metadata, Version=10.0.0.0, Culture=neutral, PublicKeyToken=b03f5f7f11d50a3a (emplacement : C:\Program Files\dotnet\shared\Microsoft.NETCore.App\10.0.1\System.Reflection.Metadata.dll, MVID : 3dffb579-478e-4936-a66f-3cf5f722eefe, AssemblyLoadContext : Default)
       Assembly chargé pendant Evaluation : NuGet.Common, Version=7.0.0.0, Culture=neutral, PublicKeyToken=31bf3856ad364e35 (emplacement : C:\Program Files\dotnet\sdk\10.0.101\NuGet.Common.dll, MVID : e68f94a8-8ead-49da-8d66-ddbffff51250, AssemblyLoadContext : MSBuild plugin C:\Program Files\dotnet\sdk\10.0.101\Microsoft.Build.NuGetSdkResolver.dll)
       Assembly chargé pendant Evaluation : Microsoft.NET.Sdk.WorkloadMSBuildSdkResolver, Version=10.0.101.0, Culture=neutral, PublicKeyToken=31bf3856ad364e35 (emplacement : C:\Program Files\dotnet\sdk\10.0.101\Microsoft.NET.Sdk.WorkloadMSBuildSdkResolver.dll, MVID : 5c8a4c6d-b406-4bd0-9e3f-8370848cd2cb, AssemblyLoadContext : MSBuild plugin C:\Program Files\dotnet\sdk\10.0.101\Microsoft.NET.Sdk.WorkloadMSBuildSdkResolver.dll)
       Assembly chargé pendant Evaluation : Microsoft.DotNet.Cli.Utils, Version=10.0.101.0, Culture=neutral, PublicKeyToken=adb9793829ddae60 (emplacement : C:\Program Files\dotnet\sdk\10.0.101\Microsoft.DotNet.Cli.Utils.dll, MVID : 0a4ee92c-4a3d-4297-a04d-19c4cdd0f8a2, AssemblyLoadContext : MSBuild plugin C:\Program Files\dotnet\sdk\10.0.101\Microsoft.NET.Sdk.WorkloadMSBuildSdkResolver.dll)
       Assembly chargé pendant Evaluation : Microsoft.NET.Sdk.WorkloadManifestReader, Version=10.0.101.0, Culture=neutral, PublicKeyToken=adb9793829ddae60 (emplacement : C:\Program Files\dotnet\sdk\10.0.101\Microsoft.NET.Sdk.WorkloadManifestReader.dll, MVID : 2c78410a-8ec2-4806-a829-c831cba84d97, AssemblyLoadContext : MSBuild plugin C:\Program Files\dotnet\sdk\10.0.101\Microsoft.NET.Sdk.WorkloadMSBuildSdkResolver.dll)
       Assembly chargé pendant Evaluation : Microsoft.Deployment.DotNet.Releases, Version=2.0.0.0, Culture=neutral, PublicKeyToken=31bf3856ad364e35 (emplacement : C:\Program Files\dotnet\sdk\10.0.101\Microsoft.Deployment.DotNet.Releases.dll, MVID : aefc5383-75f2-4916-ba9b-f020105d50e8, AssemblyLoadContext : MSBuild plugin C:\Program Files\dotnet\sdk\10.0.101\Microsoft.NET.Sdk.WorkloadMSBuildSdkResolver.dll)
       Le « Microsoft.NET.SDK.WorkloadAutoImportPropsLocator » SDK a été résolu par le programme de résolution de « Microsoft.DotNet.MSBuildWorkloadSdkResolver » en « null » d’emplacement et en version « null ».
       C:\Users\rdenimal\Documents\gestionnaire_doublon\DoublonManager\DoublonManager.csproj(4,5): message : Réassignation de propriété : $(OutputType)="WinExe" (valeur précédente : "Library") à C:\Users\rdenimal\Documents\gestionnaire_doublon\DoublonManager\DoublonManager.csproj (4,5)
       C:\Program Files\dotnet\sdk\10.0.101\Sdks\Microsoft.NET.Sdk\targets\Microsoft.NET.Sdk.ImportPublishProfile.targets(28,5): message : Réassignation de propriété : $(PublishProfileImported)="false" (valeur précédente : "true") à C:\Program Files\dotnet\sdk\10.0.101\Sdks\Microsoft.NET.Sdk\targets\Microsoft.NET.Sdk.ImportPublishProfile.targets (28,5)
       Assembly chargé pendant Evaluation : NuGet.Frameworks, Version=7.0.0.0, Culture=neutral, PublicKeyToken=31bf3856ad364e35 (emplacement : C:\Program Files\dotnet\sdk\10.0.101\NuGet.Frameworks.dll, MVID : e913a35d-983d-474c-b844-7b99e57f87c3, AssemblyLoadContext : Assembly.LoadFile(C:\Program Files\dotnet\sdk\10.0.101\NuGet.Frameworks.dll))
       C:\Program Files\dotnet\sdk\10.0.101\Sdks\Microsoft.NET.Sdk\targets\Microsoft.NET.TargetFrameworkInference.targets(80,5): message : Réassignation de propriété : $(TargetPlatformVersion)="0.0" (valeur précédente : "0.0.0.0") à C:\Program Files\dotnet\sdk\10.0.101\Sdks\Microsoft.NET.Sdk\targets\Microsoft.NET.TargetFrameworkInference.targets (80,5)
       C:\Program Files\dotnet\sdk\10.0.101\Sdks\Microsoft.NET.Sdk\targets\Microsoft.NET.TargetFrameworkInference.targets(81,5): message : Réassignation de propriété : $(TargetPlatformVersion)="" (valeur précédente : "0.0") à C:\Program Files\dotnet\sdk\10.0.101\Sdks\Microsoft.NET.Sdk\targets\Microsoft.NET.TargetFrameworkInference.targets (81,5)
       C:\Program Files\dotnet\sdk\10.0.101\Sdks\Microsoft.NET.Sdk\targets\Microsoft.NET.TargetFrameworkInference.targets(84,5): message : Réassignation de propriété : $(TargetPlatformIdentifier)="Windows" (valeur précédente : "windows") à C:\Program Files\dotnet\sdk\10.0.101\Sdks\Microsoft.NET.Sdk\targets\Microsoft.NET.TargetFrameworkInference.targets (84,5)
       C:\Program Files\dotnet\sdk\10.0.101\Sdks\Microsoft.NET.Sdk\targets\Microsoft.NET.DefaultOutputPaths.targets(127,5): message : Réassignation de propriété : $(DefaultItemExcludes)=";bin\Debug\/**;obj\Debug\/**" (valeur précédente : ";bin\Debug\/**") à C:\Program Files\dotnet\sdk\10.0.101\Sdks\Microsoft.NET.Sdk\targets\Microsoft.NET.DefaultOutputPaths.targets (127,5)
       C:\Program Files\dotnet\sdk\10.0.101\Sdks\Microsoft.NET.Sdk\targets\Microsoft.NET.DefaultOutputPaths.targets(142,5): message : Réassignation de propriété : $(OutputPath)="bin\Debug\net6.0-windows\" (valeur précédente : "bin\Debug\") à C:\Program Files\dotnet\sdk\10.0.101\Sdks\Microsoft.NET.Sdk\targets\Microsoft.NET.DefaultOutputPaths.targets (142,5)
       C:\Program Files\dotnet\sdk\10.0.101\Sdks\Microsoft.NET.Sdk\targets\Microsoft.NET.DefaultOutputPaths.targets(147,5): message : Réassignation de propriété : $(IntermediateOutputPath)="obj\Debug\net6.0-windows\" (valeur précédente : "obj\Debug\") à C:\Program Files\dotnet\sdk\10.0.101\Sdks\Microsoft.NET.Sdk\targets\Microsoft.NET.DefaultOutputPaths.targets (147,5)
       Le programme de résolution « DefaultSdkResolver » a tenté de résoudre le SDK « Microsoft.NET.SDK.WorkloadManifestTargetsLocator ».
       Avertissements : null
       Erreurs : MSB4276: Le programme de résolution du SDK par défaut n’a pas pu résoudre le SDK «Microsoft.NET.SDK.WorkloadManifestTargetsLocator», car le répertoire «C:\Program Files\dotnet\sdk\10.0.101\Sdks\Microsoft.NET.SDK.WorkloadManifestTargetsLocator\Sdk» n’existait pas.
       Le « Microsoft.NET.SDK.WorkloadManifestTargetsLocator » SDK a été résolu par le programme de résolution de « Microsoft.DotNet.MSBuildWorkloadSdkResolver » en « C:\Program Files\dotnet\sdk-manifests\10.0.100-rc.2\microsoft.net.sdk.android\36.0.0-rc.2.332 » d’emplacement et en version « null ».
       C:\Program Files\dotnet\sdk\10.0.101\Sdks\Microsoft.NET.Sdk\targets\Microsoft.NET.Sdk.BeforeCommon.targets(371,5): message : Réassignation de propriété : $(RoslynTargetsPath)="C:\Program Files\dotnet\sdk\10.0.101\Sdks\Microsoft.NET.Sdk\targets\..\..\..\Roslyn" (valeur précédente : "C:\Program Files\dotnet\sdk\10.0.101\Roslyn") à C:\Program Files\dotnet\sdk\10.0.101\Sdks\Microsoft.NET.Sdk\targets\Microsoft.NET.Sdk.BeforeCommon.targets (371,5)
       C:\Program Files\dotnet\sdk\10.0.101\Roslyn\Microsoft.Managed.Core.targets(6,5): message : Réassignation de propriété : $(_BuildTasksDirectory)="C:\Program Files\dotnet\sdk\10.0.101\Sdks\Microsoft.NET.Sdk\targets\..\..\..\Roslyn\" (valeur précédente : "C:\Program Files\dotnet\sdk\10.0.101\Roslyn\") à C:\Program Files\dotnet\sdk\10.0.101\Roslyn\Microsoft.Managed.Core.targets (6,5)
       C:\Program Files\dotnet\sdk\10.0.101\Roslyn\Microsoft.CSharp.Core.targets(200,5): message : Réassignation de propriété : $(CommandLineArgsForDesignTimeEvaluation)="-langversion:10.0 -define:TRACE" (valeur précédente : "-langversion:10.0") à C:\Program Files\dotnet\sdk\10.0.101\Roslyn\Microsoft.CSharp.Core.targets (200,5)
       Assembly chargé pendant Evaluation : Microsoft.Build.Utilities.Core, Version=15.1.0.0, Culture=neutral, PublicKeyToken=b03f5f7f11d50a3a (emplacement : C:\Program Files\dotnet\sdk\10.0.101\Microsoft.Build.Utilities.Core.dll, MVID : 0ce0dd4f-98bd-4767-bc61-9eb82d6f94a6, AssemblyLoadContext : Default)
       C:\Program Files\dotnet\sdk\10.0.101\Microsoft.Common.CurrentVersion.targets(175,5): message : Réassignation de propriété : $(_DebugSymbolsProduced)="true" (valeur précédente : "false") à C:\Program Files\dotnet\sdk\10.0.101\Microsoft.Common.CurrentVersion.targets (175,5)
       C:\Program Files\dotnet\sdk\10.0.101\Microsoft.Common.CurrentVersion.targets(185,5): message : Réassignation de propriété : $(_DocumentationFileProduced)="false" (valeur précédente : "true") à C:\Program Files\dotnet\sdk\10.0.101\Microsoft.Common.CurrentVersion.targets (185,5)
       C:\Program Files\dotnet\sdk\10.0.101\Microsoft.Common.CurrentVersion.targets(392,5): message : Réassignation de propriété : $(MSBuildCopyMarkerName)="DoublonM.0C353975" (valeur précédente : "DoublonManager.csproj") à C:\Program Files\dotnet\sdk\10.0.101\Microsoft.Common.CurrentVersion.targets (392,5)
       C:\Program Files\dotnet\sdk\10.0.101\Microsoft.Common.CurrentVersion.targets(393,5): message : Réassignation de propriété : $(MSBuildCopyMarkerName)="DoublonM.0C353975.Up2Date" (valeur précédente : "DoublonM.0C353975") à C:\Program Files\dotnet\sdk\10.0.101\Microsoft.Common.CurrentVersion.targets (393,5)
       C:\Program Files\dotnet\sdk\10.0.101\Microsoft.Common.CurrentVersion.targets(541,5): message : Réassignation de propriété : $(ProcessorArchitecture)="msil" (valeur précédente : "") à C:\Program Files\dotnet\sdk\10.0.101\Microsoft.Common.CurrentVersion.targets (541,5)
       C:\Program Files\dotnet\sdk\10.0.101\Microsoft.Common.CurrentVersion.targets(580,5): message : Réassignation de propriété : $(DelaySign)="" (valeur précédente : "false") à C:\Program Files\dotnet\sdk\10.0.101\Microsoft.Common.CurrentVersion.targets (580,5)
       C:\Program Files\dotnet\sdk\10.0.101\Microsoft.Common.CurrentVersion.targets(2606,5): message : Propriété 'LOCALAPPDATA' avec la valeur 'C:\Users\rdenimal\AppData\Local' développée à partir de l’environnement.
       C:\Program Files\dotnet\sdk\10.0.101\Microsoft.Common.CurrentVersion.targets(3934,5): message : Réassignation de propriété : $(_SGenGenerateSerializationAssembliesConfig)="Auto" (valeur précédente : "") à C:\Program Files\dotnet\sdk\10.0.101\Microsoft.Common.CurrentVersion.targets (3934,5)
       C:\Program Files\dotnet\sdk\10.0.101\Microsoft.Common.CurrentVersion.targets(3935,5): message : Réassignation de propriété : $(_SGenGenerateSerializationAssembliesConfig)="Off" (valeur précédente : "Auto") à C:\Program Files\dotnet\sdk\10.0.101\Microsoft.Common.CurrentVersion.targets (3935,5)
       C:\Program Files\dotnet\sdk\10.0.101\Microsoft.Common.CurrentVersion.targets(5146,5): message : Réassignation de propriété : $(_TargetsThatPrepareProjectReferences)="
       C:\Program Files\dotnet\sdk\10.0.101\Microsoft.Common.CurrentVersion.targets(5146,5): message :       AssignProjectConfiguration;
       C:\Program Files\dotnet\sdk\10.0.101\Microsoft.Common.CurrentVersion.targets(5146,5): message :       _SplitProjectReferencesByFileExistence
       C:\Program Files\dotnet\sdk\10.0.101\Microsoft.Common.CurrentVersion.targets(5146,5): message :     " (valeur précédente : "_SplitProjectReferencesByFileExistence") à C:\Program Files\dotnet\sdk\10.0.101\Microsoft.Common.CurrentVersion.targets (5146,5)
       C:\Program Files\dotnet\sdk\10.0.101\Microsoft.Common.CurrentVersion.targets(6959,5): message : Propriété 'MSBuildExtensionsPath32' avec la valeur 'C:\Program Files\dotnet\sdk\10.0.101' développée à partir de l’environnement.
       La propriété "NuGetInteractive" est une propriété globale et elle ne peut pas être modifiée.
       C:\Program Files\dotnet\sdk\10.0.101\Sdks\Microsoft.NET.Sdk\targets\Microsoft.PackageDependencyResolution.targets(24,5): message : Réassignation de propriété : $(ProjectAssetsFile)="C:\Users\rdenimal\Documents\gestionnaire_doublon\DoublonManager\obj\project.assets.json" (valeur précédente : "C:\Users\rdenimal\Documents\gestionnaire_doublon\DoublonManager\obj\/project.assets.json") à C:\Program Files\dotnet\sdk\10.0.101\Sdks\Microsoft.NET.Sdk\targets\Microsoft.PackageDependencyResolution.targets (24,5)
       C:\Program Files\dotnet\sdk\10.0.101\Sdks\Microsoft.NET.Sdk\targets\Microsoft.PackageDependencyResolution.targets(29,5): message : Réassignation de propriété : $(ProjectAssetsCacheFile)="C:\Users\rdenimal\Documents\gestionnaire_doublon\DoublonManager\obj\Debug\net6.0-windows\DoublonManager.assets.cache" (valeur précédente : "obj\Debug\net6.0-windows\DoublonManager.assets.cache") à C:\Program Files\dotnet\sdk\10.0.101\Sdks\Microsoft.NET.Sdk\targets\Microsoft.PackageDependencyResolution.targets (29,5)
       C:\Program Files\dotnet\sdk\10.0.101\Sdks\Microsoft.NET.Sdk\targets\Microsoft.PackageDependencyResolution.targets(80,5): message : Réassignation de propriété : $(ResolveAssemblyReferencesDependsOn)="
       C:\Program Files\dotnet\sdk\10.0.101\Sdks\Microsoft.NET.Sdk\targets\Microsoft.PackageDependencyResolution.targets(80,5): message :       
       C:\Program Files\dotnet\sdk\10.0.101\Sdks\Microsoft.NET.Sdk\targets\Microsoft.PackageDependencyResolution.targets(80,5): message :       ResolveProjectReferences;
       C:\Program Files\dotnet\sdk\10.0.101\Sdks\Microsoft.NET.Sdk\targets\Microsoft.PackageDependencyResolution.targets(80,5): message :       FindInvalidProjectReferences;
       C:\Program Files\dotnet\sdk\10.0.101\Sdks\Microsoft.NET.Sdk\targets\Microsoft.PackageDependencyResolution.targets(80,5): message :       GetFrameworkPaths;
       C:\Program Files\dotnet\sdk\10.0.101\Sdks\Microsoft.NET.Sdk\targets\Microsoft.PackageDependencyResolution.targets(80,5): message :       GetReferenceAssemblyPaths;
       C:\Program Files\dotnet\sdk\10.0.101\Sdks\Microsoft.NET.Sdk\targets\Microsoft.PackageDependencyResolution.targets(80,5): message :       PrepareForBuild;
       C:\Program Files\dotnet\sdk\10.0.101\Sdks\Microsoft.NET.Sdk\targets\Microsoft.PackageDependencyResolution.targets(80,5): message :       ResolveSDKReferences;
       C:\Program Files\dotnet\sdk\10.0.101\Sdks\Microsoft.NET.Sdk\targets\Microsoft.PackageDependencyResolution.targets(80,5): message :       ExpandSDKReferences;
       C:\Program Files\dotnet\sdk\10.0.101\Sdks\Microsoft.NET.Sdk\targets\Microsoft.PackageDependencyResolution.targets(80,5): message :     ;
       C:\Program Files\dotnet\sdk\10.0.101\Sdks\Microsoft.NET.Sdk\targets\Microsoft.PackageDependencyResolution.targets(80,5): message :       ResolvePackageDependenciesForBuild;
       C:\Program Files\dotnet\sdk\10.0.101\Sdks\Microsoft.NET.Sdk\targets\Microsoft.PackageDependencyResolution.targets(80,5): message :       _HandlePackageFileConflicts;
       C:\Program Files\dotnet\sdk\10.0.101\Sdks\Microsoft.NET.Sdk\targets\Microsoft.PackageDependencyResolution.targets(80,5): message :     " (valeur précédente : "
       C:\Program Files\dotnet\sdk\10.0.101\Sdks\Microsoft.NET.Sdk\targets\Microsoft.PackageDependencyResolution.targets(80,5): message :       ResolveProjectReferences;
       C:\Program Files\dotnet\sdk\10.0.101\Sdks\Microsoft.NET.Sdk\targets\Microsoft.PackageDependencyResolution.targets(80,5): message :       FindInvalidProjectReferences;
       C:\Program Files\dotnet\sdk\10.0.101\Sdks\Microsoft.NET.Sdk\targets\Microsoft.PackageDependencyResolution.targets(80,5): message :       GetFrameworkPaths;
       C:\Program Files\dotnet\sdk\10.0.101\Sdks\Microsoft.NET.Sdk\targets\Microsoft.PackageDependencyResolution.targets(80,5): message :       GetReferenceAssemblyPaths;
       C:\Program Files\dotnet\sdk\10.0.101\Sdks\Microsoft.NET.Sdk\targets\Microsoft.PackageDependencyResolution.targets(80,5): message :       PrepareForBuild;
       C:\Program Files\dotnet\sdk\10.0.101\Sdks\Microsoft.NET.Sdk\targets\Microsoft.PackageDependencyResolution.targets(80,5): message :       ResolveSDKReferences;
       C:\Program Files\dotnet\sdk\10.0.101\Sdks\Microsoft.NET.Sdk\targets\Microsoft.PackageDependencyResolution.targets(80,5): message :       ExpandSDKReferences;
       C:\Program Files\dotnet\sdk\10.0.101\Sdks\Microsoft.NET.Sdk\targets\Microsoft.PackageDependencyResolution.targets(80,5): message :     ") à C:\Program Files\dotnet\sdk\10.0.101\Sdks\Microsoft.NET.Sdk\targets\Microsoft.PackageDependencyResolution.targets (80,5)
       C:\Program Files\dotnet\sdk\10.0.101\Sdks\Microsoft.NET.Sdk\targets\Microsoft.PackageDependencyResolution.targets(86,5): message : Réassignation de propriété : $(PrepareResourcesDependsOn)="
       C:\Program Files\dotnet\sdk\10.0.101\Sdks\Microsoft.NET.Sdk\targets\Microsoft.PackageDependencyResolution.targets(86,5): message :       ResolvePackageDependenciesForBuild;
       C:\Program Files\dotnet\sdk\10.0.101\Sdks\Microsoft.NET.Sdk\targets\Microsoft.PackageDependencyResolution.targets(86,5): message :       _HandlePackageFileConflicts;
       C:\Program Files\dotnet\sdk\10.0.101\Sdks\Microsoft.NET.Sdk\targets\Microsoft.PackageDependencyResolution.targets(86,5): message :       
       C:\Program Files\dotnet\sdk\10.0.101\Sdks\Microsoft.NET.Sdk\targets\Microsoft.PackageDependencyResolution.targets(86,5): message :       ;
       C:\Program Files\dotnet\sdk\10.0.101\Sdks\Microsoft.NET.Sdk\targets\Microsoft.PackageDependencyResolution.targets(86,5): message :       PrepareResourceNames;
       C:\Program Files\dotnet\sdk\10.0.101\Sdks\Microsoft.NET.Sdk\targets\Microsoft.PackageDependencyResolution.targets(86,5): message :       ResGen;
       C:\Program Files\dotnet\sdk\10.0.101\Sdks\Microsoft.NET.Sdk\targets\Microsoft.PackageDependencyResolution.targets(86,5): message :       CompileLicxFiles
       C:\Program Files\dotnet\sdk\10.0.101\Sdks\Microsoft.NET.Sdk\targets\Microsoft.PackageDependencyResolution.targets(86,5): message :     
       C:\Program Files\dotnet\sdk\10.0.101\Sdks\Microsoft.NET.Sdk\targets\Microsoft.PackageDependencyResolution.targets(86,5): message :     " (valeur précédente : "
       C:\Program Files\dotnet\sdk\10.0.101\Sdks\Microsoft.NET.Sdk\targets\Microsoft.PackageDependencyResolution.targets(86,5): message :       ;
       C:\Program Files\dotnet\sdk\10.0.101\Sdks\Microsoft.NET.Sdk\targets\Microsoft.PackageDependencyResolution.targets(86,5): message :       PrepareResourceNames;
       C:\Program Files\dotnet\sdk\10.0.101\Sdks\Microsoft.NET.Sdk\targets\Microsoft.PackageDependencyResolution.targets(86,5): message :       ResGen;
       C:\Program Files\dotnet\sdk\10.0.101\Sdks\Microsoft.NET.Sdk\targets\Microsoft.PackageDependencyResolution.targets(86,5): message :       CompileLicxFiles
       C:\Program Files\dotnet\sdk\10.0.101\Sdks\Microsoft.NET.Sdk\targets\Microsoft.PackageDependencyResolution.targets(86,5): message :     ") à C:\Program Files\dotnet\sdk\10.0.101\Sdks\Microsoft.NET.Sdk\targets\Microsoft.PackageDependencyResolution.targets (86,5)
       La propriété "EnableDefaultCompileItems" est une propriété globale et elle ne peut pas être modifiée.
       La propriété "EnableDefaultEmbeddedResourceItems" est une propriété globale et elle ne peut pas être modifiée.
       La propriété "EnableDefaultNoneItems" est une propriété globale et elle ne peut pas être modifiée.
       C:\Program Files\dotnet\sdk\10.0.101\Sdks\Microsoft.NET.Sdk\targets\Microsoft.NET.Sdk.DefaultItems.targets(35,5): message : Réassignation de propriété : $(DefaultItemExcludes)=";bin\Debug\/**;obj\Debug\/**;bin\/**" (valeur précédente : ";bin\Debug\/**;obj\Debug\/**") à C:\Program Files\dotnet\sdk\10.0.101\Sdks\Microsoft.NET.Sdk\targets\Microsoft.NET.Sdk.DefaultItems.targets (35,5)
       C:\Program Files\dotnet\sdk\10.0.101\Sdks\Microsoft.NET.Sdk\targets\Microsoft.NET.Sdk.DefaultItems.targets(37,5): message : Réassignation de propriété : $(DefaultItemExcludes)=";bin\Debug\/**;obj\Debug\/**;bin\/**;obj\/**" (valeur précédente : ";bin\Debug\/**;obj\Debug\/**;bin\/**") à C:\Program Files\dotnet\sdk\10.0.101\Sdks\Microsoft.NET.Sdk\targets\Microsoft.NET.Sdk.DefaultItems.targets (37,5)
       C:\Program Files\dotnet\sdk\10.0.101\Sdks\Microsoft.NET.Sdk\targets\Microsoft.NET.Sdk.DefaultItems.targets(40,5): message : Réassignation de propriété : $(DefaultItemExcludes)=";bin\Debug\/**;obj\Debug\/**;bin\/**;obj\/**;**/*.user" (valeur précédente : ";bin\Debug\/**;obj\Debug\/**;bin\/**;obj\/**") à C:\Program Files\dotnet\sdk\10.0.101\Sdks\Microsoft.NET.Sdk\targets\Microsoft.NET.Sdk.DefaultItems.targets (40,5)
       C:\Program Files\dotnet\sdk\10.0.101\Sdks\Microsoft.NET.Sdk\targets\Microsoft.NET.Sdk.DefaultItems.targets(41,5): message : Réassignation de propriété : $(DefaultItemExcludes)=";bin\Debug\/**;obj\Debug\/**;bin\/**;obj\/**;**/*.user;**/*.*proj" (valeur précédente : ";bin\Debug\/**;obj\Debug\/**;bin\/**;obj\/**;**/*.user") à C:\Program Files\dotnet\sdk\10.0.101\Sdks\Microsoft.NET.Sdk\targets\Microsoft.NET.Sdk.DefaultItems.targets (41,5)
       C:\Program Files\dotnet\sdk\10.0.101\Sdks\Microsoft.NET.Sdk\targets\Microsoft.NET.Sdk.DefaultItems.targets(42,5): message : Réassignation de propriété : $(DefaultItemExcludes)=";bin\Debug\/**;obj\Debug\/**;bin\/**;obj\/**;**/*.user;**/*.*proj;**/*.sln" (valeur précédente : ";bin\Debug\/**;obj\Debug\/**;bin\/**;obj\/**;**/*.user;**/*.*proj") à C:\Program Files\dotnet\sdk\10.0.101\Sdks\Microsoft.NET.Sdk\targets\Microsoft.NET.Sdk.DefaultItems.targets (42,5)
       C:\Program Files\dotnet\sdk\10.0.101\Sdks\Microsoft.NET.Sdk\targets\Microsoft.NET.Sdk.DefaultItems.targets(43,5): message : Réassignation de propriété : $(DefaultItemExcludes)=";bin\Debug\/**;obj\Debug\/**;bin\/**;obj\/**;**/*.user;**/*.*proj;**/*.sln;**/*.slnx" (valeur précédente : ";bin\Debug\/**;obj\Debug\/**;bin\/**;obj\/**;**/*.user;**/*.*proj;**/*.sln") à C:\Program Files\dotnet\sdk\10.0.101\Sdks\Microsoft.NET.Sdk\targets\Microsoft.NET.Sdk.DefaultItems.targets (43,5)
       C:\Program Files\dotnet\sdk\10.0.101\Sdks\Microsoft.NET.Sdk\targets\Microsoft.NET.Sdk.DefaultItems.targets(44,5): message : Réassignation de propriété : $(DefaultItemExcludes)=";bin\Debug\/**;obj\Debug\/**;bin\/**;obj\/**;**/*.user;**/*.*proj;**/*.sln;**/*.slnx;**/*.vssscc" (valeur précédente : ";bin\Debug\/**;obj\Debug\/**;bin\/**;obj\/**;**/*.user;**/*.*proj;**/*.sln;**/*.slnx") à C:\Program Files\dotnet\sdk\10.0.101\Sdks\Microsoft.NET.Sdk\targets\Microsoft.NET.Sdk.DefaultItems.targets (44,5)
       C:\Program Files\dotnet\sdk\10.0.101\Sdks\Microsoft.NET.Sdk\targets\Microsoft.NET.Sdk.DefaultItems.targets(45,5): message : Réassignation de propriété : $(DefaultItemExcludes)=";bin\Debug\/**;obj\Debug\/**;bin\/**;obj\/**;**/*.user;**/*.*proj;**/*.sln;**/*.slnx;**/*.vssscc;**/.DS_Store" (valeur précédente : ";bin\Debug\/**;obj\Debug\/**;bin\/**;obj\/**;**/*.user;**/*.*proj;**/*.sln;**/*.slnx;**/*.vssscc") à C:\Program Files\dotnet\sdk\10.0.101\Sdks\Microsoft.NET.Sdk\targets\Microsoft.NET.Sdk.DefaultItems.targets (45,5)
       C:\Program Files\dotnet\sdk\10.0.101\Sdks\Microsoft.NET.Sdk\targets\Microsoft.NET.Sdk.FrameworkReferenceResolution.targets(14,5): message : Réassignation de propriété : $(ResolveAssemblyReferencesDependsOn)="
       C:\Program Files\dotnet\sdk\10.0.101\Sdks\Microsoft.NET.Sdk\targets\Microsoft.NET.Sdk.FrameworkReferenceResolution.targets(14,5): message :       
       C:\Program Files\dotnet\sdk\10.0.101\Sdks\Microsoft.NET.Sdk\targets\Microsoft.NET.Sdk.FrameworkReferenceResolution.targets(14,5): message :       
       C:\Program Files\dotnet\sdk\10.0.101\Sdks\Microsoft.NET.Sdk\targets\Microsoft.NET.Sdk.FrameworkReferenceResolution.targets(14,5): message :       ResolveProjectReferences;
       C:\Program Files\dotnet\sdk\10.0.101\Sdks\Microsoft.NET.Sdk\targets\Microsoft.NET.Sdk.FrameworkReferenceResolution.targets(14,5): message :       FindInvalidProjectReferences;
       C:\Program Files\dotnet\sdk\10.0.101\Sdks\Microsoft.NET.Sdk\targets\Microsoft.NET.Sdk.FrameworkReferenceResolution.targets(14,5): message :       GetFrameworkPaths;
       C:\Program Files\dotnet\sdk\10.0.101\Sdks\Microsoft.NET.Sdk\targets\Microsoft.NET.Sdk.FrameworkReferenceResolution.targets(14,5): message :       GetReferenceAssemblyPaths;
       C:\Program Files\dotnet\sdk\10.0.101\Sdks\Microsoft.NET.Sdk\targets\Microsoft.NET.Sdk.FrameworkReferenceResolution.targets(14,5): message :       PrepareForBuild;
       C:\Program Files\dotnet\sdk\10.0.101\Sdks\Microsoft.NET.Sdk\targets\Microsoft.NET.Sdk.FrameworkReferenceResolution.targets(14,5): message :       ResolveSDKReferences;
       C:\Program Files\dotnet\sdk\10.0.101\Sdks\Microsoft.NET.Sdk\targets\Microsoft.NET.Sdk.FrameworkReferenceResolution.targets(14,5): message :       ExpandSDKReferences;
       C:\Program Files\dotnet\sdk\10.0.101\Sdks\Microsoft.NET.Sdk\targets\Microsoft.NET.Sdk.FrameworkReferenceResolution.targets(14,5): message :     ;
       C:\Program Files\dotnet\sdk\10.0.101\Sdks\Microsoft.NET.Sdk\targets\Microsoft.NET.Sdk.FrameworkReferenceResolution.targets(14,5): message :       ResolvePackageDependenciesForBuild;
       C:\Program Files\dotnet\sdk\10.0.101\Sdks\Microsoft.NET.Sdk\targets\Microsoft.NET.Sdk.FrameworkReferenceResolution.targets(14,5): message :       _HandlePackageFileConflicts;
       C:\Program Files\dotnet\sdk\10.0.101\Sdks\Microsoft.NET.Sdk\targets\Microsoft.NET.Sdk.FrameworkReferenceResolution.targets(14,5): message :     ;
       C:\Program Files\dotnet\sdk\10.0.101\Sdks\Microsoft.NET.Sdk\targets\Microsoft.NET.Sdk.FrameworkReferenceResolution.targets(14,5): message :       ResolveTargetingPackAssets;
       C:\Program Files\dotnet\sdk\10.0.101\Sdks\Microsoft.NET.Sdk\targets\Microsoft.NET.Sdk.FrameworkReferenceResolution.targets(14,5): message :     " (valeur précédente : "
       C:\Program Files\dotnet\sdk\10.0.101\Sdks\Microsoft.NET.Sdk\targets\Microsoft.NET.Sdk.FrameworkReferenceResolution.targets(14,5): message :       
       C:\Program Files\dotnet\sdk\10.0.101\Sdks\Microsoft.NET.Sdk\targets\Microsoft.NET.Sdk.FrameworkReferenceResolution.targets(14,5): message :       ResolveProjectReferences;
       C:\Program Files\dotnet\sdk\10.0.101\Sdks\Microsoft.NET.Sdk\targets\Microsoft.NET.Sdk.FrameworkReferenceResolution.targets(14,5): message :       FindInvalidProjectReferences;
       C:\Program Files\dotnet\sdk\10.0.101\Sdks\Microsoft.NET.Sdk\targets\Microsoft.NET.Sdk.FrameworkReferenceResolution.targets(14,5): message :       GetFrameworkPaths;
       C:\Program Files\dotnet\sdk\10.0.101\Sdks\Microsoft.NET.Sdk\targets\Microsoft.NET.Sdk.FrameworkReferenceResolution.targets(14,5): message :       GetReferenceAssemblyPaths;
       C:\Program Files\dotnet\sdk\10.0.101\Sdks\Microsoft.NET.Sdk\targets\Microsoft.NET.Sdk.FrameworkReferenceResolution.targets(14,5): message :       PrepareForBuild;
       C:\Program Files\dotnet\sdk\10.0.101\Sdks\Microsoft.NET.Sdk\targets\Microsoft.NET.Sdk.FrameworkReferenceResolution.targets(14,5): message :       ResolveSDKReferences;
       C:\Program Files\dotnet\sdk\10.0.101\Sdks\Microsoft.NET.Sdk\targets\Microsoft.NET.Sdk.FrameworkReferenceResolution.targets(14,5): message :       ExpandSDKReferences;
       C:\Program Files\dotnet\sdk\10.0.101\Sdks\Microsoft.NET.Sdk\targets\Microsoft.NET.Sdk.FrameworkReferenceResolution.targets(14,5): message :     ;
       C:\Program Files\dotnet\sdk\10.0.101\Sdks\Microsoft.NET.Sdk\targets\Microsoft.NET.Sdk.FrameworkReferenceResolution.targets(14,5): message :       ResolvePackageDependenciesForBuild;
       C:\Program Files\dotnet\sdk\10.0.101\Sdks\Microsoft.NET.Sdk\targets\Microsoft.NET.Sdk.FrameworkReferenceResolution.targets(14,5): message :       _HandlePackageFileConflicts;
       C:\Program Files\dotnet\sdk\10.0.101\Sdks\Microsoft.NET.Sdk\targets\Microsoft.NET.Sdk.FrameworkReferenceResolution.targets(14,5): message :     ") à C:\Program Files\dotnet\sdk\10.0.101\Sdks\Microsoft.NET.Sdk\targets\Microsoft.NET.Sdk.FrameworkReferenceResolution.targets (14,5)
       C:\Program Files\dotnet\sdk\10.0.101\Sdks\Microsoft.NET.Sdk\targets\Microsoft.NET.Sdk.targets(44,5): message : Réassignation de propriété : $(_GenerateRuntimeConfigurationPropertyInputsCache)="C:\Users\rdenimal\Documents\gestionnaire_doublon\DoublonManager\obj\Debug\net6.0-windows\DoublonManager.genruntimeconfig.cache" (valeur précédente : "obj\Debug\net6.0-windows\DoublonManager.genruntimeconfig.cache") à C:\Program Files\dotnet\sdk\10.0.101\Sdks\Microsoft.NET.Sdk\targets\Microsoft.NET.Sdk.targets (44,5)
       C:\Program Files\dotnet\sdk\10.0.101\Sdks\Microsoft.NET.Sdk\targets\Microsoft.NET.Sdk.targets(46,5): message : Réassignation de propriété : $(_GeneratePublishDependencyFilePropertyInputsCache)="C:\Users\rdenimal\Documents\gestionnaire_doublon\DoublonManager\obj\Debug\net6.0-windows\DoublonManager.genpublishdeps.cache" (valeur précédente : "obj\Debug\net6.0-windows\DoublonManager.genpublishdeps.cache") à C:\Program Files\dotnet\sdk\10.0.101\Sdks\Microsoft.NET.Sdk\targets\Microsoft.NET.Sdk.targets (46,5)
       C:\Program Files\dotnet\sdk\10.0.101\Sdks\Microsoft.NET.Sdk\targets\Microsoft.NET.Sdk.targets(48,5): message : Réassignation de propriété : $(_GenerateSingleFileBundlePropertyInputsCache)="C:\Users\rdenimal\Documents\gestionnaire_doublon\DoublonManager\obj\Debug\net6.0-windows\DoublonManager.genbundle.cache" (valeur précédente : "obj\Debug\net6.0-windows\DoublonManager.genbundle.cache") à C:\Program Files\dotnet\sdk\10.0.101\Sdks\Microsoft.NET.Sdk\targets\Microsoft.NET.Sdk.targets (48,5)
       C:\Program Files\dotnet\sdk\10.0.101\Sdks\Microsoft.NET.Sdk\targets\Microsoft.NET.Sdk.targets(81,5): message : Réassignation de propriété : $(GenerateRuntimeConfigDevFile)="false" (valeur précédente : "true") à C:\Program Files\dotnet\sdk\10.0.101\Sdks\Microsoft.NET.Sdk\targets\Microsoft.NET.Sdk.targets (81,5)
       C:\Program Files\dotnet\sdk\10.0.101\Sdks\Microsoft.NET.Sdk\targets\Microsoft.NET.Sdk.targets(98,5): message : Propriété 'USERPROFILE' avec la valeur 'C:\Users\rdenimal' développée à partir de l’environnement.
       C:\Program Files\dotnet\sdk\10.0.101\Sdks\Microsoft.NET.Sdk\targets\Microsoft.NET.Sdk.targets(98,5): message : Réassignation de propriété : $(_DefaultUserProfileRuntimeStorePath)="C:\Users\rdenimal" (valeur précédente : "") à C:\Program Files\dotnet\sdk\10.0.101\Sdks\Microsoft.NET.Sdk\targets\Microsoft.NET.Sdk.targets (98,5)
       C:\Program Files\dotnet\sdk\10.0.101\Sdks\Microsoft.NET.Sdk\targets\Microsoft.NET.Sdk.targets(99,5): message : Réassignation de propriété : $(_DefaultUserProfileRuntimeStorePath)="C:\Users\rdenimal\.dotnet\store" (valeur précédente : "C:\Users\rdenimal") à C:\Program Files\dotnet\sdk\10.0.101\Sdks\Microsoft.NET.Sdk\targets\Microsoft.NET.Sdk.targets (99,5)
       C:\Program Files\dotnet\sdk\10.0.101\Sdks\Microsoft.NET.Sdk\targets\Microsoft.NET.Sdk.targets(144,5): message : Réassignation de propriété : $(AvailablePlatforms)="Any CPU,x86,x64,ARM32" (valeur précédente : "Any CPU,x86,x64") à C:\Program Files\dotnet\sdk\10.0.101\Sdks\Microsoft.NET.Sdk\targets\Microsoft.NET.Sdk.targets (144,5)
       C:\Program Files\dotnet\sdk\10.0.101\Sdks\Microsoft.NET.Sdk\targets\Microsoft.NET.Sdk.targets(148,5): message : Réassignation de propriété : $(AvailablePlatforms)="Any CPU,x86,x64,ARM32,ARM64" (valeur précédente : "Any CPU,x86,x64,ARM32") à C:\Program Files\dotnet\sdk\10.0.101\Sdks\Microsoft.NET.Sdk\targets\Microsoft.NET.Sdk.targets (148,5)
       C:\Program Files\dotnet\sdk\10.0.101\Sdks\Microsoft.NET.Sdk\targets\Microsoft.NET.Sdk.targets(204,5): message : Réassignation de propriété : $(CoreBuildDependsOn)="
       C:\Program Files\dotnet\sdk\10.0.101\Sdks\Microsoft.NET.Sdk\targets\Microsoft.NET.Sdk.targets(204,5): message :       _CheckForBuildWithNoBuild;
       C:\Program Files\dotnet\sdk\10.0.101\Sdks\Microsoft.NET.Sdk\targets\Microsoft.NET.Sdk.targets(204,5): message :       
       C:\Program Files\dotnet\sdk\10.0.101\Sdks\Microsoft.NET.Sdk\targets\Microsoft.NET.Sdk.targets(204,5): message :       BuildOnlySettings;
       C:\Program Files\dotnet\sdk\10.0.101\Sdks\Microsoft.NET.Sdk\targets\Microsoft.NET.Sdk.targets(204,5): message :       PrepareForBuild;
       C:\Program Files\dotnet\sdk\10.0.101\Sdks\Microsoft.NET.Sdk\targets\Microsoft.NET.Sdk.targets(204,5): message :       PreBuildEvent;
       C:\Program Files\dotnet\sdk\10.0.101\Sdks\Microsoft.NET.Sdk\targets\Microsoft.NET.Sdk.targets(204,5): message :       ResolveReferences;
       C:\Program Files\dotnet\sdk\10.0.101\Sdks\Microsoft.NET.Sdk\targets\Microsoft.NET.Sdk.targets(204,5): message :       PrepareResources;
       C:\Program Files\dotnet\sdk\10.0.101\Sdks\Microsoft.NET.Sdk\targets\Microsoft.NET.Sdk.targets(204,5): message :       ResolveKeySource;
       C:\Program Files\dotnet\sdk\10.0.101\Sdks\Microsoft.NET.Sdk\targets\Microsoft.NET.Sdk.targets(204,5): message :       Compile;
       C:\Program Files\dotnet\sdk\10.0.101\Sdks\Microsoft.NET.Sdk\targets\Microsoft.NET.Sdk.targets(204,5): message :       ExportWindowsMDFile;
       C:\Program Files\dotnet\sdk\10.0.101\Sdks\Microsoft.NET.Sdk\targets\Microsoft.NET.Sdk.targets(204,5): message :       UnmanagedUnregistration;
       C:\Program Files\dotnet\sdk\10.0.101\Sdks\Microsoft.NET.Sdk\targets\Microsoft.NET.Sdk.targets(204,5): message :       GenerateSerializationAssemblies;
       C:\Program Files\dotnet\sdk\10.0.101\Sdks\Microsoft.NET.Sdk\targets\Microsoft.NET.Sdk.targets(204,5): message :       CreateSatelliteAssemblies;
       C:\Program Files\dotnet\sdk\10.0.101\Sdks\Microsoft.NET.Sdk\targets\Microsoft.NET.Sdk.targets(204,5): message :       GenerateManifests;
       C:\Program Files\dotnet\sdk\10.0.101\Sdks\Microsoft.NET.Sdk\targets\Microsoft.NET.Sdk.targets(204,5): message :       GetTargetPath;
       C:\Program Files\dotnet\sdk\10.0.101\Sdks\Microsoft.NET.Sdk\targets\Microsoft.NET.Sdk.targets(204,5): message :       PrepareForRun;
       C:\Program Files\dotnet\sdk\10.0.101\Sdks\Microsoft.NET.Sdk\targets\Microsoft.NET.Sdk.targets(204,5): message :       UnmanagedRegistration;
       C:\Program Files\dotnet\sdk\10.0.101\Sdks\Microsoft.NET.Sdk\targets\Microsoft.NET.Sdk.targets(204,5): message :       IncrementalClean;
       C:\Program Files\dotnet\sdk\10.0.101\Sdks\Microsoft.NET.Sdk\targets\Microsoft.NET.Sdk.targets(204,5): message :       PostBuildEvent
       C:\Program Files\dotnet\sdk\10.0.101\Sdks\Microsoft.NET.Sdk\targets\Microsoft.NET.Sdk.targets(204,5): message :     ;
       C:\Program Files\dotnet\sdk\10.0.101\Sdks\Microsoft.NET.Sdk\targets\Microsoft.NET.Sdk.targets(204,5): message :       GenerateBuildDependencyFile;
       C:\Program Files\dotnet\sdk\10.0.101\Sdks\Microsoft.NET.Sdk\targets\Microsoft.NET.Sdk.targets(204,5): message :       GenerateBuildRuntimeConfigurationFiles
       C:\Program Files\dotnet\sdk\10.0.101\Sdks\Microsoft.NET.Sdk\targets\Microsoft.NET.Sdk.targets(204,5): message :     " (valeur précédente : "
       C:\Program Files\dotnet\sdk\10.0.101\Sdks\Microsoft.NET.Sdk\targets\Microsoft.NET.Sdk.targets(204,5): message :       BuildOnlySettings;
       C:\Program Files\dotnet\sdk\10.0.101\Sdks\Microsoft.NET.Sdk\targets\Microsoft.NET.Sdk.targets(204,5): message :       PrepareForBuild;
       C:\Program Files\dotnet\sdk\10.0.101\Sdks\Microsoft.NET.Sdk\targets\Microsoft.NET.Sdk.targets(204,5): message :       PreBuildEvent;
       C:\Program Files\dotnet\sdk\10.0.101\Sdks\Microsoft.NET.Sdk\targets\Microsoft.NET.Sdk.targets(204,5): message :       ResolveReferences;
       C:\Program Files\dotnet\sdk\10.0.101\Sdks\Microsoft.NET.Sdk\targets\Microsoft.NET.Sdk.targets(204,5): message :       PrepareResources;
       C:\Program Files\dotnet\sdk\10.0.101\Sdks\Microsoft.NET.Sdk\targets\Microsoft.NET.Sdk.targets(204,5): message :       ResolveKeySource;
       C:\Program Files\dotnet\sdk\10.0.101\Sdks\Microsoft.NET.Sdk\targets\Microsoft.NET.Sdk.targets(204,5): message :       Compile;
       C:\Program Files\dotnet\sdk\10.0.101\Sdks\Microsoft.NET.Sdk\targets\Microsoft.NET.Sdk.targets(204,5): message :       ExportWindowsMDFile;
       C:\Program Files\dotnet\sdk\10.0.101\Sdks\Microsoft.NET.Sdk\targets\Microsoft.NET.Sdk.targets(204,5): message :       UnmanagedUnregistration;
       C:\Program Files\dotnet\sdk\10.0.101\Sdks\Microsoft.NET.Sdk\targets\Microsoft.NET.Sdk.targets(204,5): message :       GenerateSerializationAssemblies;
       C:\Program Files\dotnet\sdk\10.0.101\Sdks\Microsoft.NET.Sdk\targets\Microsoft.NET.Sdk.targets(204,5): message :       CreateSatelliteAssemblies;
       C:\Program Files\dotnet\sdk\10.0.101\Sdks\Microsoft.NET.Sdk\targets\Microsoft.NET.Sdk.targets(204,5): message :       GenerateManifests;
       C:\Program Files\dotnet\sdk\10.0.101\Sdks\Microsoft.NET.Sdk\targets\Microsoft.NET.Sdk.targets(204,5): message :       GetTargetPath;
       C:\Program Files\dotnet\sdk\10.0.101\Sdks\Microsoft.NET.Sdk\targets\Microsoft.NET.Sdk.targets(204,5): message :       PrepareForRun;
       C:\Program Files\dotnet\sdk\10.0.101\Sdks\Microsoft.NET.Sdk\targets\Microsoft.NET.Sdk.targets(204,5): message :       UnmanagedRegistration;
       C:\Program Files\dotnet\sdk\10.0.101\Sdks\Microsoft.NET.Sdk\targets\Microsoft.NET.Sdk.targets(204,5): message :       IncrementalClean;
       C:\Program Files\dotnet\sdk\10.0.101\Sdks\Microsoft.NET.Sdk\targets\Microsoft.NET.Sdk.targets(204,5): message :       PostBuildEvent
       C:\Program Files\dotnet\sdk\10.0.101\Sdks\Microsoft.NET.Sdk\targets\Microsoft.NET.Sdk.targets(204,5): message :     ") à C:\Program Files\dotnet\sdk\10.0.101\Sdks\Microsoft.NET.Sdk\targets\Microsoft.NET.Sdk.targets (204,5)
       C:\Program Files\dotnet\sdk\10.0.101\Sdks\Microsoft.NET.Sdk\targets\Microsoft.NET.Sdk.targets(213,5): message : Réassignation de propriété : $(CoreCleanDependsOn)="
       C:\Program Files\dotnet\sdk\10.0.101\Sdks\Microsoft.NET.Sdk\targets\Microsoft.NET.Sdk.targets(213,5): message :       _SdkBeforeClean;
       C:\Program Files\dotnet\sdk\10.0.101\Sdks\Microsoft.NET.Sdk\targets\Microsoft.NET.Sdk.targets(213,5): message :       
       C:\Program Files\dotnet\sdk\10.0.101\Sdks\Microsoft.NET.Sdk\targets\Microsoft.NET.Sdk.targets(213,5): message :     " (valeur précédente : "") à C:\Program Files\dotnet\sdk\10.0.101\Sdks\Microsoft.NET.Sdk\targets\Microsoft.NET.Sdk.targets (213,5)
       C:\Program Files\dotnet\sdk\10.0.101\Sdks\Microsoft.NET.Sdk\targets\Microsoft.NET.Sdk.targets(220,5): message : Réassignation de propriété : $(RebuildDependsOn)="
       C:\Program Files\dotnet\sdk\10.0.101\Sdks\Microsoft.NET.Sdk\targets\Microsoft.NET.Sdk.targets(220,5): message :       _SdkBeforeRebuild;
       C:\Program Files\dotnet\sdk\10.0.101\Sdks\Microsoft.NET.Sdk\targets\Microsoft.NET.Sdk.targets(220,5): message :       
       C:\Program Files\dotnet\sdk\10.0.101\Sdks\Microsoft.NET.Sdk\targets\Microsoft.NET.Sdk.targets(220,5): message :       BeforeRebuild;
       C:\Program Files\dotnet\sdk\10.0.101\Sdks\Microsoft.NET.Sdk\targets\Microsoft.NET.Sdk.targets(220,5): message :       Clean;
       C:\Program Files\dotnet\sdk\10.0.101\Sdks\Microsoft.NET.Sdk\targets\Microsoft.NET.Sdk.targets(220,5): message :       Build;
       C:\Program Files\dotnet\sdk\10.0.101\Sdks\Microsoft.NET.Sdk\targets\Microsoft.NET.Sdk.targets(220,5): message :       AfterRebuild;
       C:\Program Files\dotnet\sdk\10.0.101\Sdks\Microsoft.NET.Sdk\targets\Microsoft.NET.Sdk.targets(220,5): message :     
       C:\Program Files\dotnet\sdk\10.0.101\Sdks\Microsoft.NET.Sdk\targets\Microsoft.NET.Sdk.targets(220,5): message :     " (valeur précédente : "
       C:\Program Files\dotnet\sdk\10.0.101\Sdks\Microsoft.NET.Sdk\targets\Microsoft.NET.Sdk.targets(220,5): message :       BeforeRebuild;
       C:\Program Files\dotnet\sdk\10.0.101\Sdks\Microsoft.NET.Sdk\targets\Microsoft.NET.Sdk.targets(220,5): message :       Clean;
       C:\Program Files\dotnet\sdk\10.0.101\Sdks\Microsoft.NET.Sdk\targets\Microsoft.NET.Sdk.targets(220,5): message :       Build;
       C:\Program Files\dotnet\sdk\10.0.101\Sdks\Microsoft.NET.Sdk\targets\Microsoft.NET.Sdk.targets(220,5): message :       AfterRebuild;
       C:\Program Files\dotnet\sdk\10.0.101\Sdks\Microsoft.NET.Sdk\targets\Microsoft.NET.Sdk.targets(220,5): message :     ") à C:\Program Files\dotnet\sdk\10.0.101\Sdks\Microsoft.NET.Sdk\targets\Microsoft.NET.Sdk.targets (220,5)
       C:\Program Files\dotnet\sdk\10.0.101\Sdks\Microsoft.NET.Sdk\targets\Microsoft.NET.Sdk.targets(799,5): message : Réassignation de propriété : $(CompileDependsOn)="
       C:\Program Files\dotnet\sdk\10.0.101\Sdks\Microsoft.NET.Sdk\targets\Microsoft.NET.Sdk.targets(799,5): message :       
       C:\Program Files\dotnet\sdk\10.0.101\Sdks\Microsoft.NET.Sdk\targets\Microsoft.NET.Sdk.targets(799,5): message :       ResolveReferences;
       C:\Program Files\dotnet\sdk\10.0.101\Sdks\Microsoft.NET.Sdk\targets\Microsoft.NET.Sdk.targets(799,5): message :       ResolveKeySource;
       C:\Program Files\dotnet\sdk\10.0.101\Sdks\Microsoft.NET.Sdk\targets\Microsoft.NET.Sdk.targets(799,5): message :       SetWin32ManifestProperties;
       C:\Program Files\dotnet\sdk\10.0.101\Sdks\Microsoft.NET.Sdk\targets\Microsoft.NET.Sdk.targets(799,5): message :       _SetPreferNativeArm64Win32ManifestProperties;
       C:\Program Files\dotnet\sdk\10.0.101\Sdks\Microsoft.NET.Sdk\targets\Microsoft.NET.Sdk.targets(799,5): message :       FindReferenceAssembliesForReferences;
       C:\Program Files\dotnet\sdk\10.0.101\Sdks\Microsoft.NET.Sdk\targets\Microsoft.NET.Sdk.targets(799,5): message :       _GenerateCompileInputs;
       C:\Program Files\dotnet\sdk\10.0.101\Sdks\Microsoft.NET.Sdk\targets\Microsoft.NET.Sdk.targets(799,5): message :       BeforeCompile;
       C:\Program Files\dotnet\sdk\10.0.101\Sdks\Microsoft.NET.Sdk\targets\Microsoft.NET.Sdk.targets(799,5): message :       _TimeStampBeforeCompile;
       C:\Program Files\dotnet\sdk\10.0.101\Sdks\Microsoft.NET.Sdk\targets\Microsoft.NET.Sdk.targets(799,5): message :       _GenerateCompileDependencyCache;
       C:\Program Files\dotnet\sdk\10.0.101\Sdks\Microsoft.NET.Sdk\targets\Microsoft.NET.Sdk.targets(799,5): message :       CoreCompile;
       C:\Program Files\dotnet\sdk\10.0.101\Sdks\Microsoft.NET.Sdk\targets\Microsoft.NET.Sdk.targets(799,5): message :       _TimeStampAfterCompile;
       C:\Program Files\dotnet\sdk\10.0.101\Sdks\Microsoft.NET.Sdk\targets\Microsoft.NET.Sdk.targets(799,5): message :       AfterCompile;
       C:\Program Files\dotnet\sdk\10.0.101\Sdks\Microsoft.NET.Sdk\targets\Microsoft.NET.Sdk.targets(799,5): message :     ;
       C:\Program Files\dotnet\sdk\10.0.101\Sdks\Microsoft.NET.Sdk\targets\Microsoft.NET.Sdk.targets(799,5): message :       _CreateAppHost;
       C:\Program Files\dotnet\sdk\10.0.101\Sdks\Microsoft.NET.Sdk\targets\Microsoft.NET.Sdk.targets(799,5): message :       _CreateComHost;
       C:\Program Files\dotnet\sdk\10.0.101\Sdks\Microsoft.NET.Sdk\targets\Microsoft.NET.Sdk.targets(799,5): message :       _GetIjwHostPaths;
       C:\Program Files\dotnet\sdk\10.0.101\Sdks\Microsoft.NET.Sdk\targets\Microsoft.NET.Sdk.targets(799,5): message :     " (valeur précédente : "
       C:\Program Files\dotnet\sdk\10.0.101\Sdks\Microsoft.NET.Sdk\targets\Microsoft.NET.Sdk.targets(799,5): message :       ResolveReferences;
       C:\Program Files\dotnet\sdk\10.0.101\Sdks\Microsoft.NET.Sdk\targets\Microsoft.NET.Sdk.targets(799,5): message :       ResolveKeySource;
       C:\Program Files\dotnet\sdk\10.0.101\Sdks\Microsoft.NET.Sdk\targets\Microsoft.NET.Sdk.targets(799,5): message :       SetWin32ManifestProperties;
       C:\Program Files\dotnet\sdk\10.0.101\Sdks\Microsoft.NET.Sdk\targets\Microsoft.NET.Sdk.targets(799,5): message :       _SetPreferNativeArm64Win32ManifestProperties;
       C:\Program Files\dotnet\sdk\10.0.101\Sdks\Microsoft.NET.Sdk\targets\Microsoft.NET.Sdk.targets(799,5): message :       FindReferenceAssembliesForReferences;
       C:\Program Files\dotnet\sdk\10.0.101\Sdks\Microsoft.NET.Sdk\targets\Microsoft.NET.Sdk.targets(799,5): message :       _GenerateCompileInputs;
       C:\Program Files\dotnet\sdk\10.0.101\Sdks\Microsoft.NET.Sdk\targets\Microsoft.NET.Sdk.targets(799,5): message :       BeforeCompile;
       C:\Program Files\dotnet\sdk\10.0.101\Sdks\Microsoft.NET.Sdk\targets\Microsoft.NET.Sdk.targets(799,5): message :       _TimeStampBeforeCompile;
       C:\Program Files\dotnet\sdk\10.0.101\Sdks\Microsoft.NET.Sdk\targets\Microsoft.NET.Sdk.targets(799,5): message :       _GenerateCompileDependencyCache;
       C:\Program Files\dotnet\sdk\10.0.101\Sdks\Microsoft.NET.Sdk\targets\Microsoft.NET.Sdk.targets(799,5): message :       CoreCompile;
       C:\Program Files\dotnet\sdk\10.0.101\Sdks\Microsoft.NET.Sdk\targets\Microsoft.NET.Sdk.targets(799,5): message :       _TimeStampAfterCompile;
       C:\Program Files\dotnet\sdk\10.0.101\Sdks\Microsoft.NET.Sdk\targets\Microsoft.NET.Sdk.targets(799,5): message :       AfterCompile;
       C:\Program Files\dotnet\sdk\10.0.101\Sdks\Microsoft.NET.Sdk\targets\Microsoft.NET.Sdk.targets(799,5): message :     ") à C:\Program Files\dotnet\sdk\10.0.101\Sdks\Microsoft.NET.Sdk\targets\Microsoft.NET.Sdk.targets (799,5)
       C:\Program Files\dotnet\sdk\10.0.101\Sdks\Microsoft.NET.Sdk\targets\Microsoft.NET.Sdk.targets(1131,5): message : Réassignation de propriété : $(CreateSatelliteAssembliesDependsOn)="
       C:\Program Files\dotnet\sdk\10.0.101\Sdks\Microsoft.NET.Sdk\targets\Microsoft.NET.Sdk.targets(1131,5): message :       
       C:\Program Files\dotnet\sdk\10.0.101\Sdks\Microsoft.NET.Sdk\targets\Microsoft.NET.Sdk.targets(1131,5): message :       ;
       C:\Program Files\dotnet\sdk\10.0.101\Sdks\Microsoft.NET.Sdk\targets\Microsoft.NET.Sdk.targets(1131,5): message :       _GenerateSatelliteAssemblyInputs;
       C:\Program Files\dotnet\sdk\10.0.101\Sdks\Microsoft.NET.Sdk\targets\Microsoft.NET.Sdk.targets(1131,5): message :       ComputeIntermediateSatelliteAssemblies;
       C:\Program Files\dotnet\sdk\10.0.101\Sdks\Microsoft.NET.Sdk\targets\Microsoft.NET.Sdk.targets(1131,5): message :       GenerateSatelliteAssemblies
       C:\Program Files\dotnet\sdk\10.0.101\Sdks\Microsoft.NET.Sdk\targets\Microsoft.NET.Sdk.targets(1131,5): message :     ;
       C:\Program Files\dotnet\sdk\10.0.101\Sdks\Microsoft.NET.Sdk\targets\Microsoft.NET.Sdk.targets(1131,5): message :       CoreGenerateSatelliteAssemblies
       C:\Program Files\dotnet\sdk\10.0.101\Sdks\Microsoft.NET.Sdk\targets\Microsoft.NET.Sdk.targets(1131,5): message :     " (valeur précédente : "
       C:\Program Files\dotnet\sdk\10.0.101\Sdks\Microsoft.NET.Sdk\targets\Microsoft.NET.Sdk.targets(1131,5): message :       ;
       C:\Program Files\dotnet\sdk\10.0.101\Sdks\Microsoft.NET.Sdk\targets\Microsoft.NET.Sdk.targets(1131,5): message :       _GenerateSatelliteAssemblyInputs;
       C:\Program Files\dotnet\sdk\10.0.101\Sdks\Microsoft.NET.Sdk\targets\Microsoft.NET.Sdk.targets(1131,5): message :       ComputeIntermediateSatelliteAssemblies;
       C:\Program Files\dotnet\sdk\10.0.101\Sdks\Microsoft.NET.Sdk\targets\Microsoft.NET.Sdk.targets(1131,5): message :       GenerateSatelliteAssemblies
       C:\Program Files\dotnet\sdk\10.0.101\Sdks\Microsoft.NET.Sdk\targets\Microsoft.NET.Sdk.targets(1131,5): message :     ") à C:\Program Files\dotnet\sdk\10.0.101\Sdks\Microsoft.NET.Sdk\targets\Microsoft.NET.Sdk.targets (1131,5)
       C:\Program Files\dotnet\sdk\10.0.101\Sdks\Microsoft.SourceLink.GitLab\build\Microsoft.SourceLink.GitLab.targets(12,5): message : Réassignation de propriété : $(SourceLinkUrlInitializerTargets)=";_InitializeGitHubSourceLinkUrl;_InitializeGitLabSourceLinkUrl" (valeur précédente : ";_InitializeGitHubSourceLinkUrl") à C:\Program Files\dotnet\sdk\10.0.101\Sdks\Microsoft.SourceLink.GitLab\build\Microsoft.SourceLink.GitLab.targets (12,5)
       C:\Program Files\dotnet\sdk\10.0.101\Sdks\Microsoft.SourceLink.GitLab\build\Microsoft.SourceLink.GitLab.targets(13,5): message : Réassignation de propriété : $(SourceControlManagerUrlTranslationTargets)=";TranslateGitHubUrlsInSourceControlInformation;TranslateGitLabUrlsInSourceControlInformation" (valeur précédente : ";TranslateGitHubUrlsInSourceControlInformation") à C:\Program Files\dotnet\sdk\10.0.101\Sdks\Microsoft.SourceLink.GitLab\build\Microsoft.SourceLink.GitLab.targets (13,5)
       C:\Program Files\dotnet\sdk\10.0.101\Sdks\Microsoft.SourceLink.AzureRepos.Git\build\Microsoft.SourceLink.AzureRepos.Git.targets(12,5): message : Réassignation de propriété : $(SourceLinkUrlInitializerTargets)=";_InitializeGitHubSourceLinkUrl;_InitializeGitLabSourceLinkUrl;_InitializeAzureReposGitSourceLinkUrl" (valeur précédente : ";_InitializeGitHubSourceLinkUrl;_InitializeGitLabSourceLinkUrl") à C:\Program Files\dotnet\sdk\10.0.101\Sdks\Microsoft.SourceLink.AzureRepos.Git\build\Microsoft.SourceLink.AzureRepos.Git.targets (12,5)
       C:\Program Files\dotnet\sdk\10.0.101\Sdks\Microsoft.SourceLink.AzureRepos.Git\build\Microsoft.SourceLink.AzureRepos.Git.targets(13,5): message : Réassignation de propriété : $(SourceControlManagerUrlTranslationTargets)=";TranslateGitHubUrlsInSourceControlInformation;TranslateGitLabUrlsInSourceControlInformation;TranslateAzureReposGitUrlsInSourceControlInformation" (valeur précédente : ";TranslateGitHubUrlsInSourceControlInformation;TranslateGitLabUrlsInSourceControlInformation") à C:\Program Files\dotnet\sdk\10.0.101\Sdks\Microsoft.SourceLink.AzureRepos.Git\build\Microsoft.SourceLink.AzureRepos.Git.targets (13,5)
       C:\Program Files\dotnet\sdk\10.0.101\Sdks\Microsoft.SourceLink.Bitbucket.Git\build\Microsoft.SourceLink.Bitbucket.Git.targets(12,5): message : Réassignation de propriété : $(SourceLinkUrlInitializerTargets)=";_InitializeGitHubSourceLinkUrl;_InitializeGitLabSourceLinkUrl;_InitializeAzureReposGitSourceLinkUrl;_InitializeBitbucketGitSourceLinkUrl" (valeur précédente : ";_InitializeGitHubSourceLinkUrl;_InitializeGitLabSourceLinkUrl;_InitializeAzureReposGitSourceLinkUrl") à C:\Program Files\dotnet\sdk\10.0.101\Sdks\Microsoft.SourceLink.Bitbucket.Git\build\Microsoft.SourceLink.Bitbucket.Git.targets (12,5)
       C:\Program Files\dotnet\sdk\10.0.101\Sdks\Microsoft.SourceLink.Bitbucket.Git\build\Microsoft.SourceLink.Bitbucket.Git.targets(13,5): message : Réassignation de propriété : $(SourceControlManagerUrlTranslationTargets)=";TranslateGitHubUrlsInSourceControlInformation;TranslateGitLabUrlsInSourceControlInformation;TranslateAzureReposGitUrlsInSourceControlInformation;TranslateBitbucketGitUrlsInSourceControlInformation" (valeur précédente : ";TranslateGitHubUrlsInSourceControlInformation;TranslateGitLabUrlsInSourceControlInformation;TranslateAzureReposGitUrlsInSourceControlInformation") à C:\Program Files\dotnet\sdk\10.0.101\Sdks\Microsoft.SourceLink.Bitbucket.Git\build\Microsoft.SourceLink.Bitbucket.Git.targets (13,5)
       C:\Program Files\dotnet\sdk\10.0.101\Sdks\Microsoft.NET.Sdk\targets\Microsoft.NET.DesignerSupport.targets(21,5): message : Réassignation de propriété : $(DesignerRuntimeImplementationProjectOutputGroupDependsOn)="
       C:\Program Files\dotnet\sdk\10.0.101\Sdks\Microsoft.NET.Sdk\targets\Microsoft.NET.DesignerSupport.targets(21,5): message :       
       C:\Program Files\dotnet\sdk\10.0.101\Sdks\Microsoft.NET.Sdk\targets\Microsoft.NET.DesignerSupport.targets(21,5): message :       ;
       C:\Program Files\dotnet\sdk\10.0.101\Sdks\Microsoft.NET.Sdk\targets\Microsoft.NET.DesignerSupport.targets(21,5): message :       
       C:\Program Files\dotnet\sdk\10.0.101\Sdks\Microsoft.NET.Sdk\targets\Microsoft.NET.DesignerSupport.targets(21,5): message :       ;
       C:\Program Files\dotnet\sdk\10.0.101\Sdks\Microsoft.NET.Sdk\targets\Microsoft.NET.DesignerSupport.targets(21,5): message :       BuildOnlySettings;
       C:\Program Files\dotnet\sdk\10.0.101\Sdks\Microsoft.NET.Sdk\targets\Microsoft.NET.DesignerSupport.targets(21,5): message :       PrepareForBuild;
       C:\Program Files\dotnet\sdk\10.0.101\Sdks\Microsoft.NET.Sdk\targets\Microsoft.NET.DesignerSupport.targets(21,5): message :       AssignTargetPaths;
       C:\Program Files\dotnet\sdk\10.0.101\Sdks\Microsoft.NET.Sdk\targets\Microsoft.NET.DesignerSupport.targets(21,5): message :       ResolveReferences
       C:\Program Files\dotnet\sdk\10.0.101\Sdks\Microsoft.NET.Sdk\targets\Microsoft.NET.DesignerSupport.targets(21,5): message :     
       C:\Program Files\dotnet\sdk\10.0.101\Sdks\Microsoft.NET.Sdk\targets\Microsoft.NET.DesignerSupport.targets(21,5): message :     ;
       C:\Program Files\dotnet\sdk\10.0.101\Sdks\Microsoft.NET.Sdk\targets\Microsoft.NET.DesignerSupport.targets(21,5): message :       _GenerateDesignerDepsFile;
       C:\Program Files\dotnet\sdk\10.0.101\Sdks\Microsoft.NET.Sdk\targets\Microsoft.NET.DesignerSupport.targets(21,5): message :       _GenerateDesignerRuntimeConfigFile;
       C:\Program Files\dotnet\sdk\10.0.101\Sdks\Microsoft.NET.Sdk\targets\Microsoft.NET.DesignerSupport.targets(21,5): message :       GetCopyToOutputDirectoryItems;
       C:\Program Files\dotnet\sdk\10.0.101\Sdks\Microsoft.NET.Sdk\targets\Microsoft.NET.DesignerSupport.targets(21,5): message :       _GatherDesignerShadowCopyFiles;
       C:\Program Files\dotnet\sdk\10.0.101\Sdks\Microsoft.NET.Sdk\targets\Microsoft.NET.DesignerSupport.targets(21,5): message :     " (valeur précédente : "
       C:\Program Files\dotnet\sdk\10.0.101\Sdks\Microsoft.NET.Sdk\targets\Microsoft.NET.DesignerSupport.targets(21,5): message :       ;
       C:\Program Files\dotnet\sdk\10.0.101\Sdks\Microsoft.NET.Sdk\targets\Microsoft.NET.DesignerSupport.targets(21,5): message :       
       C:\Program Files\dotnet\sdk\10.0.101\Sdks\Microsoft.NET.Sdk\targets\Microsoft.NET.DesignerSupport.targets(21,5): message :       ;
       C:\Program Files\dotnet\sdk\10.0.101\Sdks\Microsoft.NET.Sdk\targets\Microsoft.NET.DesignerSupport.targets(21,5): message :       BuildOnlySettings;
       C:\Program Files\dotnet\sdk\10.0.101\Sdks\Microsoft.NET.Sdk\targets\Microsoft.NET.DesignerSupport.targets(21,5): message :       PrepareForBuild;
       C:\Program Files\dotnet\sdk\10.0.101\Sdks\Microsoft.NET.Sdk\targets\Microsoft.NET.DesignerSupport.targets(21,5): message :       AssignTargetPaths;
       C:\Program Files\dotnet\sdk\10.0.101\Sdks\Microsoft.NET.Sdk\targets\Microsoft.NET.DesignerSupport.targets(21,5): message :       ResolveReferences
       C:\Program Files\dotnet\sdk\10.0.101\Sdks\Microsoft.NET.Sdk\targets\Microsoft.NET.DesignerSupport.targets(21,5): message :     
       C:\Program Files\dotnet\sdk\10.0.101\Sdks\Microsoft.NET.Sdk\targets\Microsoft.NET.DesignerSupport.targets(21,5): message :     ") à C:\Program Files\dotnet\sdk\10.0.101\Sdks\Microsoft.NET.Sdk\targets\Microsoft.NET.DesignerSupport.targets (21,5)
       C:\Program Files\dotnet\sdk\10.0.101\Sdks\Microsoft.NET.Sdk\targets\Microsoft.NET.Sdk.CSharp.targets(31,5): message : Réassignation de propriété : $(DefineConstants)="TRACE;DEBUG" (valeur précédente : "TRACE") à C:\Program Files\dotnet\sdk\10.0.101\Sdks\Microsoft.NET.Sdk\targets\Microsoft.NET.Sdk.CSharp.targets (31,5)
       C:\Program Files\dotnet\sdk\10.0.101\Sdks\Microsoft.NET.Sdk\targets\Microsoft.NET.Windows.targets(49,5): message : Réassignation de propriété : $(TargetPlatformVersion)="7.0" (valeur précédente : "") à C:\Program Files\dotnet\sdk\10.0.101\Sdks\Microsoft.NET.Sdk\targets\Microsoft.NET.Windows.targets (49,5)
       C:\Program Files\dotnet\sdk\10.0.101\Sdks\Microsoft.NET.Sdk\targets\Microsoft.NET.Windows.targets(50,5): message : Réassignation de propriété : $(EffectiveTargetPlatformVersion)="7.0" (valeur précédente : "") à C:\Program Files\dotnet\sdk\10.0.101\Sdks\Microsoft.NET.Sdk\targets\Microsoft.NET.Windows.targets (50,5)
       C:\Program Files\dotnet\sdk\10.0.101\Sdks\Microsoft.NET.Sdk\targets\Microsoft.NET.Windows.targets(60,5): message : Réassignation de propriété : $(SupportedOSPlatformVersion)="7.0" (valeur précédente : "") à C:\Program Files\dotnet\sdk\10.0.101\Sdks\Microsoft.NET.Sdk\targets\Microsoft.NET.Windows.targets (60,5)
       C:\Program Files\dotnet\sdk\10.0.101\Sdks\Microsoft.NET.Sdk\targets\Microsoft.NET.Windows.targets(61,5): message : Réassignation de propriété : $(TargetPlatformMinVersion)="7.0" (valeur précédente : "") à C:\Program Files\dotnet\sdk\10.0.101\Sdks\Microsoft.NET.Sdk\targets\Microsoft.NET.Windows.targets (61,5)
       C:\Program Files\dotnet\sdk\10.0.101\Sdks\Microsoft.NET.Sdk\targets\Microsoft.NET.Windows.targets(239,5): message : Réassignation de propriété : $(_RunCsWinRTGeneratorPropertyInputsCachePath)="C:\Users\rdenimal\Documents\gestionnaire_doublon\DoublonManager\obj\Debug\net6.0-windows\DoublonManager.cswinrtgen.cache" (valeur précédente : "obj\Debug\net6.0-windows\DoublonManager.cswinrtgen.cache") à C:\Program Files\dotnet\sdk\10.0.101\Sdks\Microsoft.NET.Sdk\targets\Microsoft.NET.Windows.targets (239,5)
       C:\Program Files\dotnet\sdk\10.0.101\Sdks\Microsoft.NET.Sdk\targets\Microsoft.NET.Sdk.targets(1497,5): message : Réassignation de propriété : $(TargetPlatformDisplayName)="Windows 7.0" (valeur précédente : "Windows ") à C:\Program Files\dotnet\sdk\10.0.101\Sdks\Microsoft.NET.Sdk\targets\Microsoft.NET.Sdk.targets (1497,5)
       C:\Program Files\dotnet\sdk\10.0.101\Sdks\Microsoft.NET.Sdk.WindowsDesktop\targets\Microsoft.NET.Sdk.WindowsDesktop.targets(51,5): message : Réassignation de propriété : $(_TargetFrameworkVersionValue)="6.0" (valeur précédente : "0.0") à C:\Program Files\dotnet\sdk\10.0.101\Sdks\Microsoft.NET.Sdk.WindowsDesktop\targets\Microsoft.NET.Sdk.WindowsDesktop.targets (51,5)
       C:\Program Files\dotnet\sdk\10.0.101\Sdks\Microsoft.NET.Sdk.WindowsDesktop\targets\Microsoft.WinFX.targets(61,7): message : Réassignation de propriété : $(PrepareResourceNamesDependsOn)="
       C:\Program Files\dotnet\sdk\10.0.101\Sdks\Microsoft.NET.Sdk.WindowsDesktop\targets\Microsoft.WinFX.targets(61,7): message :                     AssignWinFXEmbeddedResource;
       C:\Program Files\dotnet\sdk\10.0.101\Sdks\Microsoft.NET.Sdk.WindowsDesktop\targets\Microsoft.WinFX.targets(61,7): message :                     
       C:\Program Files\dotnet\sdk\10.0.101\Sdks\Microsoft.NET.Sdk.WindowsDesktop\targets\Microsoft.WinFX.targets(61,7): message :       AssignTargetPaths;
       C:\Program Files\dotnet\sdk\10.0.101\Sdks\Microsoft.NET.Sdk.WindowsDesktop\targets\Microsoft.WinFX.targets(61,7): message :       SplitResourcesByCulture;
       C:\Program Files\dotnet\sdk\10.0.101\Sdks\Microsoft.NET.Sdk.WindowsDesktop\targets\Microsoft.WinFX.targets(61,7): message :       CreateManifestResourceNames;
       C:\Program Files\dotnet\sdk\10.0.101\Sdks\Microsoft.NET.Sdk.WindowsDesktop\targets\Microsoft.WinFX.targets(61,7): message :       CreateCustomManifestResourceNames
       C:\Program Files\dotnet\sdk\10.0.101\Sdks\Microsoft.NET.Sdk.WindowsDesktop\targets\Microsoft.WinFX.targets(61,7): message :     
       C:\Program Files\dotnet\sdk\10.0.101\Sdks\Microsoft.NET.Sdk.WindowsDesktop\targets\Microsoft.WinFX.targets(61,7): message :       " (valeur précédente : "
       C:\Program Files\dotnet\sdk\10.0.101\Sdks\Microsoft.NET.Sdk.WindowsDesktop\targets\Microsoft.WinFX.targets(61,7): message :       AssignTargetPaths;
       C:\Program Files\dotnet\sdk\10.0.101\Sdks\Microsoft.NET.Sdk.WindowsDesktop\targets\Microsoft.WinFX.targets(61,7): message :       SplitResourcesByCulture;
       C:\Program Files\dotnet\sdk\10.0.101\Sdks\Microsoft.NET.Sdk.WindowsDesktop\targets\Microsoft.WinFX.targets(61,7): message :       CreateManifestResourceNames;
       C:\Program Files\dotnet\sdk\10.0.101\Sdks\Microsoft.NET.Sdk.WindowsDesktop\targets\Microsoft.WinFX.targets(61,7): message :       CreateCustomManifestResourceNames
       C:\Program Files\dotnet\sdk\10.0.101\Sdks\Microsoft.NET.Sdk.WindowsDesktop\targets\Microsoft.WinFX.targets(61,7): message :     ") à C:\Program Files\dotnet\sdk\10.0.101\Sdks\Microsoft.NET.Sdk.WindowsDesktop\targets\Microsoft.WinFX.targets (61,7)
       C:\Program Files\dotnet\sdk\10.0.101\Sdks\Microsoft.NET.Sdk.WindowsDesktop\targets\Microsoft.WinFX.targets(69,7): message : Réassignation de propriété : $(PrepareResourcesDependsOn)="
       C:\Program Files\dotnet\sdk\10.0.101\Sdks\Microsoft.NET.Sdk.WindowsDesktop\targets\Microsoft.WinFX.targets(69,7): message :                 MarkupCompilePass1;
       C:\Program Files\dotnet\sdk\10.0.101\Sdks\Microsoft.NET.Sdk.WindowsDesktop\targets\Microsoft.WinFX.targets(69,7): message :                 AfterMarkupCompilePass1;
       C:\Program Files\dotnet\sdk\10.0.101\Sdks\Microsoft.NET.Sdk.WindowsDesktop\targets\Microsoft.WinFX.targets(69,7): message :                 MarkupCompilePass2ForMainAssembly;
       C:\Program Files\dotnet\sdk\10.0.101\Sdks\Microsoft.NET.Sdk.WindowsDesktop\targets\Microsoft.WinFX.targets(69,7): message :                 FileClassification;
       C:\Program Files\dotnet\sdk\10.0.101\Sdks\Microsoft.NET.Sdk.WindowsDesktop\targets\Microsoft.WinFX.targets(69,7): message :                 MainResourcesGeneration;
       C:\Program Files\dotnet\sdk\10.0.101\Sdks\Microsoft.NET.Sdk.WindowsDesktop\targets\Microsoft.WinFX.targets(69,7): message :                 
       C:\Program Files\dotnet\sdk\10.0.101\Sdks\Microsoft.NET.Sdk.WindowsDesktop\targets\Microsoft.WinFX.targets(69,7): message :       ResolvePackageDependenciesForBuild;
       C:\Program Files\dotnet\sdk\10.0.101\Sdks\Microsoft.NET.Sdk.WindowsDesktop\targets\Microsoft.WinFX.targets(69,7): message :       _HandlePackageFileConflicts;
       C:\Program Files\dotnet\sdk\10.0.101\Sdks\Microsoft.NET.Sdk.WindowsDesktop\targets\Microsoft.WinFX.targets(69,7): message :       
       C:\Program Files\dotnet\sdk\10.0.101\Sdks\Microsoft.NET.Sdk.WindowsDesktop\targets\Microsoft.WinFX.targets(69,7): message :       ;
       C:\Program Files\dotnet\sdk\10.0.101\Sdks\Microsoft.NET.Sdk.WindowsDesktop\targets\Microsoft.WinFX.targets(69,7): message :       PrepareResourceNames;
       C:\Program Files\dotnet\sdk\10.0.101\Sdks\Microsoft.NET.Sdk.WindowsDesktop\targets\Microsoft.WinFX.targets(69,7): message :       ResGen;
       C:\Program Files\dotnet\sdk\10.0.101\Sdks\Microsoft.NET.Sdk.WindowsDesktop\targets\Microsoft.WinFX.targets(69,7): message :       CompileLicxFiles
       C:\Program Files\dotnet\sdk\10.0.101\Sdks\Microsoft.NET.Sdk.WindowsDesktop\targets\Microsoft.WinFX.targets(69,7): message :     
       C:\Program Files\dotnet\sdk\10.0.101\Sdks\Microsoft.NET.Sdk.WindowsDesktop\targets\Microsoft.WinFX.targets(69,7): message :     
       C:\Program Files\dotnet\sdk\10.0.101\Sdks\Microsoft.NET.Sdk.WindowsDesktop\targets\Microsoft.WinFX.targets(69,7): message :       " (valeur précédente : "
       C:\Program Files\dotnet\sdk\10.0.101\Sdks\Microsoft.NET.Sdk.WindowsDesktop\targets\Microsoft.WinFX.targets(69,7): message :       ResolvePackageDependenciesForBuild;
       C:\Program Files\dotnet\sdk\10.0.101\Sdks\Microsoft.NET.Sdk.WindowsDesktop\targets\Microsoft.WinFX.targets(69,7): message :       _HandlePackageFileConflicts;
       C:\Program Files\dotnet\sdk\10.0.101\Sdks\Microsoft.NET.Sdk.WindowsDesktop\targets\Microsoft.WinFX.targets(69,7): message :       
       C:\Program Files\dotnet\sdk\10.0.101\Sdks\Microsoft.NET.Sdk.WindowsDesktop\targets\Microsoft.WinFX.targets(69,7): message :       ;
       C:\Program Files\dotnet\sdk\10.0.101\Sdks\Microsoft.NET.Sdk.WindowsDesktop\targets\Microsoft.WinFX.targets(69,7): message :       PrepareResourceNames;
       C:\Program Files\dotnet\sdk\10.0.101\Sdks\Microsoft.NET.Sdk.WindowsDesktop\targets\Microsoft.WinFX.targets(69,7): message :       ResGen;
       C:\Program Files\dotnet\sdk\10.0.101\Sdks\Microsoft.NET.Sdk.WindowsDesktop\targets\Microsoft.WinFX.targets(69,7): message :       CompileLicxFiles
       C:\Program Files\dotnet\sdk\10.0.101\Sdks\Microsoft.NET.Sdk.WindowsDesktop\targets\Microsoft.WinFX.targets(69,7): message :     
       C:\Program Files\dotnet\sdk\10.0.101\Sdks\Microsoft.NET.Sdk.WindowsDesktop\targets\Microsoft.WinFX.targets(69,7): message :     ") à C:\Program Files\dotnet\sdk\10.0.101\Sdks\Microsoft.NET.Sdk.WindowsDesktop\targets\Microsoft.WinFX.targets (69,7)
       C:\Program Files\dotnet\sdk\10.0.101\Sdks\Microsoft.NET.Sdk.WindowsDesktop\targets\Microsoft.WinFX.targets(136,5): message : Réassignation de propriété : $(CompileDependsOn)="
       C:\Program Files\dotnet\sdk\10.0.101\Sdks\Microsoft.NET.Sdk.WindowsDesktop\targets\Microsoft.WinFX.targets(136,5): message :         
       C:\Program Files\dotnet\sdk\10.0.101\Sdks\Microsoft.NET.Sdk.WindowsDesktop\targets\Microsoft.WinFX.targets(136,5): message :       
       C:\Program Files\dotnet\sdk\10.0.101\Sdks\Microsoft.NET.Sdk.WindowsDesktop\targets\Microsoft.WinFX.targets(136,5): message :       ResolveReferences;
       C:\Program Files\dotnet\sdk\10.0.101\Sdks\Microsoft.NET.Sdk.WindowsDesktop\targets\Microsoft.WinFX.targets(136,5): message :       ResolveKeySource;
       C:\Program Files\dotnet\sdk\10.0.101\Sdks\Microsoft.NET.Sdk.WindowsDesktop\targets\Microsoft.WinFX.targets(136,5): message :       SetWin32ManifestProperties;
       C:\Program Files\dotnet\sdk\10.0.101\Sdks\Microsoft.NET.Sdk.WindowsDesktop\targets\Microsoft.WinFX.targets(136,5): message :       _SetPreferNativeArm64Win32ManifestProperties;
       C:\Program Files\dotnet\sdk\10.0.101\Sdks\Microsoft.NET.Sdk.WindowsDesktop\targets\Microsoft.WinFX.targets(136,5): message :       FindReferenceAssembliesForReferences;
       C:\Program Files\dotnet\sdk\10.0.101\Sdks\Microsoft.NET.Sdk.WindowsDesktop\targets\Microsoft.WinFX.targets(136,5): message :       _GenerateCompileInputs;
       C:\Program Files\dotnet\sdk\10.0.101\Sdks\Microsoft.NET.Sdk.WindowsDesktop\targets\Microsoft.WinFX.targets(136,5): message :       BeforeCompile;
       C:\Program Files\dotnet\sdk\10.0.101\Sdks\Microsoft.NET.Sdk.WindowsDesktop\targets\Microsoft.WinFX.targets(136,5): message :       _TimeStampBeforeCompile;
       C:\Program Files\dotnet\sdk\10.0.101\Sdks\Microsoft.NET.Sdk.WindowsDesktop\targets\Microsoft.WinFX.targets(136,5): message :       _GenerateCompileDependencyCache;
       C:\Program Files\dotnet\sdk\10.0.101\Sdks\Microsoft.NET.Sdk.WindowsDesktop\targets\Microsoft.WinFX.targets(136,5): message :       CoreCompile;
       C:\Program Files\dotnet\sdk\10.0.101\Sdks\Microsoft.NET.Sdk.WindowsDesktop\targets\Microsoft.WinFX.targets(136,5): message :       _TimeStampAfterCompile;
       C:\Program Files\dotnet\sdk\10.0.101\Sdks\Microsoft.NET.Sdk.WindowsDesktop\targets\Microsoft.WinFX.targets(136,5): message :       AfterCompile;
       C:\Program Files\dotnet\sdk\10.0.101\Sdks\Microsoft.NET.Sdk.WindowsDesktop\targets\Microsoft.WinFX.targets(136,5): message :     ;
       C:\Program Files\dotnet\sdk\10.0.101\Sdks\Microsoft.NET.Sdk.WindowsDesktop\targets\Microsoft.WinFX.targets(136,5): message :       _CreateAppHost;
       C:\Program Files\dotnet\sdk\10.0.101\Sdks\Microsoft.NET.Sdk.WindowsDesktop\targets\Microsoft.WinFX.targets(136,5): message :       _CreateComHost;
       C:\Program Files\dotnet\sdk\10.0.101\Sdks\Microsoft.NET.Sdk.WindowsDesktop\targets\Microsoft.WinFX.targets(136,5): message :       _GetIjwHostPaths;
       C:\Program Files\dotnet\sdk\10.0.101\Sdks\Microsoft.NET.Sdk.WindowsDesktop\targets\Microsoft.WinFX.targets(136,5): message :     ;
       C:\Program Files\dotnet\sdk\10.0.101\Sdks\Microsoft.NET.Sdk.WindowsDesktop\targets\Microsoft.WinFX.targets(136,5): message :         _AfterCompileWinFXInternal
       C:\Program Files\dotnet\sdk\10.0.101\Sdks\Microsoft.NET.Sdk.WindowsDesktop\targets\Microsoft.WinFX.targets(136,5): message :     " (valeur précédente : "
       C:\Program Files\dotnet\sdk\10.0.101\Sdks\Microsoft.NET.Sdk.WindowsDesktop\targets\Microsoft.WinFX.targets(136,5): message :       
       C:\Program Files\dotnet\sdk\10.0.101\Sdks\Microsoft.NET.Sdk.WindowsDesktop\targets\Microsoft.WinFX.targets(136,5): message :       ResolveReferences;
       C:\Program Files\dotnet\sdk\10.0.101\Sdks\Microsoft.NET.Sdk.WindowsDesktop\targets\Microsoft.WinFX.targets(136,5): message :       ResolveKeySource;
       C:\Program Files\dotnet\sdk\10.0.101\Sdks\Microsoft.NET.Sdk.WindowsDesktop\targets\Microsoft.WinFX.targets(136,5): message :       SetWin32ManifestProperties;
       C:\Program Files\dotnet\sdk\10.0.101\Sdks\Microsoft.NET.Sdk.WindowsDesktop\targets\Microsoft.WinFX.targets(136,5): message :       _SetPreferNativeArm64Win32ManifestProperties;
       C:\Program Files\dotnet\sdk\10.0.101\Sdks\Microsoft.NET.Sdk.WindowsDesktop\targets\Microsoft.WinFX.targets(136,5): message :       FindReferenceAssembliesForReferences;
       C:\Program Files\dotnet\sdk\10.0.101\Sdks\Microsoft.NET.Sdk.WindowsDesktop\targets\Microsoft.WinFX.targets(136,5): message :       _GenerateCompileInputs;
       C:\Program Files\dotnet\sdk\10.0.101\Sdks\Microsoft.NET.Sdk.WindowsDesktop\targets\Microsoft.WinFX.targets(136,5): message :       BeforeCompile;
       C:\Program Files\dotnet\sdk\10.0.101\Sdks\Microsoft.NET.Sdk.WindowsDesktop\targets\Microsoft.WinFX.targets(136,5): message :       _TimeStampBeforeCompile;
       C:\Program Files\dotnet\sdk\10.0.101\Sdks\Microsoft.NET.Sdk.WindowsDesktop\targets\Microsoft.WinFX.targets(136,5): message :       _GenerateCompileDependencyCache;
       C:\Program Files\dotnet\sdk\10.0.101\Sdks\Microsoft.NET.Sdk.WindowsDesktop\targets\Microsoft.WinFX.targets(136,5): message :       CoreCompile;
       C:\Program Files\dotnet\sdk\10.0.101\Sdks\Microsoft.NET.Sdk.WindowsDesktop\targets\Microsoft.WinFX.targets(136,5): message :       _TimeStampAfterCompile;
       C:\Program Files\dotnet\sdk\10.0.101\Sdks\Microsoft.NET.Sdk.WindowsDesktop\targets\Microsoft.WinFX.targets(136,5): message :       AfterCompile;
       C:\Program Files\dotnet\sdk\10.0.101\Sdks\Microsoft.NET.Sdk.WindowsDesktop\targets\Microsoft.WinFX.targets(136,5): message :     ;
       C:\Program Files\dotnet\sdk\10.0.101\Sdks\Microsoft.NET.Sdk.WindowsDesktop\targets\Microsoft.WinFX.targets(136,5): message :       _CreateAppHost;
       C:\Program Files\dotnet\sdk\10.0.101\Sdks\Microsoft.NET.Sdk.WindowsDesktop\targets\Microsoft.WinFX.targets(136,5): message :       _CreateComHost;
       C:\Program Files\dotnet\sdk\10.0.101\Sdks\Microsoft.NET.Sdk.WindowsDesktop\targets\Microsoft.WinFX.targets(136,5): message :       _GetIjwHostPaths;
       C:\Program Files\dotnet\sdk\10.0.101\Sdks\Microsoft.NET.Sdk.WindowsDesktop\targets\Microsoft.WinFX.targets(136,5): message :     ") à C:\Program Files\dotnet\sdk\10.0.101\Sdks\Microsoft.NET.Sdk.WindowsDesktop\targets\Microsoft.WinFX.targets (136,5)
       C:\Program Files\dotnet\sdk\10.0.101\Sdks\Microsoft.NET.Sdk.WindowsDesktop\targets\Microsoft.WinFX.targets(803,9): message : Réassignation de propriété : $(PublishBuildDependsOn)="
       C:\Program Files\dotnet\sdk\10.0.101\Sdks\Microsoft.NET.Sdk.WindowsDesktop\targets\Microsoft.WinFX.targets(803,9): message :             BuildOnlySettings;
       C:\Program Files\dotnet\sdk\10.0.101\Sdks\Microsoft.NET.Sdk.WindowsDesktop\targets\Microsoft.WinFX.targets(803,9): message :             PrepareForBuild;
       C:\Program Files\dotnet\sdk\10.0.101\Sdks\Microsoft.NET.Sdk.WindowsDesktop\targets\Microsoft.WinFX.targets(803,9): message :             ResolveReferences;
       C:\Program Files\dotnet\sdk\10.0.101\Sdks\Microsoft.NET.Sdk.WindowsDesktop\targets\Microsoft.WinFX.targets(803,9): message :             PrepareResources;
       C:\Program Files\dotnet\sdk\10.0.101\Sdks\Microsoft.NET.Sdk.WindowsDesktop\targets\Microsoft.WinFX.targets(803,9): message :             ResolveKeySource;
       C:\Program Files\dotnet\sdk\10.0.101\Sdks\Microsoft.NET.Sdk.WindowsDesktop\targets\Microsoft.WinFX.targets(803,9): message :             PrepareResourcesForSatelliteAssemblies;
       C:\Program Files\dotnet\sdk\10.0.101\Sdks\Microsoft.NET.Sdk.WindowsDesktop\targets\Microsoft.WinFX.targets(803,9): message :             GenerateSerializationAssemblies;
       C:\Program Files\dotnet\sdk\10.0.101\Sdks\Microsoft.NET.Sdk.WindowsDesktop\targets\Microsoft.WinFX.targets(803,9): message :             CreateSatelliteAssemblies;
       C:\Program Files\dotnet\sdk\10.0.101\Sdks\Microsoft.NET.Sdk.WindowsDesktop\targets\Microsoft.WinFX.targets(803,9): message :         " (valeur précédente : "
       C:\Program Files\dotnet\sdk\10.0.101\Sdks\Microsoft.NET.Sdk.WindowsDesktop\targets\Microsoft.WinFX.targets(803,9): message :       BuildOnlySettings;
       C:\Program Files\dotnet\sdk\10.0.101\Sdks\Microsoft.NET.Sdk.WindowsDesktop\targets\Microsoft.WinFX.targets(803,9): message :       PrepareForBuild;
       C:\Program Files\dotnet\sdk\10.0.101\Sdks\Microsoft.NET.Sdk.WindowsDesktop\targets\Microsoft.WinFX.targets(803,9): message :       ResolveReferences;
       C:\Program Files\dotnet\sdk\10.0.101\Sdks\Microsoft.NET.Sdk.WindowsDesktop\targets\Microsoft.WinFX.targets(803,9): message :       PrepareResources;
       C:\Program Files\dotnet\sdk\10.0.101\Sdks\Microsoft.NET.Sdk.WindowsDesktop\targets\Microsoft.WinFX.targets(803,9): message :       ResolveKeySource;
       C:\Program Files\dotnet\sdk\10.0.101\Sdks\Microsoft.NET.Sdk.WindowsDesktop\targets\Microsoft.WinFX.targets(803,9): message :       GenerateSerializationAssemblies;
       C:\Program Files\dotnet\sdk\10.0.101\Sdks\Microsoft.NET.Sdk.WindowsDesktop\targets\Microsoft.WinFX.targets(803,9): message :       CreateSatelliteAssemblies;
       C:\Program Files\dotnet\sdk\10.0.101\Sdks\Microsoft.NET.Sdk.WindowsDesktop\targets\Microsoft.WinFX.targets(803,9): message :     ") à C:\Program Files\dotnet\sdk\10.0.101\Sdks\Microsoft.NET.Sdk.WindowsDesktop\targets\Microsoft.WinFX.targets (803,9)
       C:\Program Files\dotnet\sdk\10.0.101\NuGet.Build.Tasks.Pack.targets(34,5): message : Réassignation de propriété : $(PackageDescription)="Package Description" (valeur précédente : "") à C:\Program Files\dotnet\sdk\10.0.101\NuGet.Build.Tasks.Pack.targets (34,5)
       C:\Program Files\dotnet\sdk\10.0.101\NuGet.Build.Tasks.Pack.targets(59,5): message : Réassignation de propriété : $(GenerateNuspecDependsOn)="Build;_LoadPackInputItems; _GetTargetFrameworksOutput; _WalkEachTargetPerFramework; _GetPackageFiles; " (valeur précédente : "_LoadPackInputItems; _GetTargetFrameworksOutput; _WalkEachTargetPerFramework; _GetPackageFiles; ") à C:\Program Files\dotnet\sdk\10.0.101\NuGet.Build.Tasks.Pack.targets (59,5)
       C:\Program Files\dotnet\sdk\10.0.101\Sdks\Microsoft.NET.Sdk\Sdk\Sdk.targets(59,5): message : Réassignation de propriété : $(_IsNotSetContainersTargetsDir)="true" (valeur précédente : "false") à C:\Program Files\dotnet\sdk\10.0.101\Sdks\Microsoft.NET.Sdk\Sdk\Sdk.targets (59,5)
       C:\Program Files\dotnet\sdk\10.0.101\Containers\build\Microsoft.NET.Build.Containers.targets(5,5): message : Réassignation de propriété : $(_IsSDKContainerAllowedVersion)="true" (valeur précédente : "false") à C:\Program Files\dotnet\sdk\10.0.101\Containers\build\Microsoft.NET.Build.Containers.targets (5,5)
       Remplacement de la cible "ResolveFrameworkReferences" du projet "C:\Program Files\dotnet\sdk\10.0.101\Microsoft.Common.CurrentVersion.targets" par la cible "ResolveFrameworkReferences" du projet "C:\Program Files\dotnet\sdk\10.0.101\Sdks\Microsoft.NET.Sdk\targets\Microsoft.NET.Sdk.FrameworkReferenceResolution.targets".
       Remplacement de la cible "GenerateSupportedTargetFrameworkAlias" du projet "C:\Program Files\dotnet\sdk\10.0.101\Microsoft.Common.CurrentVersion.targets" par la cible "GenerateSupportedTargetFrameworkAlias" du projet "C:\Program Files\dotnet\sdk\10.0.101\Sdks\Microsoft.NET.Sdk\targets\Microsoft.NET.Sdk.targets".
       Remplacement de la cible "GetReferenceAssemblyPaths" du projet "C:\Program Files\dotnet\sdk\10.0.101\Microsoft.Common.CurrentVersion.targets" par la cible "GetReferenceAssemblyPaths" du projet "C:\Program Files\dotnet\sdk\10.0.101\Sdks\Microsoft.NET.Sdk\targets\Microsoft.NET.DisableStandardFrameworkResolution.targets".
       Remplacement de la cible "GetFrameworkPaths" du projet "C:\Program Files\dotnet\sdk\10.0.101\Microsoft.Common.CurrentVersion.targets" par la cible "GetFrameworkPaths" du projet "C:\Program Files\dotnet\sdk\10.0.101\Sdks\Microsoft.NET.Sdk\targets\Microsoft.NET.DisableStandardFrameworkResolution.targets".
       Remplacement de la cible "DesignerRuntimeImplementationProjectOutputGroup" du projet "C:\Program Files\dotnet\sdk\10.0.101\Microsoft.Common.CurrentVersion.targets" par la cible "DesignerRuntimeImplementationProjectOutputGroup" du projet "C:\Program Files\dotnet\sdk\10.0.101\Sdks\Microsoft.NET.Sdk\targets\Microsoft.NET.DesignerSupport.targets".
       Remplacement de la cible "Publish" du projet "C:\Program Files\dotnet\sdk\10.0.101\Microsoft.Common.CurrentVersion.targets" par la cible "Publish" du projet "C:\Program Files\dotnet\sdk\10.0.101\Sdks\Microsoft.NET.Sdk\targets\Microsoft.NET.Publish.targets".
       Remplacement de la cible "ResolveReadyToRunCompilers" du projet "C:\Program Files\dotnet\sdk\10.0.101\Sdks\Microsoft.NET.Sdk\targets\Microsoft.NET.CrossGen.targets" par la cible "ResolveReadyToRunCompilers" du projet "C:\Program Files\dotnet\sdk\10.0.101\Sdks\Microsoft.NET.Sdk\targets\Microsoft.NET.Publish.targets".
       Remplacement de la cible "GetCopyToPublishDirectoryItems" du projet "C:\Program Files\dotnet\sdk\10.0.101\Microsoft.Common.CurrentVersion.targets" par la cible "GetCopyToPublishDirectoryItems" du projet "C:\Program Files\dotnet\sdk\10.0.101\Sdks\Microsoft.NET.Sdk\targets\Microsoft.NET.Publish.targets".
       Remplacement de la cible "Run" du projet "C:\Program Files\dotnet\sdk\10.0.101\Microsoft.Common.CurrentVersion.targets" par la cible "Run" du projet "C:\Program Files\dotnet\sdk\10.0.101\Sdks\Microsoft.NET.Sdk\targets\Microsoft.NET.Sdk.targets".
       Remplacement de la cible "SatelliteDllsProjectOutputGroup" du projet "C:\Program Files\dotnet\sdk\10.0.101\Microsoft.Common.CurrentVersion.targets" par la cible "SatelliteDllsProjectOutputGroup" du projet "C:\Program Files\dotnet\sdk\10.0.101\Sdks\Microsoft.NET.Sdk.WindowsDesktop\targets\Microsoft.WinFX.targets".
     1>Projet "C:\Users\rdenimal\Documents\gestionnaire_doublon\DoublonManager\DoublonManager.csproj" sur le nœud 1 (Restore cible(s)).
     1>Cible "_LoadRestoreGraphEntryPoints" dans le fichier "C:\Program Files\dotnet\sdk\10.0.101\NuGet.targets" du projet "C:\Users\rdenimal\Documents\gestionnaire_doublon\DoublonManager\DoublonManager.csproj" (la cible "_FilterRestoreGraphProjectInputItems" en dépend) :
     1>Génération de la cible "_LoadRestoreGraphEntryPoints" terminée dans le projet "DoublonManager.csproj".
     1>Cible "_FilterRestoreGraphProjectInputItems" dans le fichier "C:\Program Files\dotnet\sdk\10.0.101\NuGet.targets" du projet "C:\Users\rdenimal\Documents\gestionnaire_doublon\DoublonManager\DoublonManager.csproj" (la cible "_GenerateRestoreGraph" en dépend) :
       Utilisation de la tâche "RemoveDuplicates" à partir de l'assembly "Microsoft.Build.Tasks.Core, Version=15.1.0.0, Culture=neutral, PublicKeyToken=b03f5f7f11d50a3a".
       Tâche "RemoveDuplicates"
       Exécution de la tâche "RemoveDuplicates" terminée.
       Utilisation de la tâche "MSBuild" à partir de l'assembly "Microsoft.Build.Tasks.Core, Version=15.1.0.0, Culture=neutral, PublicKeyToken=b03f5f7f11d50a3a".
       Tâche "MSBuild"
         Propriétés globales :
           ExcludeRestorePackageImports=true
     0>C:\Program Files\dotnet\sdk\10.0.101\Sdks\Microsoft.NET.Sdk\Sdk\Sdk.props(49,11): message : Propriété 'MSBuildExtensionsPath' avec la valeur 'C:\Program Files\dotnet\sdk\10.0.101\' développée à partir de l’environnement.
       C:\Program Files\dotnet\sdk\10.0.101\Current\Microsoft.Common.props(60,5): message : Réassignation de propriété : $(MSBuildProjectExtensionsPath)="C:\Users\rdenimal\Documents\gestionnaire_doublon\DoublonManager\obj\" (valeur précédente : "obj\") à C:\Program Files\dotnet\sdk\10.0.101\Current\Microsoft.Common.props (60,5)
       C:\Program Files\dotnet\sdk\10.0.101\Current\Microsoft.Common.props(84,119): message : Propriété 'MSBuildUserExtensionsPath' avec la valeur 'C:\Users\rdenimal\AppData\Local\Microsoft\MSBuild' développée à partir de l’environnement.
       C:\Program Files\dotnet\sdk\10.0.101\Sdks\Microsoft.NET.Sdk\targets\Microsoft.NET.Sdk.props(90,5): message : Réassignation de propriété : $(AssemblySearchPaths)="{CandidateAssemblyFiles};{HintPathFromItem}" (valeur précédente : "{CandidateAssemblyFiles}") à C:\Program Files\dotnet\sdk\10.0.101\Sdks\Microsoft.NET.Sdk\targets\Microsoft.NET.Sdk.props (90,5)
       C:\Program Files\dotnet\sdk\10.0.101\Sdks\Microsoft.NET.Sdk\targets\Microsoft.NET.Sdk.props(91,5): message : Réassignation de propriété : $(AssemblySearchPaths)="{CandidateAssemblyFiles};{HintPathFromItem};{TargetFrameworkDirectory}" (valeur précédente : "{CandidateAssemblyFiles};{HintPathFromItem}") à C:\Program Files\dotnet\sdk\10.0.101\Sdks\Microsoft.NET.Sdk\targets\Microsoft.NET.Sdk.props (91,5)
       C:\Program Files\dotnet\sdk\10.0.101\Sdks\Microsoft.NET.Sdk\targets\Microsoft.NET.Sdk.props(92,5): message : Réassignation de propriété : $(AssemblySearchPaths)="{CandidateAssemblyFiles};{HintPathFromItem};{TargetFrameworkDirectory};{RawFileName}" (valeur précédente : "{CandidateAssemblyFiles};{HintPathFromItem};{TargetFrameworkDirectory}") à C:\Program Files\dotnet\sdk\10.0.101\Sdks\Microsoft.NET.Sdk\targets\Microsoft.NET.Sdk.props (92,5)
       C:\Users\rdenimal\Documents\gestionnaire_doublon\DoublonManager\DoublonManager.csproj(4,5): message : Réassignation de propriété : $(OutputType)="WinExe" (valeur précédente : "Library") à C:\Users\rdenimal\Documents\gestionnaire_doublon\DoublonManager\DoublonManager.csproj (4,5)
       C:\Program Files\dotnet\sdk\10.0.101\Sdks\Microsoft.NET.Sdk\targets\Microsoft.NET.Sdk.ImportPublishProfile.targets(28,5): message : Réassignation de propriété : $(PublishProfileImported)="false" (valeur précédente : "true") à C:\Program Files\dotnet\sdk\10.0.101\Sdks\Microsoft.NET.Sdk\targets\Microsoft.NET.Sdk.ImportPublishProfile.targets (28,5)
       C:\Program Files\dotnet\sdk\10.0.101\Sdks\Microsoft.NET.Sdk\targets\Microsoft.NET.TargetFrameworkInference.targets(80,5): message : Réassignation de propriété : $(TargetPlatformVersion)="0.0" (valeur précédente : "0.0.0.0") à C:\Program Files\dotnet\sdk\10.0.101\Sdks\Microsoft.NET.Sdk\targets\Microsoft.NET.TargetFrameworkInference.targets (80,5)
       C:\Program Files\dotnet\sdk\10.0.101\Sdks\Microsoft.NET.Sdk\targets\Microsoft.NET.TargetFrameworkInference.targets(81,5): message : Réassignation de propriété : $(TargetPlatformVersion)="" (valeur précédente : "0.0") à C:\Program Files\dotnet\sdk\10.0.101\Sdks\Microsoft.NET.Sdk\targets\Microsoft.NET.TargetFrameworkInference.targets (81,5)
       C:\Program Files\dotnet\sdk\10.0.101\Sdks\Microsoft.NET.Sdk\targets\Microsoft.NET.TargetFrameworkInference.targets(84,5): message : Réassignation de propriété : $(TargetPlatformIdentifier)="Windows" (valeur précédente : "windows") à C:\Program Files\dotnet\sdk\10.0.101\Sdks\Microsoft.NET.Sdk\targets\Microsoft.NET.TargetFrameworkInference.targets (84,5)
       C:\Program Files\dotnet\sdk\10.0.101\Sdks\Microsoft.NET.Sdk\targets\Microsoft.NET.DefaultOutputPaths.targets(127,5): message : Réassignation de propriété : $(DefaultItemExcludes)=";bin\Debug\/**;obj\Debug\/**" (valeur précédente : ";bin\Debug\/**") à C:\Program Files\dotnet\sdk\10.0.101\Sdks\Microsoft.NET.Sdk\targets\Microsoft.NET.DefaultOutputPaths.targets (127,5)
       C:\Program Files\dotnet\sdk\10.0.101\Sdks\Microsoft.NET.Sdk\targets\Microsoft.NET.DefaultOutputPaths.targets(142,5): message : Réassignation de propriété : $(OutputPath)="bin\Debug\net6.0-windows\" (valeur précédente : "bin\Debug\") à C:\Program Files\dotnet\sdk\10.0.101\Sdks\Microsoft.NET.Sdk\targets\Microsoft.NET.DefaultOutputPaths.targets (142,5)
       C:\Program Files\dotnet\sdk\10.0.101\Sdks\Microsoft.NET.Sdk\targets\Microsoft.NET.DefaultOutputPaths.targets(147,5): message : Réassignation de propriété : $(IntermediateOutputPath)="obj\Debug\net6.0-windows\" (valeur précédente : "obj\Debug\") à C:\Program Files\dotnet\sdk\10.0.101\Sdks\Microsoft.NET.Sdk\targets\Microsoft.NET.DefaultOutputPaths.targets (147,5)
       C:\Program Files\dotnet\sdk\10.0.101\Sdks\Microsoft.NET.Sdk\targets\Microsoft.NET.Sdk.BeforeCommon.targets(371,5): message : Réassignation de propriété : $(RoslynTargetsPath)="C:\Program Files\dotnet\sdk\10.0.101\Sdks\Microsoft.NET.Sdk\targets\..\..\..\Roslyn" (valeur précédente : "C:\Program Files\dotnet\sdk\10.0.101\Roslyn") à C:\Program Files\dotnet\sdk\10.0.101\Sdks\Microsoft.NET.Sdk\targets\Microsoft.NET.Sdk.BeforeCommon.targets (371,5)
       C:\Program Files\dotnet\sdk\10.0.101\Roslyn\Microsoft.Managed.Core.targets(6,5): message : Réassignation de propriété : $(_BuildTasksDirectory)="C:\Program Files\dotnet\sdk\10.0.101\Sdks\Microsoft.NET.Sdk\targets\..\..\..\Roslyn\" (valeur précédente : "C:\Program Files\dotnet\sdk\10.0.101\Roslyn\") à C:\Program Files\dotnet\sdk\10.0.101\Roslyn\Microsoft.Managed.Core.targets (6,5)
       C:\Program Files\dotnet\sdk\10.0.101\Roslyn\Microsoft.CSharp.Core.targets(200,5): message : Réassignation de propriété : $(CommandLineArgsForDesignTimeEvaluation)="-langversion:10.0 -define:TRACE" (valeur précédente : "-langversion:10.0") à C:\Program Files\dotnet\sdk\10.0.101\Roslyn\Microsoft.CSharp.Core.targets (200,5)
       C:\Program Files\dotnet\sdk\10.0.101\Microsoft.Common.CurrentVersion.targets(175,5): message : Réassignation de propriété : $(_DebugSymbolsProduced)="true" (valeur précédente : "false") à C:\Program Files\dotnet\sdk\10.0.101\Microsoft.Common.CurrentVersion.targets (175,5)
       C:\Program Files\dotnet\sdk\10.0.101\Microsoft.Common.CurrentVersion.targets(185,5): message : Réassignation de propriété : $(_DocumentationFileProduced)="false" (valeur précédente : "true") à C:\Program Files\dotnet\sdk\10.0.101\Microsoft.Common.CurrentVersion.targets (185,5)
       C:\Program Files\dotnet\sdk\10.0.101\Microsoft.Common.CurrentVersion.targets(392,5): message : Réassignation de propriété : $(MSBuildCopyMarkerName)="DoublonM.0C353975" (valeur précédente : "DoublonManager.csproj") à C:\Program Files\dotnet\sdk\10.0.101\Microsoft.Common.CurrentVersion.targets (392,5)
       C:\Program Files\dotnet\sdk\10.0.101\Microsoft.Common.CurrentVersion.targets(393,5): message : Réassignation de propriété : $(MSBuildCopyMarkerName)="DoublonM.0C353975.Up2Date" (valeur précédente : "DoublonM.0C353975") à C:\Program Files\dotnet\sdk\10.0.101\Microsoft.Common.CurrentVersion.targets (393,5)
       C:\Program Files\dotnet\sdk\10.0.101\Microsoft.Common.CurrentVersion.targets(541,5): message : Réassignation de propriété : $(ProcessorArchitecture)="msil" (valeur précédente : "") à C:\Program Files\dotnet\sdk\10.0.101\Microsoft.Common.CurrentVersion.targets (541,5)
       C:\Program Files\dotnet\sdk\10.0.101\Microsoft.Common.CurrentVersion.targets(580,5): message : Réassignation de propriété : $(DelaySign)="" (valeur précédente : "false") à C:\Program Files\dotnet\sdk\10.0.101\Microsoft.Common.CurrentVersion.targets (580,5)
       C:\Program Files\dotnet\sdk\10.0.101\Microsoft.Common.CurrentVersion.targets(2606,5): message : Propriété 'LOCALAPPDATA' avec la valeur 'C:\Users\rdenimal\AppData\Local' développée à partir de l’environnement.
       C:\Program Files\dotnet\sdk\10.0.101\Microsoft.Common.CurrentVersion.targets(3934,5): message : Réassignation de propriété : $(_SGenGenerateSerializationAssembliesConfig)="Auto" (valeur précédente : "") à C:\Program Files\dotnet\sdk\10.0.101\Microsoft.Common.CurrentVersion.targets (3934,5)
       C:\Program Files\dotnet\sdk\10.0.101\Microsoft.Common.CurrentVersion.targets(3935,5): message : Réassignation de propriété : $(_SGenGenerateSerializationAssembliesConfig)="Off" (valeur précédente : "Auto") à C:\Program Files\dotnet\sdk\10.0.101\Microsoft.Common.CurrentVersion.targets (3935,5)
       C:\Program Files\dotnet\sdk\10.0.101\Microsoft.Common.CurrentVersion.targets(5146,5): message : Réassignation de propriété : $(_TargetsThatPrepareProjectReferences)="
       C:\Program Files\dotnet\sdk\10.0.101\Microsoft.Common.CurrentVersion.targets(5146,5): message :       AssignProjectConfiguration;
       C:\Program Files\dotnet\sdk\10.0.101\Microsoft.Common.CurrentVersion.targets(5146,5): message :       _SplitProjectReferencesByFileExistence
       C:\Program Files\dotnet\sdk\10.0.101\Microsoft.Common.CurrentVersion.targets(5146,5): message :     " (valeur précédente : "_SplitProjectReferencesByFileExistence") à C:\Program Files\dotnet\sdk\10.0.101\Microsoft.Common.CurrentVersion.targets (5146,5)
       C:\Program Files\dotnet\sdk\10.0.101\Microsoft.Common.CurrentVersion.targets(6959,5): message : Propriété 'MSBuildExtensionsPath32' avec la valeur 'C:\Program Files\dotnet\sdk\10.0.101' développée à partir de l’environnement.
       La propriété "NuGetInteractive" est une propriété globale et elle ne peut pas être modifiée.
       C:\Program Files\dotnet\sdk\10.0.101\Sdks\Microsoft.NET.Sdk\targets\Microsoft.PackageDependencyResolution.targets(24,5): message : Réassignation de propriété : $(ProjectAssetsFile)="C:\Users\rdenimal\Documents\gestionnaire_doublon\DoublonManager\obj\project.assets.json" (valeur précédente : "C:\Users\rdenimal\Documents\gestionnaire_doublon\DoublonManager\obj\/project.assets.json") à C:\Program Files\dotnet\sdk\10.0.101\Sdks\Microsoft.NET.Sdk\targets\Microsoft.PackageDependencyResolution.targets (24,5)
       C:\Program Files\dotnet\sdk\10.0.101\Sdks\Microsoft.NET.Sdk\targets\Microsoft.PackageDependencyResolution.targets(29,5): message : Réassignation de propriété : $(ProjectAssetsCacheFile)="C:\Users\rdenimal\Documents\gestionnaire_doublon\DoublonManager\obj\Debug\net6.0-windows\DoublonManager.assets.cache" (valeur précédente : "obj\Debug\net6.0-windows\DoublonManager.assets.cache") à C:\Program Files\dotnet\sdk\10.0.101\Sdks\Microsoft.NET.Sdk\targets\Microsoft.PackageDependencyResolution.targets (29,5)
       C:\Program Files\dotnet\sdk\10.0.101\Sdks\Microsoft.NET.Sdk\targets\Microsoft.PackageDependencyResolution.targets(80,5): message : Réassignation de propriété : $(ResolveAssemblyReferencesDependsOn)="
       C:\Program Files\dotnet\sdk\10.0.101\Sdks\Microsoft.NET.Sdk\targets\Microsoft.PackageDependencyResolution.targets(80,5): message :       
       C:\Program Files\dotnet\sdk\10.0.101\Sdks\Microsoft.NET.Sdk\targets\Microsoft.PackageDependencyResolution.targets(80,5): message :       ResolveProjectReferences;
       C:\Program Files\dotnet\sdk\10.0.101\Sdks\Microsoft.NET.Sdk\targets\Microsoft.PackageDependencyResolution.targets(80,5): message :       FindInvalidProjectReferences;
       C:\Program Files\dotnet\sdk\10.0.101\Sdks\Microsoft.NET.Sdk\targets\Microsoft.PackageDependencyResolution.targets(80,5): message :       GetFrameworkPaths;
       C:\Program Files\dotnet\sdk\10.0.101\Sdks\Microsoft.NET.Sdk\targets\Microsoft.PackageDependencyResolution.targets(80,5): message :       GetReferenceAssemblyPaths;
       C:\Program Files\dotnet\sdk\10.0.101\Sdks\Microsoft.NET.Sdk\targets\Microsoft.PackageDependencyResolution.targets(80,5): message :       PrepareForBuild;
       C:\Program Files\dotnet\sdk\10.0.101\Sdks\Microsoft.NET.Sdk\targets\Microsoft.PackageDependencyResolution.targets(80,5): message :       ResolveSDKReferences;
       C:\Program Files\dotnet\sdk\10.0.101\Sdks\Microsoft.NET.Sdk\targets\Microsoft.PackageDependencyResolution.targets(80,5): message :       ExpandSDKReferences;
       C:\Program Files\dotnet\sdk\10.0.101\Sdks\Microsoft.NET.Sdk\targets\Microsoft.PackageDependencyResolution.targets(80,5): message :     ;
       C:\Program Files\dotnet\sdk\10.0.101\Sdks\Microsoft.NET.Sdk\targets\Microsoft.PackageDependencyResolution.targets(80,5): message :       ResolvePackageDependenciesForBuild;
       C:\Program Files\dotnet\sdk\10.0.101\Sdks\Microsoft.NET.Sdk\targets\Microsoft.PackageDependencyResolution.targets(80,5): message :       _HandlePackageFileConflicts;
       C:\Program Files\dotnet\sdk\10.0.101\Sdks\Microsoft.NET.Sdk\targets\Microsoft.PackageDependencyResolution.targets(80,5): message :     " (valeur précédente : "
       C:\Program Files\dotnet\sdk\10.0.101\Sdks\Microsoft.NET.Sdk\targets\Microsoft.PackageDependencyResolution.targets(80,5): message :       ResolveProjectReferences;
       C:\Program Files\dotnet\sdk\10.0.101\Sdks\Microsoft.NET.Sdk\targets\Microsoft.PackageDependencyResolution.targets(80,5): message :       FindInvalidProjectReferences;
       C:\Program Files\dotnet\sdk\10.0.101\Sdks\Microsoft.NET.Sdk\targets\Microsoft.PackageDependencyResolution.targets(80,5): message :       GetFrameworkPaths;
       C:\Program Files\dotnet\sdk\10.0.101\Sdks\Microsoft.NET.Sdk\targets\Microsoft.PackageDependencyResolution.targets(80,5): message :       GetReferenceAssemblyPaths;
       C:\Program Files\dotnet\sdk\10.0.101\Sdks\Microsoft.NET.Sdk\targets\Microsoft.PackageDependencyResolution.targets(80,5): message :       PrepareForBuild;
       C:\Program Files\dotnet\sdk\10.0.101\Sdks\Microsoft.NET.Sdk\targets\Microsoft.PackageDependencyResolution.targets(80,5): message :       ResolveSDKReferences;
       C:\Program Files\dotnet\sdk\10.0.101\Sdks\Microsoft.NET.Sdk\targets\Microsoft.PackageDependencyResolution.targets(80,5): message :       ExpandSDKReferences;
       C:\Program Files\dotnet\sdk\10.0.101\Sdks\Microsoft.NET.Sdk\targets\Microsoft.PackageDependencyResolution.targets(80,5): message :     ") à C:\Program Files\dotnet\sdk\10.0.101\Sdks\Microsoft.NET.Sdk\targets\Microsoft.PackageDependencyResolution.targets (80,5)
       C:\Program Files\dotnet\sdk\10.0.101\Sdks\Microsoft.NET.Sdk\targets\Microsoft.PackageDependencyResolution.targets(86,5): message : Réassignation de propriété : $(PrepareResourcesDependsOn)="
       C:\Program Files\dotnet\sdk\10.0.101\Sdks\Microsoft.NET.Sdk\targets\Microsoft.PackageDependencyResolution.targets(86,5): message :       ResolvePackageDependenciesForBuild;
       C:\Program Files\dotnet\sdk\10.0.101\Sdks\Microsoft.NET.Sdk\targets\Microsoft.PackageDependencyResolution.targets(86,5): message :       _HandlePackageFileConflicts;
       C:\Program Files\dotnet\sdk\10.0.101\Sdks\Microsoft.NET.Sdk\targets\Microsoft.PackageDependencyResolution.targets(86,5): message :       
       C:\Program Files\dotnet\sdk\10.0.101\Sdks\Microsoft.NET.Sdk\targets\Microsoft.PackageDependencyResolution.targets(86,5): message :       ;
       C:\Program Files\dotnet\sdk\10.0.101\Sdks\Microsoft.NET.Sdk\targets\Microsoft.PackageDependencyResolution.targets(86,5): message :       PrepareResourceNames;
       C:\Program Files\dotnet\sdk\10.0.101\Sdks\Microsoft.NET.Sdk\targets\Microsoft.PackageDependencyResolution.targets(86,5): message :       ResGen;
       C:\Program Files\dotnet\sdk\10.0.101\Sdks\Microsoft.NET.Sdk\targets\Microsoft.PackageDependencyResolution.targets(86,5): message :       CompileLicxFiles
       C:\Program Files\dotnet\sdk\10.0.101\Sdks\Microsoft.NET.Sdk\targets\Microsoft.PackageDependencyResolution.targets(86,5): message :     
       C:\Program Files\dotnet\sdk\10.0.101\Sdks\Microsoft.NET.Sdk\targets\Microsoft.PackageDependencyResolution.targets(86,5): message :     " (valeur précédente : "
       C:\Program Files\dotnet\sdk\10.0.101\Sdks\Microsoft.NET.Sdk\targets\Microsoft.PackageDependencyResolution.targets(86,5): message :       ;
       C:\Program Files\dotnet\sdk\10.0.101\Sdks\Microsoft.NET.Sdk\targets\Microsoft.PackageDependencyResolution.targets(86,5): message :       PrepareResourceNames;
       C:\Program Files\dotnet\sdk\10.0.101\Sdks\Microsoft.NET.Sdk\targets\Microsoft.PackageDependencyResolution.targets(86,5): message :       ResGen;
       C:\Program Files\dotnet\sdk\10.0.101\Sdks\Microsoft.NET.Sdk\targets\Microsoft.PackageDependencyResolution.targets(86,5): message :       CompileLicxFiles
       C:\Program Files\dotnet\sdk\10.0.101\Sdks\Microsoft.NET.Sdk\targets\Microsoft.PackageDependencyResolution.targets(86,5): message :     ") à C:\Program Files\dotnet\sdk\10.0.101\Sdks\Microsoft.NET.Sdk\targets\Microsoft.PackageDependencyResolution.targets (86,5)
       La propriété "EnableDefaultCompileItems" est une propriété globale et elle ne peut pas être modifiée.
       La propriété "EnableDefaultEmbeddedResourceItems" est une propriété globale et elle ne peut pas être modifiée.
       La propriété "EnableDefaultNoneItems" est une propriété globale et elle ne peut pas être modifiée.
       C:\Program Files\dotnet\sdk\10.0.101\Sdks\Microsoft.NET.Sdk\targets\Microsoft.NET.Sdk.DefaultItems.targets(35,5): message : Réassignation de propriété : $(DefaultItemExcludes)=";bin\Debug\/**;obj\Debug\/**;bin\/**" (valeur précédente : ";bin\Debug\/**;obj\Debug\/**") à C:\Program Files\dotnet\sdk\10.0.101\Sdks\Microsoft.NET.Sdk\targets\Microsoft.NET.Sdk.DefaultItems.targets (35,5)
       C:\Program Files\dotnet\sdk\10.0.101\Sdks\Microsoft.NET.Sdk\targets\Microsoft.NET.Sdk.DefaultItems.targets(37,5): message : Réassignation de propriété : $(DefaultItemExcludes)=";bin\Debug\/**;obj\Debug\/**;bin\/**;obj\/**" (valeur précédente : ";bin\Debug\/**;obj\Debug\/**;bin\/**") à C:\Program Files\dotnet\sdk\10.0.101\Sdks\Microsoft.NET.Sdk\targets\Microsoft.NET.Sdk.DefaultItems.targets (37,5)
       C:\Program Files\dotnet\sdk\10.0.101\Sdks\Microsoft.NET.Sdk\targets\Microsoft.NET.Sdk.DefaultItems.targets(40,5): message : Réassignation de propriété : $(DefaultItemExcludes)=";bin\Debug\/**;obj\Debug\/**;bin\/**;obj\/**;**/*.user" (valeur précédente : ";bin\Debug\/**;obj\Debug\/**;bin\/**;obj\/**") à C:\Program Files\dotnet\sdk\10.0.101\Sdks\Microsoft.NET.Sdk\targets\Microsoft.NET.Sdk.DefaultItems.targets (40,5)
       C:\Program Files\dotnet\sdk\10.0.101\Sdks\Microsoft.NET.Sdk\targets\Microsoft.NET.Sdk.DefaultItems.targets(41,5): message : Réassignation de propriété : $(DefaultItemExcludes)=";bin\Debug\/**;obj\Debug\/**;bin\/**;obj\/**;**/*.user;**/*.*proj" (valeur précédente : ";bin\Debug\/**;obj\Debug\/**;bin\/**;obj\/**;**/*.user") à C:\Program Files\dotnet\sdk\10.0.101\Sdks\Microsoft.NET.Sdk\targets\Microsoft.NET.Sdk.DefaultItems.targets (41,5)
       C:\Program Files\dotnet\sdk\10.0.101\Sdks\Microsoft.NET.Sdk\targets\Microsoft.NET.Sdk.DefaultItems.targets(42,5): message : Réassignation de propriété : $(DefaultItemExcludes)=";bin\Debug\/**;obj\Debug\/**;bin\/**;obj\/**;**/*.user;**/*.*proj;**/*.sln" (valeur précédente : ";bin\Debug\/**;obj\Debug\/**;bin\/**;obj\/**;**/*.user;**/*.*proj") à C:\Program Files\dotnet\sdk\10.0.101\Sdks\Microsoft.NET.Sdk\targets\Microsoft.NET.Sdk.DefaultItems.targets (42,5)
       C:\Program Files\dotnet\sdk\10.0.101\Sdks\Microsoft.NET.Sdk\targets\Microsoft.NET.Sdk.DefaultItems.targets(43,5): message : Réassignation de propriété : $(DefaultItemExcludes)=";bin\Debug\/**;obj\Debug\/**;bin\/**;obj\/**;**/*.user;**/*.*proj;**/*.sln;**/*.slnx" (valeur précédente : ";bin\Debug\/**;obj\Debug\/**;bin\/**;obj\/**;**/*.user;**/*.*proj;**/*.sln") à C:\Program Files\dotnet\sdk\10.0.101\Sdks\Microsoft.NET.Sdk\targets\Microsoft.NET.Sdk.DefaultItems.targets (43,5)
       C:\Program Files\dotnet\sdk\10.0.101\Sdks\Microsoft.NET.Sdk\targets\Microsoft.NET.Sdk.DefaultItems.targets(44,5): message : Réassignation de propriété : $(DefaultItemExcludes)=";bin\Debug\/**;obj\Debug\/**;bin\/**;obj\/**;**/*.user;**/*.*proj;**/*.sln;**/*.slnx;**/*.vssscc" (valeur précédente : ";bin\Debug\/**;obj\Debug\/**;bin\/**;obj\/**;**/*.user;**/*.*proj;**/*.sln;**/*.slnx") à C:\Program Files\dotnet\sdk\10.0.101\Sdks\Microsoft.NET.Sdk\targets\Microsoft.NET.Sdk.DefaultItems.targets (44,5)
       C:\Program Files\dotnet\sdk\10.0.101\Sdks\Microsoft.NET.Sdk\targets\Microsoft.NET.Sdk.DefaultItems.targets(45,5): message : Réassignation de propriété : $(DefaultItemExcludes)=";bin\Debug\/**;obj\Debug\/**;bin\/**;obj\/**;**/*.user;**/*.*proj;**/*.sln;**/*.slnx;**/*.vssscc;**/.DS_Store" (valeur précédente : ";bin\Debug\/**;obj\Debug\/**;bin\/**;obj\/**;**/*.user;**/*.*proj;**/*.sln;**/*.slnx;**/*.vssscc") à C:\Program Files\dotnet\sdk\10.0.101\Sdks\Microsoft.NET.Sdk\targets\Microsoft.NET.Sdk.DefaultItems.targets (45,5)
       C:\Program Files\dotnet\sdk\10.0.101\Sdks\Microsoft.NET.Sdk\targets\Microsoft.NET.Sdk.FrameworkReferenceResolution.targets(14,5): message : Réassignation de propriété : $(ResolveAssemblyReferencesDependsOn)="
       C:\Program Files\dotnet\sdk\10.0.101\Sdks\Microsoft.NET.Sdk\targets\Microsoft.NET.Sdk.FrameworkReferenceResolution.targets(14,5): message :       
       C:\Program Files\dotnet\sdk\10.0.101\Sdks\Microsoft.NET.Sdk\targets\Microsoft.NET.Sdk.FrameworkReferenceResolution.targets(14,5): message :       
       C:\Program Files\dotnet\sdk\10.0.101\Sdks\Microsoft.NET.Sdk\targets\Microsoft.NET.Sdk.FrameworkReferenceResolution.targets(14,5): message :       ResolveProjectReferences;
       C:\Program Files\dotnet\sdk\10.0.101\Sdks\Microsoft.NET.Sdk\targets\Microsoft.NET.Sdk.FrameworkReferenceResolution.targets(14,5): message :       FindInvalidProjectReferences;
       C:\Program Files\dotnet\sdk\10.0.101\Sdks\Microsoft.NET.Sdk\targets\Microsoft.NET.Sdk.FrameworkReferenceResolution.targets(14,5): message :       GetFrameworkPaths;
       C:\Program Files\dotnet\sdk\10.0.101\Sdks\Microsoft.NET.Sdk\targets\Microsoft.NET.Sdk.FrameworkReferenceResolution.targets(14,5): message :       GetReferenceAssemblyPaths;
       C:\Program Files\dotnet\sdk\10.0.101\Sdks\Microsoft.NET.Sdk\targets\Microsoft.NET.Sdk.FrameworkReferenceResolution.targets(14,5): message :       PrepareForBuild;
       C:\Program Files\dotnet\sdk\10.0.101\Sdks\Microsoft.NET.Sdk\targets\Microsoft.NET.Sdk.FrameworkReferenceResolution.targets(14,5): message :       ResolveSDKReferences;
       C:\Program Files\dotnet\sdk\10.0.101\Sdks\Microsoft.NET.Sdk\targets\Microsoft.NET.Sdk.FrameworkReferenceResolution.targets(14,5): message :       ExpandSDKReferences;
       C:\Program Files\dotnet\sdk\10.0.101\Sdks\Microsoft.NET.Sdk\targets\Microsoft.NET.Sdk.FrameworkReferenceResolution.targets(14,5): message :     ;
       C:\Program Files\dotnet\sdk\10.0.101\Sdks\Microsoft.NET.Sdk\targets\Microsoft.NET.Sdk.FrameworkReferenceResolution.targets(14,5): message :       ResolvePackageDependenciesForBuild;
       C:\Program Files\dotnet\sdk\10.0.101\Sdks\Microsoft.NET.Sdk\targets\Microsoft.NET.Sdk.FrameworkReferenceResolution.targets(14,5): message :       _HandlePackageFileConflicts;
       C:\Program Files\dotnet\sdk\10.0.101\Sdks\Microsoft.NET.Sdk\targets\Microsoft.NET.Sdk.FrameworkReferenceResolution.targets(14,5): message :     ;
       C:\Program Files\dotnet\sdk\10.0.101\Sdks\Microsoft.NET.Sdk\targets\Microsoft.NET.Sdk.FrameworkReferenceResolution.targets(14,5): message :       ResolveTargetingPackAssets;
       C:\Program Files\dotnet\sdk\10.0.101\Sdks\Microsoft.NET.Sdk\targets\Microsoft.NET.Sdk.FrameworkReferenceResolution.targets(14,5): message :     " (valeur précédente : "
       C:\Program Files\dotnet\sdk\10.0.101\Sdks\Microsoft.NET.Sdk\targets\Microsoft.NET.Sdk.FrameworkReferenceResolution.targets(14,5): message :       
       C:\Program Files\dotnet\sdk\10.0.101\Sdks\Microsoft.NET.Sdk\targets\Microsoft.NET.Sdk.FrameworkReferenceResolution.targets(14,5): message :       ResolveProjectReferences;
       C:\Program Files\dotnet\sdk\10.0.101\Sdks\Microsoft.NET.Sdk\targets\Microsoft.NET.Sdk.FrameworkReferenceResolution.targets(14,5): message :       FindInvalidProjectReferences;
       C:\Program Files\dotnet\sdk\10.0.101\Sdks\Microsoft.NET.Sdk\targets\Microsoft.NET.Sdk.FrameworkReferenceResolution.targets(14,5): message :       GetFrameworkPaths;
       C:\Program Files\dotnet\sdk\10.0.101\Sdks\Microsoft.NET.Sdk\targets\Microsoft.NET.Sdk.FrameworkReferenceResolution.targets(14,5): message :       GetReferenceAssemblyPaths;
       C:\Program Files\dotnet\sdk\10.0.101\Sdks\Microsoft.NET.Sdk\targets\Microsoft.NET.Sdk.FrameworkReferenceResolution.targets(14,5): message :       PrepareForBuild;
       C:\Program Files\dotnet\sdk\10.0.101\Sdks\Microsoft.NET.Sdk\targets\Microsoft.NET.Sdk.FrameworkReferenceResolution.targets(14,5): message :       ResolveSDKReferences;
       C:\Program Files\dotnet\sdk\10.0.101\Sdks\Microsoft.NET.Sdk\targets\Microsoft.NET.Sdk.FrameworkReferenceResolution.targets(14,5): message :       ExpandSDKReferences;
       C:\Program Files\dotnet\sdk\10.0.101\Sdks\Microsoft.NET.Sdk\targets\Microsoft.NET.Sdk.FrameworkReferenceResolution.targets(14,5): message :     ;
       C:\Program Files\dotnet\sdk\10.0.101\Sdks\Microsoft.NET.Sdk\targets\Microsoft.NET.Sdk.FrameworkReferenceResolution.targets(14,5): message :       ResolvePackageDependenciesForBuild;
       C:\Program Files\dotnet\sdk\10.0.101\Sdks\Microsoft.NET.Sdk\targets\Microsoft.NET.Sdk.FrameworkReferenceResolution.targets(14,5): message :       _HandlePackageFileConflicts;
       C:\Program Files\dotnet\sdk\10.0.101\Sdks\Microsoft.NET.Sdk\targets\Microsoft.NET.Sdk.FrameworkReferenceResolution.targets(14,5): message :     ") à C:\Program Files\dotnet\sdk\10.0.101\Sdks\Microsoft.NET.Sdk\targets\Microsoft.NET.Sdk.FrameworkReferenceResolution.targets (14,5)
       C:\Program Files\dotnet\sdk\10.0.101\Sdks\Microsoft.NET.Sdk\targets\Microsoft.NET.Sdk.targets(44,5): message : Réassignation de propriété : $(_GenerateRuntimeConfigurationPropertyInputsCache)="C:\Users\rdenimal\Documents\gestionnaire_doublon\DoublonManager\obj\Debug\net6.0-windows\DoublonManager.genruntimeconfig.cache" (valeur précédente : "obj\Debug\net6.0-windows\DoublonManager.genruntimeconfig.cache") à C:\Program Files\dotnet\sdk\10.0.101\Sdks\Microsoft.NET.Sdk\targets\Microsoft.NET.Sdk.targets (44,5)
       C:\Program Files\dotnet\sdk\10.0.101\Sdks\Microsoft.NET.Sdk\targets\Microsoft.NET.Sdk.targets(46,5): message : Réassignation de propriété : $(_GeneratePublishDependencyFilePropertyInputsCache)="C:\Users\rdenimal\Documents\gestionnaire_doublon\DoublonManager\obj\Debug\net6.0-windows\DoublonManager.genpublishdeps.cache" (valeur précédente : "obj\Debug\net6.0-windows\DoublonManager.genpublishdeps.cache") à C:\Program Files\dotnet\sdk\10.0.101\Sdks\Microsoft.NET.Sdk\targets\Microsoft.NET.Sdk.targets (46,5)
       C:\Program Files\dotnet\sdk\10.0.101\Sdks\Microsoft.NET.Sdk\targets\Microsoft.NET.Sdk.targets(48,5): message : Réassignation de propriété : $(_GenerateSingleFileBundlePropertyInputsCache)="C:\Users\rdenimal\Documents\gestionnaire_doublon\DoublonManager\obj\Debug\net6.0-windows\DoublonManager.genbundle.cache" (valeur précédente : "obj\Debug\net6.0-windows\DoublonManager.genbundle.cache") à C:\Program Files\dotnet\sdk\10.0.101\Sdks\Microsoft.NET.Sdk\targets\Microsoft.NET.Sdk.targets (48,5)
       C:\Program Files\dotnet\sdk\10.0.101\Sdks\Microsoft.NET.Sdk\targets\Microsoft.NET.Sdk.targets(81,5): message : Réassignation de propriété : $(GenerateRuntimeConfigDevFile)="false" (valeur précédente : "true") à C:\Program Files\dotnet\sdk\10.0.101\Sdks\Microsoft.NET.Sdk\targets\Microsoft.NET.Sdk.targets (81,5)
       C:\Program Files\dotnet\sdk\10.0.101\Sdks\Microsoft.NET.Sdk\targets\Microsoft.NET.Sdk.targets(98,5): message : Propriété 'USERPROFILE' avec la valeur 'C:\Users\rdenimal' développée à partir de l’environnement.
       C:\Program Files\dotnet\sdk\10.0.101\Sdks\Microsoft.NET.Sdk\targets\Microsoft.NET.Sdk.targets(98,5): message : Réassignation de propriété : $(_DefaultUserProfileRuntimeStorePath)="C:\Users\rdenimal" (valeur précédente : "") à C:\Program Files\dotnet\sdk\10.0.101\Sdks\Microsoft.NET.Sdk\targets\Microsoft.NET.Sdk.targets (98,5)
       C:\Program Files\dotnet\sdk\10.0.101\Sdks\Microsoft.NET.Sdk\targets\Microsoft.NET.Sdk.targets(99,5): message : Réassignation de propriété : $(_DefaultUserProfileRuntimeStorePath)="C:\Users\rdenimal\.dotnet\store" (valeur précédente : "C:\Users\rdenimal") à C:\Program Files\dotnet\sdk\10.0.101\Sdks\Microsoft.NET.Sdk\targets\Microsoft.NET.Sdk.targets (99,5)
       C:\Program Files\dotnet\sdk\10.0.101\Sdks\Microsoft.NET.Sdk\targets\Microsoft.NET.Sdk.targets(144,5): message : Réassignation de propriété : $(AvailablePlatforms)="Any CPU,x86,x64,ARM32" (valeur précédente : "Any CPU,x86,x64") à C:\Program Files\dotnet\sdk\10.0.101\Sdks\Microsoft.NET.Sdk\targets\Microsoft.NET.Sdk.targets (144,5)
       C:\Program Files\dotnet\sdk\10.0.101\Sdks\Microsoft.NET.Sdk\targets\Microsoft.NET.Sdk.targets(148,5): message : Réassignation de propriété : $(AvailablePlatforms)="Any CPU,x86,x64,ARM32,ARM64" (valeur précédente : "Any CPU,x86,x64,ARM32") à C:\Program Files\dotnet\sdk\10.0.101\Sdks\Microsoft.NET.Sdk\targets\Microsoft.NET.Sdk.targets (148,5)
       C:\Program Files\dotnet\sdk\10.0.101\Sdks\Microsoft.NET.Sdk\targets\Microsoft.NET.Sdk.targets(204,5): message : Réassignation de propriété : $(CoreBuildDependsOn)="
       C:\Program Files\dotnet\sdk\10.0.101\Sdks\Microsoft.NET.Sdk\targets\Microsoft.NET.Sdk.targets(204,5): message :       _CheckForBuildWithNoBuild;
       C:\Program Files\dotnet\sdk\10.0.101\Sdks\Microsoft.NET.Sdk\targets\Microsoft.NET.Sdk.targets(204,5): message :       
       C:\Program Files\dotnet\sdk\10.0.101\Sdks\Microsoft.NET.Sdk\targets\Microsoft.NET.Sdk.targets(204,5): message :       BuildOnlySettings;
       C:\Program Files\dotnet\sdk\10.0.101\Sdks\Microsoft.NET.Sdk\targets\Microsoft.NET.Sdk.targets(204,5): message :       PrepareForBuild;
       C:\Program Files\dotnet\sdk\10.0.101\Sdks\Microsoft.NET.Sdk\targets\Microsoft.NET.Sdk.targets(204,5): message :       PreBuildEvent;
       C:\Program Files\dotnet\sdk\10.0.101\Sdks\Microsoft.NET.Sdk\targets\Microsoft.NET.Sdk.targets(204,5): message :       ResolveReferences;
       C:\Program Files\dotnet\sdk\10.0.101\Sdks\Microsoft.NET.Sdk\targets\Microsoft.NET.Sdk.targets(204,5): message :       PrepareResources;
       C:\Program Files\dotnet\sdk\10.0.101\Sdks\Microsoft.NET.Sdk\targets\Microsoft.NET.Sdk.targets(204,5): message :       ResolveKeySource;
       C:\Program Files\dotnet\sdk\10.0.101\Sdks\Microsoft.NET.Sdk\targets\Microsoft.NET.Sdk.targets(204,5): message :       Compile;
       C:\Program Files\dotnet\sdk\10.0.101\Sdks\Microsoft.NET.Sdk\targets\Microsoft.NET.Sdk.targets(204,5): message :       ExportWindowsMDFile;
       C:\Program Files\dotnet\sdk\10.0.101\Sdks\Microsoft.NET.Sdk\targets\Microsoft.NET.Sdk.targets(204,5): message :       UnmanagedUnregistration;
       C:\Program Files\dotnet\sdk\10.0.101\Sdks\Microsoft.NET.Sdk\targets\Microsoft.NET.Sdk.targets(204,5): message :       GenerateSerializationAssemblies;
       C:\Program Files\dotnet\sdk\10.0.101\Sdks\Microsoft.NET.Sdk\targets\Microsoft.NET.Sdk.targets(204,5): message :       CreateSatelliteAssemblies;
       C:\Program Files\dotnet\sdk\10.0.101\Sdks\Microsoft.NET.Sdk\targets\Microsoft.NET.Sdk.targets(204,5): message :       GenerateManifests;
       C:\Program Files\dotnet\sdk\10.0.101\Sdks\Microsoft.NET.Sdk\targets\Microsoft.NET.Sdk.targets(204,5): message :       GetTargetPath;
       C:\Program Files\dotnet\sdk\10.0.101\Sdks\Microsoft.NET.Sdk\targets\Microsoft.NET.Sdk.targets(204,5): message :       PrepareForRun;
       C:\Program Files\dotnet\sdk\10.0.101\Sdks\Microsoft.NET.Sdk\targets\Microsoft.NET.Sdk.targets(204,5): message :       UnmanagedRegistration;
       C:\Program Files\dotnet\sdk\10.0.101\Sdks\Microsoft.NET.Sdk\targets\Microsoft.NET.Sdk.targets(204,5): message :       IncrementalClean;
       C:\Program Files\dotnet\sdk\10.0.101\Sdks\Microsoft.NET.Sdk\targets\Microsoft.NET.Sdk.targets(204,5): message :       PostBuildEvent
       C:\Program Files\dotnet\sdk\10.0.101\Sdks\Microsoft.NET.Sdk\targets\Microsoft.NET.Sdk.targets(204,5): message :     ;
       C:\Program Files\dotnet\sdk\10.0.101\Sdks\Microsoft.NET.Sdk\targets\Microsoft.NET.Sdk.targets(204,5): message :       GenerateBuildDependencyFile;
       C:\Program Files\dotnet\sdk\10.0.101\Sdks\Microsoft.NET.Sdk\targets\Microsoft.NET.Sdk.targets(204,5): message :       GenerateBuildRuntimeConfigurationFiles
       C:\Program Files\dotnet\sdk\10.0.101\Sdks\Microsoft.NET.Sdk\targets\Microsoft.NET.Sdk.targets(204,5): message :     " (valeur précédente : "
       C:\Program Files\dotnet\sdk\10.0.101\Sdks\Microsoft.NET.Sdk\targets\Microsoft.NET.Sdk.targets(204,5): message :       BuildOnlySettings;
       C:\Program Files\dotnet\sdk\10.0.101\Sdks\Microsoft.NET.Sdk\targets\Microsoft.NET.Sdk.targets(204,5): message :       PrepareForBuild;
       C:\Program Files\dotnet\sdk\10.0.101\Sdks\Microsoft.NET.Sdk\targets\Microsoft.NET.Sdk.targets(204,5): message :       PreBuildEvent;
       C:\Program Files\dotnet\sdk\10.0.101\Sdks\Microsoft.NET.Sdk\targets\Microsoft.NET.Sdk.targets(204,5): message :       ResolveReferences;
       C:\Program Files\dotnet\sdk\10.0.101\Sdks\Microsoft.NET.Sdk\targets\Microsoft.NET.Sdk.targets(204,5): message :       PrepareResources;
       C:\Program Files\dotnet\sdk\10.0.101\Sdks\Microsoft.NET.Sdk\targets\Microsoft.NET.Sdk.targets(204,5): message :       ResolveKeySource;
       C:\Program Files\dotnet\sdk\10.0.101\Sdks\Microsoft.NET.Sdk\targets\Microsoft.NET.Sdk.targets(204,5): message :       Compile;
       C:\Program Files\dotnet\sdk\10.0.101\Sdks\Microsoft.NET.Sdk\targets\Microsoft.NET.Sdk.targets(204,5): message :       ExportWindowsMDFile;
       C:\Program Files\dotnet\sdk\10.0.101\Sdks\Microsoft.NET.Sdk\targets\Microsoft.NET.Sdk.targets(204,5): message :       UnmanagedUnregistration;
       C:\Program Files\dotnet\sdk\10.0.101\Sdks\Microsoft.NET.Sdk\targets\Microsoft.NET.Sdk.targets(204,5): message :       GenerateSerializationAssemblies;
       C:\Program Files\dotnet\sdk\10.0.101\Sdks\Microsoft.NET.Sdk\targets\Microsoft.NET.Sdk.targets(204,5): message :       CreateSatelliteAssemblies;
       C:\Program Files\dotnet\sdk\10.0.101\Sdks\Microsoft.NET.Sdk\targets\Microsoft.NET.Sdk.targets(204,5): message :       GenerateManifests;
       C:\Program Files\dotnet\sdk\10.0.101\Sdks\Microsoft.NET.Sdk\targets\Microsoft.NET.Sdk.targets(204,5): message :       GetTargetPath;
       C:\Program Files\dotnet\sdk\10.0.101\Sdks\Microsoft.NET.Sdk\targets\Microsoft.NET.Sdk.targets(204,5): message :       PrepareForRun;
       C:\Program Files\dotnet\sdk\10.0.101\Sdks\Microsoft.NET.Sdk\targets\Microsoft.NET.Sdk.targets(204,5): message :       UnmanagedRegistration;
       C:\Program Files\dotnet\sdk\10.0.101\Sdks\Microsoft.NET.Sdk\targets\Microsoft.NET.Sdk.targets(204,5): message :       IncrementalClean;
       C:\Program Files\dotnet\sdk\10.0.101\Sdks\Microsoft.NET.Sdk\targets\Microsoft.NET.Sdk.targets(204,5): message :       PostBuildEvent
       C:\Program Files\dotnet\sdk\10.0.101\Sdks\Microsoft.NET.Sdk\targets\Microsoft.NET.Sdk.targets(204,5): message :     ") à C:\Program Files\dotnet\sdk\10.0.101\Sdks\Microsoft.NET.Sdk\targets\Microsoft.NET.Sdk.targets (204,5)
       C:\Program Files\dotnet\sdk\10.0.101\Sdks\Microsoft.NET.Sdk\targets\Microsoft.NET.Sdk.targets(213,5): message : Réassignation de propriété : $(CoreCleanDependsOn)="
       C:\Program Files\dotnet\sdk\10.0.101\Sdks\Microsoft.NET.Sdk\targets\Microsoft.NET.Sdk.targets(213,5): message :       _SdkBeforeClean;
       C:\Program Files\dotnet\sdk\10.0.101\Sdks\Microsoft.NET.Sdk\targets\Microsoft.NET.Sdk.targets(213,5): message :       
       C:\Program Files\dotnet\sdk\10.0.101\Sdks\Microsoft.NET.Sdk\targets\Microsoft.NET.Sdk.targets(213,5): message :     " (valeur précédente : "") à C:\Program Files\dotnet\sdk\10.0.101\Sdks\Microsoft.NET.Sdk\targets\Microsoft.NET.Sdk.targets (213,5)
       C:\Program Files\dotnet\sdk\10.0.101\Sdks\Microsoft.NET.Sdk\targets\Microsoft.NET.Sdk.targets(220,5): message : Réassignation de propriété : $(RebuildDependsOn)="
       C:\Program Files\dotnet\sdk\10.0.101\Sdks\Microsoft.NET.Sdk\targets\Microsoft.NET.Sdk.targets(220,5): message :       _SdkBeforeRebuild;
       C:\Program Files\dotnet\sdk\10.0.101\Sdks\Microsoft.NET.Sdk\targets\Microsoft.NET.Sdk.targets(220,5): message :       
       C:\Program Files\dotnet\sdk\10.0.101\Sdks\Microsoft.NET.Sdk\targets\Microsoft.NET.Sdk.targets(220,5): message :       BeforeRebuild;
       C:\Program Files\dotnet\sdk\10.0.101\Sdks\Microsoft.NET.Sdk\targets\Microsoft.NET.Sdk.targets(220,5): message :       Clean;
       C:\Program Files\dotnet\sdk\10.0.101\Sdks\Microsoft.NET.Sdk\targets\Microsoft.NET.Sdk.targets(220,5): message :       Build;
       C:\Program Files\dotnet\sdk\10.0.101\Sdks\Microsoft.NET.Sdk\targets\Microsoft.NET.Sdk.targets(220,5): message :       AfterRebuild;
       C:\Program Files\dotnet\sdk\10.0.101\Sdks\Microsoft.NET.Sdk\targets\Microsoft.NET.Sdk.targets(220,5): message :     
       C:\Program Files\dotnet\sdk\10.0.101\Sdks\Microsoft.NET.Sdk\targets\Microsoft.NET.Sdk.targets(220,5): message :     " (valeur précédente : "
       C:\Program Files\dotnet\sdk\10.0.101\Sdks\Microsoft.NET.Sdk\targets\Microsoft.NET.Sdk.targets(220,5): message :       BeforeRebuild;
       C:\Program Files\dotnet\sdk\10.0.101\Sdks\Microsoft.NET.Sdk\targets\Microsoft.NET.Sdk.targets(220,5): message :       Clean;
       C:\Program Files\dotnet\sdk\10.0.101\Sdks\Microsoft.NET.Sdk\targets\Microsoft.NET.Sdk.targets(220,5): message :       Build;
       C:\Program Files\dotnet\sdk\10.0.101\Sdks\Microsoft.NET.Sdk\targets\Microsoft.NET.Sdk.targets(220,5): message :       AfterRebuild;
       C:\Program Files\dotnet\sdk\10.0.101\Sdks\Microsoft.NET.Sdk\targets\Microsoft.NET.Sdk.targets(220,5): message :     ") à C:\Program Files\dotnet\sdk\10.0.101\Sdks\Microsoft.NET.Sdk\targets\Microsoft.NET.Sdk.targets (220,5)
       C:\Program Files\dotnet\sdk\10.0.101\Sdks\Microsoft.NET.Sdk\targets\Microsoft.NET.Sdk.targets(799,5): message : Réassignation de propriété : $(CompileDependsOn)="
       C:\Program Files\dotnet\sdk\10.0.101\Sdks\Microsoft.NET.Sdk\targets\Microsoft.NET.Sdk.targets(799,5): message :       
       C:\Program Files\dotnet\sdk\10.0.101\Sdks\Microsoft.NET.Sdk\targets\Microsoft.NET.Sdk.targets(799,5): message :       ResolveReferences;
       C:\Program Files\dotnet\sdk\10.0.101\Sdks\Microsoft.NET.Sdk\targets\Microsoft.NET.Sdk.targets(799,5): message :       ResolveKeySource;
       C:\Program Files\dotnet\sdk\10.0.101\Sdks\Microsoft.NET.Sdk\targets\Microsoft.NET.Sdk.targets(799,5): message :       SetWin32ManifestProperties;
       C:\Program Files\dotnet\sdk\10.0.101\Sdks\Microsoft.NET.Sdk\targets\Microsoft.NET.Sdk.targets(799,5): message :       _SetPreferNativeArm64Win32ManifestProperties;
       C:\Program Files\dotnet\sdk\10.0.101\Sdks\Microsoft.NET.Sdk\targets\Microsoft.NET.Sdk.targets(799,5): message :       FindReferenceAssembliesForReferences;
       C:\Program Files\dotnet\sdk\10.0.101\Sdks\Microsoft.NET.Sdk\targets\Microsoft.NET.Sdk.targets(799,5): message :       _GenerateCompileInputs;
       C:\Program Files\dotnet\sdk\10.0.101\Sdks\Microsoft.NET.Sdk\targets\Microsoft.NET.Sdk.targets(799,5): message :       BeforeCompile;
       C:\Program Files\dotnet\sdk\10.0.101\Sdks\Microsoft.NET.Sdk\targets\Microsoft.NET.Sdk.targets(799,5): message :       _TimeStampBeforeCompile;
       C:\Program Files\dotnet\sdk\10.0.101\Sdks\Microsoft.NET.Sdk\targets\Microsoft.NET.Sdk.targets(799,5): message :       _GenerateCompileDependencyCache;
       C:\Program Files\dotnet\sdk\10.0.101\Sdks\Microsoft.NET.Sdk\targets\Microsoft.NET.Sdk.targets(799,5): message :       CoreCompile;
       C:\Program Files\dotnet\sdk\10.0.101\Sdks\Microsoft.NET.Sdk\targets\Microsoft.NET.Sdk.targets(799,5): message :       _TimeStampAfterCompile;
       C:\Program Files\dotnet\sdk\10.0.101\Sdks\Microsoft.NET.Sdk\targets\Microsoft.NET.Sdk.targets(799,5): message :       AfterCompile;
       C:\Program Files\dotnet\sdk\10.0.101\Sdks\Microsoft.NET.Sdk\targets\Microsoft.NET.Sdk.targets(799,5): message :     ;
       C:\Program Files\dotnet\sdk\10.0.101\Sdks\Microsoft.NET.Sdk\targets\Microsoft.NET.Sdk.targets(799,5): message :       _CreateAppHost;
       C:\Program Files\dotnet\sdk\10.0.101\Sdks\Microsoft.NET.Sdk\targets\Microsoft.NET.Sdk.targets(799,5): message :       _CreateComHost;
       C:\Program Files\dotnet\sdk\10.0.101\Sdks\Microsoft.NET.Sdk\targets\Microsoft.NET.Sdk.targets(799,5): message :       _GetIjwHostPaths;
       C:\Program Files\dotnet\sdk\10.0.101\Sdks\Microsoft.NET.Sdk\targets\Microsoft.NET.Sdk.targets(799,5): message :     " (valeur précédente : "
       C:\Program Files\dotnet\sdk\10.0.101\Sdks\Microsoft.NET.Sdk\targets\Microsoft.NET.Sdk.targets(799,5): message :       ResolveReferences;
       C:\Program Files\dotnet\sdk\10.0.101\Sdks\Microsoft.NET.Sdk\targets\Microsoft.NET.Sdk.targets(799,5): message :       ResolveKeySource;
       C:\Program Files\dotnet\sdk\10.0.101\Sdks\Microsoft.NET.Sdk\targets\Microsoft.NET.Sdk.targets(799,5): message :       SetWin32ManifestProperties;
       C:\Program Files\dotnet\sdk\10.0.101\Sdks\Microsoft.NET.Sdk\targets\Microsoft.NET.Sdk.targets(799,5): message :       _SetPreferNativeArm64Win32ManifestProperties;
       C:\Program Files\dotnet\sdk\10.0.101\Sdks\Microsoft.NET.Sdk\targets\Microsoft.NET.Sdk.targets(799,5): message :       FindReferenceAssembliesForReferences;
       C:\Program Files\dotnet\sdk\10.0.101\Sdks\Microsoft.NET.Sdk\targets\Microsoft.NET.Sdk.targets(799,5): message :       _GenerateCompileInputs;
       C:\Program Files\dotnet\sdk\10.0.101\Sdks\Microsoft.NET.Sdk\targets\Microsoft.NET.Sdk.targets(799,5): message :       BeforeCompile;
       C:\Program Files\dotnet\sdk\10.0.101\Sdks\Microsoft.NET.Sdk\targets\Microsoft.NET.Sdk.targets(799,5): message :       _TimeStampBeforeCompile;
       C:\Program Files\dotnet\sdk\10.0.101\Sdks\Microsoft.NET.Sdk\targets\Microsoft.NET.Sdk.targets(799,5): message :       _GenerateCompileDependencyCache;
       C:\Program Files\dotnet\sdk\10.0.101\Sdks\Microsoft.NET.Sdk\targets\Microsoft.NET.Sdk.targets(799,5): message :       CoreCompile;
       C:\Program Files\dotnet\sdk\10.0.101\Sdks\Microsoft.NET.Sdk\targets\Microsoft.NET.Sdk.targets(799,5): message :       _TimeStampAfterCompile;
       C:\Program Files\dotnet\sdk\10.0.101\Sdks\Microsoft.NET.Sdk\targets\Microsoft.NET.Sdk.targets(799,5): message :       AfterCompile;
       C:\Program Files\dotnet\sdk\10.0.101\Sdks\Microsoft.NET.Sdk\targets\Microsoft.NET.Sdk.targets(799,5): message :     ") à C:\Program Files\dotnet\sdk\10.0.101\Sdks\Microsoft.NET.Sdk\targets\Microsoft.NET.Sdk.targets (799,5)
       C:\Program Files\dotnet\sdk\10.0.101\Sdks\Microsoft.NET.Sdk\targets\Microsoft.NET.Sdk.targets(1131,5): message : Réassignation de propriété : $(CreateSatelliteAssembliesDependsOn)="
       C:\Program Files\dotnet\sdk\10.0.101\Sdks\Microsoft.NET.Sdk\targets\Microsoft.NET.Sdk.targets(1131,5): message :       
       C:\Program Files\dotnet\sdk\10.0.101\Sdks\Microsoft.NET.Sdk\targets\Microsoft.NET.Sdk.targets(1131,5): message :       ;
       C:\Program Files\dotnet\sdk\10.0.101\Sdks\Microsoft.NET.Sdk\targets\Microsoft.NET.Sdk.targets(1131,5): message :       _GenerateSatelliteAssemblyInputs;
       C:\Program Files\dotnet\sdk\10.0.101\Sdks\Microsoft.NET.Sdk\targets\Microsoft.NET.Sdk.targets(1131,5): message :       ComputeIntermediateSatelliteAssemblies;
       C:\Program Files\dotnet\sdk\10.0.101\Sdks\Microsoft.NET.Sdk\targets\Microsoft.NET.Sdk.targets(1131,5): message :       GenerateSatelliteAssemblies
       C:\Program Files\dotnet\sdk\10.0.101\Sdks\Microsoft.NET.Sdk\targets\Microsoft.NET.Sdk.targets(1131,5): message :     ;
       C:\Program Files\dotnet\sdk\10.0.101\Sdks\Microsoft.NET.Sdk\targets\Microsoft.NET.Sdk.targets(1131,5): message :       CoreGenerateSatelliteAssemblies
       C:\Program Files\dotnet\sdk\10.0.101\Sdks\Microsoft.NET.Sdk\targets\Microsoft.NET.Sdk.targets(1131,5): message :     " (valeur précédente : "
       C:\Program Files\dotnet\sdk\10.0.101\Sdks\Microsoft.NET.Sdk\targets\Microsoft.NET.Sdk.targets(1131,5): message :       ;
       C:\Program Files\dotnet\sdk\10.0.101\Sdks\Microsoft.NET.Sdk\targets\Microsoft.NET.Sdk.targets(1131,5): message :       _GenerateSatelliteAssemblyInputs;
       C:\Program Files\dotnet\sdk\10.0.101\Sdks\Microsoft.NET.Sdk\targets\Microsoft.NET.Sdk.targets(1131,5): message :       ComputeIntermediateSatelliteAssemblies;
       C:\Program Files\dotnet\sdk\10.0.101\Sdks\Microsoft.NET.Sdk\targets\Microsoft.NET.Sdk.targets(1131,5): message :       GenerateSatelliteAssemblies
       C:\Program Files\dotnet\sdk\10.0.101\Sdks\Microsoft.NET.Sdk\targets\Microsoft.NET.Sdk.targets(1131,5): message :     ") à C:\Program Files\dotnet\sdk\10.0.101\Sdks\Microsoft.NET.Sdk\targets\Microsoft.NET.Sdk.targets (1131,5)
       C:\Program Files\dotnet\sdk\10.0.101\Sdks\Microsoft.SourceLink.GitLab\build\Microsoft.SourceLink.GitLab.targets(12,5): message : Réassignation de propriété : $(SourceLinkUrlInitializerTargets)=";_InitializeGitHubSourceLinkUrl;_InitializeGitLabSourceLinkUrl" (valeur précédente : ";_InitializeGitHubSourceLinkUrl") à C:\Program Files\dotnet\sdk\10.0.101\Sdks\Microsoft.SourceLink.GitLab\build\Microsoft.SourceLink.GitLab.targets (12,5)
       C:\Program Files\dotnet\sdk\10.0.101\Sdks\Microsoft.SourceLink.GitLab\build\Microsoft.SourceLink.GitLab.targets(13,5): message : Réassignation de propriété : $(SourceControlManagerUrlTranslationTargets)=";TranslateGitHubUrlsInSourceControlInformation;TranslateGitLabUrlsInSourceControlInformation" (valeur précédente : ";TranslateGitHubUrlsInSourceControlInformation") à C:\Program Files\dotnet\sdk\10.0.101\Sdks\Microsoft.SourceLink.GitLab\build\Microsoft.SourceLink.GitLab.targets (13,5)
       C:\Program Files\dotnet\sdk\10.0.101\Sdks\Microsoft.SourceLink.AzureRepos.Git\build\Microsoft.SourceLink.AzureRepos.Git.targets(12,5): message : Réassignation de propriété : $(SourceLinkUrlInitializerTargets)=";_InitializeGitHubSourceLinkUrl;_InitializeGitLabSourceLinkUrl;_InitializeAzureReposGitSourceLinkUrl" (valeur précédente : ";_InitializeGitHubSourceLinkUrl;_InitializeGitLabSourceLinkUrl") à C:\Program Files\dotnet\sdk\10.0.101\Sdks\Microsoft.SourceLink.AzureRepos.Git\build\Microsoft.SourceLink.AzureRepos.Git.targets (12,5)
       C:\Program Files\dotnet\sdk\10.0.101\Sdks\Microsoft.SourceLink.AzureRepos.Git\build\Microsoft.SourceLink.AzureRepos.Git.targets(13,5): message : Réassignation de propriété : $(SourceControlManagerUrlTranslationTargets)=";TranslateGitHubUrlsInSourceControlInformation;TranslateGitLabUrlsInSourceControlInformation;TranslateAzureReposGitUrlsInSourceControlInformation" (valeur précédente : ";TranslateGitHubUrlsInSourceControlInformation;TranslateGitLabUrlsInSourceControlInformation") à C:\Program Files\dotnet\sdk\10.0.101\Sdks\Microsoft.SourceLink.AzureRepos.Git\build\Microsoft.SourceLink.AzureRepos.Git.targets (13,5)
       C:\Program Files\dotnet\sdk\10.0.101\Sdks\Microsoft.SourceLink.Bitbucket.Git\build\Microsoft.SourceLink.Bitbucket.Git.targets(12,5): message : Réassignation de propriété : $(SourceLinkUrlInitializerTargets)=";_InitializeGitHubSourceLinkUrl;_InitializeGitLabSourceLinkUrl;_InitializeAzureReposGitSourceLinkUrl;_InitializeBitbucketGitSourceLinkUrl" (valeur précédente : ";_InitializeGitHubSourceLinkUrl;_InitializeGitLabSourceLinkUrl;_InitializeAzureReposGitSourceLinkUrl") à C:\Program Files\dotnet\sdk\10.0.101\Sdks\Microsoft.SourceLink.Bitbucket.Git\build\Microsoft.SourceLink.Bitbucket.Git.targets (12,5)
       C:\Program Files\dotnet\sdk\10.0.101\Sdks\Microsoft.SourceLink.Bitbucket.Git\build\Microsoft.SourceLink.Bitbucket.Git.targets(13,5): message : Réassignation de propriété : $(SourceControlManagerUrlTranslationTargets)=";TranslateGitHubUrlsInSourceControlInformation;TranslateGitLabUrlsInSourceControlInformation;TranslateAzureReposGitUrlsInSourceControlInformation;TranslateBitbucketGitUrlsInSourceControlInformation" (valeur précédente : ";TranslateGitHubUrlsInSourceControlInformation;TranslateGitLabUrlsInSourceControlInformation;TranslateAzureReposGitUrlsInSourceControlInformation") à C:\Program Files\dotnet\sdk\10.0.101\Sdks\Microsoft.SourceLink.Bitbucket.Git\build\Microsoft.SourceLink.Bitbucket.Git.targets (13,5)
       C:\Program Files\dotnet\sdk\10.0.101\Sdks\Microsoft.NET.Sdk\targets\Microsoft.NET.DesignerSupport.targets(21,5): message : Réassignation de propriété : $(DesignerRuntimeImplementationProjectOutputGroupDependsOn)="
       C:\Program Files\dotnet\sdk\10.0.101\Sdks\Microsoft.NET.Sdk\targets\Microsoft.NET.DesignerSupport.targets(21,5): message :       
       C:\Program Files\dotnet\sdk\10.0.101\Sdks\Microsoft.NET.Sdk\targets\Microsoft.NET.DesignerSupport.targets(21,5): message :       ;
       C:\Program Files\dotnet\sdk\10.0.101\Sdks\Microsoft.NET.Sdk\targets\Microsoft.NET.DesignerSupport.targets(21,5): message :       
       C:\Program Files\dotnet\sdk\10.0.101\Sdks\Microsoft.NET.Sdk\targets\Microsoft.NET.DesignerSupport.targets(21,5): message :       ;
       C:\Program Files\dotnet\sdk\10.0.101\Sdks\Microsoft.NET.Sdk\targets\Microsoft.NET.DesignerSupport.targets(21,5): message :       BuildOnlySettings;
       C:\Program Files\dotnet\sdk\10.0.101\Sdks\Microsoft.NET.Sdk\targets\Microsoft.NET.DesignerSupport.targets(21,5): message :       PrepareForBuild;
       C:\Program Files\dotnet\sdk\10.0.101\Sdks\Microsoft.NET.Sdk\targets\Microsoft.NET.DesignerSupport.targets(21,5): message :       AssignTargetPaths;
       C:\Program Files\dotnet\sdk\10.0.101\Sdks\Microsoft.NET.Sdk\targets\Microsoft.NET.DesignerSupport.targets(21,5): message :       ResolveReferences
       C:\Program Files\dotnet\sdk\10.0.101\Sdks\Microsoft.NET.Sdk\targets\Microsoft.NET.DesignerSupport.targets(21,5): message :     
       C:\Program Files\dotnet\sdk\10.0.101\Sdks\Microsoft.NET.Sdk\targets\Microsoft.NET.DesignerSupport.targets(21,5): message :     ;
       C:\Program Files\dotnet\sdk\10.0.101\Sdks\Microsoft.NET.Sdk\targets\Microsoft.NET.DesignerSupport.targets(21,5): message :       _GenerateDesignerDepsFile;
       C:\Program Files\dotnet\sdk\10.0.101\Sdks\Microsoft.NET.Sdk\targets\Microsoft.NET.DesignerSupport.targets(21,5): message :       _GenerateDesignerRuntimeConfigFile;
       C:\Program Files\dotnet\sdk\10.0.101\Sdks\Microsoft.NET.Sdk\targets\Microsoft.NET.DesignerSupport.targets(21,5): message :       GetCopyToOutputDirectoryItems;
       C:\Program Files\dotnet\sdk\10.0.101\Sdks\Microsoft.NET.Sdk\targets\Microsoft.NET.DesignerSupport.targets(21,5): message :       _GatherDesignerShadowCopyFiles;
       C:\Program Files\dotnet\sdk\10.0.101\Sdks\Microsoft.NET.Sdk\targets\Microsoft.NET.DesignerSupport.targets(21,5): message :     " (valeur précédente : "
       C:\Program Files\dotnet\sdk\10.0.101\Sdks\Microsoft.NET.Sdk\targets\Microsoft.NET.DesignerSupport.targets(21,5): message :       ;
       C:\Program Files\dotnet\sdk\10.0.101\Sdks\Microsoft.NET.Sdk\targets\Microsoft.NET.DesignerSupport.targets(21,5): message :       
       C:\Program Files\dotnet\sdk\10.0.101\Sdks\Microsoft.NET.Sdk\targets\Microsoft.NET.DesignerSupport.targets(21,5): message :       ;
       C:\Program Files\dotnet\sdk\10.0.101\Sdks\Microsoft.NET.Sdk\targets\Microsoft.NET.DesignerSupport.targets(21,5): message :       BuildOnlySettings;
       C:\Program Files\dotnet\sdk\10.0.101\Sdks\Microsoft.NET.Sdk\targets\Microsoft.NET.DesignerSupport.targets(21,5): message :       PrepareForBuild;
       C:\Program Files\dotnet\sdk\10.0.101\Sdks\Microsoft.NET.Sdk\targets\Microsoft.NET.DesignerSupport.targets(21,5): message :       AssignTargetPaths;
       C:\Program Files\dotnet\sdk\10.0.101\Sdks\Microsoft.NET.Sdk\targets\Microsoft.NET.DesignerSupport.targets(21,5): message :       ResolveReferences
       C:\Program Files\dotnet\sdk\10.0.101\Sdks\Microsoft.NET.Sdk\targets\Microsoft.NET.DesignerSupport.targets(21,5): message :     
       C:\Program Files\dotnet\sdk\10.0.101\Sdks\Microsoft.NET.Sdk\targets\Microsoft.NET.DesignerSupport.targets(21,5): message :     ") à C:\Program Files\dotnet\sdk\10.0.101\Sdks\Microsoft.NET.Sdk\targets\Microsoft.NET.DesignerSupport.targets (21,5)
       C:\Program Files\dotnet\sdk\10.0.101\Sdks\Microsoft.NET.Sdk\targets\Microsoft.NET.Sdk.CSharp.targets(31,5): message : Réassignation de propriété : $(DefineConstants)="TRACE;DEBUG" (valeur précédente : "TRACE") à C:\Program Files\dotnet\sdk\10.0.101\Sdks\Microsoft.NET.Sdk\targets\Microsoft.NET.Sdk.CSharp.targets (31,5)
       C:\Program Files\dotnet\sdk\10.0.101\Sdks\Microsoft.NET.Sdk\targets\Microsoft.NET.Windows.targets(49,5): message : Réassignation de propriété : $(TargetPlatformVersion)="7.0" (valeur précédente : "") à C:\Program Files\dotnet\sdk\10.0.101\Sdks\Microsoft.NET.Sdk\targets\Microsoft.NET.Windows.targets (49,5)
       C:\Program Files\dotnet\sdk\10.0.101\Sdks\Microsoft.NET.Sdk\targets\Microsoft.NET.Windows.targets(50,5): message : Réassignation de propriété : $(EffectiveTargetPlatformVersion)="7.0" (valeur précédente : "") à C:\Program Files\dotnet\sdk\10.0.101\Sdks\Microsoft.NET.Sdk\targets\Microsoft.NET.Windows.targets (50,5)
       C:\Program Files\dotnet\sdk\10.0.101\Sdks\Microsoft.NET.Sdk\targets\Microsoft.NET.Windows.targets(60,5): message : Réassignation de propriété : $(SupportedOSPlatformVersion)="7.0" (valeur précédente : "") à C:\Program Files\dotnet\sdk\10.0.101\Sdks\Microsoft.NET.Sdk\targets\Microsoft.NET.Windows.targets (60,5)
       C:\Program Files\dotnet\sdk\10.0.101\Sdks\Microsoft.NET.Sdk\targets\Microsoft.NET.Windows.targets(61,5): message : Réassignation de propriété : $(TargetPlatformMinVersion)="7.0" (valeur précédente : "") à C:\Program Files\dotnet\sdk\10.0.101\Sdks\Microsoft.NET.Sdk\targets\Microsoft.NET.Windows.targets (61,5)
       C:\Program Files\dotnet\sdk\10.0.101\Sdks\Microsoft.NET.Sdk\targets\Microsoft.NET.Windows.targets(239,5): message : Réassignation de propriété : $(_RunCsWinRTGeneratorPropertyInputsCachePath)="C:\Users\rdenimal\Documents\gestionnaire_doublon\DoublonManager\obj\Debug\net6.0-windows\DoublonManager.cswinrtgen.cache" (valeur précédente : "obj\Debug\net6.0-windows\DoublonManager.cswinrtgen.cache") à C:\Program Files\dotnet\sdk\10.0.101\Sdks\Microsoft.NET.Sdk\targets\Microsoft.NET.Windows.targets (239,5)
       C:\Program Files\dotnet\sdk\10.0.101\Sdks\Microsoft.NET.Sdk\targets\Microsoft.NET.Sdk.targets(1497,5): message : Réassignation de propriété : $(TargetPlatformDisplayName)="Windows 7.0" (valeur précédente : "Windows ") à C:\Program Files\dotnet\sdk\10.0.101\Sdks\Microsoft.NET.Sdk\targets\Microsoft.NET.Sdk.targets (1497,5)
       C:\Program Files\dotnet\sdk\10.0.101\Sdks\Microsoft.NET.Sdk.WindowsDesktop\targets\Microsoft.NET.Sdk.WindowsDesktop.targets(51,5): message : Réassignation de propriété : $(_TargetFrameworkVersionValue)="6.0" (valeur précédente : "0.0") à C:\Program Files\dotnet\sdk\10.0.101\Sdks\Microsoft.NET.Sdk.WindowsDesktop\targets\Microsoft.NET.Sdk.WindowsDesktop.targets (51,5)
       C:\Program Files\dotnet\sdk\10.0.101\Sdks\Microsoft.NET.Sdk.WindowsDesktop\targets\Microsoft.WinFX.targets(61,7): message : Réassignation de propriété : $(PrepareResourceNamesDependsOn)="
       C:\Program Files\dotnet\sdk\10.0.101\Sdks\Microsoft.NET.Sdk.WindowsDesktop\targets\Microsoft.WinFX.targets(61,7): message :                     AssignWinFXEmbeddedResource;
       C:\Program Files\dotnet\sdk\10.0.101\Sdks\Microsoft.NET.Sdk.WindowsDesktop\targets\Microsoft.WinFX.targets(61,7): message :                     
       C:\Program Files\dotnet\sdk\10.0.101\Sdks\Microsoft.NET.Sdk.WindowsDesktop\targets\Microsoft.WinFX.targets(61,7): message :       AssignTargetPaths;
       C:\Program Files\dotnet\sdk\10.0.101\Sdks\Microsoft.NET.Sdk.WindowsDesktop\targets\Microsoft.WinFX.targets(61,7): message :       SplitResourcesByCulture;
       C:\Program Files\dotnet\sdk\10.0.101\Sdks\Microsoft.NET.Sdk.WindowsDesktop\targets\Microsoft.WinFX.targets(61,7): message :       CreateManifestResourceNames;
       C:\Program Files\dotnet\sdk\10.0.101\Sdks\Microsoft.NET.Sdk.WindowsDesktop\targets\Microsoft.WinFX.targets(61,7): message :       CreateCustomManifestResourceNames
       C:\Program Files\dotnet\sdk\10.0.101\Sdks\Microsoft.NET.Sdk.WindowsDesktop\targets\Microsoft.WinFX.targets(61,7): message :     
       C:\Program Files\dotnet\sdk\10.0.101\Sdks\Microsoft.NET.Sdk.WindowsDesktop\targets\Microsoft.WinFX.targets(61,7): message :       " (valeur précédente : "
       C:\Program Files\dotnet\sdk\10.0.101\Sdks\Microsoft.NET.Sdk.WindowsDesktop\targets\Microsoft.WinFX.targets(61,7): message :       AssignTargetPaths;
       C:\Program Files\dotnet\sdk\10.0.101\Sdks\Microsoft.NET.Sdk.WindowsDesktop\targets\Microsoft.WinFX.targets(61,7): message :       SplitResourcesByCulture;
       C:\Program Files\dotnet\sdk\10.0.101\Sdks\Microsoft.NET.Sdk.WindowsDesktop\targets\Microsoft.WinFX.targets(61,7): message :       CreateManifestResourceNames;
       C:\Program Files\dotnet\sdk\10.0.101\Sdks\Microsoft.NET.Sdk.WindowsDesktop\targets\Microsoft.WinFX.targets(61,7): message :       CreateCustomManifestResourceNames
       C:\Program Files\dotnet\sdk\10.0.101\Sdks\Microsoft.NET.Sdk.WindowsDesktop\targets\Microsoft.WinFX.targets(61,7): message :     ") à C:\Program Files\dotnet\sdk\10.0.101\Sdks\Microsoft.NET.Sdk.WindowsDesktop\targets\Microsoft.WinFX.targets (61,7)
       C:\Program Files\dotnet\sdk\10.0.101\Sdks\Microsoft.NET.Sdk.WindowsDesktop\targets\Microsoft.WinFX.targets(69,7): message : Réassignation de propriété : $(PrepareResourcesDependsOn)="
       C:\Program Files\dotnet\sdk\10.0.101\Sdks\Microsoft.NET.Sdk.WindowsDesktop\targets\Microsoft.WinFX.targets(69,7): message :                 MarkupCompilePass1;
       C:\Program Files\dotnet\sdk\10.0.101\Sdks\Microsoft.NET.Sdk.WindowsDesktop\targets\Microsoft.WinFX.targets(69,7): message :                 AfterMarkupCompilePass1;
       C:\Program Files\dotnet\sdk\10.0.101\Sdks\Microsoft.NET.Sdk.WindowsDesktop\targets\Microsoft.WinFX.targets(69,7): message :                 MarkupCompilePass2ForMainAssembly;
       C:\Program Files\dotnet\sdk\10.0.101\Sdks\Microsoft.NET.Sdk.WindowsDesktop\targets\Microsoft.WinFX.targets(69,7): message :                 FileClassification;
       C:\Program Files\dotnet\sdk\10.0.101\Sdks\Microsoft.NET.Sdk.WindowsDesktop\targets\Microsoft.WinFX.targets(69,7): message :                 MainResourcesGeneration;
       C:\Program Files\dotnet\sdk\10.0.101\Sdks\Microsoft.NET.Sdk.WindowsDesktop\targets\Microsoft.WinFX.targets(69,7): message :                 
       C:\Program Files\dotnet\sdk\10.0.101\Sdks\Microsoft.NET.Sdk.WindowsDesktop\targets\Microsoft.WinFX.targets(69,7): message :       ResolvePackageDependenciesForBuild;
       C:\Program Files\dotnet\sdk\10.0.101\Sdks\Microsoft.NET.Sdk.WindowsDesktop\targets\Microsoft.WinFX.targets(69,7): message :       _HandlePackageFileConflicts;
       C:\Program Files\dotnet\sdk\10.0.101\Sdks\Microsoft.NET.Sdk.WindowsDesktop\targets\Microsoft.WinFX.targets(69,7): message :       
       C:\Program Files\dotnet\sdk\10.0.101\Sdks\Microsoft.NET.Sdk.WindowsDesktop\targets\Microsoft.WinFX.targets(69,7): message :       ;
       C:\Program Files\dotnet\sdk\10.0.101\Sdks\Microsoft.NET.Sdk.WindowsDesktop\targets\Microsoft.WinFX.targets(69,7): message :       PrepareResourceNames;
       C:\Program Files\dotnet\sdk\10.0.101\Sdks\Microsoft.NET.Sdk.WindowsDesktop\targets\Microsoft.WinFX.targets(69,7): message :       ResGen;
       C:\Program Files\dotnet\sdk\10.0.101\Sdks\Microsoft.NET.Sdk.WindowsDesktop\targets\Microsoft.WinFX.targets(69,7): message :       CompileLicxFiles
       C:\Program Files\dotnet\sdk\10.0.101\Sdks\Microsoft.NET.Sdk.WindowsDesktop\targets\Microsoft.WinFX.targets(69,7): message :     
       C:\Program Files\dotnet\sdk\10.0.101\Sdks\Microsoft.NET.Sdk.WindowsDesktop\targets\Microsoft.WinFX.targets(69,7): message :     
       C:\Program Files\dotnet\sdk\10.0.101\Sdks\Microsoft.NET.Sdk.WindowsDesktop\targets\Microsoft.WinFX.targets(69,7): message :       " (valeur précédente : "
       C:\Program Files\dotnet\sdk\10.0.101\Sdks\Microsoft.NET.Sdk.WindowsDesktop\targets\Microsoft.WinFX.targets(69,7): message :       ResolvePackageDependenciesForBuild;
       C:\Program Files\dotnet\sdk\10.0.101\Sdks\Microsoft.NET.Sdk.WindowsDesktop\targets\Microsoft.WinFX.targets(69,7): message :       _HandlePackageFileConflicts;
       C:\Program Files\dotnet\sdk\10.0.101\Sdks\Microsoft.NET.Sdk.WindowsDesktop\targets\Microsoft.WinFX.targets(69,7): message :       
       C:\Program Files\dotnet\sdk\10.0.101\Sdks\Microsoft.NET.Sdk.WindowsDesktop\targets\Microsoft.WinFX.targets(69,7): message :       ;
       C:\Program Files\dotnet\sdk\10.0.101\Sdks\Microsoft.NET.Sdk.WindowsDesktop\targets\Microsoft.WinFX.targets(69,7): message :       PrepareResourceNames;
       C:\Program Files\dotnet\sdk\10.0.101\Sdks\Microsoft.NET.Sdk.WindowsDesktop\targets\Microsoft.WinFX.targets(69,7): message :       ResGen;
       C:\Program Files\dotnet\sdk\10.0.101\Sdks\Microsoft.NET.Sdk.WindowsDesktop\targets\Microsoft.WinFX.targets(69,7): message :       CompileLicxFiles
       C:\Program Files\dotnet\sdk\10.0.101\Sdks\Microsoft.NET.Sdk.WindowsDesktop\targets\Microsoft.WinFX.targets(69,7): message :     
       C:\Program Files\dotnet\sdk\10.0.101\Sdks\Microsoft.NET.Sdk.WindowsDesktop\targets\Microsoft.WinFX.targets(69,7): message :     ") à C:\Program Files\dotnet\sdk\10.0.101\Sdks\Microsoft.NET.Sdk.WindowsDesktop\targets\Microsoft.WinFX.targets (69,7)
       C:\Program Files\dotnet\sdk\10.0.101\Sdks\Microsoft.NET.Sdk.WindowsDesktop\targets\Microsoft.WinFX.targets(136,5): message : Réassignation de propriété : $(CompileDependsOn)="
       C:\Program Files\dotnet\sdk\10.0.101\Sdks\Microsoft.NET.Sdk.WindowsDesktop\targets\Microsoft.WinFX.targets(136,5): message :         
       C:\Program Files\dotnet\sdk\10.0.101\Sdks\Microsoft.NET.Sdk.WindowsDesktop\targets\Microsoft.WinFX.targets(136,5): message :       
       C:\Program Files\dotnet\sdk\10.0.101\Sdks\Microsoft.NET.Sdk.WindowsDesktop\targets\Microsoft.WinFX.targets(136,5): message :       ResolveReferences;
       C:\Program Files\dotnet\sdk\10.0.101\Sdks\Microsoft.NET.Sdk.WindowsDesktop\targets\Microsoft.WinFX.targets(136,5): message :       ResolveKeySource;
       C:\Program Files\dotnet\sdk\10.0.101\Sdks\Microsoft.NET.Sdk.WindowsDesktop\targets\Microsoft.WinFX.targets(136,5): message :       SetWin32ManifestProperties;
       C:\Program Files\dotnet\sdk\10.0.101\Sdks\Microsoft.NET.Sdk.WindowsDesktop\targets\Microsoft.WinFX.targets(136,5): message :       _SetPreferNativeArm64Win32ManifestProperties;
       C:\Program Files\dotnet\sdk\10.0.101\Sdks\Microsoft.NET.Sdk.WindowsDesktop\targets\Microsoft.WinFX.targets(136,5): message :       FindReferenceAssembliesForReferences;
       C:\Program Files\dotnet\sdk\10.0.101\Sdks\Microsoft.NET.Sdk.WindowsDesktop\targets\Microsoft.WinFX.targets(136,5): message :       _GenerateCompileInputs;
       C:\Program Files\dotnet\sdk\10.0.101\Sdks\Microsoft.NET.Sdk.WindowsDesktop\targets\Microsoft.WinFX.targets(136,5): message :       BeforeCompile;
       C:\Program Files\dotnet\sdk\10.0.101\Sdks\Microsoft.NET.Sdk.WindowsDesktop\targets\Microsoft.WinFX.targets(136,5): message :       _TimeStampBeforeCompile;
       C:\Program Files\dotnet\sdk\10.0.101\Sdks\Microsoft.NET.Sdk.WindowsDesktop\targets\Microsoft.WinFX.targets(136,5): message :       _GenerateCompileDependencyCache;
       C:\Program Files\dotnet\sdk\10.0.101\Sdks\Microsoft.NET.Sdk.WindowsDesktop\targets\Microsoft.WinFX.targets(136,5): message :       CoreCompile;
       C:\Program Files\dotnet\sdk\10.0.101\Sdks\Microsoft.NET.Sdk.WindowsDesktop\targets\Microsoft.WinFX.targets(136,5): message :       _TimeStampAfterCompile;
       C:\Program Files\dotnet\sdk\10.0.101\Sdks\Microsoft.NET.Sdk.WindowsDesktop\targets\Microsoft.WinFX.targets(136,5): message :       AfterCompile;
       C:\Program Files\dotnet\sdk\10.0.101\Sdks\Microsoft.NET.Sdk.WindowsDesktop\targets\Microsoft.WinFX.targets(136,5): message :     ;
       C:\Program Files\dotnet\sdk\10.0.101\Sdks\Microsoft.NET.Sdk.WindowsDesktop\targets\Microsoft.WinFX.targets(136,5): message :       _CreateAppHost;
       C:\Program Files\dotnet\sdk\10.0.101\Sdks\Microsoft.NET.Sdk.WindowsDesktop\targets\Microsoft.WinFX.targets(136,5): message :       _CreateComHost;
       C:\Program Files\dotnet\sdk\10.0.101\Sdks\Microsoft.NET.Sdk.WindowsDesktop\targets\Microsoft.WinFX.targets(136,5): message :       _GetIjwHostPaths;
       C:\Program Files\dotnet\sdk\10.0.101\Sdks\Microsoft.NET.Sdk.WindowsDesktop\targets\Microsoft.WinFX.targets(136,5): message :     ;
       C:\Program Files\dotnet\sdk\10.0.101\Sdks\Microsoft.NET.Sdk.WindowsDesktop\targets\Microsoft.WinFX.targets(136,5): message :         _AfterCompileWinFXInternal
       C:\Program Files\dotnet\sdk\10.0.101\Sdks\Microsoft.NET.Sdk.WindowsDesktop\targets\Microsoft.WinFX.targets(136,5): message :     " (valeur précédente : "
       C:\Program Files\dotnet\sdk\10.0.101\Sdks\Microsoft.NET.Sdk.WindowsDesktop\targets\Microsoft.WinFX.targets(136,5): message :       
       C:\Program Files\dotnet\sdk\10.0.101\Sdks\Microsoft.NET.Sdk.WindowsDesktop\targets\Microsoft.WinFX.targets(136,5): message :       ResolveReferences;
       C:\Program Files\dotnet\sdk\10.0.101\Sdks\Microsoft.NET.Sdk.WindowsDesktop\targets\Microsoft.WinFX.targets(136,5): message :       ResolveKeySource;
       C:\Program Files\dotnet\sdk\10.0.101\Sdks\Microsoft.NET.Sdk.WindowsDesktop\targets\Microsoft.WinFX.targets(136,5): message :       SetWin32ManifestProperties;
       C:\Program Files\dotnet\sdk\10.0.101\Sdks\Microsoft.NET.Sdk.WindowsDesktop\targets\Microsoft.WinFX.targets(136,5): message :       _SetPreferNativeArm64Win32ManifestProperties;
       C:\Program Files\dotnet\sdk\10.0.101\Sdks\Microsoft.NET.Sdk.WindowsDesktop\targets\Microsoft.WinFX.targets(136,5): message :       FindReferenceAssembliesForReferences;
       C:\Program Files\dotnet\sdk\10.0.101\Sdks\Microsoft.NET.Sdk.WindowsDesktop\targets\Microsoft.WinFX.targets(136,5): message :       _GenerateCompileInputs;
       C:\Program Files\dotnet\sdk\10.0.101\Sdks\Microsoft.NET.Sdk.WindowsDesktop\targets\Microsoft.WinFX.targets(136,5): message :       BeforeCompile;
       C:\Program Files\dotnet\sdk\10.0.101\Sdks\Microsoft.NET.Sdk.WindowsDesktop\targets\Microsoft.WinFX.targets(136,5): message :       _TimeStampBeforeCompile;
       C:\Program Files\dotnet\sdk\10.0.101\Sdks\Microsoft.NET.Sdk.WindowsDesktop\targets\Microsoft.WinFX.targets(136,5): message :       _GenerateCompileDependencyCache;
       C:\Program Files\dotnet\sdk\10.0.101\Sdks\Microsoft.NET.Sdk.WindowsDesktop\targets\Microsoft.WinFX.targets(136,5): message :       CoreCompile;
       C:\Program Files\dotnet\sdk\10.0.101\Sdks\Microsoft.NET.Sdk.WindowsDesktop\targets\Microsoft.WinFX.targets(136,5): message :       _TimeStampAfterCompile;
       C:\Program Files\dotnet\sdk\10.0.101\Sdks\Microsoft.NET.Sdk.WindowsDesktop\targets\Microsoft.WinFX.targets(136,5): message :       AfterCompile;
       C:\Program Files\dotnet\sdk\10.0.101\Sdks\Microsoft.NET.Sdk.WindowsDesktop\targets\Microsoft.WinFX.targets(136,5): message :     ;
       C:\Program Files\dotnet\sdk\10.0.101\Sdks\Microsoft.NET.Sdk.WindowsDesktop\targets\Microsoft.WinFX.targets(136,5): message :       _CreateAppHost;
       C:\Program Files\dotnet\sdk\10.0.101\Sdks\Microsoft.NET.Sdk.WindowsDesktop\targets\Microsoft.WinFX.targets(136,5): message :       _CreateComHost;
       C:\Program Files\dotnet\sdk\10.0.101\Sdks\Microsoft.NET.Sdk.WindowsDesktop\targets\Microsoft.WinFX.targets(136,5): message :       _GetIjwHostPaths;
       C:\Program Files\dotnet\sdk\10.0.101\Sdks\Microsoft.NET.Sdk.WindowsDesktop\targets\Microsoft.WinFX.targets(136,5): message :     ") à C:\Program Files\dotnet\sdk\10.0.101\Sdks\Microsoft.NET.Sdk.WindowsDesktop\targets\Microsoft.WinFX.targets (136,5)
       C:\Program Files\dotnet\sdk\10.0.101\Sdks\Microsoft.NET.Sdk.WindowsDesktop\targets\Microsoft.WinFX.targets(803,9): message : Réassignation de propriété : $(PublishBuildDependsOn)="
       C:\Program Files\dotnet\sdk\10.0.101\Sdks\Microsoft.NET.Sdk.WindowsDesktop\targets\Microsoft.WinFX.targets(803,9): message :             BuildOnlySettings;
       C:\Program Files\dotnet\sdk\10.0.101\Sdks\Microsoft.NET.Sdk.WindowsDesktop\targets\Microsoft.WinFX.targets(803,9): message :             PrepareForBuild;
       C:\Program Files\dotnet\sdk\10.0.101\Sdks\Microsoft.NET.Sdk.WindowsDesktop\targets\Microsoft.WinFX.targets(803,9): message :             ResolveReferences;
       C:\Program Files\dotnet\sdk\10.0.101\Sdks\Microsoft.NET.Sdk.WindowsDesktop\targets\Microsoft.WinFX.targets(803,9): message :             PrepareResources;
       C:\Program Files\dotnet\sdk\10.0.101\Sdks\Microsoft.NET.Sdk.WindowsDesktop\targets\Microsoft.WinFX.targets(803,9): message :             ResolveKeySource;
       C:\Program Files\dotnet\sdk\10.0.101\Sdks\Microsoft.NET.Sdk.WindowsDesktop\targets\Microsoft.WinFX.targets(803,9): message :             PrepareResourcesForSatelliteAssemblies;
       C:\Program Files\dotnet\sdk\10.0.101\Sdks\Microsoft.NET.Sdk.WindowsDesktop\targets\Microsoft.WinFX.targets(803,9): message :             GenerateSerializationAssemblies;
       C:\Program Files\dotnet\sdk\10.0.101\Sdks\Microsoft.NET.Sdk.WindowsDesktop\targets\Microsoft.WinFX.targets(803,9): message :             CreateSatelliteAssemblies;
       C:\Program Files\dotnet\sdk\10.0.101\Sdks\Microsoft.NET.Sdk.WindowsDesktop\targets\Microsoft.WinFX.targets(803,9): message :         " (valeur précédente : "
       C:\Program Files\dotnet\sdk\10.0.101\Sdks\Microsoft.NET.Sdk.WindowsDesktop\targets\Microsoft.WinFX.targets(803,9): message :       BuildOnlySettings;
       C:\Program Files\dotnet\sdk\10.0.101\Sdks\Microsoft.NET.Sdk.WindowsDesktop\targets\Microsoft.WinFX.targets(803,9): message :       PrepareForBuild;
       C:\Program Files\dotnet\sdk\10.0.101\Sdks\Microsoft.NET.Sdk.WindowsDesktop\targets\Microsoft.WinFX.targets(803,9): message :       ResolveReferences;
       C:\Program Files\dotnet\sdk\10.0.101\Sdks\Microsoft.NET.Sdk.WindowsDesktop\targets\Microsoft.WinFX.targets(803,9): message :       PrepareResources;
       C:\Program Files\dotnet\sdk\10.0.101\Sdks\Microsoft.NET.Sdk.WindowsDesktop\targets\Microsoft.WinFX.targets(803,9): message :       ResolveKeySource;
       C:\Program Files\dotnet\sdk\10.0.101\Sdks\Microsoft.NET.Sdk.WindowsDesktop\targets\Microsoft.WinFX.targets(803,9): message :       GenerateSerializationAssemblies;
       C:\Program Files\dotnet\sdk\10.0.101\Sdks\Microsoft.NET.Sdk.WindowsDesktop\targets\Microsoft.WinFX.targets(803,9): message :       CreateSatelliteAssemblies;
       C:\Program Files\dotnet\sdk\10.0.101\Sdks\Microsoft.NET.Sdk.WindowsDesktop\targets\Microsoft.WinFX.targets(803,9): message :     ") à C:\Program Files\dotnet\sdk\10.0.101\Sdks\Microsoft.NET.Sdk.WindowsDesktop\targets\Microsoft.WinFX.targets (803,9)
       C:\Program Files\dotnet\sdk\10.0.101\NuGet.Build.Tasks.Pack.targets(34,5): message : Réassignation de propriété : $(PackageDescription)="Package Description" (valeur précédente : "") à C:\Program Files\dotnet\sdk\10.0.101\NuGet.Build.Tasks.Pack.targets (34,5)
       C:\Program Files\dotnet\sdk\10.0.101\NuGet.Build.Tasks.Pack.targets(59,5): message : Réassignation de propriété : $(GenerateNuspecDependsOn)="Build;_LoadPackInputItems; _GetTargetFrameworksOutput; _WalkEachTargetPerFramework; _GetPackageFiles; " (valeur précédente : "_LoadPackInputItems; _GetTargetFrameworksOutput; _WalkEachTargetPerFramework; _GetPackageFiles; ") à C:\Program Files\dotnet\sdk\10.0.101\NuGet.Build.Tasks.Pack.targets (59,5)
       C:\Program Files\dotnet\sdk\10.0.101\Sdks\Microsoft.NET.Sdk\Sdk\Sdk.targets(59,5): message : Réassignation de propriété : $(_IsNotSetContainersTargetsDir)="true" (valeur précédente : "false") à C:\Program Files\dotnet\sdk\10.0.101\Sdks\Microsoft.NET.Sdk\Sdk\Sdk.targets (59,5)
       C:\Program Files\dotnet\sdk\10.0.101\Containers\build\Microsoft.NET.Build.Containers.targets(5,5): message : Réassignation de propriété : $(_IsSDKContainerAllowedVersion)="true" (valeur précédente : "false") à C:\Program Files\dotnet\sdk\10.0.101\Containers\build\Microsoft.NET.Build.Containers.targets (5,5)
       Remplacement de la cible "ResolveFrameworkReferences" du projet "C:\Program Files\dotnet\sdk\10.0.101\Microsoft.Common.CurrentVersion.targets" par la cible "ResolveFrameworkReferences" du projet "C:\Program Files\dotnet\sdk\10.0.101\Sdks\Microsoft.NET.Sdk\targets\Microsoft.NET.Sdk.FrameworkReferenceResolution.targets".
       Remplacement de la cible "GenerateSupportedTargetFrameworkAlias" du projet "C:\Program Files\dotnet\sdk\10.0.101\Microsoft.Common.CurrentVersion.targets" par la cible "GenerateSupportedTargetFrameworkAlias" du projet "C:\Program Files\dotnet\sdk\10.0.101\Sdks\Microsoft.NET.Sdk\targets\Microsoft.NET.Sdk.targets".
       Remplacement de la cible "GetReferenceAssemblyPaths" du projet "C:\Program Files\dotnet\sdk\10.0.101\Microsoft.Common.CurrentVersion.targets" par la cible "GetReferenceAssemblyPaths" du projet "C:\Program Files\dotnet\sdk\10.0.101\Sdks\Microsoft.NET.Sdk\targets\Microsoft.NET.DisableStandardFrameworkResolution.targets".
       Remplacement de la cible "GetFrameworkPaths" du projet "C:\Program Files\dotnet\sdk\10.0.101\Microsoft.Common.CurrentVersion.targets" par la cible "GetFrameworkPaths" du projet "C:\Program Files\dotnet\sdk\10.0.101\Sdks\Microsoft.NET.Sdk\targets\Microsoft.NET.DisableStandardFrameworkResolution.targets".
       Remplacement de la cible "DesignerRuntimeImplementationProjectOutputGroup" du projet "C:\Program Files\dotnet\sdk\10.0.101\Microsoft.Common.CurrentVersion.targets" par la cible "DesignerRuntimeImplementationProjectOutputGroup" du projet "C:\Program Files\dotnet\sdk\10.0.101\Sdks\Microsoft.NET.Sdk\targets\Microsoft.NET.DesignerSupport.targets".
       Remplacement de la cible "Publish" du projet "C:\Program Files\dotnet\sdk\10.0.101\Microsoft.Common.CurrentVersion.targets" par la cible "Publish" du projet "C:\Program Files\dotnet\sdk\10.0.101\Sdks\Microsoft.NET.Sdk\targets\Microsoft.NET.Publish.targets".
       Remplacement de la cible "ResolveReadyToRunCompilers" du projet "C:\Program Files\dotnet\sdk\10.0.101\Sdks\Microsoft.NET.Sdk\targets\Microsoft.NET.CrossGen.targets" par la cible "ResolveReadyToRunCompilers" du projet "C:\Program Files\dotnet\sdk\10.0.101\Sdks\Microsoft.NET.Sdk\targets\Microsoft.NET.Publish.targets".
       Remplacement de la cible "GetCopyToPublishDirectoryItems" du projet "C:\Program Files\dotnet\sdk\10.0.101\Microsoft.Common.CurrentVersion.targets" par la cible "GetCopyToPublishDirectoryItems" du projet "C:\Program Files\dotnet\sdk\10.0.101\Sdks\Microsoft.NET.Sdk\targets\Microsoft.NET.Publish.targets".
       Remplacement de la cible "Run" du projet "C:\Program Files\dotnet\sdk\10.0.101\Microsoft.Common.CurrentVersion.targets" par la cible "Run" du projet "C:\Program Files\dotnet\sdk\10.0.101\Sdks\Microsoft.NET.Sdk\targets\Microsoft.NET.Sdk.targets".
       Remplacement de la cible "SatelliteDllsProjectOutputGroup" du projet "C:\Program Files\dotnet\sdk\10.0.101\Microsoft.Common.CurrentVersion.targets" par la cible "SatelliteDllsProjectOutputGroup" du projet "C:\Program Files\dotnet\sdk\10.0.101\Sdks\Microsoft.NET.Sdk.WindowsDesktop\targets\Microsoft.WinFX.targets".
     1>Le projet "C:\Users\rdenimal\Documents\gestionnaire_doublon\DoublonManager\DoublonManager.csproj" (1) génère "C:\Users\rdenimal\Documents\gestionnaire_doublon\DoublonManager\DoublonManager.csproj" (1:2) sur le nœud 1 (_IsProjectRestoreSupported cible(s)).
   1:2>Cible "_IsProjectRestoreSupported" dans le fichier "C:\Program Files\dotnet\sdk\10.0.101\NuGet.targets" du projet "C:\Users\rdenimal\Documents\gestionnaire_doublon\DoublonManager\DoublonManager.csproj" (point d'entrée) :
   1:2>Génération de la cible "_IsProjectRestoreSupported" terminée dans le projet "DoublonManager.csproj".
   1:2>Génération du projet "C:\Users\rdenimal\Documents\gestionnaire_doublon\DoublonManager\DoublonManager.csproj" terminée (_IsProjectRestoreSupported cible(s)).
     1>Exécution de la tâche "MSBuild" terminée.
       Assembly chargé pendant TaskRun : NuGet.Build.Tasks, Version=7.0.0.0, Culture=neutral, PublicKeyToken=31bf3856ad364e35 (emplacement : C:\Program Files\dotnet\sdk\10.0.101\NuGet.Build.Tasks.dll, MVID : 1d7b2a50-0801-4407-864a-c0611e7b6f2d, AssemblyLoadContext : MSBuild plugin C:\Program Files\dotnet\sdk\10.0.101\NuGet.Build.Tasks.dll)
       Assembly chargé pendant TaskRun : NuGet.Common, Version=7.0.0.0, Culture=neutral, PublicKeyToken=31bf3856ad364e35 (emplacement : C:\Program Files\dotnet\sdk\10.0.101\NuGet.Common.dll, MVID : e68f94a8-8ead-49da-8d66-ddbffff51250, AssemblyLoadContext : MSBuild plugin C:\Program Files\dotnet\sdk\10.0.101\NuGet.Build.Tasks.dll)
       Assembly chargé pendant TaskRun : NuGet.Commands, Version=7.0.0.0, Culture=neutral, PublicKeyToken=31bf3856ad364e35 (emplacement : C:\Program Files\dotnet\sdk\10.0.101\NuGet.Commands.dll, MVID : cf5dfc68-8202-4a78-a2e1-4e04847fc3ac, AssemblyLoadContext : MSBuild plugin C:\Program Files\dotnet\sdk\10.0.101\NuGet.Build.Tasks.dll)
       Assembly chargé pendant TaskRun : NuGet.ProjectModel, Version=7.0.0.0, Culture=neutral, PublicKeyToken=31bf3856ad364e35 (emplacement : C:\Program Files\dotnet\sdk\10.0.101\NuGet.ProjectModel.dll, MVID : 74e299f3-0a8a-48ce-b793-3c6caaf0a1df, AssemblyLoadContext : MSBuild plugin C:\Program Files\dotnet\sdk\10.0.101\NuGet.Build.Tasks.dll)
       Utilisation de la tâche "WarnForInvalidProjectsTask" à partir de l'assembly "C:\Program Files\dotnet\sdk\10.0.101\NuGet.Build.Tasks.dll".
       Tâche "WarnForInvalidProjectsTask"
       Exécution de la tâche "WarnForInvalidProjectsTask" terminée.
     1>Génération de la cible "_FilterRestoreGraphProjectInputItems" terminée dans le projet "DoublonManager.csproj".
       Cible "_FilterRestoreGraphProjectInputItems" ignorée. Elle a été générée.
     1>Cible "_GetAllRestoreProjectPathItems" dans le fichier "C:\Program Files\dotnet\sdk\10.0.101\NuGet.targets" du projet "C:\Users\rdenimal\Documents\gestionnaire_doublon\DoublonManager\DoublonManager.csproj" (la cible "_GenerateRestoreGraph" en dépend) :
       Utilisation de la tâche "NuGetMessageTask" à partir de l'assembly "C:\Program Files\dotnet\sdk\10.0.101\NuGet.Build.Tasks.dll".
       Tâche "NuGetMessageTask"
         Assembly chargé pendant TaskRun (NuGet.Build.Tasks.NuGetMessageTask) : NuGet.Build.Tasks.resources, Version=7.0.0.0, Culture=fr, PublicKeyToken=31bf3856ad364e35 (emplacement : C:\Program Files\dotnet\sdk\10.0.101\fr\NuGet.Build.Tasks.resources.dll, MVID : b94dc324-68bc-4f3f-9381-081224d11085, AssemblyLoadContext : MSBuild plugin C:\Program Files\dotnet\sdk\10.0.101\NuGet.Build.Tasks.dll)
         Identification des projets à restaurer...
       Exécution de la tâche "NuGetMessageTask" terminée.
       Tâche "MSBuild"
         Propriétés globales :
           ExcludeRestorePackageImports=true
     1>Le projet "C:\Users\rdenimal\Documents\gestionnaire_doublon\DoublonManager\DoublonManager.csproj" (1) génère "C:\Users\rdenimal\Documents\gestionnaire_doublon\DoublonManager\DoublonManager.csproj" (1:3) sur le nœud 1 (_GenerateRestoreProjectPathWalk cible(s)).
   1:3>Cible "_GenerateRestoreProjectPathItemsPerFramework" dans le fichier "C:\Program Files\dotnet\sdk\10.0.101\NuGet.targets" du projet "C:\Users\rdenimal\Documents\gestionnaire_doublon\DoublonManager\DoublonManager.csproj" (la cible "_GenerateRestoreProjectPathItemsCurrentProject" en dépend) :
   1:3>Utilisation de la tâche "ConvertToAbsolutePath" à partir de l'assembly "Microsoft.Build.Tasks.Core, Version=15.1.0.0, Culture=neutral, PublicKeyToken=b03f5f7f11d50a3a".
       Tâche "ConvertToAbsolutePath"
       Exécution de la tâche "ConvertToAbsolutePath" terminée.
   1:3>Génération de la cible "_GenerateRestoreProjectPathItemsPerFramework" terminée dans le projet "DoublonManager.csproj".
   1:3>Cible "_GenerateRestoreProjectPathItemsCurrentProject" dans le fichier "C:\Program Files\dotnet\sdk\10.0.101\NuGet.targets" du projet "C:\Users\rdenimal\Documents\gestionnaire_doublon\DoublonManager\DoublonManager.csproj" (la cible "_GenerateRestoreProjectPathItems" en dépend) :
   1:3>Génération de la cible "_GenerateRestoreProjectPathItemsCurrentProject" terminée dans le projet "DoublonManager.csproj".
   1:3>Cible "_GenerateRestoreProjectPathItems" dans le fichier "C:\Program Files\dotnet\sdk\10.0.101\NuGet.targets" du projet "C:\Users\rdenimal\Documents\gestionnaire_doublon\DoublonManager\DoublonManager.csproj" (la cible "_GenerateRestoreProjectPathWalk" en dépend) :
       Tâche "RemoveDuplicates"
       Exécution de la tâche "RemoveDuplicates" terminée.
   1:3>Génération de la cible "_GenerateRestoreProjectPathItems" terminée dans le projet "DoublonManager.csproj".
   1:3>Cible "_GenerateRestoreProjectPathWalk" dans le fichier "C:\Program Files\dotnet\sdk\10.0.101\NuGet.targets" du projet "C:\Users\rdenimal\Documents\gestionnaire_doublon\DoublonManager\DoublonManager.csproj" (point d'entrée) :
       Tâche "MSBuild"
       Exécution de la tâche "MSBuild" terminée.
       Tâche "RemoveDuplicates"
       Exécution de la tâche "RemoveDuplicates" terminée.
   1:3>Génération de la cible "_GenerateRestoreProjectPathWalk" terminée dans le projet "DoublonManager.csproj".
   1:3>Génération du projet "C:\Users\rdenimal\Documents\gestionnaire_doublon\DoublonManager\DoublonManager.csproj" terminée (_GenerateRestoreProjectPathWalk cible(s)).
     1>Exécution de la tâche "MSBuild" terminée.
       Tâche "RemoveDuplicates"
       Exécution de la tâche "RemoveDuplicates" terminée.
       Tâche "MSBuild"
         Propriétés globales :
           ExcludeRestorePackageImports=true
     1>Le projet "C:\Users\rdenimal\Documents\gestionnaire_doublon\DoublonManager\DoublonManager.csproj" (1) génère "C:\Users\rdenimal\Documents\gestionnaire_doublon\DoublonManager\DoublonManager.csproj" (1:4) sur le nœud 1 (_IsProjectRestoreSupported cible(s)).
   1:4>Cible "_IsProjectRestoreSupported" ignorée. Elle a été générée.
   1:4>Génération du projet "C:\Users\rdenimal\Documents\gestionnaire_doublon\DoublonManager\DoublonManager.csproj" terminée (_IsProjectRestoreSupported cible(s)).
     1>Exécution de la tâche "MSBuild" terminée.
     1>Génération de la cible "_GetAllRestoreProjectPathItems" terminée dans le projet "DoublonManager.csproj".
     1>Cible "_GenerateRestoreGraph" dans le fichier "C:\Program Files\dotnet\sdk\10.0.101\NuGet.targets" du projet "C:\Users\rdenimal\Documents\gestionnaire_doublon\DoublonManager\DoublonManager.csproj" (la cible "Restore" en dépend) :
       Utilisation de la tâche "Message" à partir de l'assembly "Microsoft.Build.Tasks.Core, Version=15.1.0.0, Culture=neutral, PublicKeyToken=b03f5f7f11d50a3a".
       Tâche "Message"
         Generating dg file
       Exécution de la tâche "Message" terminée.
       Tâche "Message"
         C:\Users\rdenimal\Documents\gestionnaire_doublon\DoublonManager\DoublonManager.csproj
       Exécution de la tâche "Message" terminée.
       Tâche "MSBuild"
         Propriétés globales :
           ExcludeRestorePackageImports=true
     1>Le projet "C:\Users\rdenimal\Documents\gestionnaire_doublon\DoublonManager\DoublonManager.csproj" (1) génère "C:\Users\rdenimal\Documents\gestionnaire_doublon\DoublonManager\DoublonManager.csproj" (1:5) sur le nœud 1 (_GenerateRestoreGraphProjectEntry cible(s)).
   1:5>Cible "_CheckForUnsupportedTargetPlatformIdentifier" dans le fichier "C:\Program Files\dotnet\sdk\10.0.101\Sdks\Microsoft.NET.Sdk\targets\Microsoft.NET.TargetFrameworkInference.targets" du projet "C:\Users\rdenimal\Documents\gestionnaire_doublon\DoublonManager\DoublonManager.csproj" (la cible "CollectPackageReferences" en dépend) :
   1:5>Génération de la cible "_CheckForUnsupportedTargetPlatformIdentifier" terminée dans le projet "DoublonManager.csproj".
   1:5>Cible "_CheckForUnsupportedNETCoreVersion" dans le fichier "C:\Program Files\dotnet\sdk\10.0.101\Sdks\Microsoft.NET.Sdk\targets\Microsoft.NET.TargetFrameworkInference.targets" du projet "C:\Users\rdenimal\Documents\gestionnaire_doublon\DoublonManager\DoublonManager.csproj" (la cible "CollectPackageReferences" en dépend) :
   1:5>Génération de la cible "_CheckForUnsupportedNETCoreVersion" terminée dans le projet "DoublonManager.csproj".
   1:5>Cible "_CheckForEolTargetFrameworks" dans le fichier "C:\Program Files\dotnet\sdk\10.0.101\Sdks\Microsoft.NET.Sdk\targets\Microsoft.NET.EolTargetFrameworks.targets" du projet "C:\Users\rdenimal\Documents\gestionnaire_doublon\DoublonManager\DoublonManager.csproj" (la cible "CollectPackageReferences" en dépend) :
       Utilisation de la tâche "NETSdkWarning" à partir de l'assembly "C:\Program Files\dotnet\sdk\10.0.101\Sdks\Microsoft.NET.Sdk\targets\..\tools\net10.0\Microsoft.NET.Build.Tasks.dll".
       Tâche "NETSdkWarning"
   1:5>C:\Program Files\dotnet\sdk\10.0.101\Sdks\Microsoft.NET.Sdk\targets\Microsoft.NET.EolTargetFrameworks.targets(32,5): warning NETSDK1138: La version cible de .NET Framework ('net6.0-windows') n'est pas prise en charge et ne recevra pas les mises à jour de sécurité. Consultez https://aka.ms/dotnet-core-support pour plus d'informations sur la stratégie de support. [C:\Users\rdenimal\Documents\gestionnaire_doublon\DoublonManager\DoublonManager.csproj]
       Exécution de la tâche "NETSdkWarning" terminée.
   1:5>Génération de la cible "_CheckForEolTargetFrameworks" terminée dans le projet "DoublonManager.csproj".
   1:5>Cible "_CheckForUnsupportedCppNETCoreVersion" dans le fichier "C:\Program Files\dotnet\sdk\10.0.101\Sdks\Microsoft.NET.Sdk\targets\Microsoft.NET.TargetFrameworkInference.targets" du projet "C:\Users\rdenimal\Documents\gestionnaire_doublon\DoublonManager\DoublonManager.csproj" (la cible "CollectPackageReferences" en dépend) :
   1:5>Génération de la cible "_CheckForUnsupportedCppNETCoreVersion" terminée dans le projet "DoublonManager.csproj".
   1:5>Cible "UpdateAspNetToFrameworkReference" dans le fichier "C:\Program Files\dotnet\sdk\10.0.101\Sdks\Microsoft.NET.Sdk\targets\Microsoft.NET.Sdk.DefaultItems.Shared.targets" du projet "C:\Users\rdenimal\Documents\gestionnaire_doublon\DoublonManager\DoublonManager.csproj" (la cible "ApplyImplicitVersions" en dépend) :
       Utilisation de la tâche "CheckIfPackageReferenceShouldBeFrameworkReference" à partir de l'assembly "C:\Program Files\dotnet\sdk\10.0.101\Sdks\Microsoft.NET.Sdk\targets\..\tools\net10.0\Microsoft.NET.Build.Tasks.dll".
       Tâche "CheckIfPackageReferenceShouldBeFrameworkReference"
       Exécution de la tâche "CheckIfPackageReferenceShouldBeFrameworkReference" terminée.
       Tâche "CheckIfPackageReferenceShouldBeFrameworkReference"
       Exécution de la tâche "CheckIfPackageReferenceShouldBeFrameworkReference" terminée.
   1:5>Génération de la cible "UpdateAspNetToFrameworkReference" terminée dans le projet "DoublonManager.csproj".
   1:5>Cible "CheckForImplicitPackageReferenceOverrides" dans le fichier "C:\Program Files\dotnet\sdk\10.0.101\Sdks\Microsoft.NET.Sdk\targets\Microsoft.NET.Sdk.DefaultItems.Shared.targets" du projet "C:\Users\rdenimal\Documents\gestionnaire_doublon\DoublonManager\DoublonManager.csproj" (la cible "ApplyImplicitVersions" en dépend) :
       Utilisation de la tâche "CheckForImplicitPackageReferenceOverrides" à partir de l'assembly "C:\Program Files\dotnet\sdk\10.0.101\Sdks\Microsoft.NET.Sdk\targets\..\tools\net10.0\Microsoft.NET.Build.Tasks.dll".
       Tâche "CheckForImplicitPackageReferenceOverrides"
       Exécution de la tâche "CheckForImplicitPackageReferenceOverrides" terminée.
   1:5>Génération de la cible "CheckForImplicitPackageReferenceOverrides" terminée dans le projet "DoublonManager.csproj".
   1:5>Cible "ApplyImplicitVersions" dans le fichier "C:\Program Files\dotnet\sdk\10.0.101\Sdks\Microsoft.NET.Sdk\targets\Microsoft.NET.Sdk.DefaultItems.Shared.targets" du projet "C:\Users\rdenimal\Documents\gestionnaire_doublon\DoublonManager\DoublonManager.csproj" (la cible "CollectPackageReferences" en dépend) :
       Utilisation de la tâche "ApplyImplicitVersions" à partir de l'assembly "C:\Program Files\dotnet\sdk\10.0.101\Sdks\Microsoft.NET.Sdk\targets\..\tools\net10.0\Microsoft.NET.Build.Tasks.dll".
       Tâche "ApplyImplicitVersions"
       Exécution de la tâche "ApplyImplicitVersions" terminée.
   1:5>Génération de la cible "ApplyImplicitVersions" terminée dans le projet "DoublonManager.csproj".
       Cible "CheckForImplicitPackageReferenceOverrides" ignorée. Elle a été générée.
   1:5>Cible "AddWindowsSdkKnownFrameworkReferences" dans le fichier "C:\Program Files\dotnet\sdk\10.0.101\Sdks\Microsoft.NET.Sdk\targets\Microsoft.NET.Sdk.FrameworkReferenceResolution.targets" du projet "C:\Users\rdenimal\Documents\gestionnaire_doublon\DoublonManager\DoublonManager.csproj" (la cible "ProcessFrameworkReferences" en dépend) :
       Utilisation de la tâche "CreateWindowsSdkKnownFrameworkReferences" à partir de l'assembly "C:\Program Files\dotnet\sdk\10.0.101\Sdks\Microsoft.NET.Sdk\targets\..\tools\net10.0\Microsoft.NET.Build.Tasks.dll".
       Tâche "CreateWindowsSdkKnownFrameworkReferences"
       Exécution de la tâche "CreateWindowsSdkKnownFrameworkReferences" terminée.
   1:5>Génération de la cible "AddWindowsSdkKnownFrameworkReferences" terminée dans le projet "DoublonManager.csproj".
   1:5>Cible "_NormalizeTargetPlatformVersion" dans le fichier "C:\Program Files\dotnet\sdk\10.0.101\Sdks\Microsoft.NET.Sdk\targets\Microsoft.NET.TargetFrameworkInference.targets" du projet "C:\Users\rdenimal\Documents\gestionnaire_doublon\DoublonManager\DoublonManager.csproj" (la cible "ProcessFrameworkReferences" en dépend) :
   1:5>Génération de la cible "_NormalizeTargetPlatformVersion" terminée dans le projet "DoublonManager.csproj".
   1:5>Cible "_CheckForLanguageAndFeatureCombinationSupport" dans le fichier "C:\Program Files\dotnet\sdk\10.0.101\Sdks\Microsoft.NET.Sdk\targets\Microsoft.NET.RuntimeIdentifierInference.targets" du projet "C:\Users\rdenimal\Documents\gestionnaire_doublon\DoublonManager\DoublonManager.csproj" (la cible "ProcessFrameworkReferences" en dépend) :
   1:5>Génération de la cible "_CheckForLanguageAndFeatureCombinationSupport" terminée dans le projet "DoublonManager.csproj".
   1:5>Cible "_ComputeToolPackInputsToProcessFrameworkReferences" dans le fichier "C:\Program Files\dotnet\sdk\10.0.101\Sdks\Microsoft.NET.Sdk\targets\Microsoft.NET.Publish.targets" du projet "C:\Users\rdenimal\Documents\gestionnaire_doublon\DoublonManager\DoublonManager.csproj" (la cible "ProcessFrameworkReferences" en dépend) :
   1:5>Génération de la cible "_ComputeToolPackInputsToProcessFrameworkReferences" terminée dans le projet "DoublonManager.csproj".
   1:5>Cible "ProcessFrameworkReferences" dans le fichier "C:\Program Files\dotnet\sdk\10.0.101\Sdks\Microsoft.NET.Sdk\targets\Microsoft.NET.Sdk.FrameworkReferenceResolution.targets" du projet "C:\Users\rdenimal\Documents\gestionnaire_doublon\DoublonManager\DoublonManager.csproj" (la cible "CollectPackageReferences" en dépend) :
       Utilisation de la tâche "CheckForDuplicateFrameworkReferences" à partir de l'assembly "C:\Program Files\dotnet\sdk\10.0.101\Sdks\Microsoft.NET.Sdk\targets\..\tools\net10.0\Microsoft.NET.Build.Tasks.dll".
       Tâche "CheckForDuplicateFrameworkReferences"
       Exécution de la tâche "CheckForDuplicateFrameworkReferences" terminée.
       Utilisation de la tâche "ProcessFrameworkReferences" à partir de l'assembly "C:\Program Files\dotnet\sdk\10.0.101\Sdks\Microsoft.NET.Sdk\targets\..\tools\net10.0\Microsoft.NET.Build.Tasks.dll".
       Tâche "ProcessFrameworkReferences"
         Found 2 known framework references for target framework .NETCoreApp
         Found 4 known runtime packs for target framework .NETCoreApp
         Selected Microsoft.NETCore.App with RIDs 'linux-arm;linux-arm64;linux-musl-arm64;linux-musl-x64;linux-x64;osx-x64;tizen.4.0.0-armel;tizen.5.0.0-armel;win-arm;win-arm64;win-x64;win-x86;linux-musl-arm;osx-arm64;linux-s390x;linux-loongarch64'
         Selected targeting pack 'Microsoft.NETCore.App@6.0.36'
         Added runtime framework 'Microsoft.NETCore.App@6.0.0'
         Selected Microsoft.WindowsDesktop.App with RIDs 'win-x64;win-x86;win-arm64'
         Selected targeting pack 'Microsoft.WindowsDesktop.App@6.0.36'
         Added runtime framework 'Microsoft.WindowsDesktop.App@6.0.0'
         Selected Microsoft.WindowsDesktop.App with RIDs 'win-x64;win-x86;win-arm64'
         Selected targeting pack 'Microsoft.WindowsDesktop.App.WPF@6.0.36'
         Added runtime framework 'Microsoft.WindowsDesktop.App@6.0.0'
         Selected Microsoft.WindowsDesktop.App with RIDs 'win-x64;win-x86;win-arm64'
         Selected targeting pack 'Microsoft.WindowsDesktop.App.WindowsForms@6.0.36'
         Added runtime framework 'Microsoft.WindowsDesktop.App@6.0.0'
         Selected Microsoft.AspNetCore.App with RIDs 'win-x64;win-x86;win-arm;osx-x64;linux-musl-x64;linux-musl-arm64;linux-x64;linux-arm;linux-arm64;linux-musl-arm;win-arm64;osx-arm64;linux-s390x;linux-loongarch64'
         Selected targeting pack 'Microsoft.AspNetCore.App@6.0.36'
         Added runtime framework 'Microsoft.AspNetCore.App@6.0.0'
       Exécution de la tâche "ProcessFrameworkReferences" terminée.
       Utilisation de la tâche "ResolveAppHosts" à partir de l'assembly "C:\Program Files\dotnet\sdk\10.0.101\Sdks\Microsoft.NET.Sdk\targets\..\tools\net10.0\Microsoft.NET.Build.Tasks.dll".
       Tâche "ResolveAppHosts"
       Exécution de la tâche "ResolveAppHosts" terminée.
   1:5>Génération de la cible "ProcessFrameworkReferences" terminée dans le projet "DoublonManager.csproj".
   1:5>Cible "_CheckForObsoleteDotNetCliToolReferences" dans le fichier "C:\Program Files\dotnet\sdk\10.0.101\Sdks\Microsoft.NET.Sdk\targets\Microsoft.NET.ObsoleteReferences.targets" du projet "C:\Users\rdenimal\Documents\gestionnaire_doublon\DoublonManager\DoublonManager.csproj" (la cible "CollectPackageReferences" en dépend) :
   1:5>Génération de la cible "_CheckForObsoleteDotNetCliToolReferences" terminée dans le projet "DoublonManager.csproj".
   1:5>Cible "CollectPackageReferences" dans le fichier "C:\Program Files\dotnet\sdk\10.0.101\NuGet.targets" du projet "C:\Users\rdenimal\Documents\gestionnaire_doublon\DoublonManager\DoublonManager.csproj" (la cible "_GetRestoreProjectStyle" en dépend) :
       Utilisation de la tâche "CheckForDuplicateNuGetItemsTask" à partir de l'assembly "C:\Program Files\dotnet\sdk\10.0.101\NuGet.Build.Tasks.dll".
       Tâche "CheckForDuplicateNuGetItemsTask"
       Exécution de la tâche "CheckForDuplicateNuGetItemsTask" terminée.
   1:5>Génération de la cible "CollectPackageReferences" terminée dans le projet "DoublonManager.csproj".
   1:5>Cible "_GetRestoreProjectStyle" dans le fichier "C:\Program Files\dotnet\sdk\10.0.101\NuGet.targets" du projet "C:\Users\rdenimal\Documents\gestionnaire_doublon\DoublonManager\DoublonManager.csproj" (la cible "_GenerateRestoreSpecs" en dépend) :
       Utilisation de la tâche "GetRestoreProjectStyleTask" à partir de l'assembly "C:\Program Files\dotnet\sdk\10.0.101\NuGet.Build.Tasks.dll".
       Tâche "GetRestoreProjectStyleTask"
       Exécution de la tâche "GetRestoreProjectStyleTask" terminée.
   1:5>Génération de la cible "_GetRestoreProjectStyle" terminée dans le projet "DoublonManager.csproj".
   1:5>Cible "_GenerateRestoreSpecs" dans le fichier "C:\Program Files\dotnet\sdk\10.0.101\NuGet.targets" du projet "C:\Users\rdenimal\Documents\gestionnaire_doublon\DoublonManager\DoublonManager.csproj" (la cible "_GenerateRestoreGraphProjectEntry" en dépend) :
       Tâche "Message"
         Restore entry point C:\Users\rdenimal\Documents\gestionnaire_doublon\DoublonManager\DoublonManager.csproj
       Exécution de la tâche "Message" terminée.
   1:5>Génération de la cible "_GenerateRestoreSpecs" terminée dans le projet "DoublonManager.csproj".
   1:5>Cible "_GetRestoreSettingsOverrides" dans le fichier "C:\Program Files\dotnet\sdk\10.0.101\NuGet.targets" du projet "C:\Users\rdenimal\Documents\gestionnaire_doublon\DoublonManager\DoublonManager.csproj" (la cible "_GetRestoreSettings" en dépend) :
   1:5>Génération de la cible "_GetRestoreSettingsOverrides" terminée dans le projet "DoublonManager.csproj".
   1:5>Cible "_GetRestoreSettingsPerFramework" dans le fichier "C:\Program Files\dotnet\sdk\10.0.101\NuGet.targets" du projet "C:\Users\rdenimal\Documents\gestionnaire_doublon\DoublonManager\DoublonManager.csproj" (la cible "_GetRestoreSettingsCurrentProject" en dépend) :
   1:5>Génération de la cible "_GetRestoreSettingsPerFramework" terminée dans le projet "DoublonManager.csproj".
   1:5>Cible "_GetRestoreSettingsCurrentProject" dans le fichier "C:\Program Files\dotnet\sdk\10.0.101\NuGet.targets" du projet "C:\Users\rdenimal\Documents\gestionnaire_doublon\DoublonManager\DoublonManager.csproj" (la cible "_GetRestoreSettings" en dépend) :
   1:5>Génération de la cible "_GetRestoreSettingsCurrentProject" terminée dans le projet "DoublonManager.csproj".
   1:5>Cible "_GetRestoreSettings" dans le fichier "C:\Program Files\dotnet\sdk\10.0.101\NuGet.targets" du projet "C:\Users\rdenimal\Documents\gestionnaire_doublon\DoublonManager\DoublonManager.csproj" (la cible "_GenerateDotnetCliToolReferenceSpecs" en dépend) :
       Utilisation de la tâche "GetRestoreSettingsTask" à partir de l'assembly "C:\Program Files\dotnet\sdk\10.0.101\NuGet.Build.Tasks.dll".
       Tâche "GetRestoreSettingsTask"
         Assembly chargé pendant TaskRun (NuGet.Build.Tasks.GetRestoreSettingsTask) : NuGet.Configuration, Version=7.0.0.0, Culture=neutral, PublicKeyToken=31bf3856ad364e35 (emplacement : C:\Program Files\dotnet\sdk\10.0.101\NuGet.Configuration.dll, MVID : 48b0ca1c-220b-4c21-8fab-d2d14e375158, AssemblyLoadContext : MSBuild plugin C:\Program Files\dotnet\sdk\10.0.101\NuGet.Build.Tasks.dll)
         Assembly chargé pendant TaskRun (NuGet.Build.Tasks.GetRestoreSettingsTask) : System.Collections.NonGeneric, Version=10.0.0.0, Culture=neutral, PublicKeyToken=b03f5f7f11d50a3a (emplacement : C:\Program Files\dotnet\shared\Microsoft.NETCore.App\10.0.1\System.Collections.NonGeneric.dll, MVID : 5048f4ab-dbd8-4b4b-9e0f-fa8f211354cf, AssemblyLoadContext : Default)
       Exécution de la tâche "GetRestoreSettingsTask" terminée.
   1:5>Génération de la cible "_GetRestoreSettings" terminée dans le projet "DoublonManager.csproj".
   1:5>Cible "_GenerateDotnetCliToolReferenceSpecs" dans le fichier "C:\Program Files\dotnet\sdk\10.0.101\NuGet.targets" du projet "C:\Users\rdenimal\Documents\gestionnaire_doublon\DoublonManager\DoublonManager.csproj" (la cible "_GenerateRestoreGraphProjectEntry" en dépend) :
       Utilisation de la tâche "GetRestoreDotnetCliToolsTask" à partir de l'assembly "C:\Program Files\dotnet\sdk\10.0.101\NuGet.Build.Tasks.dll".
       Tâche "GetRestoreDotnetCliToolsTask"
       Exécution de la tâche "GetRestoreDotnetCliToolsTask" terminée.
   1:5>Génération de la cible "_GenerateDotnetCliToolReferenceSpecs" terminée dans le projet "DoublonManager.csproj".
   1:5>Cible "_GenerateRestoreGraphProjectEntry" dans le fichier "C:\Program Files\dotnet\sdk\10.0.101\NuGet.targets" du projet "C:\Users\rdenimal\Documents\gestionnaire_doublon\DoublonManager\DoublonManager.csproj" (point d'entrée) :
   1:5>Génération de la cible "_GenerateRestoreGraphProjectEntry" terminée dans le projet "DoublonManager.csproj".
   1:5>Génération du projet "C:\Users\rdenimal\Documents\gestionnaire_doublon\DoublonManager\DoublonManager.csproj" terminée (_GenerateRestoreGraphProjectEntry cible(s)).
     1>Exécution de la tâche "MSBuild" terminée.
       Tâche "MSBuild"
         Propriétés globales :
           ExcludeRestorePackageImports=true
     1>Le projet "C:\Users\rdenimal\Documents\gestionnaire_doublon\DoublonManager\DoublonManager.csproj" (1) génère "C:\Users\rdenimal\Documents\gestionnaire_doublon\DoublonManager\DoublonManager.csproj" (1:6) sur le nœud 1 (_GenerateProjectRestoreGraph cible(s)).
   1:6>Cible "_GetRestoreProjectStyle" ignorée. Elle a été générée.
       Cible "_GetRestoreProjectStyle" ignorée. Elle a été générée.
       Cible "_GetRestoreProjectStyle" ignorée. Elle a été générée.
   1:6>Cible "_GetRestoreTargetFrameworkOverride" dans le fichier "C:\Program Files\dotnet\sdk\10.0.101\NuGet.targets" du projet "C:\Users\rdenimal\Documents\gestionnaire_doublon\DoublonManager\DoublonManager.csproj" (la cible "_GetRestoreTargetFrameworksOutput" en dépend) :
   1:6>Génération de la cible "_GetRestoreTargetFrameworkOverride" terminée dans le projet "DoublonManager.csproj".
   1:6>Cible "_GetRestoreTargetFrameworksOutput" dans le fichier "C:\Program Files\dotnet\sdk\10.0.101\NuGet.targets" du projet "C:\Users\rdenimal\Documents\gestionnaire_doublon\DoublonManager\DoublonManager.csproj" (la cible "_GenerateRestoreProjectSpec" en dépend) :
       Utilisation de la tâche "GetProjectTargetFrameworksTask" à partir de l'assembly "C:\Program Files\dotnet\sdk\10.0.101\NuGet.Build.Tasks.dll".
       Tâche "GetProjectTargetFrameworksTask"
       Exécution de la tâche "GetProjectTargetFrameworksTask" terminée.
   1:6>Génération de la cible "_GetRestoreTargetFrameworksOutput" terminée dans le projet "DoublonManager.csproj".
       Cible "_GetRestoreSettings" ignorée. Elle a été générée.
   1:6>Cible "_GenerateRestoreProjectSpec" dans le fichier "C:\Program Files\dotnet\sdk\10.0.101\NuGet.targets" du projet "C:\Users\rdenimal\Documents\gestionnaire_doublon\DoublonManager\DoublonManager.csproj" (la cible "_GenerateProjectRestoreGraph" en dépend) :
       Tâche "ConvertToAbsolutePath"
       Exécution de la tâche "ConvertToAbsolutePath" terminée.
   1:6>Génération de la cible "_GenerateRestoreProjectSpec" terminée dans le projet "DoublonManager.csproj".
       Cible "_GetRestoreProjectStyle" ignorée. Elle a été générée.
       Cible "CollectPackageReferences" ignorée. Elle a été générée.
   1:6>Cible "CollectPackageDownloads" dans le fichier "C:\Program Files\dotnet\sdk\10.0.101\NuGet.targets" du projet "C:\Users\rdenimal\Documents\gestionnaire_doublon\DoublonManager\DoublonManager.csproj" (la cible "_CollectRestoreInputs" en dépend) :
       Tâche "CheckForDuplicateNuGetItemsTask"
       Exécution de la tâche "CheckForDuplicateNuGetItemsTask" terminée.
   1:6>Génération de la cible "CollectPackageDownloads" terminée dans le projet "DoublonManager.csproj".
   1:6>Cible "CollectFrameworkReferences" dans le fichier "C:\Program Files\dotnet\sdk\10.0.101\NuGet.targets" du projet "C:\Users\rdenimal\Documents\gestionnaire_doublon\DoublonManager\DoublonManager.csproj" (la cible "_CollectRestoreInputs" en dépend) :
   1:6>Génération de la cible "CollectFrameworkReferences" terminée dans le projet "DoublonManager.csproj".
   1:6>Cible "CollectCentralPackageVersions" dans le fichier "C:\Program Files\dotnet\sdk\10.0.101\NuGet.targets" du projet "C:\Users\rdenimal\Documents\gestionnaire_doublon\DoublonManager\DoublonManager.csproj" (la cible "_CollectRestoreInputs" en dépend) :
       Tâche "CheckForDuplicateNuGetItemsTask"
       Exécution de la tâche "CheckForDuplicateNuGetItemsTask" terminée.
   1:6>Génération de la cible "CollectCentralPackageVersions" terminée dans le projet "DoublonManager.csproj".
   1:6>Cible "CollectNuGetAuditSuppressions" dans le fichier "C:\Program Files\dotnet\sdk\10.0.101\NuGet.targets" du projet "C:\Users\rdenimal\Documents\gestionnaire_doublon\DoublonManager\DoublonManager.csproj" (la cible "_CollectRestoreInputs" en dépend) :
       Tâche "CheckForDuplicateNuGetItemsTask"
       Exécution de la tâche "CheckForDuplicateNuGetItemsTask" terminée.
   1:6>Génération de la cible "CollectNuGetAuditSuppressions" terminée dans le projet "DoublonManager.csproj".
   1:6>Cible "CollectPrunePackageReferences" dans le fichier "C:\Program Files\dotnet\sdk\10.0.101\NuGet.targets" du projet "C:\Users\rdenimal\Documents\gestionnaire_doublon\DoublonManager\DoublonManager.csproj" (la cible "_CollectRestoreInputs" en dépend) :
       Tâche "CheckForDuplicateNuGetItemsTask"
       Exécution de la tâche "CheckForDuplicateNuGetItemsTask" terminée.
   1:6>Génération de la cible "CollectPrunePackageReferences" terminée dans le projet "DoublonManager.csproj".
   1:6>Cible "_CollectRestoreInputs" dans le fichier "C:\Program Files\dotnet\sdk\10.0.101\NuGet.targets" du projet "C:\Users\rdenimal\Documents\gestionnaire_doublon\DoublonManager\DoublonManager.csproj" (la cible "_GenerateProjectRestoreGraphPerFramework" en dépend) :
   1:6>Génération de la cible "_CollectRestoreInputs" terminée dans le projet "DoublonManager.csproj".
   1:6>Cible "_GenerateProjectRestoreGraphPerFramework" dans le fichier "C:\Program Files\dotnet\sdk\10.0.101\NuGet.targets" du projet "C:\Users\rdenimal\Documents\gestionnaire_doublon\DoublonManager\DoublonManager.csproj" (la cible "_GenerateProjectRestoreGraphCurrentProject" en dépend) :
       Utilisation de la tâche "GetRestoreProjectReferencesTask" à partir de l'assembly "C:\Program Files\dotnet\sdk\10.0.101\NuGet.Build.Tasks.dll".
       Tâche "GetRestoreProjectReferencesTask"
       Exécution de la tâche "GetRestoreProjectReferencesTask" terminée.
       Utilisation de la tâche "GetRestorePackageReferencesTask" à partir de l'assembly "C:\Program Files\dotnet\sdk\10.0.101\NuGet.Build.Tasks.dll".
       Tâche "GetRestorePackageReferencesTask"
       Exécution de la tâche "GetRestorePackageReferencesTask" terminée.
       Utilisation de la tâche "GetRestorePackageDownloadsTask" à partir de l'assembly "C:\Program Files\dotnet\sdk\10.0.101\NuGet.Build.Tasks.dll".
       Tâche "GetRestorePackageDownloadsTask"
       Exécution de la tâche "GetRestorePackageDownloadsTask" terminée.
       Utilisation de la tâche "GetRestoreFrameworkReferencesTask" à partir de l'assembly "C:\Program Files\dotnet\sdk\10.0.101\NuGet.Build.Tasks.dll".
       Tâche "GetRestoreFrameworkReferencesTask"
       Exécution de la tâche "GetRestoreFrameworkReferencesTask" terminée.
       Utilisation de la tâche "GetRestoreNuGetAuditSuppressionsTask" à partir de l'assembly "C:\Program Files\dotnet\sdk\10.0.101\NuGet.Build.Tasks.dll".
       Tâche "GetRestoreNuGetAuditSuppressionsTask"
       Exécution de la tâche "GetRestoreNuGetAuditSuppressionsTask" terminée.
       Utilisation de la tâche "GetRestorePrunePackageReferencesTask" à partir de l'assembly "C:\Program Files\dotnet\sdk\10.0.101\NuGet.Build.Tasks.dll".
       Tâche "GetRestorePrunePackageReferencesTask"
       Exécution de la tâche "GetRestorePrunePackageReferencesTask" terminée.
   1:6>Génération de la cible "_GenerateProjectRestoreGraphPerFramework" terminée dans le projet "DoublonManager.csproj".
   1:6>Cible "_GenerateProjectRestoreGraphCurrentProject" dans le fichier "C:\Program Files\dotnet\sdk\10.0.101\NuGet.targets" du projet "C:\Users\rdenimal\Documents\gestionnaire_doublon\DoublonManager\DoublonManager.csproj" (la cible "_GenerateRestoreDependencies" en dépend) :
   1:6>Génération de la cible "_GenerateProjectRestoreGraphCurrentProject" terminée dans le projet "DoublonManager.csproj".
   1:6>Cible "_GenerateRestoreDependencies" dans le fichier "C:\Program Files\dotnet\sdk\10.0.101\NuGet.targets" du projet "C:\Users\rdenimal\Documents\gestionnaire_doublon\DoublonManager\DoublonManager.csproj" (la cible "_GenerateProjectRestoreGraph" en dépend) :
   1:6>Génération de la cible "_GenerateRestoreDependencies" terminée dans le projet "DoublonManager.csproj".
   1:6>Cible "_GenerateProjectRestoreGraph" dans le fichier "C:\Program Files\dotnet\sdk\10.0.101\NuGet.targets" du projet "C:\Users\rdenimal\Documents\gestionnaire_doublon\DoublonManager\DoublonManager.csproj" (point d'entrée) :
   1:6>Génération de la cible "_GenerateProjectRestoreGraph" terminée dans le projet "DoublonManager.csproj".
   1:6>Génération du projet "C:\Users\rdenimal\Documents\gestionnaire_doublon\DoublonManager\DoublonManager.csproj" terminée (_GenerateProjectRestoreGraph cible(s)).
     1>Exécution de la tâche "MSBuild" terminée.
     1>Génération de la cible "_GenerateRestoreGraph" terminée dans le projet "DoublonManager.csproj".
     1>Cible "_CollectTargetFrameworkForTelemetry" dans le fichier "C:\Program Files\dotnet\sdk\10.0.101\Sdks\Microsoft.NET.Sdk\targets\Microsoft.NET.TargetFrameworkInference.targets" du projet "C:\Users\rdenimal\Documents\gestionnaire_doublon\DoublonManager\DoublonManager.csproj" (la cible "Restore" en dépend) :
       Utilisation de la tâche "AllowEmptyTelemetry" à partir de l'assembly "C:\Program Files\dotnet\sdk\10.0.101\Sdks\Microsoft.NET.Sdk\targets\..\tools\net10.0\Microsoft.NET.Build.Tasks.dll".
       Tâche "AllowEmptyTelemetry"
       Exécution de la tâche "AllowEmptyTelemetry" terminée.
     1>Génération de la cible "_CollectTargetFrameworkForTelemetry" terminée dans le projet "DoublonManager.csproj".
     1>Cible "_CheckForUnsupportedNETCoreVersion" dans le fichier "C:\Program Files\dotnet\sdk\10.0.101\Sdks\Microsoft.NET.Sdk\targets\Microsoft.NET.TargetFrameworkInference.targets" du projet "C:\Users\rdenimal\Documents\gestionnaire_doublon\DoublonManager\DoublonManager.csproj" (la cible "Restore" en dépend) :
     1>Génération de la cible "_CheckForUnsupportedNETCoreVersion" terminée dans le projet "DoublonManager.csproj".
     1>Cible "_CheckForEolTargetFrameworks" dans le fichier "C:\Program Files\dotnet\sdk\10.0.101\Sdks\Microsoft.NET.Sdk\targets\Microsoft.NET.EolTargetFrameworks.targets" du projet "C:\Users\rdenimal\Documents\gestionnaire_doublon\DoublonManager\DoublonManager.csproj" (la cible "Restore" en dépend) :
       Utilisation de la tâche "NETSdkWarning" à partir de l'assembly "C:\Program Files\dotnet\sdk\10.0.101\Sdks\Microsoft.NET.Sdk\targets\..\tools\net10.0\Microsoft.NET.Build.Tasks.dll".
       Tâche "NETSdkWarning"
     1>C:\Program Files\dotnet\sdk\10.0.101\Sdks\Microsoft.NET.Sdk\targets\Microsoft.NET.EolTargetFrameworks.targets(32,5): warning NETSDK1138: La version cible de .NET Framework ('net6.0-windows') n'est pas prise en charge et ne recevra pas les mises à jour de sécurité. Consultez https://aka.ms/dotnet-core-support pour plus d'informations sur la stratégie de support. [C:\Users\rdenimal\Documents\gestionnaire_doublon\DoublonManager\DoublonManager.csproj]
       Exécution de la tâche "NETSdkWarning" terminée.
     1>Génération de la cible "_CheckForEolTargetFrameworks" terminée dans le projet "DoublonManager.csproj".
     1>Cible "_CheckForUnsupportedCppNETCoreVersion" dans le fichier "C:\Program Files\dotnet\sdk\10.0.101\Sdks\Microsoft.NET.Sdk\targets\Microsoft.NET.TargetFrameworkInference.targets" du projet "C:\Users\rdenimal\Documents\gestionnaire_doublon\DoublonManager\DoublonManager.csproj" (la cible "Restore" en dépend) :
     1>Génération de la cible "_CheckForUnsupportedCppNETCoreVersion" terminée dans le projet "DoublonManager.csproj".
     1>Cible "Restore" dans le fichier "C:\Program Files\dotnet\sdk\10.0.101\NuGet.targets" du projet "C:\Users\rdenimal\Documents\gestionnaire_doublon\DoublonManager\DoublonManager.csproj" (point d'entrée) :
       Tâche "RemoveDuplicates"
       Exécution de la tâche "RemoveDuplicates" terminée.
       Utilisation de la tâche "RestoreTask" à partir de l'assembly "C:\Program Files\dotnet\sdk\10.0.101\NuGet.Build.Tasks.dll".
       Tâche "RestoreTask"
         Assembly chargé pendant TaskRun (NuGet.Build.Tasks.RestoreTask) : NuGet.Packaging, Version=7.0.0.0, Culture=neutral, PublicKeyToken=31bf3856ad364e35 (emplacement : C:\Program Files\dotnet\sdk\10.0.101\NuGet.Packaging.dll, MVID : cbfc9ed0-7866-469b-9c1f-f25d50faee97, AssemblyLoadContext : MSBuild plugin C:\Program Files\dotnet\sdk\10.0.101\NuGet.Build.Tasks.dll)
         Assembly chargé pendant TaskRun (NuGet.Build.Tasks.RestoreTask) : NuGet.LibraryModel, Version=7.0.0.0, Culture=neutral, PublicKeyToken=31bf3856ad364e35 (emplacement : C:\Program Files\dotnet\sdk\10.0.101\NuGet.LibraryModel.dll, MVID : 68a4d051-6665-4b74-809a-7f38ce15fd8b, AssemblyLoadContext : MSBuild plugin C:\Program Files\dotnet\sdk\10.0.101\NuGet.Build.Tasks.dll)
         Assembly chargé pendant TaskRun (NuGet.Build.Tasks.RestoreTask) : NuGet.Versioning, Version=7.0.0.0, Culture=neutral, PublicKeyToken=31bf3856ad364e35 (emplacement : C:\Program Files\dotnet\sdk\10.0.101\NuGet.Versioning.dll, MVID : db6fa9f4-313d-4c04-8b3b-dcde2ca3467c, AssemblyLoadContext : MSBuild plugin C:\Program Files\dotnet\sdk\10.0.101\NuGet.Build.Tasks.dll)
         Assembly chargé pendant TaskRun (NuGet.Build.Tasks.RestoreTask) : NuGet.Frameworks, Version=7.0.0.0, Culture=neutral, PublicKeyToken=31bf3856ad364e35 (emplacement : C:\Program Files\dotnet\sdk\10.0.101\NuGet.Frameworks.dll, MVID : e913a35d-983d-474c-b844-7b99e57f87c3, AssemblyLoadContext : MSBuild plugin C:\Program Files\dotnet\sdk\10.0.101\NuGet.Build.Tasks.dll)
         Assembly chargé pendant TaskRun (NuGet.Build.Tasks.RestoreTask) : NuGet.Protocol, Version=7.0.0.0, Culture=neutral, PublicKeyToken=31bf3856ad364e35 (emplacement : C:\Program Files\dotnet\sdk\10.0.101\NuGet.Protocol.dll, MVID : b29fe50d-16a8-4275-9f03-4c61a549b3e9, AssemblyLoadContext : MSBuild plugin C:\Program Files\dotnet\sdk\10.0.101\NuGet.Build.Tasks.dll)
         Assembly chargé pendant TaskRun (NuGet.Build.Tasks.RestoreTask) : NuGet.Credentials, Version=7.0.0.0, Culture=neutral, PublicKeyToken=31bf3856ad364e35 (emplacement : C:\Program Files\dotnet\sdk\10.0.101\NuGet.Credentials.dll, MVID : a9f47e63-9cf1-4e3d-a1ac-19ffa2efaf93, AssemblyLoadContext : MSBuild plugin C:\Program Files\dotnet\sdk\10.0.101\NuGet.Build.Tasks.dll)
         Assembly chargé pendant TaskRun (NuGet.Build.Tasks.RestoreTask) : NuGet.Packaging.resources, Version=7.0.0.0, Culture=fr, PublicKeyToken=31bf3856ad364e35 (emplacement : C:\Program Files\dotnet\sdk\10.0.101\fr\NuGet.Packaging.resources.dll, MVID : 0bacee17-9379-44e2-a07b-6022b2ab4a35, AssemblyLoadContext : MSBuild plugin C:\Program Files\dotnet\sdk\10.0.101\NuGet.Build.Tasks.dll)
         La validation de la chaîne de certificats X.509 utilisera le magasin de confiance par défaut sélectionné par .NET pour le code de signature.
         La validation de la chaîne de certificats X.509 utilisera le magasin de confiance par défaut sélectionné par .NET pour le timestamp.
         Assembly chargé pendant TaskRun (NuGet.Build.Tasks.RestoreTask) : NuGet.DependencyResolver.Core, Version=7.0.0.0, Culture=neutral, PublicKeyToken=31bf3856ad364e35 (emplacement : C:\Program Files\dotnet\sdk\10.0.101\NuGet.DependencyResolver.Core.dll, MVID : 56b6dee4-cc63-4485-beb0-97d06d74b4ea, AssemblyLoadContext : MSBuild plugin C:\Program Files\dotnet\sdk\10.0.101\NuGet.Build.Tasks.dll)
         Assembly chargé pendant TaskRun (NuGet.Build.Tasks.RestoreTask) : NuGet.Commands.resources, Version=7.0.0.0, Culture=fr, PublicKeyToken=31bf3856ad364e35 (emplacement : C:\Program Files\dotnet\sdk\10.0.101\fr\NuGet.Commands.resources.dll, MVID : 6afdf108-be43-46a6-859d-16c7bc409c2e, AssemblyLoadContext : MSBuild plugin C:\Program Files\dotnet\sdk\10.0.101\NuGet.Build.Tasks.dll)
         Exécution d'une restauration avec 16 travaux simultanés.
         Lecture du fichier projet C:\Users\rdenimal\Documents\gestionnaire_doublon\DoublonManager\DoublonManager.csproj.
         Assembly chargé pendant TaskRun (NuGet.Build.Tasks.RestoreTask) : Newtonsoft.Json, Version=13.0.0.0, Culture=neutral, PublicKeyToken=30ad4fe6b2a6aeed (emplacement : C:\Program Files\dotnet\sdk\10.0.101\Newtonsoft.Json.dll, MVID : 7e62198b-eab2-4380-bbac-29171862d1d8, AssemblyLoadContext : MSBuild plugin C:\Program Files\dotnet\sdk\10.0.101\NuGet.Build.Tasks.dll)
         Assembly chargé pendant TaskRun (NuGet.Build.Tasks.RestoreTask) : System.Runtime.Serialization.Primitives, Version=10.0.0.0, Culture=neutral, PublicKeyToken=b03f5f7f11d50a3a (emplacement : C:\Program Files\dotnet\shared\Microsoft.NETCore.App\10.0.1\System.Runtime.Serialization.Primitives.dll, MVID : ecfab76f-cf3b-4dfa-bd5a-f89982539174, AssemblyLoadContext : Default)
         Assembly chargé pendant TaskRun (NuGet.Build.Tasks.RestoreTask) : System.Runtime.Numerics, Version=10.0.0.0, Culture=neutral, PublicKeyToken=b03f5f7f11d50a3a (emplacement : C:\Program Files\dotnet\shared\Microsoft.NETCore.App\10.0.1\System.Runtime.Numerics.dll, MVID : 2efebce6-89c0-4a73-8fdb-4ca4d03b91e8, AssemblyLoadContext : Default)
         Assembly chargé pendant TaskRun (NuGet.Build.Tasks.RestoreTask) : System.Text.Encodings.Web, Version=10.0.0.0, Culture=neutral, PublicKeyToken=cc7b13ffcd2ddd51 (emplacement : C:\Program Files\dotnet\shared\Microsoft.NETCore.App\10.0.1\System.Text.Encodings.Web.dll, MVID : 989cf696-308d-45ef-a7d8-f629ee2e0d57, AssemblyLoadContext : Default)
         Assembly chargé pendant TaskRun (NuGet.Build.Tasks.RestoreTask) : System.Reflection.Emit.Lightweight, Version=10.0.0.0, Culture=neutral, PublicKeyToken=b03f5f7f11d50a3a (emplacement : C:\Program Files\dotnet\shared\Microsoft.NETCore.App\10.0.1\System.Reflection.Emit.Lightweight.dll, MVID : 54ccc9db-0db2-483c-9249-13f28812d0da, AssemblyLoadContext : Default)
         Assembly chargé pendant TaskRun (NuGet.Build.Tasks.RestoreTask) : System.Reflection.Primitives, Version=10.0.0.0, Culture=neutral, PublicKeyToken=b03f5f7f11d50a3a (emplacement : C:\Program Files\dotnet\shared\Microsoft.NETCore.App\10.0.1\System.Reflection.Primitives.dll, MVID : eabd85f7-9632-491e-a34a-adfb84d9810e, AssemblyLoadContext : Default)
         Assembly chargé pendant TaskRun (NuGet.Build.Tasks.RestoreTask) : System.Reflection.Emit.ILGeneration, Version=10.0.0.0, Culture=neutral, PublicKeyToken=b03f5f7f11d50a3a (emplacement : C:\Program Files\dotnet\shared\Microsoft.NETCore.App\10.0.1\System.Reflection.Emit.ILGeneration.dll, MVID : 89cc0fb1-7534-4cbe-bb6f-05a7e2856a66, AssemblyLoadContext : Default)
         Les entrées de restauration pour 'DoublonManager' n'ont pas changé. Aucune autre action n'est nécessaire pour effectuer la restauration.
         Validation de la restauration...
         Le fichier d'actifs n'a pas changé. Écriture du fichier d'actifs ignorée. Chemin : C:\Users\rdenimal\Documents\gestionnaire_doublon\DoublonManager\obj\project.assets.json
         Restauration no-op. Le cache ne sera pas mis à jour. Chemin : C:\Users\rdenimal\Documents\gestionnaire_doublon\DoublonManager\obj\project.nuget.cache
         Assembly chargé pendant TaskRun (NuGet.Build.Tasks.RestoreTask) : NuGet.Common.resources, Version=7.0.0.0, Culture=fr, PublicKeyToken=31bf3856ad364e35 (emplacement : C:\Program Files\dotnet\sdk\10.0.101\fr\NuGet.Common.resources.dll, MVID : b1ae7efa-4e88-4621-8aa9-1616aa215758, AssemblyLoadContext : MSBuild plugin C:\Program Files\dotnet\sdk\10.0.101\NuGet.Build.Tasks.dll)
         Restauration effectuée de C:\Users\rdenimal\Documents\gestionnaire_doublon\DoublonManager\DoublonManager.csproj (en 86 ms).
         
         Fichiers de configuration NuGet utilisés :
             C:\Users\rdenimal\AppData\Roaming\NuGet\NuGet.Config
         
         Flux utilisés :
             https://api.nuget.org/v3/index.json
         Tous les projets sont à jour pour la restauration.
       Exécution de la tâche "RestoreTask" terminée.
     1>Génération de la cible "Restore" terminée dans le projet "DoublonManager.csproj".
     1>Génération du projet "C:\Users\rdenimal\Documents\gestionnaire_doublon\DoublonManager\DoublonManager.csproj" terminée (Restore cible(s)).
     0>Le « Microsoft.NET.Sdk » SDK a été résolu par le programme de résolution de « DefaultSdkResolver » en « C:\Program Files\dotnet\sdk\10.0.101\Sdks\Microsoft.NET.Sdk\Sdk » d’emplacement et en version «  ».
       C:\Program Files\dotnet\sdk\10.0.101\Sdks\Microsoft.NET.Sdk\Sdk\Sdk.props(49,11): message : Propriété 'MSBuildExtensionsPath' avec la valeur 'C:\Program Files\dotnet\sdk\10.0.101\' développée à partir de l’environnement.
       C:\Program Files\dotnet\sdk\10.0.101\Current\Microsoft.Common.props(60,5): message : Réassignation de propriété : $(MSBuildProjectExtensionsPath)="C:\Users\rdenimal\Documents\gestionnaire_doublon\DoublonManager\obj\" (valeur précédente : "obj\") à C:\Program Files\dotnet\sdk\10.0.101\Current\Microsoft.Common.props (60,5)
       C:\Users\rdenimal\Documents\gestionnaire_doublon\DoublonManager\obj\DoublonManager.csproj.nuget.g.props(7,5): message : Propriété 'USERPROFILE' avec la valeur 'C:\Users\rdenimal' développée à partir de l’environnement.
       C:\Program Files\dotnet\sdk\10.0.101\Current\Microsoft.Common.props(84,119): message : Propriété 'MSBuildUserExtensionsPath' avec la valeur 'C:\Users\rdenimal\AppData\Local\Microsoft\MSBuild' développée à partir de l’environnement.
       C:\Program Files\dotnet\sdk\10.0.101\Sdks\Microsoft.NET.Sdk\targets\Microsoft.NET.Sdk.props(90,5): message : Réassignation de propriété : $(AssemblySearchPaths)="{CandidateAssemblyFiles};{HintPathFromItem}" (valeur précédente : "{CandidateAssemblyFiles}") à C:\Program Files\dotnet\sdk\10.0.101\Sdks\Microsoft.NET.Sdk\targets\Microsoft.NET.Sdk.props (90,5)
       C:\Program Files\dotnet\sdk\10.0.101\Sdks\Microsoft.NET.Sdk\targets\Microsoft.NET.Sdk.props(91,5): message : Réassignation de propriété : $(AssemblySearchPaths)="{CandidateAssemblyFiles};{HintPathFromItem};{TargetFrameworkDirectory}" (valeur précédente : "{CandidateAssemblyFiles};{HintPathFromItem}") à C:\Program Files\dotnet\sdk\10.0.101\Sdks\Microsoft.NET.Sdk\targets\Microsoft.NET.Sdk.props (91,5)
       C:\Program Files\dotnet\sdk\10.0.101\Sdks\Microsoft.NET.Sdk\targets\Microsoft.NET.Sdk.props(92,5): message : Réassignation de propriété : $(AssemblySearchPaths)="{CandidateAssemblyFiles};{HintPathFromItem};{TargetFrameworkDirectory};{RawFileName}" (valeur précédente : "{CandidateAssemblyFiles};{HintPathFromItem};{TargetFrameworkDirectory}") à C:\Program Files\dotnet\sdk\10.0.101\Sdks\Microsoft.NET.Sdk\targets\Microsoft.NET.Sdk.props (92,5)
       Le programme de résolution « DefaultSdkResolver » a tenté de résoudre le SDK « Microsoft.NET.SDK.WorkloadAutoImportPropsLocator ».
       Avertissements : null
       Erreurs : MSB4276: Le programme de résolution du SDK par défaut n’a pas pu résoudre le SDK «Microsoft.NET.SDK.WorkloadAutoImportPropsLocator», car le répertoire «C:\Program Files\dotnet\sdk\10.0.101\Sdks\Microsoft.NET.SDK.WorkloadAutoImportPropsLocator\Sdk» n’existait pas.
       Le « Microsoft.NET.SDK.WorkloadAutoImportPropsLocator » SDK a été résolu par le programme de résolution de « Microsoft.DotNet.MSBuildWorkloadSdkResolver » en « null » d’emplacement et en version « null ».
       C:\Users\rdenimal\Documents\gestionnaire_doublon\DoublonManager\DoublonManager.csproj(4,5): message : Réassignation de propriété : $(OutputType)="WinExe" (valeur précédente : "Library") à C:\Users\rdenimal\Documents\gestionnaire_doublon\DoublonManager\DoublonManager.csproj (4,5)
       C:\Program Files\dotnet\sdk\10.0.101\Sdks\Microsoft.NET.Sdk\targets\Microsoft.NET.Sdk.ImportPublishProfile.targets(28,5): message : Réassignation de propriété : $(PublishProfileImported)="false" (valeur précédente : "true") à C:\Program Files\dotnet\sdk\10.0.101\Sdks\Microsoft.NET.Sdk\targets\Microsoft.NET.Sdk.ImportPublishProfile.targets (28,5)
       C:\Program Files\dotnet\sdk\10.0.101\Sdks\Microsoft.NET.Sdk\targets\Microsoft.NET.TargetFrameworkInference.targets(80,5): message : Réassignation de propriété : $(TargetPlatformVersion)="0.0" (valeur précédente : "0.0.0.0") à C:\Program Files\dotnet\sdk\10.0.101\Sdks\Microsoft.NET.Sdk\targets\Microsoft.NET.TargetFrameworkInference.targets (80,5)
       C:\Program Files\dotnet\sdk\10.0.101\Sdks\Microsoft.NET.Sdk\targets\Microsoft.NET.TargetFrameworkInference.targets(81,5): message : Réassignation de propriété : $(TargetPlatformVersion)="" (valeur précédente : "0.0") à C:\Program Files\dotnet\sdk\10.0.101\Sdks\Microsoft.NET.Sdk\targets\Microsoft.NET.TargetFrameworkInference.targets (81,5)
       C:\Program Files\dotnet\sdk\10.0.101\Sdks\Microsoft.NET.Sdk\targets\Microsoft.NET.TargetFrameworkInference.targets(84,5): message : Réassignation de propriété : $(TargetPlatformIdentifier)="Windows" (valeur précédente : "windows") à C:\Program Files\dotnet\sdk\10.0.101\Sdks\Microsoft.NET.Sdk\targets\Microsoft.NET.TargetFrameworkInference.targets (84,5)
       C:\Program Files\dotnet\sdk\10.0.101\Sdks\Microsoft.NET.Sdk\targets\Microsoft.NET.DefaultOutputPaths.targets(127,5): message : Réassignation de propriété : $(DefaultItemExcludes)=";bin\Debug\/**;obj\Debug\/**" (valeur précédente : ";bin\Debug\/**") à C:\Program Files\dotnet\sdk\10.0.101\Sdks\Microsoft.NET.Sdk\targets\Microsoft.NET.DefaultOutputPaths.targets (127,5)
       C:\Program Files\dotnet\sdk\10.0.101\Sdks\Microsoft.NET.Sdk\targets\Microsoft.NET.DefaultOutputPaths.targets(142,5): message : Réassignation de propriété : $(OutputPath)="bin\Debug\net6.0-windows\" (valeur précédente : "bin\Debug\") à C:\Program Files\dotnet\sdk\10.0.101\Sdks\Microsoft.NET.Sdk\targets\Microsoft.NET.DefaultOutputPaths.targets (142,5)
       C:\Program Files\dotnet\sdk\10.0.101\Sdks\Microsoft.NET.Sdk\targets\Microsoft.NET.DefaultOutputPaths.targets(147,5): message : Réassignation de propriété : $(IntermediateOutputPath)="obj\Debug\net6.0-windows\" (valeur précédente : "obj\Debug\") à C:\Program Files\dotnet\sdk\10.0.101\Sdks\Microsoft.NET.Sdk\targets\Microsoft.NET.DefaultOutputPaths.targets (147,5)
       Le programme de résolution « DefaultSdkResolver » a tenté de résoudre le SDK « Microsoft.NET.SDK.WorkloadManifestTargetsLocator ».
       Avertissements : null
       Erreurs : MSB4276: Le programme de résolution du SDK par défaut n’a pas pu résoudre le SDK «Microsoft.NET.SDK.WorkloadManifestTargetsLocator», car le répertoire «C:\Program Files\dotnet\sdk\10.0.101\Sdks\Microsoft.NET.SDK.WorkloadManifestTargetsLocator\Sdk» n’existait pas.
       Le « Microsoft.NET.SDK.WorkloadManifestTargetsLocator » SDK a été résolu par le programme de résolution de « Microsoft.DotNet.MSBuildWorkloadSdkResolver » en « C:\Program Files\dotnet\sdk-manifests\10.0.100-rc.2\microsoft.net.sdk.android\36.0.0-rc.2.332 » d’emplacement et en version « null ».
       C:\Program Files\dotnet\sdk\10.0.101\Sdks\Microsoft.NET.Sdk\targets\Microsoft.NET.Sdk.BeforeCommon.targets(371,5): message : Réassignation de propriété : $(RoslynTargetsPath)="C:\Program Files\dotnet\sdk\10.0.101\Sdks\Microsoft.NET.Sdk\targets\..\..\..\Roslyn" (valeur précédente : "C:\Program Files\dotnet\sdk\10.0.101\Roslyn") à C:\Program Files\dotnet\sdk\10.0.101\Sdks\Microsoft.NET.Sdk\targets\Microsoft.NET.Sdk.BeforeCommon.targets (371,5)
       C:\Program Files\dotnet\sdk\10.0.101\Roslyn\Microsoft.Managed.Core.targets(6,5): message : Réassignation de propriété : $(_BuildTasksDirectory)="C:\Program Files\dotnet\sdk\10.0.101\Sdks\Microsoft.NET.Sdk\targets\..\..\..\Roslyn\" (valeur précédente : "C:\Program Files\dotnet\sdk\10.0.101\Roslyn\") à C:\Program Files\dotnet\sdk\10.0.101\Roslyn\Microsoft.Managed.Core.targets (6,5)
       C:\Program Files\dotnet\sdk\10.0.101\Roslyn\Microsoft.CSharp.Core.targets(200,5): message : Réassignation de propriété : $(CommandLineArgsForDesignTimeEvaluation)="-langversion:10.0 -define:TRACE" (valeur précédente : "-langversion:10.0") à C:\Program Files\dotnet\sdk\10.0.101\Roslyn\Microsoft.CSharp.Core.targets (200,5)
       C:\Program Files\dotnet\sdk\10.0.101\Microsoft.Common.CurrentVersion.targets(175,5): message : Réassignation de propriété : $(_DebugSymbolsProduced)="true" (valeur précédente : "false") à C:\Program Files\dotnet\sdk\10.0.101\Microsoft.Common.CurrentVersion.targets (175,5)
       C:\Program Files\dotnet\sdk\10.0.101\Microsoft.Common.CurrentVersion.targets(185,5): message : Réassignation de propriété : $(_DocumentationFileProduced)="false" (valeur précédente : "true") à C:\Program Files\dotnet\sdk\10.0.101\Microsoft.Common.CurrentVersion.targets (185,5)
       C:\Program Files\dotnet\sdk\10.0.101\Microsoft.Common.CurrentVersion.targets(392,5): message : Réassignation de propriété : $(MSBuildCopyMarkerName)="DoublonM.0C353975" (valeur précédente : "DoublonManager.csproj") à C:\Program Files\dotnet\sdk\10.0.101\Microsoft.Common.CurrentVersion.targets (392,5)
       C:\Program Files\dotnet\sdk\10.0.101\Microsoft.Common.CurrentVersion.targets(393,5): message : Réassignation de propriété : $(MSBuildCopyMarkerName)="DoublonM.0C353975.Up2Date" (valeur précédente : "DoublonM.0C353975") à C:\Program Files\dotnet\sdk\10.0.101\Microsoft.Common.CurrentVersion.targets (393,5)
       C:\Program Files\dotnet\sdk\10.0.101\Microsoft.Common.CurrentVersion.targets(541,5): message : Réassignation de propriété : $(ProcessorArchitecture)="msil" (valeur précédente : "") à C:\Program Files\dotnet\sdk\10.0.101\Microsoft.Common.CurrentVersion.targets (541,5)
       C:\Program Files\dotnet\sdk\10.0.101\Microsoft.Common.CurrentVersion.targets(580,5): message : Réassignation de propriété : $(DelaySign)="" (valeur précédente : "false") à C:\Program Files\dotnet\sdk\10.0.101\Microsoft.Common.CurrentVersion.targets (580,5)
       C:\Program Files\dotnet\sdk\10.0.101\Microsoft.Common.CurrentVersion.targets(2606,5): message : Propriété 'LOCALAPPDATA' avec la valeur 'C:\Users\rdenimal\AppData\Local' développée à partir de l’environnement.
       C:\Program Files\dotnet\sdk\10.0.101\Microsoft.Common.CurrentVersion.targets(3934,5): message : Réassignation de propriété : $(_SGenGenerateSerializationAssembliesConfig)="Auto" (valeur précédente : "") à C:\Program Files\dotnet\sdk\10.0.101\Microsoft.Common.CurrentVersion.targets (3934,5)
       C:\Program Files\dotnet\sdk\10.0.101\Microsoft.Common.CurrentVersion.targets(3935,5): message : Réassignation de propriété : $(_SGenGenerateSerializationAssembliesConfig)="Off" (valeur précédente : "Auto") à C:\Program Files\dotnet\sdk\10.0.101\Microsoft.Common.CurrentVersion.targets (3935,5)
       C:\Program Files\dotnet\sdk\10.0.101\Microsoft.Common.CurrentVersion.targets(5146,5): message : Réassignation de propriété : $(_TargetsThatPrepareProjectReferences)="
       C:\Program Files\dotnet\sdk\10.0.101\Microsoft.Common.CurrentVersion.targets(5146,5): message :       AssignProjectConfiguration;
       C:\Program Files\dotnet\sdk\10.0.101\Microsoft.Common.CurrentVersion.targets(5146,5): message :       _SplitProjectReferencesByFileExistence
       C:\Program Files\dotnet\sdk\10.0.101\Microsoft.Common.CurrentVersion.targets(5146,5): message :     " (valeur précédente : "_SplitProjectReferencesByFileExistence") à C:\Program Files\dotnet\sdk\10.0.101\Microsoft.Common.CurrentVersion.targets (5146,5)
       C:\Program Files\dotnet\sdk\10.0.101\Microsoft.Common.CurrentVersion.targets(6959,5): message : Propriété 'MSBuildExtensionsPath32' avec la valeur 'C:\Program Files\dotnet\sdk\10.0.101' développée à partir de l’environnement.
       La propriété "NuGetInteractive" est une propriété globale et elle ne peut pas être modifiée.
       C:\Program Files\dotnet\sdk\10.0.101\Sdks\Microsoft.NET.Sdk\targets\Microsoft.PackageDependencyResolution.targets(29,5): message : Réassignation de propriété : $(ProjectAssetsCacheFile)="C:\Users\rdenimal\Documents\gestionnaire_doublon\DoublonManager\obj\Debug\net6.0-windows\DoublonManager.assets.cache" (valeur précédente : "obj\Debug\net6.0-windows\DoublonManager.assets.cache") à C:\Program Files\dotnet\sdk\10.0.101\Sdks\Microsoft.NET.Sdk\targets\Microsoft.PackageDependencyResolution.targets (29,5)
       C:\Program Files\dotnet\sdk\10.0.101\Sdks\Microsoft.NET.Sdk\targets\Microsoft.PackageDependencyResolution.targets(80,5): message : Réassignation de propriété : $(ResolveAssemblyReferencesDependsOn)="
       C:\Program Files\dotnet\sdk\10.0.101\Sdks\Microsoft.NET.Sdk\targets\Microsoft.PackageDependencyResolution.targets(80,5): message :       
       C:\Program Files\dotnet\sdk\10.0.101\Sdks\Microsoft.NET.Sdk\targets\Microsoft.PackageDependencyResolution.targets(80,5): message :       ResolveProjectReferences;
       C:\Program Files\dotnet\sdk\10.0.101\Sdks\Microsoft.NET.Sdk\targets\Microsoft.PackageDependencyResolution.targets(80,5): message :       FindInvalidProjectReferences;
       C:\Program Files\dotnet\sdk\10.0.101\Sdks\Microsoft.NET.Sdk\targets\Microsoft.PackageDependencyResolution.targets(80,5): message :       GetFrameworkPaths;
       C:\Program Files\dotnet\sdk\10.0.101\Sdks\Microsoft.NET.Sdk\targets\Microsoft.PackageDependencyResolution.targets(80,5): message :       GetReferenceAssemblyPaths;
       C:\Program Files\dotnet\sdk\10.0.101\Sdks\Microsoft.NET.Sdk\targets\Microsoft.PackageDependencyResolution.targets(80,5): message :       PrepareForBuild;
       C:\Program Files\dotnet\sdk\10.0.101\Sdks\Microsoft.NET.Sdk\targets\Microsoft.PackageDependencyResolution.targets(80,5): message :       ResolveSDKReferences;
       C:\Program Files\dotnet\sdk\10.0.101\Sdks\Microsoft.NET.Sdk\targets\Microsoft.PackageDependencyResolution.targets(80,5): message :       ExpandSDKReferences;
       C:\Program Files\dotnet\sdk\10.0.101\Sdks\Microsoft.NET.Sdk\targets\Microsoft.PackageDependencyResolution.targets(80,5): message :     ;
       C:\Program Files\dotnet\sdk\10.0.101\Sdks\Microsoft.NET.Sdk\targets\Microsoft.PackageDependencyResolution.targets(80,5): message :       ResolvePackageDependenciesForBuild;
       C:\Program Files\dotnet\sdk\10.0.101\Sdks\Microsoft.NET.Sdk\targets\Microsoft.PackageDependencyResolution.targets(80,5): message :       _HandlePackageFileConflicts;
       C:\Program Files\dotnet\sdk\10.0.101\Sdks\Microsoft.NET.Sdk\targets\Microsoft.PackageDependencyResolution.targets(80,5): message :     " (valeur précédente : "
       C:\Program Files\dotnet\sdk\10.0.101\Sdks\Microsoft.NET.Sdk\targets\Microsoft.PackageDependencyResolution.targets(80,5): message :       ResolveProjectReferences;
       C:\Program Files\dotnet\sdk\10.0.101\Sdks\Microsoft.NET.Sdk\targets\Microsoft.PackageDependencyResolution.targets(80,5): message :       FindInvalidProjectReferences;
       C:\Program Files\dotnet\sdk\10.0.101\Sdks\Microsoft.NET.Sdk\targets\Microsoft.PackageDependencyResolution.targets(80,5): message :       GetFrameworkPaths;
       C:\Program Files\dotnet\sdk\10.0.101\Sdks\Microsoft.NET.Sdk\targets\Microsoft.PackageDependencyResolution.targets(80,5): message :       GetReferenceAssemblyPaths;
       C:\Program Files\dotnet\sdk\10.0.101\Sdks\Microsoft.NET.Sdk\targets\Microsoft.PackageDependencyResolution.targets(80,5): message :       PrepareForBuild;
       C:\Program Files\dotnet\sdk\10.0.101\Sdks\Microsoft.NET.Sdk\targets\Microsoft.PackageDependencyResolution.targets(80,5): message :       ResolveSDKReferences;
       C:\Program Files\dotnet\sdk\10.0.101\Sdks\Microsoft.NET.Sdk\targets\Microsoft.PackageDependencyResolution.targets(80,5): message :       ExpandSDKReferences;
       C:\Program Files\dotnet\sdk\10.0.101\Sdks\Microsoft.NET.Sdk\targets\Microsoft.PackageDependencyResolution.targets(80,5): message :     ") à C:\Program Files\dotnet\sdk\10.0.101\Sdks\Microsoft.NET.Sdk\targets\Microsoft.PackageDependencyResolution.targets (80,5)
       C:\Program Files\dotnet\sdk\10.0.101\Sdks\Microsoft.NET.Sdk\targets\Microsoft.PackageDependencyResolution.targets(86,5): message : Réassignation de propriété : $(PrepareResourcesDependsOn)="
       C:\Program Files\dotnet\sdk\10.0.101\Sdks\Microsoft.NET.Sdk\targets\Microsoft.PackageDependencyResolution.targets(86,5): message :       ResolvePackageDependenciesForBuild;
       C:\Program Files\dotnet\sdk\10.0.101\Sdks\Microsoft.NET.Sdk\targets\Microsoft.PackageDependencyResolution.targets(86,5): message :       _HandlePackageFileConflicts;
       C:\Program Files\dotnet\sdk\10.0.101\Sdks\Microsoft.NET.Sdk\targets\Microsoft.PackageDependencyResolution.targets(86,5): message :       
       C:\Program Files\dotnet\sdk\10.0.101\Sdks\Microsoft.NET.Sdk\targets\Microsoft.PackageDependencyResolution.targets(86,5): message :       ;
       C:\Program Files\dotnet\sdk\10.0.101\Sdks\Microsoft.NET.Sdk\targets\Microsoft.PackageDependencyResolution.targets(86,5): message :       PrepareResourceNames;
       C:\Program Files\dotnet\sdk\10.0.101\Sdks\Microsoft.NET.Sdk\targets\Microsoft.PackageDependencyResolution.targets(86,5): message :       ResGen;
       C:\Program Files\dotnet\sdk\10.0.101\Sdks\Microsoft.NET.Sdk\targets\Microsoft.PackageDependencyResolution.targets(86,5): message :       CompileLicxFiles
       C:\Program Files\dotnet\sdk\10.0.101\Sdks\Microsoft.NET.Sdk\targets\Microsoft.PackageDependencyResolution.targets(86,5): message :     
       C:\Program Files\dotnet\sdk\10.0.101\Sdks\Microsoft.NET.Sdk\targets\Microsoft.PackageDependencyResolution.targets(86,5): message :     " (valeur précédente : "
       C:\Program Files\dotnet\sdk\10.0.101\Sdks\Microsoft.NET.Sdk\targets\Microsoft.PackageDependencyResolution.targets(86,5): message :       ;
       C:\Program Files\dotnet\sdk\10.0.101\Sdks\Microsoft.NET.Sdk\targets\Microsoft.PackageDependencyResolution.targets(86,5): message :       PrepareResourceNames;
       C:\Program Files\dotnet\sdk\10.0.101\Sdks\Microsoft.NET.Sdk\targets\Microsoft.PackageDependencyResolution.targets(86,5): message :       ResGen;
       C:\Program Files\dotnet\sdk\10.0.101\Sdks\Microsoft.NET.Sdk\targets\Microsoft.PackageDependencyResolution.targets(86,5): message :       CompileLicxFiles
       C:\Program Files\dotnet\sdk\10.0.101\Sdks\Microsoft.NET.Sdk\targets\Microsoft.PackageDependencyResolution.targets(86,5): message :     ") à C:\Program Files\dotnet\sdk\10.0.101\Sdks\Microsoft.NET.Sdk\targets\Microsoft.PackageDependencyResolution.targets (86,5)
       C:\Program Files\dotnet\sdk\10.0.101\Sdks\Microsoft.NET.Sdk\targets\Microsoft.NET.Sdk.DefaultItems.targets(35,5): message : Réassignation de propriété : $(DefaultItemExcludes)=";bin\Debug\/**;obj\Debug\/**;bin\/**" (valeur précédente : ";bin\Debug\/**;obj\Debug\/**") à C:\Program Files\dotnet\sdk\10.0.101\Sdks\Microsoft.NET.Sdk\targets\Microsoft.NET.Sdk.DefaultItems.targets (35,5)
       C:\Program Files\dotnet\sdk\10.0.101\Sdks\Microsoft.NET.Sdk\targets\Microsoft.NET.Sdk.DefaultItems.targets(37,5): message : Réassignation de propriété : $(DefaultItemExcludes)=";bin\Debug\/**;obj\Debug\/**;bin\/**;obj\/**" (valeur précédente : ";bin\Debug\/**;obj\Debug\/**;bin\/**") à C:\Program Files\dotnet\sdk\10.0.101\Sdks\Microsoft.NET.Sdk\targets\Microsoft.NET.Sdk.DefaultItems.targets (37,5)
       C:\Program Files\dotnet\sdk\10.0.101\Sdks\Microsoft.NET.Sdk\targets\Microsoft.NET.Sdk.DefaultItems.targets(40,5): message : Réassignation de propriété : $(DefaultItemExcludes)=";bin\Debug\/**;obj\Debug\/**;bin\/**;obj\/**;**/*.user" (valeur précédente : ";bin\Debug\/**;obj\Debug\/**;bin\/**;obj\/**") à C:\Program Files\dotnet\sdk\10.0.101\Sdks\Microsoft.NET.Sdk\targets\Microsoft.NET.Sdk.DefaultItems.targets (40,5)
       C:\Program Files\dotnet\sdk\10.0.101\Sdks\Microsoft.NET.Sdk\targets\Microsoft.NET.Sdk.DefaultItems.targets(41,5): message : Réassignation de propriété : $(DefaultItemExcludes)=";bin\Debug\/**;obj\Debug\/**;bin\/**;obj\/**;**/*.user;**/*.*proj" (valeur précédente : ";bin\Debug\/**;obj\Debug\/**;bin\/**;obj\/**;**/*.user") à C:\Program Files\dotnet\sdk\10.0.101\Sdks\Microsoft.NET.Sdk\targets\Microsoft.NET.Sdk.DefaultItems.targets (41,5)
       C:\Program Files\dotnet\sdk\10.0.101\Sdks\Microsoft.NET.Sdk\targets\Microsoft.NET.Sdk.DefaultItems.targets(42,5): message : Réassignation de propriété : $(DefaultItemExcludes)=";bin\Debug\/**;obj\Debug\/**;bin\/**;obj\/**;**/*.user;**/*.*proj;**/*.sln" (valeur précédente : ";bin\Debug\/**;obj\Debug\/**;bin\/**;obj\/**;**/*.user;**/*.*proj") à C:\Program Files\dotnet\sdk\10.0.101\Sdks\Microsoft.NET.Sdk\targets\Microsoft.NET.Sdk.DefaultItems.targets (42,5)
       C:\Program Files\dotnet\sdk\10.0.101\Sdks\Microsoft.NET.Sdk\targets\Microsoft.NET.Sdk.DefaultItems.targets(43,5): message : Réassignation de propriété : $(DefaultItemExcludes)=";bin\Debug\/**;obj\Debug\/**;bin\/**;obj\/**;**/*.user;**/*.*proj;**/*.sln;**/*.slnx" (valeur précédente : ";bin\Debug\/**;obj\Debug\/**;bin\/**;obj\/**;**/*.user;**/*.*proj;**/*.sln") à C:\Program Files\dotnet\sdk\10.0.101\Sdks\Microsoft.NET.Sdk\targets\Microsoft.NET.Sdk.DefaultItems.targets (43,5)
       C:\Program Files\dotnet\sdk\10.0.101\Sdks\Microsoft.NET.Sdk\targets\Microsoft.NET.Sdk.DefaultItems.targets(44,5): message : Réassignation de propriété : $(DefaultItemExcludes)=";bin\Debug\/**;obj\Debug\/**;bin\/**;obj\/**;**/*.user;**/*.*proj;**/*.sln;**/*.slnx;**/*.vssscc" (valeur précédente : ";bin\Debug\/**;obj\Debug\/**;bin\/**;obj\/**;**/*.user;**/*.*proj;**/*.sln;**/*.slnx") à C:\Program Files\dotnet\sdk\10.0.101\Sdks\Microsoft.NET.Sdk\targets\Microsoft.NET.Sdk.DefaultItems.targets (44,5)
       C:\Program Files\dotnet\sdk\10.0.101\Sdks\Microsoft.NET.Sdk\targets\Microsoft.NET.Sdk.DefaultItems.targets(45,5): message : Réassignation de propriété : $(DefaultItemExcludes)=";bin\Debug\/**;obj\Debug\/**;bin\/**;obj\/**;**/*.user;**/*.*proj;**/*.sln;**/*.slnx;**/*.vssscc;**/.DS_Store" (valeur précédente : ";bin\Debug\/**;obj\Debug\/**;bin\/**;obj\/**;**/*.user;**/*.*proj;**/*.sln;**/*.slnx;**/*.vssscc") à C:\Program Files\dotnet\sdk\10.0.101\Sdks\Microsoft.NET.Sdk\targets\Microsoft.NET.Sdk.DefaultItems.targets (45,5)
       C:\Program Files\dotnet\sdk\10.0.101\Sdks\Microsoft.NET.Sdk\targets\Microsoft.NET.Sdk.FrameworkReferenceResolution.targets(14,5): message : Réassignation de propriété : $(ResolveAssemblyReferencesDependsOn)="
       C:\Program Files\dotnet\sdk\10.0.101\Sdks\Microsoft.NET.Sdk\targets\Microsoft.NET.Sdk.FrameworkReferenceResolution.targets(14,5): message :       
       C:\Program Files\dotnet\sdk\10.0.101\Sdks\Microsoft.NET.Sdk\targets\Microsoft.NET.Sdk.FrameworkReferenceResolution.targets(14,5): message :       
       C:\Program Files\dotnet\sdk\10.0.101\Sdks\Microsoft.NET.Sdk\targets\Microsoft.NET.Sdk.FrameworkReferenceResolution.targets(14,5): message :       ResolveProjectReferences;
       C:\Program Files\dotnet\sdk\10.0.101\Sdks\Microsoft.NET.Sdk\targets\Microsoft.NET.Sdk.FrameworkReferenceResolution.targets(14,5): message :       FindInvalidProjectReferences;
       C:\Program Files\dotnet\sdk\10.0.101\Sdks\Microsoft.NET.Sdk\targets\Microsoft.NET.Sdk.FrameworkReferenceResolution.targets(14,5): message :       GetFrameworkPaths;
       C:\Program Files\dotnet\sdk\10.0.101\Sdks\Microsoft.NET.Sdk\targets\Microsoft.NET.Sdk.FrameworkReferenceResolution.targets(14,5): message :       GetReferenceAssemblyPaths;
       C:\Program Files\dotnet\sdk\10.0.101\Sdks\Microsoft.NET.Sdk\targets\Microsoft.NET.Sdk.FrameworkReferenceResolution.targets(14,5): message :       PrepareForBuild;
       C:\Program Files\dotnet\sdk\10.0.101\Sdks\Microsoft.NET.Sdk\targets\Microsoft.NET.Sdk.FrameworkReferenceResolution.targets(14,5): message :       ResolveSDKReferences;
       C:\Program Files\dotnet\sdk\10.0.101\Sdks\Microsoft.NET.Sdk\targets\Microsoft.NET.Sdk.FrameworkReferenceResolution.targets(14,5): message :       ExpandSDKReferences;
       C:\Program Files\dotnet\sdk\10.0.101\Sdks\Microsoft.NET.Sdk\targets\Microsoft.NET.Sdk.FrameworkReferenceResolution.targets(14,5): message :     ;
       C:\Program Files\dotnet\sdk\10.0.101\Sdks\Microsoft.NET.Sdk\targets\Microsoft.NET.Sdk.FrameworkReferenceResolution.targets(14,5): message :       ResolvePackageDependenciesForBuild;
       C:\Program Files\dotnet\sdk\10.0.101\Sdks\Microsoft.NET.Sdk\targets\Microsoft.NET.Sdk.FrameworkReferenceResolution.targets(14,5): message :       _HandlePackageFileConflicts;
       C:\Program Files\dotnet\sdk\10.0.101\Sdks\Microsoft.NET.Sdk\targets\Microsoft.NET.Sdk.FrameworkReferenceResolution.targets(14,5): message :     ;
       C:\Program Files\dotnet\sdk\10.0.101\Sdks\Microsoft.NET.Sdk\targets\Microsoft.NET.Sdk.FrameworkReferenceResolution.targets(14,5): message :       ResolveTargetingPackAssets;
       C:\Program Files\dotnet\sdk\10.0.101\Sdks\Microsoft.NET.Sdk\targets\Microsoft.NET.Sdk.FrameworkReferenceResolution.targets(14,5): message :     " (valeur précédente : "
       C:\Program Files\dotnet\sdk\10.0.101\Sdks\Microsoft.NET.Sdk\targets\Microsoft.NET.Sdk.FrameworkReferenceResolution.targets(14,5): message :       
       C:\Program Files\dotnet\sdk\10.0.101\Sdks\Microsoft.NET.Sdk\targets\Microsoft.NET.Sdk.FrameworkReferenceResolution.targets(14,5): message :       ResolveProjectReferences;
       C:\Program Files\dotnet\sdk\10.0.101\Sdks\Microsoft.NET.Sdk\targets\Microsoft.NET.Sdk.FrameworkReferenceResolution.targets(14,5): message :       FindInvalidProjectReferences;
       C:\Program Files\dotnet\sdk\10.0.101\Sdks\Microsoft.NET.Sdk\targets\Microsoft.NET.Sdk.FrameworkReferenceResolution.targets(14,5): message :       GetFrameworkPaths;
       C:\Program Files\dotnet\sdk\10.0.101\Sdks\Microsoft.NET.Sdk\targets\Microsoft.NET.Sdk.FrameworkReferenceResolution.targets(14,5): message :       GetReferenceAssemblyPaths;
       C:\Program Files\dotnet\sdk\10.0.101\Sdks\Microsoft.NET.Sdk\targets\Microsoft.NET.Sdk.FrameworkReferenceResolution.targets(14,5): message :       PrepareForBuild;
       C:\Program Files\dotnet\sdk\10.0.101\Sdks\Microsoft.NET.Sdk\targets\Microsoft.NET.Sdk.FrameworkReferenceResolution.targets(14,5): message :       ResolveSDKReferences;
       C:\Program Files\dotnet\sdk\10.0.101\Sdks\Microsoft.NET.Sdk\targets\Microsoft.NET.Sdk.FrameworkReferenceResolution.targets(14,5): message :       ExpandSDKReferences;
       C:\Program Files\dotnet\sdk\10.0.101\Sdks\Microsoft.NET.Sdk\targets\Microsoft.NET.Sdk.FrameworkReferenceResolution.targets(14,5): message :     ;
       C:\Program Files\dotnet\sdk\10.0.101\Sdks\Microsoft.NET.Sdk\targets\Microsoft.NET.Sdk.FrameworkReferenceResolution.targets(14,5): message :       ResolvePackageDependenciesForBuild;
       C:\Program Files\dotnet\sdk\10.0.101\Sdks\Microsoft.NET.Sdk\targets\Microsoft.NET.Sdk.FrameworkReferenceResolution.targets(14,5): message :       _HandlePackageFileConflicts;
       C:\Program Files\dotnet\sdk\10.0.101\Sdks\Microsoft.NET.Sdk\targets\Microsoft.NET.Sdk.FrameworkReferenceResolution.targets(14,5): message :     ") à C:\Program Files\dotnet\sdk\10.0.101\Sdks\Microsoft.NET.Sdk\targets\Microsoft.NET.Sdk.FrameworkReferenceResolution.targets (14,5)
       C:\Program Files\dotnet\sdk\10.0.101\Sdks\Microsoft.NET.Sdk\targets\Microsoft.NET.Sdk.targets(44,5): message : Réassignation de propriété : $(_GenerateRuntimeConfigurationPropertyInputsCache)="C:\Users\rdenimal\Documents\gestionnaire_doublon\DoublonManager\obj\Debug\net6.0-windows\DoublonManager.genruntimeconfig.cache" (valeur précédente : "obj\Debug\net6.0-windows\DoublonManager.genruntimeconfig.cache") à C:\Program Files\dotnet\sdk\10.0.101\Sdks\Microsoft.NET.Sdk\targets\Microsoft.NET.Sdk.targets (44,5)
       C:\Program Files\dotnet\sdk\10.0.101\Sdks\Microsoft.NET.Sdk\targets\Microsoft.NET.Sdk.targets(46,5): message : Réassignation de propriété : $(_GeneratePublishDependencyFilePropertyInputsCache)="C:\Users\rdenimal\Documents\gestionnaire_doublon\DoublonManager\obj\Debug\net6.0-windows\DoublonManager.genpublishdeps.cache" (valeur précédente : "obj\Debug\net6.0-windows\DoublonManager.genpublishdeps.cache") à C:\Program Files\dotnet\sdk\10.0.101\Sdks\Microsoft.NET.Sdk\targets\Microsoft.NET.Sdk.targets (46,5)
       C:\Program Files\dotnet\sdk\10.0.101\Sdks\Microsoft.NET.Sdk\targets\Microsoft.NET.Sdk.targets(48,5): message : Réassignation de propriété : $(_GenerateSingleFileBundlePropertyInputsCache)="C:\Users\rdenimal\Documents\gestionnaire_doublon\DoublonManager\obj\Debug\net6.0-windows\DoublonManager.genbundle.cache" (valeur précédente : "obj\Debug\net6.0-windows\DoublonManager.genbundle.cache") à C:\Program Files\dotnet\sdk\10.0.101\Sdks\Microsoft.NET.Sdk\targets\Microsoft.NET.Sdk.targets (48,5)
       C:\Program Files\dotnet\sdk\10.0.101\Sdks\Microsoft.NET.Sdk\targets\Microsoft.NET.Sdk.targets(81,5): message : Réassignation de propriété : $(GenerateRuntimeConfigDevFile)="false" (valeur précédente : "true") à C:\Program Files\dotnet\sdk\10.0.101\Sdks\Microsoft.NET.Sdk\targets\Microsoft.NET.Sdk.targets (81,5)
       C:\Program Files\dotnet\sdk\10.0.101\Sdks\Microsoft.NET.Sdk\targets\Microsoft.NET.Sdk.targets(98,5): message : Réassignation de propriété : $(_DefaultUserProfileRuntimeStorePath)="C:\Users\rdenimal" (valeur précédente : "") à C:\Program Files\dotnet\sdk\10.0.101\Sdks\Microsoft.NET.Sdk\targets\Microsoft.NET.Sdk.targets (98,5)
       C:\Program Files\dotnet\sdk\10.0.101\Sdks\Microsoft.NET.Sdk\targets\Microsoft.NET.Sdk.targets(99,5): message : Réassignation de propriété : $(_DefaultUserProfileRuntimeStorePath)="C:\Users\rdenimal\.dotnet\store" (valeur précédente : "C:\Users\rdenimal") à C:\Program Files\dotnet\sdk\10.0.101\Sdks\Microsoft.NET.Sdk\targets\Microsoft.NET.Sdk.targets (99,5)
       C:\Program Files\dotnet\sdk\10.0.101\Sdks\Microsoft.NET.Sdk\targets\Microsoft.NET.Sdk.targets(144,5): message : Réassignation de propriété : $(AvailablePlatforms)="Any CPU,x86,x64,ARM32" (valeur précédente : "Any CPU,x86,x64") à C:\Program Files\dotnet\sdk\10.0.101\Sdks\Microsoft.NET.Sdk\targets\Microsoft.NET.Sdk.targets (144,5)
       C:\Program Files\dotnet\sdk\10.0.101\Sdks\Microsoft.NET.Sdk\targets\Microsoft.NET.Sdk.targets(148,5): message : Réassignation de propriété : $(AvailablePlatforms)="Any CPU,x86,x64,ARM32,ARM64" (valeur précédente : "Any CPU,x86,x64,ARM32") à C:\Program Files\dotnet\sdk\10.0.101\Sdks\Microsoft.NET.Sdk\targets\Microsoft.NET.Sdk.targets (148,5)
       C:\Program Files\dotnet\sdk\10.0.101\Sdks\Microsoft.NET.Sdk\targets\Microsoft.NET.Sdk.targets(204,5): message : Réassignation de propriété : $(CoreBuildDependsOn)="
       C:\Program Files\dotnet\sdk\10.0.101\Sdks\Microsoft.NET.Sdk\targets\Microsoft.NET.Sdk.targets(204,5): message :       _CheckForBuildWithNoBuild;
       C:\Program Files\dotnet\sdk\10.0.101\Sdks\Microsoft.NET.Sdk\targets\Microsoft.NET.Sdk.targets(204,5): message :       
       C:\Program Files\dotnet\sdk\10.0.101\Sdks\Microsoft.NET.Sdk\targets\Microsoft.NET.Sdk.targets(204,5): message :       BuildOnlySettings;
       C:\Program Files\dotnet\sdk\10.0.101\Sdks\Microsoft.NET.Sdk\targets\Microsoft.NET.Sdk.targets(204,5): message :       PrepareForBuild;
       C:\Program Files\dotnet\sdk\10.0.101\Sdks\Microsoft.NET.Sdk\targets\Microsoft.NET.Sdk.targets(204,5): message :       PreBuildEvent;
       C:\Program Files\dotnet\sdk\10.0.101\Sdks\Microsoft.NET.Sdk\targets\Microsoft.NET.Sdk.targets(204,5): message :       ResolveReferences;
       C:\Program Files\dotnet\sdk\10.0.101\Sdks\Microsoft.NET.Sdk\targets\Microsoft.NET.Sdk.targets(204,5): message :       PrepareResources;
       C:\Program Files\dotnet\sdk\10.0.101\Sdks\Microsoft.NET.Sdk\targets\Microsoft.NET.Sdk.targets(204,5): message :       ResolveKeySource;
       C:\Program Files\dotnet\sdk\10.0.101\Sdks\Microsoft.NET.Sdk\targets\Microsoft.NET.Sdk.targets(204,5): message :       Compile;
       C:\Program Files\dotnet\sdk\10.0.101\Sdks\Microsoft.NET.Sdk\targets\Microsoft.NET.Sdk.targets(204,5): message :       ExportWindowsMDFile;
       C:\Program Files\dotnet\sdk\10.0.101\Sdks\Microsoft.NET.Sdk\targets\Microsoft.NET.Sdk.targets(204,5): message :       UnmanagedUnregistration;
       C:\Program Files\dotnet\sdk\10.0.101\Sdks\Microsoft.NET.Sdk\targets\Microsoft.NET.Sdk.targets(204,5): message :       GenerateSerializationAssemblies;
       C:\Program Files\dotnet\sdk\10.0.101\Sdks\Microsoft.NET.Sdk\targets\Microsoft.NET.Sdk.targets(204,5): message :       CreateSatelliteAssemblies;
       C:\Program Files\dotnet\sdk\10.0.101\Sdks\Microsoft.NET.Sdk\targets\Microsoft.NET.Sdk.targets(204,5): message :       GenerateManifests;
       C:\Program Files\dotnet\sdk\10.0.101\Sdks\Microsoft.NET.Sdk\targets\Microsoft.NET.Sdk.targets(204,5): message :       GetTargetPath;
       C:\Program Files\dotnet\sdk\10.0.101\Sdks\Microsoft.NET.Sdk\targets\Microsoft.NET.Sdk.targets(204,5): message :       PrepareForRun;
       C:\Program Files\dotnet\sdk\10.0.101\Sdks\Microsoft.NET.Sdk\targets\Microsoft.NET.Sdk.targets(204,5): message :       UnmanagedRegistration;
       C:\Program Files\dotnet\sdk\10.0.101\Sdks\Microsoft.NET.Sdk\targets\Microsoft.NET.Sdk.targets(204,5): message :       IncrementalClean;
       C:\Program Files\dotnet\sdk\10.0.101\Sdks\Microsoft.NET.Sdk\targets\Microsoft.NET.Sdk.targets(204,5): message :       PostBuildEvent
       C:\Program Files\dotnet\sdk\10.0.101\Sdks\Microsoft.NET.Sdk\targets\Microsoft.NET.Sdk.targets(204,5): message :     ;
       C:\Program Files\dotnet\sdk\10.0.101\Sdks\Microsoft.NET.Sdk\targets\Microsoft.NET.Sdk.targets(204,5): message :       GenerateBuildDependencyFile;
       C:\Program Files\dotnet\sdk\10.0.101\Sdks\Microsoft.NET.Sdk\targets\Microsoft.NET.Sdk.targets(204,5): message :       GenerateBuildRuntimeConfigurationFiles
       C:\Program Files\dotnet\sdk\10.0.101\Sdks\Microsoft.NET.Sdk\targets\Microsoft.NET.Sdk.targets(204,5): message :     " (valeur précédente : "
       C:\Program Files\dotnet\sdk\10.0.101\Sdks\Microsoft.NET.Sdk\targets\Microsoft.NET.Sdk.targets(204,5): message :       BuildOnlySettings;
       C:\Program Files\dotnet\sdk\10.0.101\Sdks\Microsoft.NET.Sdk\targets\Microsoft.NET.Sdk.targets(204,5): message :       PrepareForBuild;
       C:\Program Files\dotnet\sdk\10.0.101\Sdks\Microsoft.NET.Sdk\targets\Microsoft.NET.Sdk.targets(204,5): message :       PreBuildEvent;
       C:\Program Files\dotnet\sdk\10.0.101\Sdks\Microsoft.NET.Sdk\targets\Microsoft.NET.Sdk.targets(204,5): message :       ResolveReferences;
       C:\Program Files\dotnet\sdk\10.0.101\Sdks\Microsoft.NET.Sdk\targets\Microsoft.NET.Sdk.targets(204,5): message :       PrepareResources;
       C:\Program Files\dotnet\sdk\10.0.101\Sdks\Microsoft.NET.Sdk\targets\Microsoft.NET.Sdk.targets(204,5): message :       ResolveKeySource;
       C:\Program Files\dotnet\sdk\10.0.101\Sdks\Microsoft.NET.Sdk\targets\Microsoft.NET.Sdk.targets(204,5): message :       Compile;
       C:\Program Files\dotnet\sdk\10.0.101\Sdks\Microsoft.NET.Sdk\targets\Microsoft.NET.Sdk.targets(204,5): message :       ExportWindowsMDFile;
       C:\Program Files\dotnet\sdk\10.0.101\Sdks\Microsoft.NET.Sdk\targets\Microsoft.NET.Sdk.targets(204,5): message :       UnmanagedUnregistration;
       C:\Program Files\dotnet\sdk\10.0.101\Sdks\Microsoft.NET.Sdk\targets\Microsoft.NET.Sdk.targets(204,5): message :       GenerateSerializationAssemblies;
       C:\Program Files\dotnet\sdk\10.0.101\Sdks\Microsoft.NET.Sdk\targets\Microsoft.NET.Sdk.targets(204,5): message :       CreateSatelliteAssemblies;
       C:\Program Files\dotnet\sdk\10.0.101\Sdks\Microsoft.NET.Sdk\targets\Microsoft.NET.Sdk.targets(204,5): message :       GenerateManifests;
       C:\Program Files\dotnet\sdk\10.0.101\Sdks\Microsoft.NET.Sdk\targets\Microsoft.NET.Sdk.targets(204,5): message :       GetTargetPath;
       C:\Program Files\dotnet\sdk\10.0.101\Sdks\Microsoft.NET.Sdk\targets\Microsoft.NET.Sdk.targets(204,5): message :       PrepareForRun;
       C:\Program Files\dotnet\sdk\10.0.101\Sdks\Microsoft.NET.Sdk\targets\Microsoft.NET.Sdk.targets(204,5): message :       UnmanagedRegistration;
       C:\Program Files\dotnet\sdk\10.0.101\Sdks\Microsoft.NET.Sdk\targets\Microsoft.NET.Sdk.targets(204,5): message :       IncrementalClean;
       C:\Program Files\dotnet\sdk\10.0.101\Sdks\Microsoft.NET.Sdk\targets\Microsoft.NET.Sdk.targets(204,5): message :       PostBuildEvent
       C:\Program Files\dotnet\sdk\10.0.101\Sdks\Microsoft.NET.Sdk\targets\Microsoft.NET.Sdk.targets(204,5): message :     ") à C:\Program Files\dotnet\sdk\10.0.101\Sdks\Microsoft.NET.Sdk\targets\Microsoft.NET.Sdk.targets (204,5)
       C:\Program Files\dotnet\sdk\10.0.101\Sdks\Microsoft.NET.Sdk\targets\Microsoft.NET.Sdk.targets(213,5): message : Réassignation de propriété : $(CoreCleanDependsOn)="
       C:\Program Files\dotnet\sdk\10.0.101\Sdks\Microsoft.NET.Sdk\targets\Microsoft.NET.Sdk.targets(213,5): message :       _SdkBeforeClean;
       C:\Program Files\dotnet\sdk\10.0.101\Sdks\Microsoft.NET.Sdk\targets\Microsoft.NET.Sdk.targets(213,5): message :       
       C:\Program Files\dotnet\sdk\10.0.101\Sdks\Microsoft.NET.Sdk\targets\Microsoft.NET.Sdk.targets(213,5): message :     " (valeur précédente : "") à C:\Program Files\dotnet\sdk\10.0.101\Sdks\Microsoft.NET.Sdk\targets\Microsoft.NET.Sdk.targets (213,5)
       C:\Program Files\dotnet\sdk\10.0.101\Sdks\Microsoft.NET.Sdk\targets\Microsoft.NET.Sdk.targets(220,5): message : Réassignation de propriété : $(RebuildDependsOn)="
       C:\Program Files\dotnet\sdk\10.0.101\Sdks\Microsoft.NET.Sdk\targets\Microsoft.NET.Sdk.targets(220,5): message :       _SdkBeforeRebuild;
       C:\Program Files\dotnet\sdk\10.0.101\Sdks\Microsoft.NET.Sdk\targets\Microsoft.NET.Sdk.targets(220,5): message :       
       C:\Program Files\dotnet\sdk\10.0.101\Sdks\Microsoft.NET.Sdk\targets\Microsoft.NET.Sdk.targets(220,5): message :       BeforeRebuild;
       C:\Program Files\dotnet\sdk\10.0.101\Sdks\Microsoft.NET.Sdk\targets\Microsoft.NET.Sdk.targets(220,5): message :       Clean;
       C:\Program Files\dotnet\sdk\10.0.101\Sdks\Microsoft.NET.Sdk\targets\Microsoft.NET.Sdk.targets(220,5): message :       Build;
       C:\Program Files\dotnet\sdk\10.0.101\Sdks\Microsoft.NET.Sdk\targets\Microsoft.NET.Sdk.targets(220,5): message :       AfterRebuild;
       C:\Program Files\dotnet\sdk\10.0.101\Sdks\Microsoft.NET.Sdk\targets\Microsoft.NET.Sdk.targets(220,5): message :     
       C:\Program Files\dotnet\sdk\10.0.101\Sdks\Microsoft.NET.Sdk\targets\Microsoft.NET.Sdk.targets(220,5): message :     " (valeur précédente : "
       C:\Program Files\dotnet\sdk\10.0.101\Sdks\Microsoft.NET.Sdk\targets\Microsoft.NET.Sdk.targets(220,5): message :       BeforeRebuild;
       C:\Program Files\dotnet\sdk\10.0.101\Sdks\Microsoft.NET.Sdk\targets\Microsoft.NET.Sdk.targets(220,5): message :       Clean;
       C:\Program Files\dotnet\sdk\10.0.101\Sdks\Microsoft.NET.Sdk\targets\Microsoft.NET.Sdk.targets(220,5): message :       Build;
       C:\Program Files\dotnet\sdk\10.0.101\Sdks\Microsoft.NET.Sdk\targets\Microsoft.NET.Sdk.targets(220,5): message :       AfterRebuild;
       C:\Program Files\dotnet\sdk\10.0.101\Sdks\Microsoft.NET.Sdk\targets\Microsoft.NET.Sdk.targets(220,5): message :     ") à C:\Program Files\dotnet\sdk\10.0.101\Sdks\Microsoft.NET.Sdk\targets\Microsoft.NET.Sdk.targets (220,5)
       C:\Program Files\dotnet\sdk\10.0.101\Sdks\Microsoft.NET.Sdk\targets\Microsoft.NET.Sdk.targets(799,5): message : Réassignation de propriété : $(CompileDependsOn)="
       C:\Program Files\dotnet\sdk\10.0.101\Sdks\Microsoft.NET.Sdk\targets\Microsoft.NET.Sdk.targets(799,5): message :       
       C:\Program Files\dotnet\sdk\10.0.101\Sdks\Microsoft.NET.Sdk\targets\Microsoft.NET.Sdk.targets(799,5): message :       ResolveReferences;
       C:\Program Files\dotnet\sdk\10.0.101\Sdks\Microsoft.NET.Sdk\targets\Microsoft.NET.Sdk.targets(799,5): message :       ResolveKeySource;
       C:\Program Files\dotnet\sdk\10.0.101\Sdks\Microsoft.NET.Sdk\targets\Microsoft.NET.Sdk.targets(799,5): message :       SetWin32ManifestProperties;
       C:\Program Files\dotnet\sdk\10.0.101\Sdks\Microsoft.NET.Sdk\targets\Microsoft.NET.Sdk.targets(799,5): message :       _SetPreferNativeArm64Win32ManifestProperties;
       C:\Program Files\dotnet\sdk\10.0.101\Sdks\Microsoft.NET.Sdk\targets\Microsoft.NET.Sdk.targets(799,5): message :       FindReferenceAssembliesForReferences;
       C:\Program Files\dotnet\sdk\10.0.101\Sdks\Microsoft.NET.Sdk\targets\Microsoft.NET.Sdk.targets(799,5): message :       _GenerateCompileInputs;
       C:\Program Files\dotnet\sdk\10.0.101\Sdks\Microsoft.NET.Sdk\targets\Microsoft.NET.Sdk.targets(799,5): message :       BeforeCompile;
       C:\Program Files\dotnet\sdk\10.0.101\Sdks\Microsoft.NET.Sdk\targets\Microsoft.NET.Sdk.targets(799,5): message :       _TimeStampBeforeCompile;
       C:\Program Files\dotnet\sdk\10.0.101\Sdks\Microsoft.NET.Sdk\targets\Microsoft.NET.Sdk.targets(799,5): message :       _GenerateCompileDependencyCache;
       C:\Program Files\dotnet\sdk\10.0.101\Sdks\Microsoft.NET.Sdk\targets\Microsoft.NET.Sdk.targets(799,5): message :       CoreCompile;
       C:\Program Files\dotnet\sdk\10.0.101\Sdks\Microsoft.NET.Sdk\targets\Microsoft.NET.Sdk.targets(799,5): message :       _TimeStampAfterCompile;
       C:\Program Files\dotnet\sdk\10.0.101\Sdks\Microsoft.NET.Sdk\targets\Microsoft.NET.Sdk.targets(799,5): message :       AfterCompile;
       C:\Program Files\dotnet\sdk\10.0.101\Sdks\Microsoft.NET.Sdk\targets\Microsoft.NET.Sdk.targets(799,5): message :     ;
       C:\Program Files\dotnet\sdk\10.0.101\Sdks\Microsoft.NET.Sdk\targets\Microsoft.NET.Sdk.targets(799,5): message :       _CreateAppHost;
       C:\Program Files\dotnet\sdk\10.0.101\Sdks\Microsoft.NET.Sdk\targets\Microsoft.NET.Sdk.targets(799,5): message :       _CreateComHost;
       C:\Program Files\dotnet\sdk\10.0.101\Sdks\Microsoft.NET.Sdk\targets\Microsoft.NET.Sdk.targets(799,5): message :       _GetIjwHostPaths;
       C:\Program Files\dotnet\sdk\10.0.101\Sdks\Microsoft.NET.Sdk\targets\Microsoft.NET.Sdk.targets(799,5): message :     " (valeur précédente : "
       C:\Program Files\dotnet\sdk\10.0.101\Sdks\Microsoft.NET.Sdk\targets\Microsoft.NET.Sdk.targets(799,5): message :       ResolveReferences;
       C:\Program Files\dotnet\sdk\10.0.101\Sdks\Microsoft.NET.Sdk\targets\Microsoft.NET.Sdk.targets(799,5): message :       ResolveKeySource;
       C:\Program Files\dotnet\sdk\10.0.101\Sdks\Microsoft.NET.Sdk\targets\Microsoft.NET.Sdk.targets(799,5): message :       SetWin32ManifestProperties;
       C:\Program Files\dotnet\sdk\10.0.101\Sdks\Microsoft.NET.Sdk\targets\Microsoft.NET.Sdk.targets(799,5): message :       _SetPreferNativeArm64Win32ManifestProperties;
       C:\Program Files\dotnet\sdk\10.0.101\Sdks\Microsoft.NET.Sdk\targets\Microsoft.NET.Sdk.targets(799,5): message :       FindReferenceAssembliesForReferences;
       C:\Program Files\dotnet\sdk\10.0.101\Sdks\Microsoft.NET.Sdk\targets\Microsoft.NET.Sdk.targets(799,5): message :       _GenerateCompileInputs;
       C:\Program Files\dotnet\sdk\10.0.101\Sdks\Microsoft.NET.Sdk\targets\Microsoft.NET.Sdk.targets(799,5): message :       BeforeCompile;
       C:\Program Files\dotnet\sdk\10.0.101\Sdks\Microsoft.NET.Sdk\targets\Microsoft.NET.Sdk.targets(799,5): message :       _TimeStampBeforeCompile;
       C:\Program Files\dotnet\sdk\10.0.101\Sdks\Microsoft.NET.Sdk\targets\Microsoft.NET.Sdk.targets(799,5): message :       _GenerateCompileDependencyCache;
       C:\Program Files\dotnet\sdk\10.0.101\Sdks\Microsoft.NET.Sdk\targets\Microsoft.NET.Sdk.targets(799,5): message :       CoreCompile;
       C:\Program Files\dotnet\sdk\10.0.101\Sdks\Microsoft.NET.Sdk\targets\Microsoft.NET.Sdk.targets(799,5): message :       _TimeStampAfterCompile;
       C:\Program Files\dotnet\sdk\10.0.101\Sdks\Microsoft.NET.Sdk\targets\Microsoft.NET.Sdk.targets(799,5): message :       AfterCompile;
       C:\Program Files\dotnet\sdk\10.0.101\Sdks\Microsoft.NET.Sdk\targets\Microsoft.NET.Sdk.targets(799,5): message :     ") à C:\Program Files\dotnet\sdk\10.0.101\Sdks\Microsoft.NET.Sdk\targets\Microsoft.NET.Sdk.targets (799,5)
       C:\Program Files\dotnet\sdk\10.0.101\Sdks\Microsoft.NET.Sdk\targets\Microsoft.NET.Sdk.targets(1131,5): message : Réassignation de propriété : $(CreateSatelliteAssembliesDependsOn)="
       C:\Program Files\dotnet\sdk\10.0.101\Sdks\Microsoft.NET.Sdk\targets\Microsoft.NET.Sdk.targets(1131,5): message :       
       C:\Program Files\dotnet\sdk\10.0.101\Sdks\Microsoft.NET.Sdk\targets\Microsoft.NET.Sdk.targets(1131,5): message :       ;
       C:\Program Files\dotnet\sdk\10.0.101\Sdks\Microsoft.NET.Sdk\targets\Microsoft.NET.Sdk.targets(1131,5): message :       _GenerateSatelliteAssemblyInputs;
       C:\Program Files\dotnet\sdk\10.0.101\Sdks\Microsoft.NET.Sdk\targets\Microsoft.NET.Sdk.targets(1131,5): message :       ComputeIntermediateSatelliteAssemblies;
       C:\Program Files\dotnet\sdk\10.0.101\Sdks\Microsoft.NET.Sdk\targets\Microsoft.NET.Sdk.targets(1131,5): message :       GenerateSatelliteAssemblies
       C:\Program Files\dotnet\sdk\10.0.101\Sdks\Microsoft.NET.Sdk\targets\Microsoft.NET.Sdk.targets(1131,5): message :     ;
       C:\Program Files\dotnet\sdk\10.0.101\Sdks\Microsoft.NET.Sdk\targets\Microsoft.NET.Sdk.targets(1131,5): message :       CoreGenerateSatelliteAssemblies
       C:\Program Files\dotnet\sdk\10.0.101\Sdks\Microsoft.NET.Sdk\targets\Microsoft.NET.Sdk.targets(1131,5): message :     " (valeur précédente : "
       C:\Program Files\dotnet\sdk\10.0.101\Sdks\Microsoft.NET.Sdk\targets\Microsoft.NET.Sdk.targets(1131,5): message :       ;
       C:\Program Files\dotnet\sdk\10.0.101\Sdks\Microsoft.NET.Sdk\targets\Microsoft.NET.Sdk.targets(1131,5): message :       _GenerateSatelliteAssemblyInputs;
       C:\Program Files\dotnet\sdk\10.0.101\Sdks\Microsoft.NET.Sdk\targets\Microsoft.NET.Sdk.targets(1131,5): message :       ComputeIntermediateSatelliteAssemblies;
       C:\Program Files\dotnet\sdk\10.0.101\Sdks\Microsoft.NET.Sdk\targets\Microsoft.NET.Sdk.targets(1131,5): message :       GenerateSatelliteAssemblies
       C:\Program Files\dotnet\sdk\10.0.101\Sdks\Microsoft.NET.Sdk\targets\Microsoft.NET.Sdk.targets(1131,5): message :     ") à C:\Program Files\dotnet\sdk\10.0.101\Sdks\Microsoft.NET.Sdk\targets\Microsoft.NET.Sdk.targets (1131,5)
       C:\Program Files\dotnet\sdk\10.0.101\Sdks\Microsoft.SourceLink.GitLab\build\Microsoft.SourceLink.GitLab.targets(12,5): message : Réassignation de propriété : $(SourceLinkUrlInitializerTargets)=";_InitializeGitHubSourceLinkUrl;_InitializeGitLabSourceLinkUrl" (valeur précédente : ";_InitializeGitHubSourceLinkUrl") à C:\Program Files\dotnet\sdk\10.0.101\Sdks\Microsoft.SourceLink.GitLab\build\Microsoft.SourceLink.GitLab.targets (12,5)
       C:\Program Files\dotnet\sdk\10.0.101\Sdks\Microsoft.SourceLink.GitLab\build\Microsoft.SourceLink.GitLab.targets(13,5): message : Réassignation de propriété : $(SourceControlManagerUrlTranslationTargets)=";TranslateGitHubUrlsInSourceControlInformation;TranslateGitLabUrlsInSourceControlInformation" (valeur précédente : ";TranslateGitHubUrlsInSourceControlInformation") à C:\Program Files\dotnet\sdk\10.0.101\Sdks\Microsoft.SourceLink.GitLab\build\Microsoft.SourceLink.GitLab.targets (13,5)
       C:\Program Files\dotnet\sdk\10.0.101\Sdks\Microsoft.SourceLink.AzureRepos.Git\build\Microsoft.SourceLink.AzureRepos.Git.targets(12,5): message : Réassignation de propriété : $(SourceLinkUrlInitializerTargets)=";_InitializeGitHubSourceLinkUrl;_InitializeGitLabSourceLinkUrl;_InitializeAzureReposGitSourceLinkUrl" (valeur précédente : ";_InitializeGitHubSourceLinkUrl;_InitializeGitLabSourceLinkUrl") à C:\Program Files\dotnet\sdk\10.0.101\Sdks\Microsoft.SourceLink.AzureRepos.Git\build\Microsoft.SourceLink.AzureRepos.Git.targets (12,5)
       C:\Program Files\dotnet\sdk\10.0.101\Sdks\Microsoft.SourceLink.AzureRepos.Git\build\Microsoft.SourceLink.AzureRepos.Git.targets(13,5): message : Réassignation de propriété : $(SourceControlManagerUrlTranslationTargets)=";TranslateGitHubUrlsInSourceControlInformation;TranslateGitLabUrlsInSourceControlInformation;TranslateAzureReposGitUrlsInSourceControlInformation" (valeur précédente : ";TranslateGitHubUrlsInSourceControlInformation;TranslateGitLabUrlsInSourceControlInformation") à C:\Program Files\dotnet\sdk\10.0.101\Sdks\Microsoft.SourceLink.AzureRepos.Git\build\Microsoft.SourceLink.AzureRepos.Git.targets (13,5)
       C:\Program Files\dotnet\sdk\10.0.101\Sdks\Microsoft.SourceLink.Bitbucket.Git\build\Microsoft.SourceLink.Bitbucket.Git.targets(12,5): message : Réassignation de propriété : $(SourceLinkUrlInitializerTargets)=";_InitializeGitHubSourceLinkUrl;_InitializeGitLabSourceLinkUrl;_InitializeAzureReposGitSourceLinkUrl;_InitializeBitbucketGitSourceLinkUrl" (valeur précédente : ";_InitializeGitHubSourceLinkUrl;_InitializeGitLabSourceLinkUrl;_InitializeAzureReposGitSourceLinkUrl") à C:\Program Files\dotnet\sdk\10.0.101\Sdks\Microsoft.SourceLink.Bitbucket.Git\build\Microsoft.SourceLink.Bitbucket.Git.targets (12,5)
       C:\Program Files\dotnet\sdk\10.0.101\Sdks\Microsoft.SourceLink.Bitbucket.Git\build\Microsoft.SourceLink.Bitbucket.Git.targets(13,5): message : Réassignation de propriété : $(SourceControlManagerUrlTranslationTargets)=";TranslateGitHubUrlsInSourceControlInformation;TranslateGitLabUrlsInSourceControlInformation;TranslateAzureReposGitUrlsInSourceControlInformation;TranslateBitbucketGitUrlsInSourceControlInformation" (valeur précédente : ";TranslateGitHubUrlsInSourceControlInformation;TranslateGitLabUrlsInSourceControlInformation;TranslateAzureReposGitUrlsInSourceControlInformation") à C:\Program Files\dotnet\sdk\10.0.101\Sdks\Microsoft.SourceLink.Bitbucket.Git\build\Microsoft.SourceLink.Bitbucket.Git.targets (13,5)
       C:\Program Files\dotnet\sdk\10.0.101\Sdks\Microsoft.NET.Sdk\targets\Microsoft.NET.DesignerSupport.targets(21,5): message : Réassignation de propriété : $(DesignerRuntimeImplementationProjectOutputGroupDependsOn)="
       C:\Program Files\dotnet\sdk\10.0.101\Sdks\Microsoft.NET.Sdk\targets\Microsoft.NET.DesignerSupport.targets(21,5): message :       
       C:\Program Files\dotnet\sdk\10.0.101\Sdks\Microsoft.NET.Sdk\targets\Microsoft.NET.DesignerSupport.targets(21,5): message :       ;
       C:\Program Files\dotnet\sdk\10.0.101\Sdks\Microsoft.NET.Sdk\targets\Microsoft.NET.DesignerSupport.targets(21,5): message :       
       C:\Program Files\dotnet\sdk\10.0.101\Sdks\Microsoft.NET.Sdk\targets\Microsoft.NET.DesignerSupport.targets(21,5): message :       ;
       C:\Program Files\dotnet\sdk\10.0.101\Sdks\Microsoft.NET.Sdk\targets\Microsoft.NET.DesignerSupport.targets(21,5): message :       BuildOnlySettings;
       C:\Program Files\dotnet\sdk\10.0.101\Sdks\Microsoft.NET.Sdk\targets\Microsoft.NET.DesignerSupport.targets(21,5): message :       PrepareForBuild;
       C:\Program Files\dotnet\sdk\10.0.101\Sdks\Microsoft.NET.Sdk\targets\Microsoft.NET.DesignerSupport.targets(21,5): message :       AssignTargetPaths;
       C:\Program Files\dotnet\sdk\10.0.101\Sdks\Microsoft.NET.Sdk\targets\Microsoft.NET.DesignerSupport.targets(21,5): message :       ResolveReferences
       C:\Program Files\dotnet\sdk\10.0.101\Sdks\Microsoft.NET.Sdk\targets\Microsoft.NET.DesignerSupport.targets(21,5): message :     
       C:\Program Files\dotnet\sdk\10.0.101\Sdks\Microsoft.NET.Sdk\targets\Microsoft.NET.DesignerSupport.targets(21,5): message :     ;
       C:\Program Files\dotnet\sdk\10.0.101\Sdks\Microsoft.NET.Sdk\targets\Microsoft.NET.DesignerSupport.targets(21,5): message :       _GenerateDesignerDepsFile;
       C:\Program Files\dotnet\sdk\10.0.101\Sdks\Microsoft.NET.Sdk\targets\Microsoft.NET.DesignerSupport.targets(21,5): message :       _GenerateDesignerRuntimeConfigFile;
       C:\Program Files\dotnet\sdk\10.0.101\Sdks\Microsoft.NET.Sdk\targets\Microsoft.NET.DesignerSupport.targets(21,5): message :       GetCopyToOutputDirectoryItems;
       C:\Program Files\dotnet\sdk\10.0.101\Sdks\Microsoft.NET.Sdk\targets\Microsoft.NET.DesignerSupport.targets(21,5): message :       _GatherDesignerShadowCopyFiles;
       C:\Program Files\dotnet\sdk\10.0.101\Sdks\Microsoft.NET.Sdk\targets\Microsoft.NET.DesignerSupport.targets(21,5): message :     " (valeur précédente : "
       C:\Program Files\dotnet\sdk\10.0.101\Sdks\Microsoft.NET.Sdk\targets\Microsoft.NET.DesignerSupport.targets(21,5): message :       ;
       C:\Program Files\dotnet\sdk\10.0.101\Sdks\Microsoft.NET.Sdk\targets\Microsoft.NET.DesignerSupport.targets(21,5): message :       
       C:\Program Files\dotnet\sdk\10.0.101\Sdks\Microsoft.NET.Sdk\targets\Microsoft.NET.DesignerSupport.targets(21,5): message :       ;
       C:\Program Files\dotnet\sdk\10.0.101\Sdks\Microsoft.NET.Sdk\targets\Microsoft.NET.DesignerSupport.targets(21,5): message :       BuildOnlySettings;
       C:\Program Files\dotnet\sdk\10.0.101\Sdks\Microsoft.NET.Sdk\targets\Microsoft.NET.DesignerSupport.targets(21,5): message :       PrepareForBuild;
       C:\Program Files\dotnet\sdk\10.0.101\Sdks\Microsoft.NET.Sdk\targets\Microsoft.NET.DesignerSupport.targets(21,5): message :       AssignTargetPaths;
       C:\Program Files\dotnet\sdk\10.0.101\Sdks\Microsoft.NET.Sdk\targets\Microsoft.NET.DesignerSupport.targets(21,5): message :       ResolveReferences
       C:\Program Files\dotnet\sdk\10.0.101\Sdks\Microsoft.NET.Sdk\targets\Microsoft.NET.DesignerSupport.targets(21,5): message :     
       C:\Program Files\dotnet\sdk\10.0.101\Sdks\Microsoft.NET.Sdk\targets\Microsoft.NET.DesignerSupport.targets(21,5): message :     ") à C:\Program Files\dotnet\sdk\10.0.101\Sdks\Microsoft.NET.Sdk\targets\Microsoft.NET.DesignerSupport.targets (21,5)
       C:\Program Files\dotnet\sdk\10.0.101\Sdks\Microsoft.NET.Sdk\targets\Microsoft.NET.Sdk.CSharp.targets(31,5): message : Réassignation de propriété : $(DefineConstants)="TRACE;DEBUG" (valeur précédente : "TRACE") à C:\Program Files\dotnet\sdk\10.0.101\Sdks\Microsoft.NET.Sdk\targets\Microsoft.NET.Sdk.CSharp.targets (31,5)
       C:\Program Files\dotnet\sdk\10.0.101\Sdks\Microsoft.NET.Sdk\targets\Microsoft.NET.Windows.targets(49,5): message : Réassignation de propriété : $(TargetPlatformVersion)="7.0" (valeur précédente : "") à C:\Program Files\dotnet\sdk\10.0.101\Sdks\Microsoft.NET.Sdk\targets\Microsoft.NET.Windows.targets (49,5)
       C:\Program Files\dotnet\sdk\10.0.101\Sdks\Microsoft.NET.Sdk\targets\Microsoft.NET.Windows.targets(50,5): message : Réassignation de propriété : $(EffectiveTargetPlatformVersion)="7.0" (valeur précédente : "") à C:\Program Files\dotnet\sdk\10.0.101\Sdks\Microsoft.NET.Sdk\targets\Microsoft.NET.Windows.targets (50,5)
       C:\Program Files\dotnet\sdk\10.0.101\Sdks\Microsoft.NET.Sdk\targets\Microsoft.NET.Windows.targets(60,5): message : Réassignation de propriété : $(SupportedOSPlatformVersion)="7.0" (valeur précédente : "") à C:\Program Files\dotnet\sdk\10.0.101\Sdks\Microsoft.NET.Sdk\targets\Microsoft.NET.Windows.targets (60,5)
       C:\Program Files\dotnet\sdk\10.0.101\Sdks\Microsoft.NET.Sdk\targets\Microsoft.NET.Windows.targets(61,5): message : Réassignation de propriété : $(TargetPlatformMinVersion)="7.0" (valeur précédente : "") à C:\Program Files\dotnet\sdk\10.0.101\Sdks\Microsoft.NET.Sdk\targets\Microsoft.NET.Windows.targets (61,5)
       C:\Program Files\dotnet\sdk\10.0.101\Sdks\Microsoft.NET.Sdk\targets\Microsoft.NET.Windows.targets(239,5): message : Réassignation de propriété : $(_RunCsWinRTGeneratorPropertyInputsCachePath)="C:\Users\rdenimal\Documents\gestionnaire_doublon\DoublonManager\obj\Debug\net6.0-windows\DoublonManager.cswinrtgen.cache" (valeur précédente : "obj\Debug\net6.0-windows\DoublonManager.cswinrtgen.cache") à C:\Program Files\dotnet\sdk\10.0.101\Sdks\Microsoft.NET.Sdk\targets\Microsoft.NET.Windows.targets (239,5)
       C:\Program Files\dotnet\sdk\10.0.101\Sdks\Microsoft.NET.Sdk\targets\Microsoft.NET.Sdk.targets(1497,5): message : Réassignation de propriété : $(TargetPlatformDisplayName)="Windows 7.0" (valeur précédente : "Windows ") à C:\Program Files\dotnet\sdk\10.0.101\Sdks\Microsoft.NET.Sdk\targets\Microsoft.NET.Sdk.targets (1497,5)
       C:\Program Files\dotnet\sdk\10.0.101\Sdks\Microsoft.NET.Sdk.WindowsDesktop\targets\Microsoft.NET.Sdk.WindowsDesktop.targets(51,5): message : Réassignation de propriété : $(_TargetFrameworkVersionValue)="6.0" (valeur précédente : "0.0") à C:\Program Files\dotnet\sdk\10.0.101\Sdks\Microsoft.NET.Sdk.WindowsDesktop\targets\Microsoft.NET.Sdk.WindowsDesktop.targets (51,5)
       C:\Program Files\dotnet\sdk\10.0.101\Sdks\Microsoft.NET.Sdk.WindowsDesktop\targets\Microsoft.WinFX.targets(61,7): message : Réassignation de propriété : $(PrepareResourceNamesDependsOn)="
       C:\Program Files\dotnet\sdk\10.0.101\Sdks\Microsoft.NET.Sdk.WindowsDesktop\targets\Microsoft.WinFX.targets(61,7): message :                     AssignWinFXEmbeddedResource;
       C:\Program Files\dotnet\sdk\10.0.101\Sdks\Microsoft.NET.Sdk.WindowsDesktop\targets\Microsoft.WinFX.targets(61,7): message :                     
       C:\Program Files\dotnet\sdk\10.0.101\Sdks\Microsoft.NET.Sdk.WindowsDesktop\targets\Microsoft.WinFX.targets(61,7): message :       AssignTargetPaths;
       C:\Program Files\dotnet\sdk\10.0.101\Sdks\Microsoft.NET.Sdk.WindowsDesktop\targets\Microsoft.WinFX.targets(61,7): message :       SplitResourcesByCulture;
       C:\Program Files\dotnet\sdk\10.0.101\Sdks\Microsoft.NET.Sdk.WindowsDesktop\targets\Microsoft.WinFX.targets(61,7): message :       CreateManifestResourceNames;
       C:\Program Files\dotnet\sdk\10.0.101\Sdks\Microsoft.NET.Sdk.WindowsDesktop\targets\Microsoft.WinFX.targets(61,7): message :       CreateCustomManifestResourceNames
       C:\Program Files\dotnet\sdk\10.0.101\Sdks\Microsoft.NET.Sdk.WindowsDesktop\targets\Microsoft.WinFX.targets(61,7): message :     
       C:\Program Files\dotnet\sdk\10.0.101\Sdks\Microsoft.NET.Sdk.WindowsDesktop\targets\Microsoft.WinFX.targets(61,7): message :       " (valeur précédente : "
       C:\Program Files\dotnet\sdk\10.0.101\Sdks\Microsoft.NET.Sdk.WindowsDesktop\targets\Microsoft.WinFX.targets(61,7): message :       AssignTargetPaths;
       C:\Program Files\dotnet\sdk\10.0.101\Sdks\Microsoft.NET.Sdk.WindowsDesktop\targets\Microsoft.WinFX.targets(61,7): message :       SplitResourcesByCulture;
       C:\Program Files\dotnet\sdk\10.0.101\Sdks\Microsoft.NET.Sdk.WindowsDesktop\targets\Microsoft.WinFX.targets(61,7): message :       CreateManifestResourceNames;
       C:\Program Files\dotnet\sdk\10.0.101\Sdks\Microsoft.NET.Sdk.WindowsDesktop\targets\Microsoft.WinFX.targets(61,7): message :       CreateCustomManifestResourceNames
       C:\Program Files\dotnet\sdk\10.0.101\Sdks\Microsoft.NET.Sdk.WindowsDesktop\targets\Microsoft.WinFX.targets(61,7): message :     ") à C:\Program Files\dotnet\sdk\10.0.101\Sdks\Microsoft.NET.Sdk.WindowsDesktop\targets\Microsoft.WinFX.targets (61,7)
       C:\Program Files\dotnet\sdk\10.0.101\Sdks\Microsoft.NET.Sdk.WindowsDesktop\targets\Microsoft.WinFX.targets(69,7): message : Réassignation de propriété : $(PrepareResourcesDependsOn)="
       C:\Program Files\dotnet\sdk\10.0.101\Sdks\Microsoft.NET.Sdk.WindowsDesktop\targets\Microsoft.WinFX.targets(69,7): message :                 MarkupCompilePass1;
       C:\Program Files\dotnet\sdk\10.0.101\Sdks\Microsoft.NET.Sdk.WindowsDesktop\targets\Microsoft.WinFX.targets(69,7): message :                 AfterMarkupCompilePass1;
       C:\Program Files\dotnet\sdk\10.0.101\Sdks\Microsoft.NET.Sdk.WindowsDesktop\targets\Microsoft.WinFX.targets(69,7): message :                 MarkupCompilePass2ForMainAssembly;
       C:\Program Files\dotnet\sdk\10.0.101\Sdks\Microsoft.NET.Sdk.WindowsDesktop\targets\Microsoft.WinFX.targets(69,7): message :                 FileClassification;
       C:\Program Files\dotnet\sdk\10.0.101\Sdks\Microsoft.NET.Sdk.WindowsDesktop\targets\Microsoft.WinFX.targets(69,7): message :                 MainResourcesGeneration;
       C:\Program Files\dotnet\sdk\10.0.101\Sdks\Microsoft.NET.Sdk.WindowsDesktop\targets\Microsoft.WinFX.targets(69,7): message :                 
       C:\Program Files\dotnet\sdk\10.0.101\Sdks\Microsoft.NET.Sdk.WindowsDesktop\targets\Microsoft.WinFX.targets(69,7): message :       ResolvePackageDependenciesForBuild;
       C:\Program Files\dotnet\sdk\10.0.101\Sdks\Microsoft.NET.Sdk.WindowsDesktop\targets\Microsoft.WinFX.targets(69,7): message :       _HandlePackageFileConflicts;
       C:\Program Files\dotnet\sdk\10.0.101\Sdks\Microsoft.NET.Sdk.WindowsDesktop\targets\Microsoft.WinFX.targets(69,7): message :       
       C:\Program Files\dotnet\sdk\10.0.101\Sdks\Microsoft.NET.Sdk.WindowsDesktop\targets\Microsoft.WinFX.targets(69,7): message :       ;
       C:\Program Files\dotnet\sdk\10.0.101\Sdks\Microsoft.NET.Sdk.WindowsDesktop\targets\Microsoft.WinFX.targets(69,7): message :       PrepareResourceNames;
       C:\Program Files\dotnet\sdk\10.0.101\Sdks\Microsoft.NET.Sdk.WindowsDesktop\targets\Microsoft.WinFX.targets(69,7): message :       ResGen;
       C:\Program Files\dotnet\sdk\10.0.101\Sdks\Microsoft.NET.Sdk.WindowsDesktop\targets\Microsoft.WinFX.targets(69,7): message :       CompileLicxFiles
       C:\Program Files\dotnet\sdk\10.0.101\Sdks\Microsoft.NET.Sdk.WindowsDesktop\targets\Microsoft.WinFX.targets(69,7): message :     
       C:\Program Files\dotnet\sdk\10.0.101\Sdks\Microsoft.NET.Sdk.WindowsDesktop\targets\Microsoft.WinFX.targets(69,7): message :     
       C:\Program Files\dotnet\sdk\10.0.101\Sdks\Microsoft.NET.Sdk.WindowsDesktop\targets\Microsoft.WinFX.targets(69,7): message :       " (valeur précédente : "
       C:\Program Files\dotnet\sdk\10.0.101\Sdks\Microsoft.NET.Sdk.WindowsDesktop\targets\Microsoft.WinFX.targets(69,7): message :       ResolvePackageDependenciesForBuild;
       C:\Program Files\dotnet\sdk\10.0.101\Sdks\Microsoft.NET.Sdk.WindowsDesktop\targets\Microsoft.WinFX.targets(69,7): message :       _HandlePackageFileConflicts;
       C:\Program Files\dotnet\sdk\10.0.101\Sdks\Microsoft.NET.Sdk.WindowsDesktop\targets\Microsoft.WinFX.targets(69,7): message :       
       C:\Program Files\dotnet\sdk\10.0.101\Sdks\Microsoft.NET.Sdk.WindowsDesktop\targets\Microsoft.WinFX.targets(69,7): message :       ;
       C:\Program Files\dotnet\sdk\10.0.101\Sdks\Microsoft.NET.Sdk.WindowsDesktop\targets\Microsoft.WinFX.targets(69,7): message :       PrepareResourceNames;
       C:\Program Files\dotnet\sdk\10.0.101\Sdks\Microsoft.NET.Sdk.WindowsDesktop\targets\Microsoft.WinFX.targets(69,7): message :       ResGen;
       C:\Program Files\dotnet\sdk\10.0.101\Sdks\Microsoft.NET.Sdk.WindowsDesktop\targets\Microsoft.WinFX.targets(69,7): message :       CompileLicxFiles
       C:\Program Files\dotnet\sdk\10.0.101\Sdks\Microsoft.NET.Sdk.WindowsDesktop\targets\Microsoft.WinFX.targets(69,7): message :     
       C:\Program Files\dotnet\sdk\10.0.101\Sdks\Microsoft.NET.Sdk.WindowsDesktop\targets\Microsoft.WinFX.targets(69,7): message :     ") à C:\Program Files\dotnet\sdk\10.0.101\Sdks\Microsoft.NET.Sdk.WindowsDesktop\targets\Microsoft.WinFX.targets (69,7)
       C:\Program Files\dotnet\sdk\10.0.101\Sdks\Microsoft.NET.Sdk.WindowsDesktop\targets\Microsoft.WinFX.targets(136,5): message : Réassignation de propriété : $(CompileDependsOn)="
       C:\Program Files\dotnet\sdk\10.0.101\Sdks\Microsoft.NET.Sdk.WindowsDesktop\targets\Microsoft.WinFX.targets(136,5): message :         
       C:\Program Files\dotnet\sdk\10.0.101\Sdks\Microsoft.NET.Sdk.WindowsDesktop\targets\Microsoft.WinFX.targets(136,5): message :       
       C:\Program Files\dotnet\sdk\10.0.101\Sdks\Microsoft.NET.Sdk.WindowsDesktop\targets\Microsoft.WinFX.targets(136,5): message :       ResolveReferences;
       C:\Program Files\dotnet\sdk\10.0.101\Sdks\Microsoft.NET.Sdk.WindowsDesktop\targets\Microsoft.WinFX.targets(136,5): message :       ResolveKeySource;
       C:\Program Files\dotnet\sdk\10.0.101\Sdks\Microsoft.NET.Sdk.WindowsDesktop\targets\Microsoft.WinFX.targets(136,5): message :       SetWin32ManifestProperties;
       C:\Program Files\dotnet\sdk\10.0.101\Sdks\Microsoft.NET.Sdk.WindowsDesktop\targets\Microsoft.WinFX.targets(136,5): message :       _SetPreferNativeArm64Win32ManifestProperties;
       C:\Program Files\dotnet\sdk\10.0.101\Sdks\Microsoft.NET.Sdk.WindowsDesktop\targets\Microsoft.WinFX.targets(136,5): message :       FindReferenceAssembliesForReferences;
       C:\Program Files\dotnet\sdk\10.0.101\Sdks\Microsoft.NET.Sdk.WindowsDesktop\targets\Microsoft.WinFX.targets(136,5): message :       _GenerateCompileInputs;
       C:\Program Files\dotnet\sdk\10.0.101\Sdks\Microsoft.NET.Sdk.WindowsDesktop\targets\Microsoft.WinFX.targets(136,5): message :       BeforeCompile;
       C:\Program Files\dotnet\sdk\10.0.101\Sdks\Microsoft.NET.Sdk.WindowsDesktop\targets\Microsoft.WinFX.targets(136,5): message :       _TimeStampBeforeCompile;
       C:\Program Files\dotnet\sdk\10.0.101\Sdks\Microsoft.NET.Sdk.WindowsDesktop\targets\Microsoft.WinFX.targets(136,5): message :       _GenerateCompileDependencyCache;
       C:\Program Files\dotnet\sdk\10.0.101\Sdks\Microsoft.NET.Sdk.WindowsDesktop\targets\Microsoft.WinFX.targets(136,5): message :       CoreCompile;
       C:\Program Files\dotnet\sdk\10.0.101\Sdks\Microsoft.NET.Sdk.WindowsDesktop\targets\Microsoft.WinFX.targets(136,5): message :       _TimeStampAfterCompile;
       C:\Program Files\dotnet\sdk\10.0.101\Sdks\Microsoft.NET.Sdk.WindowsDesktop\targets\Microsoft.WinFX.targets(136,5): message :       AfterCompile;
       C:\Program Files\dotnet\sdk\10.0.101\Sdks\Microsoft.NET.Sdk.WindowsDesktop\targets\Microsoft.WinFX.targets(136,5): message :     ;
       C:\Program Files\dotnet\sdk\10.0.101\Sdks\Microsoft.NET.Sdk.WindowsDesktop\targets\Microsoft.WinFX.targets(136,5): message :       _CreateAppHost;
       C:\Program Files\dotnet\sdk\10.0.101\Sdks\Microsoft.NET.Sdk.WindowsDesktop\targets\Microsoft.WinFX.targets(136,5): message :       _CreateComHost;
       C:\Program Files\dotnet\sdk\10.0.101\Sdks\Microsoft.NET.Sdk.WindowsDesktop\targets\Microsoft.WinFX.targets(136,5): message :       _GetIjwHostPaths;
       C:\Program Files\dotnet\sdk\10.0.101\Sdks\Microsoft.NET.Sdk.WindowsDesktop\targets\Microsoft.WinFX.targets(136,5): message :     ;
       C:\Program Files\dotnet\sdk\10.0.101\Sdks\Microsoft.NET.Sdk.WindowsDesktop\targets\Microsoft.WinFX.targets(136,5): message :         _AfterCompileWinFXInternal
       C:\Program Files\dotnet\sdk\10.0.101\Sdks\Microsoft.NET.Sdk.WindowsDesktop\targets\Microsoft.WinFX.targets(136,5): message :     " (valeur précédente : "
       C:\Program Files\dotnet\sdk\10.0.101\Sdks\Microsoft.NET.Sdk.WindowsDesktop\targets\Microsoft.WinFX.targets(136,5): message :       
       C:\Program Files\dotnet\sdk\10.0.101\Sdks\Microsoft.NET.Sdk.WindowsDesktop\targets\Microsoft.WinFX.targets(136,5): message :       ResolveReferences;
       C:\Program Files\dotnet\sdk\10.0.101\Sdks\Microsoft.NET.Sdk.WindowsDesktop\targets\Microsoft.WinFX.targets(136,5): message :       ResolveKeySource;
       C:\Program Files\dotnet\sdk\10.0.101\Sdks\Microsoft.NET.Sdk.WindowsDesktop\targets\Microsoft.WinFX.targets(136,5): message :       SetWin32ManifestProperties;
       C:\Program Files\dotnet\sdk\10.0.101\Sdks\Microsoft.NET.Sdk.WindowsDesktop\targets\Microsoft.WinFX.targets(136,5): message :       _SetPreferNativeArm64Win32ManifestProperties;
       C:\Program Files\dotnet\sdk\10.0.101\Sdks\Microsoft.NET.Sdk.WindowsDesktop\targets\Microsoft.WinFX.targets(136,5): message :       FindReferenceAssembliesForReferences;
       C:\Program Files\dotnet\sdk\10.0.101\Sdks\Microsoft.NET.Sdk.WindowsDesktop\targets\Microsoft.WinFX.targets(136,5): message :       _GenerateCompileInputs;
       C:\Program Files\dotnet\sdk\10.0.101\Sdks\Microsoft.NET.Sdk.WindowsDesktop\targets\Microsoft.WinFX.targets(136,5): message :       BeforeCompile;
       C:\Program Files\dotnet\sdk\10.0.101\Sdks\Microsoft.NET.Sdk.WindowsDesktop\targets\Microsoft.WinFX.targets(136,5): message :       _TimeStampBeforeCompile;
       C:\Program Files\dotnet\sdk\10.0.101\Sdks\Microsoft.NET.Sdk.WindowsDesktop\targets\Microsoft.WinFX.targets(136,5): message :       _GenerateCompileDependencyCache;
       C:\Program Files\dotnet\sdk\10.0.101\Sdks\Microsoft.NET.Sdk.WindowsDesktop\targets\Microsoft.WinFX.targets(136,5): message :       CoreCompile;
       C:\Program Files\dotnet\sdk\10.0.101\Sdks\Microsoft.NET.Sdk.WindowsDesktop\targets\Microsoft.WinFX.targets(136,5): message :       _TimeStampAfterCompile;
       C:\Program Files\dotnet\sdk\10.0.101\Sdks\Microsoft.NET.Sdk.WindowsDesktop\targets\Microsoft.WinFX.targets(136,5): message :       AfterCompile;
       C:\Program Files\dotnet\sdk\10.0.101\Sdks\Microsoft.NET.Sdk.WindowsDesktop\targets\Microsoft.WinFX.targets(136,5): message :     ;
       C:\Program Files\dotnet\sdk\10.0.101\Sdks\Microsoft.NET.Sdk.WindowsDesktop\targets\Microsoft.WinFX.targets(136,5): message :       _CreateAppHost;
       C:\Program Files\dotnet\sdk\10.0.101\Sdks\Microsoft.NET.Sdk.WindowsDesktop\targets\Microsoft.WinFX.targets(136,5): message :       _CreateComHost;
       C:\Program Files\dotnet\sdk\10.0.101\Sdks\Microsoft.NET.Sdk.WindowsDesktop\targets\Microsoft.WinFX.targets(136,5): message :       _GetIjwHostPaths;
       C:\Program Files\dotnet\sdk\10.0.101\Sdks\Microsoft.NET.Sdk.WindowsDesktop\targets\Microsoft.WinFX.targets(136,5): message :     ") à C:\Program Files\dotnet\sdk\10.0.101\Sdks\Microsoft.NET.Sdk.WindowsDesktop\targets\Microsoft.WinFX.targets (136,5)
       C:\Program Files\dotnet\sdk\10.0.101\Sdks\Microsoft.NET.Sdk.WindowsDesktop\targets\Microsoft.WinFX.targets(803,9): message : Réassignation de propriété : $(PublishBuildDependsOn)="
       C:\Program Files\dotnet\sdk\10.0.101\Sdks\Microsoft.NET.Sdk.WindowsDesktop\targets\Microsoft.WinFX.targets(803,9): message :             BuildOnlySettings;
       C:\Program Files\dotnet\sdk\10.0.101\Sdks\Microsoft.NET.Sdk.WindowsDesktop\targets\Microsoft.WinFX.targets(803,9): message :             PrepareForBuild;
       C:\Program Files\dotnet\sdk\10.0.101\Sdks\Microsoft.NET.Sdk.WindowsDesktop\targets\Microsoft.WinFX.targets(803,9): message :             ResolveReferences;
       C:\Program Files\dotnet\sdk\10.0.101\Sdks\Microsoft.NET.Sdk.WindowsDesktop\targets\Microsoft.WinFX.targets(803,9): message :             PrepareResources;
       C:\Program Files\dotnet\sdk\10.0.101\Sdks\Microsoft.NET.Sdk.WindowsDesktop\targets\Microsoft.WinFX.targets(803,9): message :             ResolveKeySource;
       C:\Program Files\dotnet\sdk\10.0.101\Sdks\Microsoft.NET.Sdk.WindowsDesktop\targets\Microsoft.WinFX.targets(803,9): message :             PrepareResourcesForSatelliteAssemblies;
       C:\Program Files\dotnet\sdk\10.0.101\Sdks\Microsoft.NET.Sdk.WindowsDesktop\targets\Microsoft.WinFX.targets(803,9): message :             GenerateSerializationAssemblies;
       C:\Program Files\dotnet\sdk\10.0.101\Sdks\Microsoft.NET.Sdk.WindowsDesktop\targets\Microsoft.WinFX.targets(803,9): message :             CreateSatelliteAssemblies;
       C:\Program Files\dotnet\sdk\10.0.101\Sdks\Microsoft.NET.Sdk.WindowsDesktop\targets\Microsoft.WinFX.targets(803,9): message :         " (valeur précédente : "
       C:\Program Files\dotnet\sdk\10.0.101\Sdks\Microsoft.NET.Sdk.WindowsDesktop\targets\Microsoft.WinFX.targets(803,9): message :       BuildOnlySettings;
       C:\Program Files\dotnet\sdk\10.0.101\Sdks\Microsoft.NET.Sdk.WindowsDesktop\targets\Microsoft.WinFX.targets(803,9): message :       PrepareForBuild;
       C:\Program Files\dotnet\sdk\10.0.101\Sdks\Microsoft.NET.Sdk.WindowsDesktop\targets\Microsoft.WinFX.targets(803,9): message :       ResolveReferences;
       C:\Program Files\dotnet\sdk\10.0.101\Sdks\Microsoft.NET.Sdk.WindowsDesktop\targets\Microsoft.WinFX.targets(803,9): message :       PrepareResources;
       C:\Program Files\dotnet\sdk\10.0.101\Sdks\Microsoft.NET.Sdk.WindowsDesktop\targets\Microsoft.WinFX.targets(803,9): message :       ResolveKeySource;
       C:\Program Files\dotnet\sdk\10.0.101\Sdks\Microsoft.NET.Sdk.WindowsDesktop\targets\Microsoft.WinFX.targets(803,9): message :       GenerateSerializationAssemblies;
       C:\Program Files\dotnet\sdk\10.0.101\Sdks\Microsoft.NET.Sdk.WindowsDesktop\targets\Microsoft.WinFX.targets(803,9): message :       CreateSatelliteAssemblies;
       C:\Program Files\dotnet\sdk\10.0.101\Sdks\Microsoft.NET.Sdk.WindowsDesktop\targets\Microsoft.WinFX.targets(803,9): message :     ") à C:\Program Files\dotnet\sdk\10.0.101\Sdks\Microsoft.NET.Sdk.WindowsDesktop\targets\Microsoft.WinFX.targets (803,9)
       C:\Program Files\dotnet\sdk\10.0.101\NuGet.Build.Tasks.Pack.targets(34,5): message : Réassignation de propriété : $(PackageDescription)="Package Description" (valeur précédente : "") à C:\Program Files\dotnet\sdk\10.0.101\NuGet.Build.Tasks.Pack.targets (34,5)
       C:\Program Files\dotnet\sdk\10.0.101\NuGet.Build.Tasks.Pack.targets(59,5): message : Réassignation de propriété : $(GenerateNuspecDependsOn)="Build;_LoadPackInputItems; _GetTargetFrameworksOutput; _WalkEachTargetPerFramework; _GetPackageFiles; " (valeur précédente : "_LoadPackInputItems; _GetTargetFrameworksOutput; _WalkEachTargetPerFramework; _GetPackageFiles; ") à C:\Program Files\dotnet\sdk\10.0.101\NuGet.Build.Tasks.Pack.targets (59,5)
       C:\Program Files\dotnet\sdk\10.0.101\Sdks\Microsoft.NET.Sdk\Sdk\Sdk.targets(59,5): message : Réassignation de propriété : $(_IsNotSetContainersTargetsDir)="true" (valeur précédente : "false") à C:\Program Files\dotnet\sdk\10.0.101\Sdks\Microsoft.NET.Sdk\Sdk\Sdk.targets (59,5)
       C:\Program Files\dotnet\sdk\10.0.101\Containers\build\Microsoft.NET.Build.Containers.targets(5,5): message : Réassignation de propriété : $(_IsSDKContainerAllowedVersion)="true" (valeur précédente : "false") à C:\Program Files\dotnet\sdk\10.0.101\Containers\build\Microsoft.NET.Build.Containers.targets (5,5)
       Remplacement de la cible "ResolveFrameworkReferences" du projet "C:\Program Files\dotnet\sdk\10.0.101\Microsoft.Common.CurrentVersion.targets" par la cible "ResolveFrameworkReferences" du projet "C:\Program Files\dotnet\sdk\10.0.101\Sdks\Microsoft.NET.Sdk\targets\Microsoft.NET.Sdk.FrameworkReferenceResolution.targets".
       Remplacement de la cible "GenerateSupportedTargetFrameworkAlias" du projet "C:\Program Files\dotnet\sdk\10.0.101\Microsoft.Common.CurrentVersion.targets" par la cible "GenerateSupportedTargetFrameworkAlias" du projet "C:\Program Files\dotnet\sdk\10.0.101\Sdks\Microsoft.NET.Sdk\targets\Microsoft.NET.Sdk.targets".
       Remplacement de la cible "GetReferenceAssemblyPaths" du projet "C:\Program Files\dotnet\sdk\10.0.101\Microsoft.Common.CurrentVersion.targets" par la cible "GetReferenceAssemblyPaths" du projet "C:\Program Files\dotnet\sdk\10.0.101\Sdks\Microsoft.NET.Sdk\targets\Microsoft.NET.DisableStandardFrameworkResolution.targets".
       Remplacement de la cible "GetFrameworkPaths" du projet "C:\Program Files\dotnet\sdk\10.0.101\Microsoft.Common.CurrentVersion.targets" par la cible "GetFrameworkPaths" du projet "C:\Program Files\dotnet\sdk\10.0.101\Sdks\Microsoft.NET.Sdk\targets\Microsoft.NET.DisableStandardFrameworkResolution.targets".
       Remplacement de la cible "DesignerRuntimeImplementationProjectOutputGroup" du projet "C:\Program Files\dotnet\sdk\10.0.101\Microsoft.Common.CurrentVersion.targets" par la cible "DesignerRuntimeImplementationProjectOutputGroup" du projet "C:\Program Files\dotnet\sdk\10.0.101\Sdks\Microsoft.NET.Sdk\targets\Microsoft.NET.DesignerSupport.targets".
       Remplacement de la cible "Publish" du projet "C:\Program Files\dotnet\sdk\10.0.101\Microsoft.Common.CurrentVersion.targets" par la cible "Publish" du projet "C:\Program Files\dotnet\sdk\10.0.101\Sdks\Microsoft.NET.Sdk\targets\Microsoft.NET.Publish.targets".
       Remplacement de la cible "ResolveReadyToRunCompilers" du projet "C:\Program Files\dotnet\sdk\10.0.101\Sdks\Microsoft.NET.Sdk\targets\Microsoft.NET.CrossGen.targets" par la cible "ResolveReadyToRunCompilers" du projet "C:\Program Files\dotnet\sdk\10.0.101\Sdks\Microsoft.NET.Sdk\targets\Microsoft.NET.Publish.targets".
       Remplacement de la cible "GetCopyToPublishDirectoryItems" du projet "C:\Program Files\dotnet\sdk\10.0.101\Microsoft.Common.CurrentVersion.targets" par la cible "GetCopyToPublishDirectoryItems" du projet "C:\Program Files\dotnet\sdk\10.0.101\Sdks\Microsoft.NET.Sdk\targets\Microsoft.NET.Publish.targets".
       Remplacement de la cible "Run" du projet "C:\Program Files\dotnet\sdk\10.0.101\Microsoft.Common.CurrentVersion.targets" par la cible "Run" du projet "C:\Program Files\dotnet\sdk\10.0.101\Sdks\Microsoft.NET.Sdk\targets\Microsoft.NET.Sdk.targets".
       Remplacement de la cible "SatelliteDllsProjectOutputGroup" du projet "C:\Program Files\dotnet\sdk\10.0.101\Microsoft.Common.CurrentVersion.targets" par la cible "SatelliteDllsProjectOutputGroup" du projet "C:\Program Files\dotnet\sdk\10.0.101\Sdks\Microsoft.NET.Sdk.WindowsDesktop\targets\Microsoft.WinFX.targets".
   1:7>Projet "C:\Users\rdenimal\Documents\gestionnaire_doublon\DoublonManager\DoublonManager.csproj" sur le nœud 1 (cibles par défaut).
   1:7>Cible "_CollectTargetFrameworkForTelemetry" dans le fichier "C:\Program Files\dotnet\sdk\10.0.101\Sdks\Microsoft.NET.Sdk\targets\Microsoft.NET.TargetFrameworkInference.targets" du projet "C:\Users\rdenimal\Documents\gestionnaire_doublon\DoublonManager\DoublonManager.csproj" (la cible "_CheckForInvalidConfigurationAndPlatform" en dépend) :
   1:7>Utilisation de la tâche "AllowEmptyTelemetry" à partir de l'assembly "C:\Program Files\dotnet\sdk\10.0.101\Sdks\Microsoft.NET.Sdk\targets\..\tools\net10.0\Microsoft.NET.Build.Tasks.dll".
       Tâche "AllowEmptyTelemetry"
       Exécution de la tâche "AllowEmptyTelemetry" terminée.
   1:7>Génération de la cible "_CollectTargetFrameworkForTelemetry" terminée dans le projet "DoublonManager.csproj".
   1:7>Cible "_CheckForUnsupportedTargetPlatformIdentifier" dans le fichier "C:\Program Files\dotnet\sdk\10.0.101\Sdks\Microsoft.NET.Sdk\targets\Microsoft.NET.TargetFrameworkInference.targets" du projet "C:\Users\rdenimal\Documents\gestionnaire_doublon\DoublonManager\DoublonManager.csproj" (la cible "_CheckForInvalidConfigurationAndPlatform" en dépend) :
   1:7>Génération de la cible "_CheckForUnsupportedTargetPlatformIdentifier" terminée dans le projet "DoublonManager.csproj".
   1:7>Cible "_CheckForUnsupportedNETCoreVersion" dans le fichier "C:\Program Files\dotnet\sdk\10.0.101\Sdks\Microsoft.NET.Sdk\targets\Microsoft.NET.TargetFrameworkInference.targets" du projet "C:\Users\rdenimal\Documents\gestionnaire_doublon\DoublonManager\DoublonManager.csproj" (la cible "_CheckForInvalidConfigurationAndPlatform" en dépend) :
   1:7>Génération de la cible "_CheckForUnsupportedNETCoreVersion" terminée dans le projet "DoublonManager.csproj".
   1:7>Cible "_CheckForEolTargetFrameworks" dans le fichier "C:\Program Files\dotnet\sdk\10.0.101\Sdks\Microsoft.NET.Sdk\targets\Microsoft.NET.EolTargetFrameworks.targets" du projet "C:\Users\rdenimal\Documents\gestionnaire_doublon\DoublonManager\DoublonManager.csproj" (la cible "_CheckForInvalidConfigurationAndPlatform" en dépend) :
       Utilisation de la tâche "NETSdkWarning" à partir de l'assembly "C:\Program Files\dotnet\sdk\10.0.101\Sdks\Microsoft.NET.Sdk\targets\..\tools\net10.0\Microsoft.NET.Build.Tasks.dll".
       Tâche "NETSdkWarning"
   1:7>C:\Program Files\dotnet\sdk\10.0.101\Sdks\Microsoft.NET.Sdk\targets\Microsoft.NET.EolTargetFrameworks.targets(32,5): warning NETSDK1138: La version cible de .NET Framework ('net6.0-windows') n'est pas prise en charge et ne recevra pas les mises à jour de sécurité. Consultez https://aka.ms/dotnet-core-support pour plus d'informations sur la stratégie de support. [C:\Users\rdenimal\Documents\gestionnaire_doublon\DoublonManager\DoublonManager.csproj]
       Exécution de la tâche "NETSdkWarning" terminée.
   1:7>Génération de la cible "_CheckForEolTargetFrameworks" terminée dans le projet "DoublonManager.csproj".
   1:7>Cible "_CheckForUnsupportedCppNETCoreVersion" dans le fichier "C:\Program Files\dotnet\sdk\10.0.101\Sdks\Microsoft.NET.Sdk\targets\Microsoft.NET.TargetFrameworkInference.targets" du projet "C:\Users\rdenimal\Documents\gestionnaire_doublon\DoublonManager\DoublonManager.csproj" (la cible "_CheckForInvalidConfigurationAndPlatform" en dépend) :
   1:7>Génération de la cible "_CheckForUnsupportedCppNETCoreVersion" terminée dans le projet "DoublonManager.csproj".
   1:7>Cible "_CheckForSupportedOSPlatformVersionHigherThanTargetPlatformVersion" dans le fichier "C:\Program Files\dotnet\sdk\10.0.101\Sdks\Microsoft.NET.Sdk\targets\Microsoft.NET.TargetFrameworkInference.targets" du projet "C:\Users\rdenimal\Documents\gestionnaire_doublon\DoublonManager\DoublonManager.csproj" (la cible "_CheckForInvalidConfigurationAndPlatform" en dépend) :
   1:7>Génération de la cible "_CheckForSupportedOSPlatformVersionHigherThanTargetPlatformVersion" terminée dans le projet "DoublonManager.csproj".
   1:7>Cible "_NormalizeTargetPlatformVersion" dans le fichier "C:\Program Files\dotnet\sdk\10.0.101\Sdks\Microsoft.NET.Sdk\targets\Microsoft.NET.TargetFrameworkInference.targets" du projet "C:\Users\rdenimal\Documents\gestionnaire_doublon\DoublonManager\DoublonManager.csproj" (la cible "_CheckForInvalidTargetPlatformVersion" en dépend) :
   1:7>Génération de la cible "_NormalizeTargetPlatformVersion" terminée dans le projet "DoublonManager.csproj".
   1:7>Cible "_CheckForInvalidTargetPlatformVersion" dans le fichier "C:\Program Files\dotnet\sdk\10.0.101\Sdks\Microsoft.NET.Sdk\targets\Microsoft.NET.TargetFrameworkInference.targets" du projet "C:\Users\rdenimal\Documents\gestionnaire_doublon\DoublonManager\DoublonManager.csproj" (la cible "_CheckForInvalidConfigurationAndPlatform" en dépend) :
   1:7>Génération de la cible "_CheckForInvalidTargetPlatformVersion" terminée dans le projet "DoublonManager.csproj".
   1:7>Cible "_CheckForUnsupportedArtifactsPath" dans le fichier "C:\Program Files\dotnet\sdk\10.0.101\Sdks\Microsoft.NET.Sdk\targets\Microsoft.NET.DefaultOutputPaths.targets" du projet "C:\Users\rdenimal\Documents\gestionnaire_doublon\DoublonManager\DoublonManager.csproj" (la cible "_CheckForInvalidConfigurationAndPlatform" en dépend) :
   1:7>Génération de la cible "_CheckForUnsupportedArtifactsPath" terminée dans le projet "DoublonManager.csproj".
   1:7>Cible "_CheckRIDAsserts" dans le fichier "C:\Program Files\dotnet\sdk\10.0.101\Sdks\Microsoft.NET.Sdk\targets\Microsoft.NET.RuntimeIdentifierInference.targets" du projet "C:\Users\rdenimal\Documents\gestionnaire_doublon\DoublonManager\DoublonManager.csproj" (la cible "_CheckForUnsupportedAppHostUsage" en dépend) :
   1:7>Génération de la cible "_CheckRIDAsserts" terminée dans le projet "DoublonManager.csproj".
   1:7>Cible "_CheckForUnsupportedAppHostUsage" dans le fichier "C:\Program Files\dotnet\sdk\10.0.101\Sdks\Microsoft.NET.Sdk\targets\Microsoft.NET.RuntimeIdentifierInference.targets" du projet "C:\Users\rdenimal\Documents\gestionnaire_doublon\DoublonManager\DoublonManager.csproj" (la cible "_CheckForInvalidConfigurationAndPlatform" en dépend) :
   1:7>Génération de la cible "_CheckForUnsupportedAppHostUsage" terminée dans le projet "DoublonManager.csproj".
   1:7>Cible "_CheckForUnsupportedHostingUsage" dans le fichier "C:\Program Files\dotnet\sdk\10.0.101\Sdks\Microsoft.NET.Sdk\targets\Microsoft.NET.RuntimeIdentifierInference.targets" du projet "C:\Users\rdenimal\Documents\gestionnaire_doublon\DoublonManager\DoublonManager.csproj" (la cible "_CheckForInvalidConfigurationAndPlatform" en dépend) :
   1:7>Génération de la cible "_CheckForUnsupportedHostingUsage" terminée dans le projet "DoublonManager.csproj".
   1:7>Cible "_CheckForLanguageAndFeatureCombinationSupport" dans le fichier "C:\Program Files\dotnet\sdk\10.0.101\Sdks\Microsoft.NET.Sdk\targets\Microsoft.NET.RuntimeIdentifierInference.targets" du projet "C:\Users\rdenimal\Documents\gestionnaire_doublon\DoublonManager\DoublonManager.csproj" (la cible "_CheckForInvalidConfigurationAndPlatform" en dépend) :
   1:7>Génération de la cible "_CheckForLanguageAndFeatureCombinationSupport" terminée dans le projet "DoublonManager.csproj".
   1:7>Cible "UpdateAspNetToFrameworkReference" dans le fichier "C:\Program Files\dotnet\sdk\10.0.101\Sdks\Microsoft.NET.Sdk\targets\Microsoft.NET.Sdk.DefaultItems.Shared.targets" du projet "C:\Users\rdenimal\Documents\gestionnaire_doublon\DoublonManager\DoublonManager.csproj" (la cible "ApplyImplicitVersions" en dépend) :
       Utilisation de la tâche "CheckIfPackageReferenceShouldBeFrameworkReference" à partir de l'assembly "C:\Program Files\dotnet\sdk\10.0.101\Sdks\Microsoft.NET.Sdk\targets\..\tools\net10.0\Microsoft.NET.Build.Tasks.dll".
       Tâche "CheckIfPackageReferenceShouldBeFrameworkReference"
       Exécution de la tâche "CheckIfPackageReferenceShouldBeFrameworkReference" terminée.
       Tâche "CheckIfPackageReferenceShouldBeFrameworkReference"
       Exécution de la tâche "CheckIfPackageReferenceShouldBeFrameworkReference" terminée.
   1:7>Génération de la cible "UpdateAspNetToFrameworkReference" terminée dans le projet "DoublonManager.csproj".
   1:7>Cible "CheckForImplicitPackageReferenceOverrides" dans le fichier "C:\Program Files\dotnet\sdk\10.0.101\Sdks\Microsoft.NET.Sdk\targets\Microsoft.NET.Sdk.DefaultItems.Shared.targets" du projet "C:\Users\rdenimal\Documents\gestionnaire_doublon\DoublonManager\DoublonManager.csproj" (la cible "ApplyImplicitVersions" en dépend) :
       Utilisation de la tâche "CheckForImplicitPackageReferenceOverrides" à partir de l'assembly "C:\Program Files\dotnet\sdk\10.0.101\Sdks\Microsoft.NET.Sdk\targets\..\tools\net10.0\Microsoft.NET.Build.Tasks.dll".
       Tâche "CheckForImplicitPackageReferenceOverrides"
       Exécution de la tâche "CheckForImplicitPackageReferenceOverrides" terminée.
   1:7>Génération de la cible "CheckForImplicitPackageReferenceOverrides" terminée dans le projet "DoublonManager.csproj".
   1:7>Cible "ApplyImplicitVersions" dans le fichier "C:\Program Files\dotnet\sdk\10.0.101\Sdks\Microsoft.NET.Sdk\targets\Microsoft.NET.Sdk.DefaultItems.Shared.targets" du projet "C:\Users\rdenimal\Documents\gestionnaire_doublon\DoublonManager\DoublonManager.csproj" (la cible "CollectPackageReferences" en dépend) :
       Utilisation de la tâche "ApplyImplicitVersions" à partir de l'assembly "C:\Program Files\dotnet\sdk\10.0.101\Sdks\Microsoft.NET.Sdk\targets\..\tools\net10.0\Microsoft.NET.Build.Tasks.dll".
       Tâche "ApplyImplicitVersions"
       Exécution de la tâche "ApplyImplicitVersions" terminée.
   1:7>Génération de la cible "ApplyImplicitVersions" terminée dans le projet "DoublonManager.csproj".
       Cible "CheckForImplicitPackageReferenceOverrides" ignorée. Elle a été générée.
   1:7>Cible "AddWindowsSdkKnownFrameworkReferences" dans le fichier "C:\Program Files\dotnet\sdk\10.0.101\Sdks\Microsoft.NET.Sdk\targets\Microsoft.NET.Sdk.FrameworkReferenceResolution.targets" du projet "C:\Users\rdenimal\Documents\gestionnaire_doublon\DoublonManager\DoublonManager.csproj" (la cible "ProcessFrameworkReferences" en dépend) :
       Utilisation de la tâche "CreateWindowsSdkKnownFrameworkReferences" à partir de l'assembly "C:\Program Files\dotnet\sdk\10.0.101\Sdks\Microsoft.NET.Sdk\targets\..\tools\net10.0\Microsoft.NET.Build.Tasks.dll".
       Tâche "CreateWindowsSdkKnownFrameworkReferences"
       Exécution de la tâche "CreateWindowsSdkKnownFrameworkReferences" terminée.
   1:7>Génération de la cible "AddWindowsSdkKnownFrameworkReferences" terminée dans le projet "DoublonManager.csproj".
   1:7>Cible "_ComputeToolPackInputsToProcessFrameworkReferences" dans le fichier "C:\Program Files\dotnet\sdk\10.0.101\Sdks\Microsoft.NET.Sdk\targets\Microsoft.NET.Publish.targets" du projet "C:\Users\rdenimal\Documents\gestionnaire_doublon\DoublonManager\DoublonManager.csproj" (la cible "ProcessFrameworkReferences" en dépend) :
   1:7>Génération de la cible "_ComputeToolPackInputsToProcessFrameworkReferences" terminée dans le projet "DoublonManager.csproj".
   1:7>Cible "ProcessFrameworkReferences" dans le fichier "C:\Program Files\dotnet\sdk\10.0.101\Sdks\Microsoft.NET.Sdk\targets\Microsoft.NET.Sdk.FrameworkReferenceResolution.targets" du projet "C:\Users\rdenimal\Documents\gestionnaire_doublon\DoublonManager\DoublonManager.csproj" (la cible "CollectPackageReferences" en dépend) :
       Utilisation de la tâche "CheckForDuplicateFrameworkReferences" à partir de l'assembly "C:\Program Files\dotnet\sdk\10.0.101\Sdks\Microsoft.NET.Sdk\targets\..\tools\net10.0\Microsoft.NET.Build.Tasks.dll".
       Tâche "CheckForDuplicateFrameworkReferences"
       Exécution de la tâche "CheckForDuplicateFrameworkReferences" terminée.
       Utilisation de la tâche "ProcessFrameworkReferences" à partir de l'assembly "C:\Program Files\dotnet\sdk\10.0.101\Sdks\Microsoft.NET.Sdk\targets\..\tools\net10.0\Microsoft.NET.Build.Tasks.dll".
       Tâche "ProcessFrameworkReferences"
         Found 2 known framework references for target framework .NETCoreApp
         Found 4 known runtime packs for target framework .NETCoreApp
         Selected Microsoft.NETCore.App with RIDs 'linux-arm;linux-arm64;linux-musl-arm64;linux-musl-x64;linux-x64;osx-x64;tizen.4.0.0-armel;tizen.5.0.0-armel;win-arm;win-arm64;win-x64;win-x86;linux-musl-arm;osx-arm64;linux-s390x;linux-loongarch64'
         Selected targeting pack 'Microsoft.NETCore.App@6.0.36'
         Added runtime framework 'Microsoft.NETCore.App@6.0.0'
         Selected Microsoft.WindowsDesktop.App with RIDs 'win-x64;win-x86;win-arm64'
         Selected targeting pack 'Microsoft.WindowsDesktop.App@6.0.36'
         Added runtime framework 'Microsoft.WindowsDesktop.App@6.0.0'
         Selected Microsoft.WindowsDesktop.App with RIDs 'win-x64;win-x86;win-arm64'
         Selected targeting pack 'Microsoft.WindowsDesktop.App.WPF@6.0.36'
         Added runtime framework 'Microsoft.WindowsDesktop.App@6.0.0'
         Selected Microsoft.WindowsDesktop.App with RIDs 'win-x64;win-x86;win-arm64'
         Selected targeting pack 'Microsoft.WindowsDesktop.App.WindowsForms@6.0.36'
         Added runtime framework 'Microsoft.WindowsDesktop.App@6.0.0'
         Selected Microsoft.AspNetCore.App with RIDs 'win-x64;win-x86;win-arm;osx-x64;linux-musl-x64;linux-musl-arm64;linux-x64;linux-arm;linux-arm64;linux-musl-arm;win-arm64;osx-arm64;linux-s390x;linux-loongarch64'
         Selected targeting pack 'Microsoft.AspNetCore.App@6.0.36'
         Added runtime framework 'Microsoft.AspNetCore.App@6.0.0'
       Exécution de la tâche "ProcessFrameworkReferences" terminée.
       Utilisation de la tâche "ResolveAppHosts" à partir de l'assembly "C:\Program Files\dotnet\sdk\10.0.101\Sdks\Microsoft.NET.Sdk\targets\..\tools\net10.0\Microsoft.NET.Build.Tasks.dll".
       Tâche "ResolveAppHosts"
       Exécution de la tâche "ResolveAppHosts" terminée.
   1:7>Génération de la cible "ProcessFrameworkReferences" terminée dans le projet "DoublonManager.csproj".
   1:7>Cible "_CheckForObsoleteDotNetCliToolReferences" dans le fichier "C:\Program Files\dotnet\sdk\10.0.101\Sdks\Microsoft.NET.Sdk\targets\Microsoft.NET.ObsoleteReferences.targets" du projet "C:\Users\rdenimal\Documents\gestionnaire_doublon\DoublonManager\DoublonManager.csproj" (la cible "CollectPackageReferences" en dépend) :
   1:7>Génération de la cible "_CheckForObsoleteDotNetCliToolReferences" terminée dans le projet "DoublonManager.csproj".
   1:7>Cible "CollectPackageReferences" dans le fichier "C:\Program Files\dotnet\sdk\10.0.101\NuGet.targets" du projet "C:\Users\rdenimal\Documents\gestionnaire_doublon\DoublonManager\DoublonManager.csproj" (la cible "_GetRestoreProjectStyle" en dépend) :
       Utilisation de la tâche "CheckForDuplicateNuGetItemsTask" à partir de l'assembly "C:\Program Files\dotnet\sdk\10.0.101\NuGet.Build.Tasks.dll".
       Tâche "CheckForDuplicateNuGetItemsTask"
       Exécution de la tâche "CheckForDuplicateNuGetItemsTask" terminée.
   1:7>Génération de la cible "CollectPackageReferences" terminée dans le projet "DoublonManager.csproj".
   1:7>Cible "_GetRestoreProjectStyle" dans le fichier "C:\Program Files\dotnet\sdk\10.0.101\NuGet.targets" du projet "C:\Users\rdenimal\Documents\gestionnaire_doublon\DoublonManager\DoublonManager.csproj" (la cible "EnableIntermediateOutputPathMismatchWarning" en dépend) :
       Utilisation de la tâche "GetRestoreProjectStyleTask" à partir de l'assembly "C:\Program Files\dotnet\sdk\10.0.101\NuGet.Build.Tasks.dll".
       Tâche "GetRestoreProjectStyleTask"
       Exécution de la tâche "GetRestoreProjectStyleTask" terminée.
   1:7>Génération de la cible "_GetRestoreProjectStyle" terminée dans le projet "DoublonManager.csproj".
   1:7>Cible "EnableIntermediateOutputPathMismatchWarning" dans le fichier "C:\Program Files\dotnet\sdk\10.0.101\NuGet.targets" du projet "C:\Users\rdenimal\Documents\gestionnaire_doublon\DoublonManager\DoublonManager.csproj" (la cible "_CheckForInvalidConfigurationAndPlatform" en dépend) :
   1:7>Génération de la cible "EnableIntermediateOutputPathMismatchWarning" terminée dans le projet "DoublonManager.csproj".
       Cible "ApplyImplicitVersions" ignorée. Elle a été générée.
       Cible "CheckForImplicitPackageReferenceOverrides" ignorée. Elle a été générée.
   1:7>Cible "CheckForDuplicateItems" dans le fichier "C:\Program Files\dotnet\sdk\10.0.101\Sdks\Microsoft.NET.Sdk\targets\Microsoft.NET.Sdk.DefaultItems.Shared.targets" du projet "C:\Users\rdenimal\Documents\gestionnaire_doublon\DoublonManager\DoublonManager.csproj" (la cible "_CheckForInvalidConfigurationAndPlatform" en dépend) :
       Utilisation de la tâche "CheckForDuplicateItems" à partir de l'assembly "C:\Program Files\dotnet\sdk\10.0.101\Sdks\Microsoft.NET.Sdk\targets\..\tools\net10.0\Microsoft.NET.Build.Tasks.dll".
       Tâche "CheckForDuplicateItems"
       Exécution de la tâche "CheckForDuplicateItems" terminée.
       Tâche "CheckForDuplicateItems"
       Exécution de la tâche "CheckForDuplicateItems" terminée.
       Tâche "CheckForDuplicateItems"
       Exécution de la tâche "CheckForDuplicateItems" terminée.
   1:7>Génération de la cible "CheckForDuplicateItems" terminée dans le projet "DoublonManager.csproj".
   1:7>Cible "_CheckForInvalidWindowsDesktopTargetingConfiguration" dans le fichier "C:\Program Files\dotnet\sdk\10.0.101\Sdks\Microsoft.NET.Sdk\targets\Microsoft.NET.Sdk.DefaultItems.targets" du projet "C:\Users\rdenimal\Documents\gestionnaire_doublon\DoublonManager\DoublonManager.csproj" (la cible "_CheckForInvalidConfigurationAndPlatform" en dépend) :
   1:7>Génération de la cible "_CheckForInvalidWindowsDesktopTargetingConfiguration" terminée dans le projet "DoublonManager.csproj".
       Cible "ProcessFrameworkReferences" ignorée. Elle a été générée.
   1:7>Cible "_WindowsDesktopFrameworkRequiresUseWpfOrUseWindowsForms" dans le fichier "C:\Program Files\dotnet\sdk\10.0.101\Sdks\Microsoft.NET.Sdk.WindowsDesktop\targets\Microsoft.NET.Sdk.WindowsDesktop.targets" du projet "C:\Users\rdenimal\Documents\gestionnaire_doublon\DoublonManager\DoublonManager.csproj" (la cible "_CheckForInvalidConfigurationAndPlatform" en dépend) :
   1:7>Génération de la cible "_WindowsDesktopFrameworkRequiresUseWpfOrUseWindowsForms" terminée dans le projet "DoublonManager.csproj".
   1:7>Cible "_CheckForInvalidConfigurationAndPlatform" dans le fichier "C:\Program Files\dotnet\sdk\10.0.101\Microsoft.Common.CurrentVersion.targets" du projet "C:\Users\rdenimal\Documents\gestionnaire_doublon\DoublonManager\DoublonManager.csproj" (la cible "BeforeBuild" en dépend) :
       Tâche "Message"
         Configuration=Debug
       Exécution de la tâche "Message" terminée.
       Tâche "Message"
         Platform=AnyCPU
       Exécution de la tâche "Message" terminée.
   1:7>Génération de la cible "_CheckForInvalidConfigurationAndPlatform" terminée dans le projet "DoublonManager.csproj".
   1:7>Cible "ValidateCommandLineProperties" dans le fichier "C:\Program Files\dotnet\sdk\10.0.101\Sdks\Microsoft.NET.Sdk\targets\Microsoft.NET.Sdk.targets" du projet "C:\Users\rdenimal\Documents\gestionnaire_doublon\DoublonManager\DoublonManager.csproj" (la cible "BeforeBuild" en dépend) :
   1:7>Génération de la cible "ValidateCommandLineProperties" terminée dans le projet "DoublonManager.csproj".
   1:7>Cible "BeforeBuild" dans le fichier "C:\Program Files\dotnet\sdk\10.0.101\Microsoft.Common.CurrentVersion.targets" du projet "C:\Users\rdenimal\Documents\gestionnaire_doublon\DoublonManager\DoublonManager.csproj" (la cible "Build" en dépend) :
   1:7>Génération de la cible "BeforeBuild" terminée dans le projet "DoublonManager.csproj".
   1:7>Cible "BuildOnlySettings" dans le fichier "C:\Program Files\dotnet\sdk\10.0.101\Microsoft.Common.CurrentVersion.targets" du projet "C:\Users\rdenimal\Documents\gestionnaire_doublon\DoublonManager\DoublonManager.csproj" (la cible "CoreBuild" en dépend) :
       C:\Program Files\dotnet\sdk\10.0.101\Microsoft.Common.CurrentVersion.targets(1168,7): message : Réassignation de propriété : $(BuildingProject)="true" (valeur précédente : "false") à C:\Program Files\dotnet\sdk\10.0.101\Microsoft.Common.CurrentVersion.targets (1168,7) [C:\Users\rdenimal\Documents\gestionnaire_doublon\DoublonManager\DoublonManager.csproj]
   1:7>Génération de la cible "BuildOnlySettings" terminée dans le projet "DoublonManager.csproj".
   1:7>Cible "GetFrameworkPaths" dans le fichier "C:\Program Files\dotnet\sdk\10.0.101\Sdks\Microsoft.NET.Sdk\targets\Microsoft.NET.DisableStandardFrameworkResolution.targets" du projet "C:\Users\rdenimal\Documents\gestionnaire_doublon\DoublonManager\DoublonManager.csproj" (la cible "PrepareForBuild" en dépend) :
   1:7>Génération de la cible "GetFrameworkPaths" terminée dans le projet "DoublonManager.csproj".
   1:7>Cible "GetReferenceAssemblyPaths" dans le fichier "C:\Program Files\dotnet\sdk\10.0.101\Sdks\Microsoft.NET.Sdk\targets\Microsoft.NET.DisableStandardFrameworkResolution.targets" du projet "C:\Users\rdenimal\Documents\gestionnaire_doublon\DoublonManager\DoublonManager.csproj" (la cible "PrepareForBuild" en dépend) :
   1:7>Génération de la cible "GetReferenceAssemblyPaths" terminée dans le projet "DoublonManager.csproj".
   1:7>Cible "PrepareForBuild" dans le fichier "C:\Program Files\dotnet\sdk\10.0.101\Microsoft.Common.CurrentVersion.targets" du projet "C:\Users\rdenimal\Documents\gestionnaire_doublon\DoublonManager\DoublonManager.csproj" (la cible "CoreBuild" en dépend) :
       Utilisation de la tâche "FindAppConfigFile" à partir de l'assembly "Microsoft.Build.Tasks.Core, Version=15.1.0.0, Culture=neutral, PublicKeyToken=b03f5f7f11d50a3a".
       Tâche "FindAppConfigFile"
         "App.config" trouvé.
       Exécution de la tâche "FindAppConfigFile" terminée.
       Utilisation de la tâche "MakeDir" à partir de l'assembly "Microsoft.Build.Tasks.Core, Version=15.1.0.0, Culture=neutral, PublicKeyToken=b03f5f7f11d50a3a".
       Tâche "MakeDir"
       Exécution de la tâche "MakeDir" terminée.
   1:7>Génération de la cible "PrepareForBuild" terminée dans le projet "DoublonManager.csproj".
   1:7>Cible "GenerateTargetFrameworkDefineConstants" dans le fichier "C:\Program Files\dotnet\sdk\10.0.101\Sdks\Microsoft.NET.Sdk\targets\Microsoft.NET.Sdk.BeforeCommon.targets" du projet "C:\Users\rdenimal\Documents\gestionnaire_doublon\DoublonManager\DoublonManager.csproj" (la cible "AddImplicitDefineConstants" en dépend) :
   1:7>Génération de la cible "GenerateTargetFrameworkDefineConstants" terminée dans le projet "DoublonManager.csproj".
   1:7>Cible "GenerateTargetPlatformDefineConstants" dans le fichier "C:\Program Files\dotnet\sdk\10.0.101\Sdks\Microsoft.NET.Sdk\targets\Microsoft.NET.Sdk.BeforeCommon.targets" du projet "C:\Users\rdenimal\Documents\gestionnaire_doublon\DoublonManager\DoublonManager.csproj" (la cible "AddImplicitDefineConstants" en dépend) :
   1:7>Génération de la cible "GenerateTargetPlatformDefineConstants" terminée dans le projet "DoublonManager.csproj".
   1:7>Cible "GenerateNETCompatibleDefineConstants" dans le fichier "C:\Program Files\dotnet\sdk\10.0.101\Sdks\Microsoft.NET.Sdk\targets\Microsoft.NET.Sdk.BeforeCommon.targets" du projet "C:\Users\rdenimal\Documents\gestionnaire_doublon\DoublonManager\DoublonManager.csproj" (la cible "AddImplicitDefineConstants" en dépend) :
   1:7>Génération de la cible "GenerateNETCompatibleDefineConstants" terminée dans le projet "DoublonManager.csproj".
   1:7>Cible "GeneratePlatformCompatibleDefineConstants" dans le fichier "C:\Program Files\dotnet\sdk\10.0.101\Sdks\Microsoft.NET.Sdk\targets\Microsoft.NET.Sdk.BeforeCommon.targets" du projet "C:\Users\rdenimal\Documents\gestionnaire_doublon\DoublonManager\DoublonManager.csproj" (la cible "AddImplicitDefineConstants" en dépend) :
   1:7>Génération de la cible "GeneratePlatformCompatibleDefineConstants" terminée dans le projet "DoublonManager.csproj".
   1:7>Cible "AddImplicitDefineConstants" dans le fichier "C:\Program Files\dotnet\sdk\10.0.101\Sdks\Microsoft.NET.Sdk\targets\Microsoft.NET.Sdk.BeforeCommon.targets" du projet "C:\Users\rdenimal\Documents\gestionnaire_doublon\DoublonManager\DoublonManager.csproj" (la cible "CoreBuild" en dépend) :
       C:\Program Files\dotnet\sdk\10.0.101\Sdks\Microsoft.NET.Sdk\targets\Microsoft.NET.Sdk.BeforeCommon.targets(295,7): message : Réassignation de propriété : $(DefineConstants)="TRACE;DEBUG;NET;NET6_0;NETCOREAPP;WINDOWS;WINDOWS7_0;NET5_0_OR_GREATER;NET6_0_OR_GREATER;NETCOREAPP3_0_OR_GREATER;NETCOREAPP3_1_OR_GREATER;WINDOWS7_0_OR_GREATER" (valeur précédente : "TRACE;DEBUG") à C:\Program Files\dotnet\sdk\10.0.101\Sdks\Microsoft.NET.Sdk\targets\Microsoft.NET.Sdk.BeforeCommon.targets (295,7) [C:\Users\rdenimal\Documents\gestionnaire_doublon\DoublonManager\DoublonManager.csproj]
   1:7>Génération de la cible "AddImplicitDefineConstants" terminée dans le projet "DoublonManager.csproj".
   1:7>Cible "GenerateGlobalUsings" dans le fichier "C:\Program Files\dotnet\sdk\10.0.101\Sdks\Microsoft.NET.Sdk\targets\Microsoft.NET.GenerateGlobalUsings.targets" du projet "C:\Users\rdenimal\Documents\gestionnaire_doublon\DoublonManager\DoublonManager.csproj" (la cible "CoreBuild" en dépend) :
       Utilisation de la tâche "GenerateGlobalUsings" à partir de l'assembly "C:\Program Files\dotnet\sdk\10.0.101\Sdks\Microsoft.NET.Sdk\targets\..\tools\net10.0\Microsoft.NET.Build.Tasks.dll".
       Tâche "GenerateGlobalUsings"
       Exécution de la tâche "GenerateGlobalUsings" terminée.
       Utilisation de la tâche "WriteLinesToFile" à partir de l'assembly "Microsoft.Build.Tasks.Core, Version=15.1.0.0, Culture=neutral, PublicKeyToken=b03f5f7f11d50a3a".
       Tâche "WriteLinesToFile"
         L'écriture dans le fichier "obj\Debug\net6.0-windows\DoublonManager.GlobalUsings.g.cs" est ignorée, car le contenu ne change pas.
       Exécution de la tâche "WriteLinesToFile" terminée.
   1:7>Génération de la cible "GenerateGlobalUsings" terminée dans le projet "DoublonManager.csproj".
   1:7>Cible "BeforeResolveReferences" dans le fichier "C:\Program Files\dotnet\sdk\10.0.101\Microsoft.Common.CurrentVersion.targets" du projet "C:\Users\rdenimal\Documents\gestionnaire_doublon\DoublonManager\DoublonManager.csproj" (la cible "ResolveReferences" en dépend) :
   1:7>Génération de la cible "BeforeResolveReferences" terminée dans le projet "DoublonManager.csproj".
   1:7>Cible "IgnoreJavaScriptOutputAssembly" dans le fichier "C:\Program Files\dotnet\sdk\10.0.101\Microsoft.Common.CurrentVersion.targets" du projet "C:\Users\rdenimal\Documents\gestionnaire_doublon\DoublonManager\DoublonManager.csproj" (la cible "AssignProjectConfiguration" en dépend) :
   1:7>Génération de la cible "IgnoreJavaScriptOutputAssembly" terminée dans le projet "DoublonManager.csproj".
       Cible "ProcessFrameworkReferences" ignorée. Elle a été générée.
   1:7>Cible "_DefaultMicrosoftNETPlatformLibrary" dans le fichier "C:\Program Files\dotnet\sdk\10.0.101\Sdks\Microsoft.NET.Sdk\targets\Microsoft.NET.Sdk.Shared.targets" du projet "C:\Users\rdenimal\Documents\gestionnaire_doublon\DoublonManager\DoublonManager.csproj" (la cible "ResolvePackageAssets" en dépend) :
   1:7>Génération de la cible "_DefaultMicrosoftNETPlatformLibrary" terminée dans le projet "DoublonManager.csproj".
   1:7>Cible "_ComputePackageReferencePublish" dans le fichier "C:\Program Files\dotnet\sdk\10.0.101\Sdks\Microsoft.NET.Sdk\targets\Microsoft.NET.Sdk.Shared.targets" du projet "C:\Users\rdenimal\Documents\gestionnaire_doublon\DoublonManager\DoublonManager.csproj" (la cible "ResolvePackageAssets" en dépend) :
   1:7>Génération de la cible "_ComputePackageReferencePublish" terminée dans le projet "DoublonManager.csproj".
   1:7>Cible "ResolvePackageAssets" dans le fichier "C:\Program Files\dotnet\sdk\10.0.101\Sdks\Microsoft.NET.Sdk\targets\Microsoft.PackageDependencyResolution.targets" du projet "C:\Users\rdenimal\Documents\gestionnaire_doublon\DoublonManager\DoublonManager.csproj" (la cible "ResolveLockFileReferences" en dépend) :
       Utilisation de la tâche "ResolvePackageAssets" à partir de l'assembly "C:\Program Files\dotnet\sdk\10.0.101\Sdks\Microsoft.NET.Sdk\targets\..\tools\net10.0\Microsoft.NET.Build.Tasks.dll".
       Tâche "ResolvePackageAssets"
       Exécution de la tâche "ResolvePackageAssets" terminée.
   1:7>Génération de la cible "ResolvePackageAssets" terminée dans le projet "DoublonManager.csproj".
   1:7>Cible "ResolveLockFileReferences" dans le fichier "C:\Program Files\dotnet\sdk\10.0.101\Sdks\Microsoft.NET.Sdk\targets\Microsoft.PackageDependencyResolution.targets" du projet "C:\Users\rdenimal\Documents\gestionnaire_doublon\DoublonManager\DoublonManager.csproj" (la cible "ResolvePackageDependenciesForBuild" en dépend) :
       Utilisation de la tâche "JoinItems" à partir de l'assembly "C:\Program Files\dotnet\sdk\10.0.101\Sdks\Microsoft.NET.Sdk\targets\..\tools\net10.0\Microsoft.NET.Build.Tasks.dll".
       Tâche "JoinItems"
       Exécution de la tâche "JoinItems" terminée.
   1:7>Génération de la cible "ResolveLockFileReferences" terminée dans le projet "DoublonManager.csproj".
       Cible "ResolvePackageAssets" ignorée. Elle a été générée.
   1:7>Cible "ResolveLockFileAnalyzers" dans le fichier "C:\Program Files\dotnet\sdk\10.0.101\Sdks\Microsoft.NET.Sdk\targets\Microsoft.PackageDependencyResolution.targets" du projet "C:\Users\rdenimal\Documents\gestionnaire_doublon\DoublonManager\DoublonManager.csproj" (la cible "ResolvePackageDependenciesForBuild" en dépend) :
   1:7>Génération de la cible "ResolveLockFileAnalyzers" terminée dans le projet "DoublonManager.csproj".
       Cible "ResolvePackageAssets" ignorée. Elle a été générée.
   1:7>Cible "ResolveLockFileCopyLocalFiles" dans le fichier "C:\Program Files\dotnet\sdk\10.0.101\Sdks\Microsoft.NET.Sdk\targets\Microsoft.PackageDependencyResolution.targets" du projet "C:\Users\rdenimal\Documents\gestionnaire_doublon\DoublonManager\DoublonManager.csproj" (la cible "ResolvePackageDependenciesForBuild" en dépend) :
   1:7>Génération de la cible "ResolveLockFileCopyLocalFiles" terminée dans le projet "DoublonManager.csproj".
       Cible "ResolvePackageAssets" ignorée. Elle a été générée.
   1:7>Cible "IncludeTransitiveProjectReferences" dans le fichier "C:\Program Files\dotnet\sdk\10.0.101\Sdks\Microsoft.NET.Sdk\targets\Microsoft.PackageDependencyResolution.targets" du projet "C:\Users\rdenimal\Documents\gestionnaire_doublon\DoublonManager\DoublonManager.csproj" (la cible "ResolvePackageDependenciesForBuild" en dépend) :
   1:7>Génération de la cible "IncludeTransitiveProjectReferences" terminée dans le projet "DoublonManager.csproj".
   1:7>Cible "ResolvePackageDependenciesForBuild" dans le fichier "C:\Program Files\dotnet\sdk\10.0.101\Sdks\Microsoft.NET.Sdk\targets\Microsoft.PackageDependencyResolution.targets" du projet "C:\Users\rdenimal\Documents\gestionnaire_doublon\DoublonManager\DoublonManager.csproj" (la cible "AssignProjectConfiguration" en dépend) :
   1:7>Génération de la cible "ResolvePackageDependenciesForBuild" terminée dans le projet "DoublonManager.csproj".
   1:7>Cible "_SplitProjectReferencesByFileExistence" dans le fichier "C:\Program Files\dotnet\sdk\10.0.101\Microsoft.Common.CurrentVersion.targets" du projet "C:\Users\rdenimal\Documents\gestionnaire_doublon\DoublonManager\DoublonManager.csproj" (la cible "PrepareProjectReferences" en dépend) :
   1:7>Génération de la cible "_SplitProjectReferencesByFileExistence" terminée dans le projet "DoublonManager.csproj".
   1:7>Cible "_AddOutputPathToGlobalPropertiesToRemove" dans le fichier "C:\Program Files\dotnet\sdk\10.0.101\Microsoft.Common.CurrentVersion.targets" du projet "C:\Users\rdenimal\Documents\gestionnaire_doublon\DoublonManager\DoublonManager.csproj" (la cible "_GetProjectReferenceTargetFrameworkProperties" en dépend) :
   1:7>Génération de la cible "_AddOutputPathToGlobalPropertiesToRemove" terminée dans le projet "DoublonManager.csproj".
   1:7>Cible "_GetProjectReferenceTargetFrameworkProperties" dans le fichier "C:\Program Files\dotnet\sdk\10.0.101\Microsoft.Common.CurrentVersion.targets" du projet "C:\Users\rdenimal\Documents\gestionnaire_doublon\DoublonManager\DoublonManager.csproj" (la cible "PrepareProjectReferences" en dépend) :
       Tâche "MSBuild"
       Exécution de la tâche "MSBuild" terminée.
       Utilisation de la tâche "SetRidAgnosticValueForProjects" à partir de l'assembly "Microsoft.Build.Tasks.Core, Version=15.1.0.0, Culture=neutral, PublicKeyToken=b03f5f7f11d50a3a".
       Tâche "SetRidAgnosticValueForProjects"
       Exécution de la tâche "SetRidAgnosticValueForProjects" terminée.
   1:7>Génération de la cible "_GetProjectReferenceTargetFrameworkProperties" terminée dans le projet "DoublonManager.csproj".
   1:7>Cible "_CalculateIsVSTestTestProject" dans le fichier "C:\Program Files\dotnet\sdk\10.0.101\Sdks\Microsoft.NET.Sdk\targets\Microsoft.NET.Sdk.targets" du projet "C:\Users\rdenimal\Documents\gestionnaire_doublon\DoublonManager\DoublonManager.csproj" (la cible "ValidateExecutableReferences" en dépend) :
   1:7>Génération de la cible "_CalculateIsVSTestTestProject" terminée dans le projet "DoublonManager.csproj".
   1:7>Cible "ValidateExecutableReferences" dans le fichier "C:\Program Files\dotnet\sdk\10.0.101\Sdks\Microsoft.NET.Sdk\targets\Microsoft.NET.Sdk.targets" du projet "C:\Users\rdenimal\Documents\gestionnaire_doublon\DoublonManager\DoublonManager.csproj" (la cible "PrepareProjectReferences" en dépend) :
       Utilisation de la tâche "ValidateExecutableReferences" à partir de l'assembly "C:\Program Files\dotnet\sdk\10.0.101\Sdks\Microsoft.NET.Sdk\targets\..\tools\net10.0\Microsoft.NET.Build.Tasks.dll".
       Tâche "ValidateExecutableReferences"
       Exécution de la tâche "ValidateExecutableReferences" terminée.
   1:7>Génération de la cible "ValidateExecutableReferences" terminée dans le projet "DoublonManager.csproj".
   1:7>Cible "PrepareProjectReferences" dans le fichier "C:\Program Files\dotnet\sdk\10.0.101\Microsoft.Common.CurrentVersion.targets" du projet "C:\Users\rdenimal\Documents\gestionnaire_doublon\DoublonManager\DoublonManager.csproj" (la cible "ResolveProjectReferences" en dépend) :
   1:7>Génération de la cible "PrepareProjectReferences" terminée dans le projet "DoublonManager.csproj".
   1:7>Cible "ResolveProjectReferences" dans le fichier "C:\Program Files\dotnet\sdk\10.0.101\Microsoft.Common.CurrentVersion.targets" du projet "C:\Users\rdenimal\Documents\gestionnaire_doublon\DoublonManager\DoublonManager.csproj" (la cible "ResolveReferences" en dépend) :
   1:7>Génération de la cible "ResolveProjectReferences" terminée dans le projet "DoublonManager.csproj".
   1:7>Cible "RemoveManagedWinRTComponentWinMDReferences" dans le fichier "C:\Program Files\dotnet\sdk\10.0.101\Sdks\Microsoft.NET.Sdk\targets\Microsoft.NET.Windows.targets" du projet "C:\Users\rdenimal\Documents\gestionnaire_doublon\DoublonManager\DoublonManager.csproj" (la cible "ResolveReferences" en dépend) :
   1:7>Génération de la cible "RemoveManagedWinRTComponentWinMDReferences" terminée dans le projet "DoublonManager.csproj".
       Cible "ResolveProjectReferences" ignorée. Elle a été générée.
       Cible "GetFrameworkPaths" ignorée. Elle a été générée.
       Cible "GetReferenceAssemblyPaths" ignorée. Elle a été générée.
       Cible "PrepareForBuild" ignorée. Elle a été générée.
   1:7>Cible "ResolveSDKReferences" dans le fichier "C:\Program Files\dotnet\sdk\10.0.101\Microsoft.Common.CurrentVersion.targets" du projet "C:\Users\rdenimal\Documents\gestionnaire_doublon\DoublonManager\DoublonManager.csproj" (la cible "ResolveAssemblyReferences" en dépend) :
   1:7>Génération de la cible "ResolveSDKReferences" terminée dans le projet "DoublonManager.csproj".
       Cible "ResolveSDKReferences" ignorée. Elle a été générée.
   1:7>Cible "ExpandSDKReferences" dans le fichier "C:\Program Files\dotnet\sdk\10.0.101\Microsoft.Common.CurrentVersion.targets" du projet "C:\Users\rdenimal\Documents\gestionnaire_doublon\DoublonManager\DoublonManager.csproj" (la cible "ResolveAssemblyReferences" en dépend) :
   1:7>Génération de la cible "ExpandSDKReferences" terminée dans le projet "DoublonManager.csproj".
       Cible "ResolvePackageDependenciesForBuild" ignorée. Elle a été générée.
       Cible "GetFrameworkPaths" ignorée. Elle a été générée.
       Cible "GetReferenceAssemblyPaths" ignorée. Elle a été générée.
       Cible "ProcessFrameworkReferences" ignorée. Elle a été générée.
       Cible "ResolvePackageAssets" ignorée. Elle a été générée.
   1:7>Cible "ResolveFrameworkReferences" dans le fichier "C:\Program Files\dotnet\sdk\10.0.101\Sdks\Microsoft.NET.Sdk\targets\Microsoft.NET.Sdk.FrameworkReferenceResolution.targets" du projet "C:\Users\rdenimal\Documents\gestionnaire_doublon\DoublonManager\DoublonManager.csproj" (la cible "ResolveTargetingPackAssets" en dépend) :
       Utilisation de la tâche "GetPackageDirectory" à partir de l'assembly "C:\Program Files\dotnet\sdk\10.0.101\Sdks\Microsoft.NET.Sdk\targets\..\tools\net10.0\Microsoft.NET.Build.Tasks.dll".
       Tâche "GetPackageDirectory"
       Exécution de la tâche "GetPackageDirectory" terminée.
       Tâche "GetPackageDirectory"
       Exécution de la tâche "GetPackageDirectory" terminée.
       Tâche "GetPackageDirectory"
       Exécution de la tâche "GetPackageDirectory" terminée.
       Tâche "GetPackageDirectory"
       Exécution de la tâche "GetPackageDirectory" terminée.
       Tâche "GetPackageDirectory"
       Exécution de la tâche "GetPackageDirectory" terminée.
       Tâche "GetPackageDirectory"
       Exécution de la tâche "GetPackageDirectory" terminée.
       Tâche "GetPackageDirectory"
       Exécution de la tâche "GetPackageDirectory" terminée.
       Tâche "GetPackageDirectory"
       Exécution de la tâche "GetPackageDirectory" terminée.
       Tâche "GetPackageDirectory"
       Exécution de la tâche "GetPackageDirectory" terminée.
       Tâche "GetPackageDirectory"
       Exécution de la tâche "GetPackageDirectory" terminée.
       Utilisation de la tâche "ResolveFrameworkReferences" à partir de l'assembly "C:\Program Files\dotnet\sdk\10.0.101\Sdks\Microsoft.NET.Sdk\targets\..\tools\net10.0\Microsoft.NET.Build.Tasks.dll".
       Tâche "ResolveFrameworkReferences"
       Exécution de la tâche "ResolveFrameworkReferences" terminée.
   1:7>Génération de la cible "ResolveFrameworkReferences" terminée dans le projet "DoublonManager.csproj".
   1:7>Cible "ResolveTargetingPackAssets" dans le fichier "C:\Program Files\dotnet\sdk\10.0.101\Sdks\Microsoft.NET.Sdk\targets\Microsoft.NET.Sdk.FrameworkReferenceResolution.targets" du projet "C:\Users\rdenimal\Documents\gestionnaire_doublon\DoublonManager\DoublonManager.csproj" (la cible "_HandlePackageFileConflicts" en dépend) :
       Utilisation de la tâche "ResolveTargetingPackAssets" à partir de l'assembly "C:\Program Files\dotnet\sdk\10.0.101\Sdks\Microsoft.NET.Sdk\targets\..\tools\net10.0\Microsoft.NET.Build.Tasks.dll".
       Tâche "ResolveTargetingPackAssets"
       Exécution de la tâche "ResolveTargetingPackAssets" terminée.
   1:7>Génération de la cible "ResolveTargetingPackAssets" terminée dans le projet "DoublonManager.csproj".
   1:7>Cible "ResolveOffByDefaultAnalyzers" dans le fichier "C:\Program Files\dotnet\sdk\10.0.101\Sdks\Microsoft.NET.Sdk\targets\Microsoft.NET.Sdk.FrameworkReferenceResolution.targets" du projet "C:\Users\rdenimal\Documents\gestionnaire_doublon\DoublonManager\DoublonManager.csproj" (la cible "_HandlePackageFileConflicts" en dépend) :
   1:7>Génération de la cible "ResolveOffByDefaultAnalyzers" terminée dans le projet "DoublonManager.csproj".
   1:7>Cible "_HandlePackageFileConflicts" dans le fichier "C:\Program Files\dotnet\sdk\10.0.101\Sdks\Microsoft.NET.Sdk\targets\Microsoft.NET.ConflictResolution.targets" du projet "C:\Users\rdenimal\Documents\gestionnaire_doublon\DoublonManager\DoublonManager.csproj" (la cible "ResolveAssemblyReferences" en dépend) :
       Utilisation de la tâche "ResolvePackageFileConflicts" à partir de l'assembly "C:\Program Files\dotnet\sdk\10.0.101\Sdks\Microsoft.NET.Sdk\targets\..\tools\net10.0\Microsoft.NET.Build.Tasks.dll".
       Tâche "ResolvePackageFileConflicts"
         Conflit détecté entre 'Reference:C:\Users\rdenimal\.nuget\packages\microsoft.netcore.app.ref\6.0.36\ref/net6.0/Microsoft.VisualBasic.dll' et 'Reference:C:\Users\rdenimal\.nuget\packages\microsoft.windowsdesktop.app.ref\6.0.36\ref/net6.0/Microsoft.VisualBasic.dll'. 'Reference:C:\Users\rdenimal\.nuget\packages\microsoft.windowsdesktop.app.ref\6.0.36\ref/net6.0/Microsoft.VisualBasic.dll' choisi, car AssemblyVersion '10.1.0.0' est supérieur à '10.0.0.0'.
         Conflit détecté entre 'Reference:C:\Users\rdenimal\.nuget\packages\microsoft.win32.systemevents\7.0.0\lib\net6.0\Microsoft.Win32.SystemEvents.dll' et 'Reference:C:\Users\rdenimal\.nuget\packages\microsoft.windowsdesktop.app.ref\6.0.36\ref/net6.0/Microsoft.Win32.SystemEvents.dll'. 'Reference:C:\Users\rdenimal\.nuget\packages\microsoft.win32.systemevents\7.0.0\lib\net6.0\Microsoft.Win32.SystemEvents.dll' choisi, car AssemblyVersion '7.0.0.0' est supérieur à '6.0.0.0'.
         Conflit détecté entre 'Reference:C:\Users\rdenimal\.nuget\packages\system.configuration.configurationmanager\7.0.0\lib\net6.0\System.Configuration.ConfigurationManager.dll' et 'Reference:C:\Users\rdenimal\.nuget\packages\microsoft.windowsdesktop.app.ref\6.0.36\ref/net6.0/System.Configuration.ConfigurationManager.dll'. 'Reference:C:\Users\rdenimal\.nuget\packages\system.configuration.configurationmanager\7.0.0\lib\net6.0\System.Configuration.ConfigurationManager.dll' choisi, car AssemblyVersion '7.0.0.0' est supérieur à '6.0.0.0'.
         Conflit détecté entre 'Reference:C:\Users\rdenimal\.nuget\packages\system.drawing.common\7.0.0\lib\net6.0\System.Drawing.Common.dll' et 'Reference:C:\Users\rdenimal\.nuget\packages\microsoft.windowsdesktop.app.ref\6.0.36\ref/net6.0/System.Drawing.Common.dll'. 'Reference:C:\Users\rdenimal\.nuget\packages\system.drawing.common\7.0.0\lib\net6.0\System.Drawing.Common.dll' choisi, car AssemblyVersion '7.0.0.0' est supérieur à '6.0.0.0'.
         Conflit détecté entre 'Reference:C:\Users\rdenimal\.nuget\packages\microsoft.netcore.app.ref\6.0.36\ref/net6.0/System.Drawing.dll' et 'Reference:C:\Users\rdenimal\.nuget\packages\microsoft.windowsdesktop.app.ref\6.0.36\ref/net6.0/System.Drawing.dll'. 'Reference:C:\Users\rdenimal\.nuget\packages\microsoft.windowsdesktop.app.ref\6.0.36\ref/net6.0/System.Drawing.dll' choisi, car AssemblyVersion '6.0.2.0' est supérieur à '4.0.0.0'.
         Conflit détecté entre 'Reference:C:\Users\rdenimal\.nuget\packages\system.security.cryptography.protecteddata\7.0.0\lib\net6.0\System.Security.Cryptography.ProtectedData.dll' et 'Reference:C:\Users\rdenimal\.nuget\packages\microsoft.windowsdesktop.app.ref\6.0.36\ref/net6.0/System.Security.Cryptography.ProtectedData.dll'. 'Reference:C:\Users\rdenimal\.nuget\packages\system.security.cryptography.protecteddata\7.0.0\lib\net6.0\System.Security.Cryptography.ProtectedData.dll' choisi, car AssemblyVersion '7.0.0.0' est supérieur à '6.0.0.0'.
         Conflit détecté entre 'Reference:C:\Users\rdenimal\.nuget\packages\system.security.permissions\7.0.0\lib\net6.0\System.Security.Permissions.dll' et 'Reference:C:\Users\rdenimal\.nuget\packages\microsoft.windowsdesktop.app.ref\6.0.36\ref/net6.0/System.Security.Permissions.dll'. 'Reference:C:\Users\rdenimal\.nuget\packages\system.security.permissions\7.0.0\lib\net6.0\System.Security.Permissions.dll' choisi, car AssemblyVersion '7.0.0.0' est supérieur à '6.0.0.0'.
         Conflit détecté entre 'Reference:C:\Users\rdenimal\.nuget\packages\system.windows.extensions\7.0.0\lib\net6.0\System.Windows.Extensions.dll' et 'Reference:C:\Users\rdenimal\.nuget\packages\microsoft.windowsdesktop.app.ref\6.0.36\ref/net6.0/System.Windows.Extensions.dll'. 'Reference:C:\Users\rdenimal\.nuget\packages\system.windows.extensions\7.0.0\lib\net6.0\System.Windows.Extensions.dll' choisi, car AssemblyVersion '7.0.0.0' est supérieur à '6.0.0.0'.
         Conflit détecté entre 'Platform:Microsoft.VisualBasic.dll' et 'Platform:Microsoft.VisualBasic.dll'. 'Platform:Microsoft.VisualBasic.dll' choisi, car AssemblyVersion '10.1.0.0' est supérieur à '10.0.0.0'.
         Conflit détecté entre 'Platform:System.Drawing.dll' et 'Platform:System.Drawing.dll'. 'Platform:System.Drawing.dll' choisi, car AssemblyVersion '6.0.0.0' est supérieur à '4.0.0.0'.
         Conflit détecté entre 'Platform:WindowsBase.dll' et 'Platform:WindowsBase.dll'. 'Platform:WindowsBase.dll' choisi, car AssemblyVersion '6.0.0.0' est supérieur à '4.0.0.0'.
         Conflit détecté entre 'Platform:Microsoft.Win32.SystemEvents.dll' et 'CopyLocal:C:\Users\rdenimal\.nuget\packages\microsoft.win32.systemevents\7.0.0\lib\net6.0\Microsoft.Win32.SystemEvents.dll'. 'CopyLocal:C:\Users\rdenimal\.nuget\packages\microsoft.win32.systemevents\7.0.0\lib\net6.0\Microsoft.Win32.SystemEvents.dll' choisi, car AssemblyVersion '7.0.0.0' est supérieur à '6.0.0.0'.
         Conflit détecté entre 'Platform:System.Configuration.ConfigurationManager.dll' et 'CopyLocal:C:\Users\rdenimal\.nuget\packages\system.configuration.configurationmanager\7.0.0\lib\net6.0\System.Configuration.ConfigurationManager.dll'. 'CopyLocal:C:\Users\rdenimal\.nuget\packages\system.configuration.configurationmanager\7.0.0\lib\net6.0\System.Configuration.ConfigurationManager.dll' choisi, car AssemblyVersion '7.0.0.0' est supérieur à '6.0.0.0'.
         Conflit détecté entre 'Platform:System.Drawing.Common.dll' et 'CopyLocal:C:\Users\rdenimal\.nuget\packages\system.drawing.common\7.0.0\lib\net6.0\System.Drawing.Common.dll'. 'CopyLocal:C:\Users\rdenimal\.nuget\packages\system.drawing.common\7.0.0\lib\net6.0\System.Drawing.Common.dll' choisi, car AssemblyVersion '7.0.0.0' est supérieur à '6.0.0.0'.
         Conflit détecté entre 'Platform:System.Security.Cryptography.ProtectedData.dll' et 'CopyLocal:C:\Users\rdenimal\.nuget\packages\system.security.cryptography.protecteddata\7.0.0\lib\net6.0\System.Security.Cryptography.ProtectedData.dll'. 'CopyLocal:C:\Users\rdenimal\.nuget\packages\system.security.cryptography.protecteddata\7.0.0\lib\net6.0\System.Security.Cryptography.ProtectedData.dll' choisi, car AssemblyVersion '7.0.0.0' est supérieur à '6.0.0.0'.
         Conflit détecté entre 'Platform:System.Security.Permissions.dll' et 'CopyLocal:C:\Users\rdenimal\.nuget\packages\system.security.permissions\7.0.0\lib\net6.0\System.Security.Permissions.dll'. 'CopyLocal:C:\Users\rdenimal\.nuget\packages\system.security.permissions\7.0.0\lib\net6.0\System.Security.Permissions.dll' choisi, car AssemblyVersion '7.0.0.0' est supérieur à '6.0.0.0'.
         Conflit détecté entre 'Platform:System.Windows.Extensions.dll' et 'CopyLocal:C:\Users\rdenimal\.nuget\packages\system.windows.extensions\7.0.0\lib\net6.0\System.Windows.Extensions.dll'. 'CopyLocal:C:\Users\rdenimal\.nuget\packages\system.windows.extensions\7.0.0\lib\net6.0\System.Windows.Extensions.dll' choisi, car AssemblyVersion '7.0.0.0' est supérieur à '6.0.0.0'.
         Conflit détecté entre 'Platform:System.Private.DataContractSerialization.dll' et 'Platform:System.Private.DataContractSerialization.dll'. Impossible de déterminer le gagnant, car les versions de fichier et d'assembly sont identiques.
         Conflit détecté entre 'Platform:System.Private.Uri.dll' et 'Platform:System.Private.Uri.dll'. Impossible de déterminer le gagnant, car les versions de fichier et d'assembly sont identiques.
         Conflit détecté entre 'Platform:System.Private.Xml.dll' et 'Platform:System.Private.Xml.dll'. Impossible de déterminer le gagnant, car les versions de fichier et d'assembly sont identiques.
         Conflit détecté entre 'Platform:System.Private.Xml.Linq.dll' et 'Platform:System.Private.Xml.Linq.dll'. Impossible de déterminer le gagnant, car les versions de fichier et d'assembly sont identiques.
         Conflit détecté entre 'Platform:mscordaccore_amd64_amd64_6.0.21.52210.dll' et 'Platform:mscordaccore_amd64_amd64_6.0.21.52210.dll'. Impossible de déterminer le gagnant, car les versions de fichier et d'assembly sont identiques.
       Exécution de la tâche "ResolvePackageFileConflicts" terminée.
   1:7>Génération de la cible "_HandlePackageFileConflicts" terminée dans le projet "DoublonManager.csproj".
       Cible "ResolveTargetingPackAssets" ignorée. Elle a été générée.
   1:7>Cible "ResolveAssemblyReferences" dans le fichier "C:\Program Files\dotnet\sdk\10.0.101\Microsoft.Common.CurrentVersion.targets" du projet "C:\Users\rdenimal\Documents\gestionnaire_doublon\DoublonManager\DoublonManager.csproj" (la cible "ResolveReferences" en dépend) :
       Utilisation de la tâche "ResolveAssemblyReference" à partir de l'assembly "Microsoft.Build.Tasks.Core, Version=15.1.0.0, Culture=neutral, PublicKeyToken=b03f5f7f11d50a3a".
       Tâche "ResolveAssemblyReference"
         TargetFrameworkMoniker :
             .NETCoreApp,Version=v6.0
         TargetFrameworkMonikerDisplayName :
             .NET 6.0
         TargetedRuntimeVersion :
             
         Assemblies :
             C:\Users\rdenimal\.nuget\packages\microsoft.win32.systemevents\7.0.0\lib\net6.0\Microsoft.Win32.SystemEvents.dll
                 Private = 'false'
                 HintPath = 'C:\Users\rdenimal\.nuget\packages\microsoft.win32.systemevents\7.0.0\lib\net6.0\Microsoft.Win32.SystemEvents.dll'
             C:\Users\rdenimal\.nuget\packages\newtonsoft.json\13.0.4\lib\net6.0\Newtonsoft.Json.dll
                 Private = 'false'
                 HintPath = 'C:\Users\rdenimal\.nuget\packages\newtonsoft.json\13.0.4\lib\net6.0\Newtonsoft.Json.dll'
             C:\Users\rdenimal\.nuget\packages\system.configuration.configurationmanager\7.0.0\lib\net6.0\System.Configuration.ConfigurationManager.dll
                 Private = 'false'
                 HintPath = 'C:\Users\rdenimal\.nuget\packages\system.configuration.configurationmanager\7.0.0\lib\net6.0\System.Configuration.ConfigurationManager.dll'
             C:\Users\rdenimal\.nuget\packages\system.data.sqlclient\4.9.0\lib\net6.0\System.Data.SqlClient.dll
                 Private = 'false'
                 HintPath = 'C:\Users\rdenimal\.nuget\packages\system.data.sqlclient\4.9.0\lib\net6.0\System.Data.SqlClient.dll'
             C:\Users\rdenimal\.nuget\packages\system.drawing.common\7.0.0\lib\net6.0\System.Drawing.Common.dll
                 Private = 'false'
                 HintPath = 'C:\Users\rdenimal\.nuget\packages\system.drawing.common\7.0.0\lib\net6.0\System.Drawing.Common.dll'
             C:\Users\rdenimal\.nuget\packages\system.security.cryptography.protecteddata\7.0.0\lib\net6.0\System.Security.Cryptography.ProtectedData.dll
                 Private = 'false'
                 HintPath = 'C:\Users\rdenimal\.nuget\packages\system.security.cryptography.protecteddata\7.0.0\lib\net6.0\System.Security.Cryptography.ProtectedData.dll'
             C:\Users\rdenimal\.nuget\packages\system.security.permissions\7.0.0\lib\net6.0\System.Security.Permissions.dll
                 Private = 'false'
                 HintPath = 'C:\Users\rdenimal\.nuget\packages\system.security.permissions\7.0.0\lib\net6.0\System.Security.Permissions.dll'
             C:\Users\rdenimal\.nuget\packages\system.windows.extensions\7.0.0\lib\net6.0\System.Windows.Extensions.dll
                 Private = 'false'
                 HintPath = 'C:\Users\rdenimal\.nuget\packages\system.windows.extensions\7.0.0\lib\net6.0\System.Windows.Extensions.dll'
             C:\Users\rdenimal\.nuget\packages\microsoft.netcore.app.ref\6.0.36\ref/net6.0/Microsoft.CSharp.dll
                 Private = 'false'
             C:\Users\rdenimal\.nuget\packages\microsoft.netcore.app.ref\6.0.36\ref/net6.0/Microsoft.VisualBasic.Core.dll
                 Private = 'false'
             C:\Users\rdenimal\.nuget\packages\microsoft.netcore.app.ref\6.0.36\ref/net6.0/Microsoft.Win32.Primitives.dll
                 Private = 'false'
             C:\Users\rdenimal\.nuget\packages\microsoft.netcore.app.ref\6.0.36\ref/net6.0/Microsoft.Win32.Registry.dll
                 Private = 'false'
             C:\Users\rdenimal\.nuget\packages\microsoft.netcore.app.ref\6.0.36\ref/net6.0/System.AppContext.dll
                 Private = 'false'
             C:\Users\rdenimal\.nuget\packages\microsoft.netcore.app.ref\6.0.36\ref/net6.0/System.Buffers.dll
                 Private = 'false'
             C:\Users\rdenimal\.nuget\packages\microsoft.netcore.app.ref\6.0.36\ref/net6.0/System.Collections.Concurrent.dll
                 Private = 'false'
             C:\Users\rdenimal\.nuget\packages\microsoft.netcore.app.ref\6.0.36\ref/net6.0/System.Collections.Immutable.dll
                 Private = 'false'
             C:\Users\rdenimal\.nuget\packages\microsoft.netcore.app.ref\6.0.36\ref/net6.0/System.Collections.NonGeneric.dll
                 Private = 'false'
             C:\Users\rdenimal\.nuget\packages\microsoft.netcore.app.ref\6.0.36\ref/net6.0/System.Collections.Specialized.dll
                 Private = 'false'
             C:\Users\rdenimal\.nuget\packages\microsoft.netcore.app.ref\6.0.36\ref/net6.0/System.Collections.dll
                 Private = 'false'
             C:\Users\rdenimal\.nuget\packages\microsoft.netcore.app.ref\6.0.36\ref/net6.0/System.ComponentModel.Annotations.dll
                 Private = 'false'
             C:\Users\rdenimal\.nuget\packages\microsoft.netcore.app.ref\6.0.36\ref/net6.0/System.ComponentModel.DataAnnotations.dll
                 Private = 'false'
             C:\Users\rdenimal\.nuget\packages\microsoft.netcore.app.ref\6.0.36\ref/net6.0/System.ComponentModel.EventBasedAsync.dll
                 Private = 'false'
             C:\Users\rdenimal\.nuget\packages\microsoft.netcore.app.ref\6.0.36\ref/net6.0/System.ComponentModel.Primitives.dll
                 Private = 'false'
             C:\Users\rdenimal\.nuget\packages\microsoft.netcore.app.ref\6.0.36\ref/net6.0/System.ComponentModel.TypeConverter.dll
                 Private = 'false'
             C:\Users\rdenimal\.nuget\packages\microsoft.netcore.app.ref\6.0.36\ref/net6.0/System.ComponentModel.dll
                 Private = 'false'
             C:\Users\rdenimal\.nuget\packages\microsoft.netcore.app.ref\6.0.36\ref/net6.0/System.Configuration.dll
                 Private = 'false'
             C:\Users\rdenimal\.nuget\packages\microsoft.netcore.app.ref\6.0.36\ref/net6.0/System.Console.dll
                 Private = 'false'
             C:\Users\rdenimal\.nuget\packages\microsoft.netcore.app.ref\6.0.36\ref/net6.0/System.Core.dll
                 Private = 'false'
             C:\Users\rdenimal\.nuget\packages\microsoft.netcore.app.ref\6.0.36\ref/net6.0/System.Data.Common.dll
                 Private = 'false'
             C:\Users\rdenimal\.nuget\packages\microsoft.netcore.app.ref\6.0.36\ref/net6.0/System.Data.DataSetExtensions.dll
                 Private = 'false'
             C:\Users\rdenimal\.nuget\packages\microsoft.netcore.app.ref\6.0.36\ref/net6.0/System.Data.dll
                 Private = 'false'
             C:\Users\rdenimal\.nuget\packages\microsoft.netcore.app.ref\6.0.36\ref/net6.0/System.Diagnostics.Contracts.dll
                 Private = 'false'
             C:\Users\rdenimal\.nuget\packages\microsoft.netcore.app.ref\6.0.36\ref/net6.0/System.Diagnostics.Debug.dll
                 Private = 'false'
             C:\Users\rdenimal\.nuget\packages\microsoft.netcore.app.ref\6.0.36\ref/net6.0/System.Diagnostics.DiagnosticSource.dll
                 Private = 'false'
             C:\Users\rdenimal\.nuget\packages\microsoft.netcore.app.ref\6.0.36\ref/net6.0/System.Diagnostics.FileVersionInfo.dll
                 Private = 'false'
             C:\Users\rdenimal\.nuget\packages\microsoft.netcore.app.ref\6.0.36\ref/net6.0/System.Diagnostics.Process.dll
                 Private = 'false'
             C:\Users\rdenimal\.nuget\packages\microsoft.netcore.app.ref\6.0.36\ref/net6.0/System.Diagnostics.StackTrace.dll
                 Private = 'false'
             C:\Users\rdenimal\.nuget\packages\microsoft.netcore.app.ref\6.0.36\ref/net6.0/System.Diagnostics.TextWriterTraceListener.dll
                 Private = 'false'
             C:\Users\rdenimal\.nuget\packages\microsoft.netcore.app.ref\6.0.36\ref/net6.0/System.Diagnostics.Tools.dll
                 Private = 'false'
             C:\Users\rdenimal\.nuget\packages\microsoft.netcore.app.ref\6.0.36\ref/net6.0/System.Diagnostics.TraceSource.dll
                 Private = 'false'
             C:\Users\rdenimal\.nuget\packages\microsoft.netcore.app.ref\6.0.36\ref/net6.0/System.Diagnostics.Tracing.dll
                 Private = 'false'
             C:\Users\rdenimal\.nuget\packages\microsoft.netcore.app.ref\6.0.36\ref/net6.0/System.Drawing.Primitives.dll
                 Private = 'false'
             C:\Users\rdenimal\.nuget\packages\microsoft.netcore.app.ref\6.0.36\ref/net6.0/System.Dynamic.Runtime.dll
                 Private = 'false'
             C:\Users\rdenimal\.nuget\packages\microsoft.netcore.app.ref\6.0.36\ref/net6.0/System.Formats.Asn1.dll
                 Private = 'false'
             C:\Users\rdenimal\.nuget\packages\microsoft.netcore.app.ref\6.0.36\ref/net6.0/System.Globalization.Calendars.dll
                 Private = 'false'
             C:\Users\rdenimal\.nuget\packages\microsoft.netcore.app.ref\6.0.36\ref/net6.0/System.Globalization.Extensions.dll
                 Private = 'false'
             C:\Users\rdenimal\.nuget\packages\microsoft.netcore.app.ref\6.0.36\ref/net6.0/System.Globalization.dll
                 Private = 'false'
             C:\Users\rdenimal\.nuget\packages\microsoft.netcore.app.ref\6.0.36\ref/net6.0/System.IO.Compression.Brotli.dll
                 Private = 'false'
             C:\Users\rdenimal\.nuget\packages\microsoft.netcore.app.ref\6.0.36\ref/net6.0/System.IO.Compression.FileSystem.dll
                 Private = 'false'
             C:\Users\rdenimal\.nuget\packages\microsoft.netcore.app.ref\6.0.36\ref/net6.0/System.IO.Compression.ZipFile.dll
                 Private = 'false'
             C:\Users\rdenimal\.nuget\packages\microsoft.netcore.app.ref\6.0.36\ref/net6.0/System.IO.Compression.dll
                 Private = 'false'
             C:\Users\rdenimal\.nuget\packages\microsoft.netcore.app.ref\6.0.36\ref/net6.0/System.IO.FileSystem.AccessControl.dll
                 Private = 'false'
             C:\Users\rdenimal\.nuget\packages\microsoft.netcore.app.ref\6.0.36\ref/net6.0/System.IO.FileSystem.DriveInfo.dll
                 Private = 'false'
             C:\Users\rdenimal\.nuget\packages\microsoft.netcore.app.ref\6.0.36\ref/net6.0/System.IO.FileSystem.Primitives.dll
                 Private = 'false'
             C:\Users\rdenimal\.nuget\packages\microsoft.netcore.app.ref\6.0.36\ref/net6.0/System.IO.FileSystem.Watcher.dll
                 Private = 'false'
             C:\Users\rdenimal\.nuget\packages\microsoft.netcore.app.ref\6.0.36\ref/net6.0/System.IO.FileSystem.dll
                 Private = 'false'
             C:\Users\rdenimal\.nuget\packages\microsoft.netcore.app.ref\6.0.36\ref/net6.0/System.IO.IsolatedStorage.dll
                 Private = 'false'
             C:\Users\rdenimal\.nuget\packages\microsoft.netcore.app.ref\6.0.36\ref/net6.0/System.IO.MemoryMappedFiles.dll
                 Private = 'false'
             C:\Users\rdenimal\.nuget\packages\microsoft.netcore.app.ref\6.0.36\ref/net6.0/System.IO.Pipes.AccessControl.dll
                 Private = 'false'
             C:\Users\rdenimal\.nuget\packages\microsoft.netcore.app.ref\6.0.36\ref/net6.0/System.IO.Pipes.dll
                 Private = 'false'
             C:\Users\rdenimal\.nuget\packages\microsoft.netcore.app.ref\6.0.36\ref/net6.0/System.IO.UnmanagedMemoryStream.dll
                 Private = 'false'
             C:\Users\rdenimal\.nuget\packages\microsoft.netcore.app.ref\6.0.36\ref/net6.0/System.IO.dll
                 Private = 'false'
             C:\Users\rdenimal\.nuget\packages\microsoft.netcore.app.ref\6.0.36\ref/net6.0/System.Linq.Expressions.dll
                 Private = 'false'
             C:\Users\rdenimal\.nuget\packages\microsoft.netcore.app.ref\6.0.36\ref/net6.0/System.Linq.Parallel.dll
                 Private = 'false'
             C:\Users\rdenimal\.nuget\packages\microsoft.netcore.app.ref\6.0.36\ref/net6.0/System.Linq.Queryable.dll
                 Private = 'false'
             C:\Users\rdenimal\.nuget\packages\microsoft.netcore.app.ref\6.0.36\ref/net6.0/System.Linq.dll
                 Private = 'false'
             C:\Users\rdenimal\.nuget\packages\microsoft.netcore.app.ref\6.0.36\ref/net6.0/System.Memory.dll
                 Private = 'false'
             C:\Users\rdenimal\.nuget\packages\microsoft.netcore.app.ref\6.0.36\ref/net6.0/System.Net.Http.Json.dll
                 Private = 'false'
             C:\Users\rdenimal\.nuget\packages\microsoft.netcore.app.ref\6.0.36\ref/net6.0/System.Net.Http.dll
                 Private = 'false'
             C:\Users\rdenimal\.nuget\packages\microsoft.netcore.app.ref\6.0.36\ref/net6.0/System.Net.HttpListener.dll
                 Private = 'false'
             C:\Users\rdenimal\.nuget\packages\microsoft.netcore.app.ref\6.0.36\ref/net6.0/System.Net.Mail.dll
                 Private = 'false'
             C:\Users\rdenimal\.nuget\packages\microsoft.netcore.app.ref\6.0.36\ref/net6.0/System.Net.NameResolution.dll
                 Private = 'false'
             C:\Users\rdenimal\.nuget\packages\microsoft.netcore.app.ref\6.0.36\ref/net6.0/System.Net.NetworkInformation.dll
                 Private = 'false'
             C:\Users\rdenimal\.nuget\packages\microsoft.netcore.app.ref\6.0.36\ref/net6.0/System.Net.Ping.dll
                 Private = 'false'
             C:\Users\rdenimal\.nuget\packages\microsoft.netcore.app.ref\6.0.36\ref/net6.0/System.Net.Primitives.dll
                 Private = 'false'
             C:\Users\rdenimal\.nuget\packages\microsoft.netcore.app.ref\6.0.36\ref/net6.0/System.Net.Requests.dll
                 Private = 'false'
             C:\Users\rdenimal\.nuget\packages\microsoft.netcore.app.ref\6.0.36\ref/net6.0/System.Net.Security.dll
                 Private = 'false'
             C:\Users\rdenimal\.nuget\packages\microsoft.netcore.app.ref\6.0.36\ref/net6.0/System.Net.ServicePoint.dll
                 Private = 'false'
             C:\Users\rdenimal\.nuget\packages\microsoft.netcore.app.ref\6.0.36\ref/net6.0/System.Net.Sockets.dll
                 Private = 'false'
             C:\Users\rdenimal\.nuget\packages\microsoft.netcore.app.ref\6.0.36\ref/net6.0/System.Net.WebClient.dll
                 Private = 'false'
             C:\Users\rdenimal\.nuget\packages\microsoft.netcore.app.ref\6.0.36\ref/net6.0/System.Net.WebHeaderCollection.dll
                 Private = 'false'
             C:\Users\rdenimal\.nuget\packages\microsoft.netcore.app.ref\6.0.36\ref/net6.0/System.Net.WebProxy.dll
                 Private = 'false'
             C:\Users\rdenimal\.nuget\packages\microsoft.netcore.app.ref\6.0.36\ref/net6.0/System.Net.WebSockets.Client.dll
                 Private = 'false'
             C:\Users\rdenimal\.nuget\packages\microsoft.netcore.app.ref\6.0.36\ref/net6.0/System.Net.WebSockets.dll
                 Private = 'false'
             C:\Users\rdenimal\.nuget\packages\microsoft.netcore.app.ref\6.0.36\ref/net6.0/System.Net.dll
                 Private = 'false'
             C:\Users\rdenimal\.nuget\packages\microsoft.netcore.app.ref\6.0.36\ref/net6.0/System.Numerics.Vectors.dll
                 Private = 'false'
             C:\Users\rdenimal\.nuget\packages\microsoft.netcore.app.ref\6.0.36\ref/net6.0/System.Numerics.dll
                 Private = 'false'
             C:\Users\rdenimal\.nuget\packages\microsoft.netcore.app.ref\6.0.36\ref/net6.0/System.ObjectModel.dll
                 Private = 'false'
             C:\Users\rdenimal\.nuget\packages\microsoft.netcore.app.ref\6.0.36\ref/net6.0/System.Reflection.DispatchProxy.dll
                 Private = 'false'
             C:\Users\rdenimal\.nuget\packages\microsoft.netcore.app.ref\6.0.36\ref/net6.0/System.Reflection.Emit.ILGeneration.dll
                 Private = 'false'
             C:\Users\rdenimal\.nuget\packages\microsoft.netcore.app.ref\6.0.36\ref/net6.0/System.Reflection.Emit.Lightweight.dll
                 Private = 'false'
             C:\Users\rdenimal\.nuget\packages\microsoft.netcore.app.ref\6.0.36\ref/net6.0/System.Reflection.Emit.dll
                 Private = 'false'
             C:\Users\rdenimal\.nuget\packages\microsoft.netcore.app.ref\6.0.36\ref/net6.0/System.Reflection.Extensions.dll
                 Private = 'false'
             C:\Users\rdenimal\.nuget\packages\microsoft.netcore.app.ref\6.0.36\ref/net6.0/System.Reflection.Metadata.dll
                 Private = 'false'
             C:\Users\rdenimal\.nuget\packages\microsoft.netcore.app.ref\6.0.36\ref/net6.0/System.Reflection.Primitives.dll
                 Private = 'false'
             C:\Users\rdenimal\.nuget\packages\microsoft.netcore.app.ref\6.0.36\ref/net6.0/System.Reflection.TypeExtensions.dll
                 Private = 'false'
             C:\Users\rdenimal\.nuget\packages\microsoft.netcore.app.ref\6.0.36\ref/net6.0/System.Reflection.dll
                 Private = 'false'
             C:\Users\rdenimal\.nuget\packages\microsoft.netcore.app.ref\6.0.36\ref/net6.0/System.Resources.Reader.dll
                 Private = 'false'
             C:\Users\rdenimal\.nuget\packages\microsoft.netcore.app.ref\6.0.36\ref/net6.0/System.Resources.ResourceManager.dll
                 Private = 'false'
             C:\Users\rdenimal\.nuget\packages\microsoft.netcore.app.ref\6.0.36\ref/net6.0/System.Resources.Writer.dll
                 Private = 'false'
             C:\Users\rdenimal\.nuget\packages\microsoft.netcore.app.ref\6.0.36\ref/net6.0/System.Runtime.CompilerServices.Unsafe.dll
                 Private = 'false'
             C:\Users\rdenimal\.nuget\packages\microsoft.netcore.app.ref\6.0.36\ref/net6.0/System.Runtime.CompilerServices.VisualC.dll
                 Private = 'false'
             C:\Users\rdenimal\.nuget\packages\microsoft.netcore.app.ref\6.0.36\ref/net6.0/System.Runtime.Extensions.dll
                 Private = 'false'
             C:\Users\rdenimal\.nuget\packages\microsoft.netcore.app.ref\6.0.36\ref/net6.0/System.Runtime.Handles.dll
                 Private = 'false'
             C:\Users\rdenimal\.nuget\packages\microsoft.netcore.app.ref\6.0.36\ref/net6.0/System.Runtime.InteropServices.RuntimeInformation.dll
                 Private = 'false'
             C:\Users\rdenimal\.nuget\packages\microsoft.netcore.app.ref\6.0.36\ref/net6.0/System.Runtime.InteropServices.dll
                 Private = 'false'
             C:\Users\rdenimal\.nuget\packages\microsoft.netcore.app.ref\6.0.36\ref/net6.0/System.Runtime.Intrinsics.dll
                 Private = 'false'
             C:\Users\rdenimal\.nuget\packages\microsoft.netcore.app.ref\6.0.36\ref/net6.0/System.Runtime.Loader.dll
                 Private = 'false'
             C:\Users\rdenimal\.nuget\packages\microsoft.netcore.app.ref\6.0.36\ref/net6.0/System.Runtime.Numerics.dll
                 Private = 'false'
             C:\Users\rdenimal\.nuget\packages\microsoft.netcore.app.ref\6.0.36\ref/net6.0/System.Runtime.Serialization.Formatters.dll
                 Private = 'false'
             C:\Users\rdenimal\.nuget\packages\microsoft.netcore.app.ref\6.0.36\ref/net6.0/System.Runtime.Serialization.Json.dll
                 Private = 'false'
             C:\Users\rdenimal\.nuget\packages\microsoft.netcore.app.ref\6.0.36\ref/net6.0/System.Runtime.Serialization.Primitives.dll
                 Private = 'false'
             C:\Users\rdenimal\.nuget\packages\microsoft.netcore.app.ref\6.0.36\ref/net6.0/System.Runtime.Serialization.Xml.dll
                 Private = 'false'
             C:\Users\rdenimal\.nuget\packages\microsoft.netcore.app.ref\6.0.36\ref/net6.0/System.Runtime.Serialization.dll
                 Private = 'false'
             C:\Users\rdenimal\.nuget\packages\microsoft.netcore.app.ref\6.0.36\ref/net6.0/System.Runtime.dll
                 Private = 'false'
             C:\Users\rdenimal\.nuget\packages\microsoft.netcore.app.ref\6.0.36\ref/net6.0/System.Security.AccessControl.dll
                 Private = 'false'
             C:\Users\rdenimal\.nuget\packages\microsoft.netcore.app.ref\6.0.36\ref/net6.0/System.Security.Claims.dll
                 Private = 'false'
             C:\Users\rdenimal\.nuget\packages\microsoft.netcore.app.ref\6.0.36\ref/net6.0/System.Security.Cryptography.Algorithms.dll
                 Private = 'false'
             C:\Users\rdenimal\.nuget\packages\microsoft.netcore.app.ref\6.0.36\ref/net6.0/System.Security.Cryptography.Cng.dll
                 Private = 'false'
             C:\Users\rdenimal\.nuget\packages\microsoft.netcore.app.ref\6.0.36\ref/net6.0/System.Security.Cryptography.Csp.dll
                 Private = 'false'
             C:\Users\rdenimal\.nuget\packages\microsoft.netcore.app.ref\6.0.36\ref/net6.0/System.Security.Cryptography.Encoding.dll
                 Private = 'false'
             C:\Users\rdenimal\.nuget\packages\microsoft.netcore.app.ref\6.0.36\ref/net6.0/System.Security.Cryptography.OpenSsl.dll
                 Private = 'false'
             C:\Users\rdenimal\.nuget\packages\microsoft.netcore.app.ref\6.0.36\ref/net6.0/System.Security.Cryptography.Primitives.dll
                 Private = 'false'
             C:\Users\rdenimal\.nuget\packages\microsoft.netcore.app.ref\6.0.36\ref/net6.0/System.Security.Cryptography.X509Certificates.dll
                 Private = 'false'
             C:\Users\rdenimal\.nuget\packages\microsoft.netcore.app.ref\6.0.36\ref/net6.0/System.Security.Principal.Windows.dll
                 Private = 'false'
             C:\Users\rdenimal\.nuget\packages\microsoft.netcore.app.ref\6.0.36\ref/net6.0/System.Security.Principal.dll
                 Private = 'false'
             C:\Users\rdenimal\.nuget\packages\microsoft.netcore.app.ref\6.0.36\ref/net6.0/System.Security.SecureString.dll
                 Private = 'false'
             C:\Users\rdenimal\.nuget\packages\microsoft.netcore.app.ref\6.0.36\ref/net6.0/System.Security.dll
                 Private = 'false'
             C:\Users\rdenimal\.nuget\packages\microsoft.netcore.app.ref\6.0.36\ref/net6.0/System.ServiceModel.Web.dll
                 Private = 'false'
             C:\Users\rdenimal\.nuget\packages\microsoft.netcore.app.ref\6.0.36\ref/net6.0/System.ServiceProcess.dll
                 Private = 'false'
             C:\Users\rdenimal\.nuget\packages\microsoft.netcore.app.ref\6.0.36\ref/net6.0/System.Text.Encoding.CodePages.dll
                 Private = 'false'
             C:\Users\rdenimal\.nuget\packages\microsoft.netcore.app.ref\6.0.36\ref/net6.0/System.Text.Encoding.Extensions.dll
                 Private = 'false'
             C:\Users\rdenimal\.nuget\packages\microsoft.netcore.app.ref\6.0.36\ref/net6.0/System.Text.Encoding.dll
                 Private = 'false'
             C:\Users\rdenimal\.nuget\packages\microsoft.netcore.app.ref\6.0.36\ref/net6.0/System.Text.Encodings.Web.dll
                 Private = 'false'
             C:\Users\rdenimal\.nuget\packages\microsoft.netcore.app.ref\6.0.36\ref/net6.0/System.Text.Json.dll
                 Private = 'false'
             C:\Users\rdenimal\.nuget\packages\microsoft.netcore.app.ref\6.0.36\ref/net6.0/System.Text.RegularExpressions.dll
                 Private = 'false'
             C:\Users\rdenimal\.nuget\packages\microsoft.netcore.app.ref\6.0.36\ref/net6.0/System.Threading.Channels.dll
                 Private = 'false'
             C:\Users\rdenimal\.nuget\packages\microsoft.netcore.app.ref\6.0.36\ref/net6.0/System.Threading.Overlapped.dll
                 Private = 'false'
             C:\Users\rdenimal\.nuget\packages\microsoft.netcore.app.ref\6.0.36\ref/net6.0/System.Threading.Tasks.Dataflow.dll
                 Private = 'false'
             C:\Users\rdenimal\.nuget\packages\microsoft.netcore.app.ref\6.0.36\ref/net6.0/System.Threading.Tasks.Extensions.dll
                 Private = 'false'
             C:\Users\rdenimal\.nuget\packages\microsoft.netcore.app.ref\6.0.36\ref/net6.0/System.Threading.Tasks.Parallel.dll
                 Private = 'false'
             C:\Users\rdenimal\.nuget\packages\microsoft.netcore.app.ref\6.0.36\ref/net6.0/System.Threading.Tasks.dll
                 Private = 'false'
             C:\Users\rdenimal\.nuget\packages\microsoft.netcore.app.ref\6.0.36\ref/net6.0/System.Threading.Thread.dll
                 Private = 'false'
             C:\Users\rdenimal\.nuget\packages\microsoft.netcore.app.ref\6.0.36\ref/net6.0/System.Threading.ThreadPool.dll
                 Private = 'false'
             C:\Users\rdenimal\.nuget\packages\microsoft.netcore.app.ref\6.0.36\ref/net6.0/System.Threading.Timer.dll
                 Private = 'false'
             C:\Users\rdenimal\.nuget\packages\microsoft.netcore.app.ref\6.0.36\ref/net6.0/System.Threading.dll
                 Private = 'false'
             C:\Users\rdenimal\.nuget\packages\microsoft.netcore.app.ref\6.0.36\ref/net6.0/System.Transactions.Local.dll
                 Private = 'false'
             C:\Users\rdenimal\.nuget\packages\microsoft.netcore.app.ref\6.0.36\ref/net6.0/System.Transactions.dll
                 Private = 'false'
             C:\Users\rdenimal\.nuget\packages\microsoft.netcore.app.ref\6.0.36\ref/net6.0/System.ValueTuple.dll
                 Private = 'false'
             C:\Users\rdenimal\.nuget\packages\microsoft.netcore.app.ref\6.0.36\ref/net6.0/System.Web.HttpUtility.dll
                 Private = 'false'
             C:\Users\rdenimal\.nuget\packages\microsoft.netcore.app.ref\6.0.36\ref/net6.0/System.Web.dll
                 Private = 'false'
             C:\Users\rdenimal\.nuget\packages\microsoft.netcore.app.ref\6.0.36\ref/net6.0/System.Windows.dll
                 Private = 'false'
             C:\Users\rdenimal\.nuget\packages\microsoft.netcore.app.ref\6.0.36\ref/net6.0/System.Xml.Linq.dll
                 Private = 'false'
             C:\Users\rdenimal\.nuget\packages\microsoft.netcore.app.ref\6.0.36\ref/net6.0/System.Xml.ReaderWriter.dll
                 Private = 'false'
             C:\Users\rdenimal\.nuget\packages\microsoft.netcore.app.ref\6.0.36\ref/net6.0/System.Xml.Serialization.dll
                 Private = 'false'
             C:\Users\rdenimal\.nuget\packages\microsoft.netcore.app.ref\6.0.36\ref/net6.0/System.Xml.XDocument.dll
                 Private = 'false'
             C:\Users\rdenimal\.nuget\packages\microsoft.netcore.app.ref\6.0.36\ref/net6.0/System.Xml.XPath.XDocument.dll
                 Private = 'false'
             C:\Users\rdenimal\.nuget\packages\microsoft.netcore.app.ref\6.0.36\ref/net6.0/System.Xml.XPath.dll
                 Private = 'false'
             C:\Users\rdenimal\.nuget\packages\microsoft.netcore.app.ref\6.0.36\ref/net6.0/System.Xml.XmlDocument.dll
                 Private = 'false'
             C:\Users\rdenimal\.nuget\packages\microsoft.netcore.app.ref\6.0.36\ref/net6.0/System.Xml.XmlSerializer.dll
                 Private = 'false'
             C:\Users\rdenimal\.nuget\packages\microsoft.netcore.app.ref\6.0.36\ref/net6.0/System.Xml.dll
                 Private = 'false'
             C:\Users\rdenimal\.nuget\packages\microsoft.netcore.app.ref\6.0.36\ref/net6.0/System.dll
                 Private = 'false'
             C:\Users\rdenimal\.nuget\packages\microsoft.netcore.app.ref\6.0.36\ref/net6.0/WindowsBase.dll
                 Private = 'false'
             C:\Users\rdenimal\.nuget\packages\microsoft.netcore.app.ref\6.0.36\ref/net6.0/mscorlib.dll
                 Private = 'false'
             C:\Users\rdenimal\.nuget\packages\microsoft.netcore.app.ref\6.0.36\ref/net6.0/netstandard.dll
                 Private = 'false'
             C:\Users\rdenimal\.nuget\packages\microsoft.windowsdesktop.app.ref\6.0.36\ref/net6.0/Accessibility.dll
                 Private = 'false'
             C:\Users\rdenimal\.nuget\packages\microsoft.windowsdesktop.app.ref\6.0.36\ref/net6.0/Microsoft.VisualBasic.Forms.dll
                 Private = 'false'
             C:\Users\rdenimal\.nuget\packages\microsoft.windowsdesktop.app.ref\6.0.36\ref/net6.0/Microsoft.VisualBasic.dll
                 Private = 'false'
             C:\Users\rdenimal\.nuget\packages\microsoft.windowsdesktop.app.ref\6.0.36\ref/net6.0/Microsoft.Win32.Registry.AccessControl.dll
                 Private = 'false'
             C:\Users\rdenimal\.nuget\packages\microsoft.windowsdesktop.app.ref\6.0.36\ref/net6.0/System.CodeDom.dll
                 Private = 'false'
             C:\Users\rdenimal\.nuget\packages\microsoft.windowsdesktop.app.ref\6.0.36\ref/net6.0/System.Design.dll
                 Private = 'false'
             C:\Users\rdenimal\.nuget\packages\microsoft.windowsdesktop.app.ref\6.0.36\ref/net6.0/System.Diagnostics.EventLog.dll
                 Private = 'false'
             C:\Users\rdenimal\.nuget\packages\microsoft.windowsdesktop.app.ref\6.0.36\ref/net6.0/System.Diagnostics.PerformanceCounter.dll
                 Private = 'false'
             C:\Users\rdenimal\.nuget\packages\microsoft.windowsdesktop.app.ref\6.0.36\ref/net6.0/System.DirectoryServices.dll
                 Private = 'false'
             C:\Users\rdenimal\.nuget\packages\microsoft.windowsdesktop.app.ref\6.0.36\ref/net6.0/System.Drawing.Design.dll
                 Private = 'false'
             C:\Users\rdenimal\.nuget\packages\microsoft.windowsdesktop.app.ref\6.0.36\ref/net6.0/System.Drawing.dll
                 Private = 'false'
             C:\Users\rdenimal\.nuget\packages\microsoft.windowsdesktop.app.ref\6.0.36\ref/net6.0/System.IO.Packaging.dll
                 Private = 'false'
             C:\Users\rdenimal\.nuget\packages\microsoft.windowsdesktop.app.ref\6.0.36\ref/net6.0/System.Resources.Extensions.dll
                 Private = 'false'
             C:\Users\rdenimal\.nuget\packages\microsoft.windowsdesktop.app.ref\6.0.36\ref/net6.0/System.Security.Cryptography.Pkcs.dll
                 Private = 'false'
             C:\Users\rdenimal\.nuget\packages\microsoft.windowsdesktop.app.ref\6.0.36\ref/net6.0/System.Security.Cryptography.Xml.dll
                 Private = 'false'
             C:\Users\rdenimal\.nuget\packages\microsoft.windowsdesktop.app.ref\6.0.36\ref/net6.0/System.Threading.AccessControl.dll
                 Private = 'false'
             C:\Users\rdenimal\.nuget\packages\microsoft.windowsdesktop.app.ref\6.0.36\ref/net6.0/System.Windows.Forms.Design.Editors.dll
                 Private = 'false'
             C:\Users\rdenimal\.nuget\packages\microsoft.windowsdesktop.app.ref\6.0.36\ref/net6.0/System.Windows.Forms.Design.dll
                 Private = 'false'
             C:\Users\rdenimal\.nuget\packages\microsoft.windowsdesktop.app.ref\6.0.36\ref/net6.0/System.Windows.Forms.Primitives.dll
                 Private = 'false'
             C:\Users\rdenimal\.nuget\packages\microsoft.windowsdesktop.app.ref\6.0.36\ref/net6.0/System.Windows.Forms.dll
                 Private = 'false'
         AssemblyFiles :
         CandidateAssemblyFiles :
             dist\executable\DoublonManager.exe
         TargetFrameworkDirectories :
             
         NonCultureResourceDirectories :
             
         InstalledAssemblyTables :
         IgnoreInstalledAssemblyTable :
             False
         SearchPaths :
             {CandidateAssemblyFiles}
             {HintPathFromItem}
             {TargetFrameworkDirectory}
             {RawFileName}
         AllowedAssemblyExtensions :
             .winmd
             .dll
             .exe
         AllowedRelatedFileExtensions :
             .pdb
             .xml
             .pri
             .dll.config
             .exe.config
         AppConfigFile :
             
         AutoUnify :
             True
         EnableCustomCulture :
             False
         EnableCustomCulture :
             False
         CopyLocalDependenciesWhenParentReferenceInGac :
             True
         FindDependencies :
             True
         TargetProcessorArchitecture :
             msil
         StateFile :
             obj\Debug\net6.0-windows\DoublonManager.csproj.AssemblyReference.cache
         InstalledAssemblySubsetTables :
         IgnoreInstalledAssemblySubsetTable :
             False
         TargetFrameworkSubsets :
         FullTargetFrameworkSubsetNames :
             Full
         ProfileName :
             
         FullFrameworkFolders :
         LatestTargetFrameworkDirectories :
         ProfileTablesLocation :
         Référence primaire "Microsoft.Win32.SystemEvents, Version=7.0.0.0, Culture=neutral, PublicKeyToken=cc7b13ffcd2ddd51".
             Le chemin de fichier résolu est "C:\Users\rdenimal\.nuget\packages\microsoft.win32.systemevents\7.0.0\lib\net6.0\Microsoft.Win32.SystemEvents.dll".
             Référence trouvée dans l'emplacement du chemin d'accès de recherche "{HintPathFromItem}".
             Cette référence n'est pas "CopyLocal", car le paramètre "Private" d'au moins un élément source avait la valeur "false" et aucun élément source ne présentait de paramètre "Private" dont la valeur était "true".
         Référence primaire "Newtonsoft.Json, Version=13.0.0.0, Culture=neutral, PublicKeyToken=30ad4fe6b2a6aeed".
             Le chemin de fichier résolu est "C:\Users\rdenimal\.nuget\packages\newtonsoft.json\13.0.4\lib\net6.0\Newtonsoft.Json.dll".
             Référence trouvée dans l'emplacement du chemin d'accès de recherche "{HintPathFromItem}".
             Cette référence n'est pas "CopyLocal", car le paramètre "Private" d'au moins un élément source avait la valeur "false" et aucun élément source ne présentait de paramètre "Private" dont la valeur était "true".
         Référence primaire "System.Configuration.ConfigurationManager, Version=7.0.0.0, Culture=neutral, PublicKeyToken=cc7b13ffcd2ddd51".
             Le chemin de fichier résolu est "C:\Users\rdenimal\.nuget\packages\system.configuration.configurationmanager\7.0.0\lib\net6.0\System.Configuration.ConfigurationManager.dll".
             Référence trouvée dans l'emplacement du chemin d'accès de recherche "{HintPathFromItem}".
             Cette référence n'est pas "CopyLocal", car le paramètre "Private" d'au moins un élément source avait la valeur "false" et aucun élément source ne présentait de paramètre "Private" dont la valeur était "true".
         Référence primaire "System.Data.SqlClient, Version=4.6.1.6, Culture=neutral, PublicKeyToken=b03f5f7f11d50a3a".
             Le chemin de fichier résolu est "C:\Users\rdenimal\.nuget\packages\system.data.sqlclient\4.9.0\lib\net6.0\System.Data.SqlClient.dll".
             Référence trouvée dans l'emplacement du chemin d'accès de recherche "{HintPathFromItem}".
             Cette référence n'est pas "CopyLocal", car le paramètre "Private" d'au moins un élément source avait la valeur "false" et aucun élément source ne présentait de paramètre "Private" dont la valeur était "true".
         Référence primaire "System.Drawing.Common, Version=7.0.0.0, Culture=neutral, PublicKeyToken=cc7b13ffcd2ddd51".
             Le chemin de fichier résolu est "C:\Users\rdenimal\.nuget\packages\system.drawing.common\7.0.0\lib\net6.0\System.Drawing.Common.dll".
             Référence trouvée dans l'emplacement du chemin d'accès de recherche "{HintPathFromItem}".
             Cette référence n'est pas "CopyLocal", car le paramètre "Private" d'au moins un élément source avait la valeur "false" et aucun élément source ne présentait de paramètre "Private" dont la valeur était "true".
         Référence primaire "System.Security.Cryptography.ProtectedData, Version=7.0.0.0, Culture=neutral, PublicKeyToken=b03f5f7f11d50a3a".
             Le chemin de fichier résolu est "C:\Users\rdenimal\.nuget\packages\system.security.cryptography.protecteddata\7.0.0\lib\net6.0\System.Security.Cryptography.ProtectedData.dll".
             Référence trouvée dans l'emplacement du chemin d'accès de recherche "{HintPathFromItem}".
             Cette référence n'est pas "CopyLocal", car le paramètre "Private" d'au moins un élément source avait la valeur "false" et aucun élément source ne présentait de paramètre "Private" dont la valeur était "true".
         Référence primaire "System.Security.Permissions, Version=7.0.0.0, Culture=neutral, PublicKeyToken=cc7b13ffcd2ddd51".
             Le chemin de fichier résolu est "C:\Users\rdenimal\.nuget\packages\system.security.permissions\7.0.0\lib\net6.0\System.Security.Permissions.dll".
             Référence trouvée dans l'emplacement du chemin d'accès de recherche "{HintPathFromItem}".
             Cette référence n'est pas "CopyLocal", car le paramètre "Private" d'au moins un élément source avait la valeur "false" et aucun élément source ne présentait de paramètre "Private" dont la valeur était "true".
         Référence primaire "System.Windows.Extensions, Version=7.0.0.0, Culture=neutral, PublicKeyToken=cc7b13ffcd2ddd51".
             Le chemin de fichier résolu est "C:\Users\rdenimal\.nuget\packages\system.windows.extensions\7.0.0\lib\net6.0\System.Windows.Extensions.dll".
             Référence trouvée dans l'emplacement du chemin d'accès de recherche "{HintPathFromItem}".
             Cette référence n'est pas "CopyLocal", car le paramètre "Private" d'au moins un élément source avait la valeur "false" et aucun élément source ne présentait de paramètre "Private" dont la valeur était "true".
         Référence primaire "Microsoft.CSharp, Version=6.0.0.0, Culture=neutral, PublicKeyToken=b03f5f7f11d50a3a".
             Le chemin de fichier résolu est "C:\Users\rdenimal\.nuget\packages\microsoft.netcore.app.ref\6.0.36\ref\net6.0\Microsoft.CSharp.dll".
             Référence trouvée dans l'emplacement du chemin d'accès de recherche "{RawFileName}".
             Cette référence n'est pas "CopyLocal", car le paramètre "Private" d'au moins un élément source avait la valeur "false" et aucun élément source ne présentait de paramètre "Private" dont la valeur était "true".
         Référence primaire "Microsoft.VisualBasic.Core, Version=11.0.0.0, Culture=neutral, PublicKeyToken=b03f5f7f11d50a3a".
             Le chemin de fichier résolu est "C:\Users\rdenimal\.nuget\packages\microsoft.netcore.app.ref\6.0.36\ref\net6.0\Microsoft.VisualBasic.Core.dll".
             Référence trouvée dans l'emplacement du chemin d'accès de recherche "{RawFileName}".
             Cette référence n'est pas "CopyLocal", car le paramètre "Private" d'au moins un élément source avait la valeur "false" et aucun élément source ne présentait de paramètre "Private" dont la valeur était "true".
         Référence primaire "Microsoft.Win32.Primitives, Version=6.0.0.0, Culture=neutral, PublicKeyToken=b03f5f7f11d50a3a".
             Le chemin de fichier résolu est "C:\Users\rdenimal\.nuget\packages\microsoft.netcore.app.ref\6.0.36\ref\net6.0\Microsoft.Win32.Primitives.dll".
             Référence trouvée dans l'emplacement du chemin d'accès de recherche "{RawFileName}".
             Cette référence n'est pas "CopyLocal", car le paramètre "Private" d'au moins un élément source avait la valeur "false" et aucun élément source ne présentait de paramètre "Private" dont la valeur était "true".
         Référence primaire "Microsoft.Win32.Registry, Version=6.0.0.0, Culture=neutral, PublicKeyToken=b03f5f7f11d50a3a".
             Le chemin de fichier résolu est "C:\Users\rdenimal\.nuget\packages\microsoft.netcore.app.ref\6.0.36\ref\net6.0\Microsoft.Win32.Registry.dll".
             Référence trouvée dans l'emplacement du chemin d'accès de recherche "{RawFileName}".
             Cette référence n'est pas "CopyLocal", car le paramètre "Private" d'au moins un élément source avait la valeur "false" et aucun élément source ne présentait de paramètre "Private" dont la valeur était "true".
         Référence primaire "System.AppContext, Version=6.0.0.0, Culture=neutral, PublicKeyToken=b03f5f7f11d50a3a".
             Le chemin de fichier résolu est "C:\Users\rdenimal\.nuget\packages\microsoft.netcore.app.ref\6.0.36\ref\net6.0\System.AppContext.dll".
             Référence trouvée dans l'emplacement du chemin d'accès de recherche "{RawFileName}".
             Cette référence n'est pas "CopyLocal", car le paramètre "Private" d'au moins un élément source avait la valeur "false" et aucun élément source ne présentait de paramètre "Private" dont la valeur était "true".
         Référence primaire "System.Buffers, Version=6.0.0.0, Culture=neutral, PublicKeyToken=cc7b13ffcd2ddd51".
             Le chemin de fichier résolu est "C:\Users\rdenimal\.nuget\packages\microsoft.netcore.app.ref\6.0.36\ref\net6.0\System.Buffers.dll".
             Référence trouvée dans l'emplacement du chemin d'accès de recherche "{RawFileName}".
             Cette référence n'est pas "CopyLocal", car le paramètre "Private" d'au moins un élément source avait la valeur "false" et aucun élément source ne présentait de paramètre "Private" dont la valeur était "true".
         Référence primaire "System.Collections.Concurrent, Version=6.0.0.0, Culture=neutral, PublicKeyToken=b03f5f7f11d50a3a".
             Le chemin de fichier résolu est "C:\Users\rdenimal\.nuget\packages\microsoft.netcore.app.ref\6.0.36\ref\net6.0\System.Collections.Concurrent.dll".
             Référence trouvée dans l'emplacement du chemin d'accès de recherche "{RawFileName}".
             Cette référence n'est pas "CopyLocal", car le paramètre "Private" d'au moins un élément source avait la valeur "false" et aucun élément source ne présentait de paramètre "Private" dont la valeur était "true".
         Référence primaire "System.Collections.Immutable, Version=6.0.0.0, Culture=neutral, PublicKeyToken=b03f5f7f11d50a3a".
             Le chemin de fichier résolu est "C:\Users\rdenimal\.nuget\packages\microsoft.netcore.app.ref\6.0.36\ref\net6.0\System.Collections.Immutable.dll".
             Référence trouvée dans l'emplacement du chemin d'accès de recherche "{RawFileName}".
             Cette référence n'est pas "CopyLocal", car le paramètre "Private" d'au moins un élément source avait la valeur "false" et aucun élément source ne présentait de paramètre "Private" dont la valeur était "true".
         Référence primaire "System.Collections.NonGeneric, Version=6.0.0.0, Culture=neutral, PublicKeyToken=b03f5f7f11d50a3a".
             Le chemin de fichier résolu est "C:\Users\rdenimal\.nuget\packages\microsoft.netcore.app.ref\6.0.36\ref\net6.0\System.Collections.NonGeneric.dll".
             Référence trouvée dans l'emplacement du chemin d'accès de recherche "{RawFileName}".
             Cette référence n'est pas "CopyLocal", car le paramètre "Private" d'au moins un élément source avait la valeur "false" et aucun élément source ne présentait de paramètre "Private" dont la valeur était "true".
         Référence primaire "System.Collections.Specialized, Version=6.0.0.0, Culture=neutral, PublicKeyToken=b03f5f7f11d50a3a".
             Le chemin de fichier résolu est "C:\Users\rdenimal\.nuget\packages\microsoft.netcore.app.ref\6.0.36\ref\net6.0\System.Collections.Specialized.dll".
             Référence trouvée dans l'emplacement du chemin d'accès de recherche "{RawFileName}".
             Cette référence n'est pas "CopyLocal", car le paramètre "Private" d'au moins un élément source avait la valeur "false" et aucun élément source ne présentait de paramètre "Private" dont la valeur était "true".
         Référence primaire "System.Collections, Version=6.0.0.0, Culture=neutral, PublicKeyToken=b03f5f7f11d50a3a".
             Le chemin de fichier résolu est "C:\Users\rdenimal\.nuget\packages\microsoft.netcore.app.ref\6.0.36\ref\net6.0\System.Collections.dll".
             Référence trouvée dans l'emplacement du chemin d'accès de recherche "{RawFileName}".
             Cette référence n'est pas "CopyLocal", car le paramètre "Private" d'au moins un élément source avait la valeur "false" et aucun élément source ne présentait de paramètre "Private" dont la valeur était "true".
         Référence primaire "System.ComponentModel.Annotations, Version=6.0.0.0, Culture=neutral, PublicKeyToken=b03f5f7f11d50a3a".
             Le chemin de fichier résolu est "C:\Users\rdenimal\.nuget\packages\microsoft.netcore.app.ref\6.0.36\ref\net6.0\System.ComponentModel.Annotations.dll".
             Référence trouvée dans l'emplacement du chemin d'accès de recherche "{RawFileName}".
             Cette référence n'est pas "CopyLocal", car le paramètre "Private" d'au moins un élément source avait la valeur "false" et aucun élément source ne présentait de paramètre "Private" dont la valeur était "true".
         Référence primaire "System.ComponentModel.DataAnnotations, Version=4.0.0.0, Culture=neutral, PublicKeyToken=31bf3856ad364e35".
             Le chemin de fichier résolu est "C:\Users\rdenimal\.nuget\packages\microsoft.netcore.app.ref\6.0.36\ref\net6.0\System.ComponentModel.DataAnnotations.dll".
             Référence trouvée dans l'emplacement du chemin d'accès de recherche "{RawFileName}".
             Cette référence n'est pas "CopyLocal", car le paramètre "Private" d'au moins un élément source avait la valeur "false" et aucun élément source ne présentait de paramètre "Private" dont la valeur était "true".
         Référence primaire "System.ComponentModel.EventBasedAsync, Version=6.0.0.0, Culture=neutral, PublicKeyToken=b03f5f7f11d50a3a".
             Le chemin de fichier résolu est "C:\Users\rdenimal\.nuget\packages\microsoft.netcore.app.ref\6.0.36\ref\net6.0\System.ComponentModel.EventBasedAsync.dll".
             Référence trouvée dans l'emplacement du chemin d'accès de recherche "{RawFileName}".
             Cette référence n'est pas "CopyLocal", car le paramètre "Private" d'au moins un élément source avait la valeur "false" et aucun élément source ne présentait de paramètre "Private" dont la valeur était "true".
         Référence primaire "System.ComponentModel.Primitives, Version=6.0.0.0, Culture=neutral, PublicKeyToken=b03f5f7f11d50a3a".
             Le chemin de fichier résolu est "C:\Users\rdenimal\.nuget\packages\microsoft.netcore.app.ref\6.0.36\ref\net6.0\System.ComponentModel.Primitives.dll".
             Référence trouvée dans l'emplacement du chemin d'accès de recherche "{RawFileName}".
             Cette référence n'est pas "CopyLocal", car le paramètre "Private" d'au moins un élément source avait la valeur "false" et aucun élément source ne présentait de paramètre "Private" dont la valeur était "true".
         Référence primaire "System.ComponentModel.TypeConverter, Version=6.0.0.0, Culture=neutral, PublicKeyToken=b03f5f7f11d50a3a".
             Le chemin de fichier résolu est "C:\Users\rdenimal\.nuget\packages\microsoft.netcore.app.ref\6.0.36\ref\net6.0\System.ComponentModel.TypeConverter.dll".
             Référence trouvée dans l'emplacement du chemin d'accès de recherche "{RawFileName}".
             Cette référence n'est pas "CopyLocal", car le paramètre "Private" d'au moins un élément source avait la valeur "false" et aucun élément source ne présentait de paramètre "Private" dont la valeur était "true".
         Référence primaire "System.ComponentModel, Version=6.0.0.0, Culture=neutral, PublicKeyToken=b03f5f7f11d50a3a".
             Le chemin de fichier résolu est "C:\Users\rdenimal\.nuget\packages\microsoft.netcore.app.ref\6.0.36\ref\net6.0\System.ComponentModel.dll".
             Référence trouvée dans l'emplacement du chemin d'accès de recherche "{RawFileName}".
             Cette référence n'est pas "CopyLocal", car le paramètre "Private" d'au moins un élément source avait la valeur "false" et aucun élément source ne présentait de paramètre "Private" dont la valeur était "true".
         Référence primaire "System.Configuration, Version=4.0.0.0, Culture=neutral, PublicKeyToken=b03f5f7f11d50a3a".
             Le chemin de fichier résolu est "C:\Users\rdenimal\.nuget\packages\microsoft.netcore.app.ref\6.0.36\ref\net6.0\System.Configuration.dll".
             Référence trouvée dans l'emplacement du chemin d'accès de recherche "{RawFileName}".
             Cette référence n'est pas "CopyLocal", car le paramètre "Private" d'au moins un élément source avait la valeur "false" et aucun élément source ne présentait de paramètre "Private" dont la valeur était "true".
         Référence primaire "System.Console, Version=6.0.0.0, Culture=neutral, PublicKeyToken=b03f5f7f11d50a3a".
             Le chemin de fichier résolu est "C:\Users\rdenimal\.nuget\packages\microsoft.netcore.app.ref\6.0.36\ref\net6.0\System.Console.dll".
             Référence trouvée dans l'emplacement du chemin d'accès de recherche "{RawFileName}".
             Cette référence n'est pas "CopyLocal", car le paramètre "Private" d'au moins un élément source avait la valeur "false" et aucun élément source ne présentait de paramètre "Private" dont la valeur était "true".
         Référence primaire "System.Core, Version=4.0.0.0, Culture=neutral, PublicKeyToken=b77a5c561934e089".
             Le chemin de fichier résolu est "C:\Users\rdenimal\.nuget\packages\microsoft.netcore.app.ref\6.0.36\ref\net6.0\System.Core.dll".
             Référence trouvée dans l'emplacement du chemin d'accès de recherche "{RawFileName}".
             Cette référence n'est pas "CopyLocal", car le paramètre "Private" d'au moins un élément source avait la valeur "false" et aucun élément source ne présentait de paramètre "Private" dont la valeur était "true".
         Référence primaire "System.Data.Common, Version=6.0.0.0, Culture=neutral, PublicKeyToken=b03f5f7f11d50a3a".
             Le chemin de fichier résolu est "C:\Users\rdenimal\.nuget\packages\microsoft.netcore.app.ref\6.0.36\ref\net6.0\System.Data.Common.dll".
             Référence trouvée dans l'emplacement du chemin d'accès de recherche "{RawFileName}".
             Cette référence n'est pas "CopyLocal", car le paramètre "Private" d'au moins un élément source avait la valeur "false" et aucun élément source ne présentait de paramètre "Private" dont la valeur était "true".
         Référence primaire "System.Data.DataSetExtensions, Version=4.0.0.0, Culture=neutral, PublicKeyToken=b77a5c561934e089".
             Le chemin de fichier résolu est "C:\Users\rdenimal\.nuget\packages\microsoft.netcore.app.ref\6.0.36\ref\net6.0\System.Data.DataSetExtensions.dll".
             Référence trouvée dans l'emplacement du chemin d'accès de recherche "{RawFileName}".
             Cette référence n'est pas "CopyLocal", car le paramètre "Private" d'au moins un élément source avait la valeur "false" et aucun élément source ne présentait de paramètre "Private" dont la valeur était "true".
         Référence primaire "System.Data, Version=4.0.0.0, Culture=neutral, PublicKeyToken=b77a5c561934e089".
             Le chemin de fichier résolu est "C:\Users\rdenimal\.nuget\packages\microsoft.netcore.app.ref\6.0.36\ref\net6.0\System.Data.dll".
             Référence trouvée dans l'emplacement du chemin d'accès de recherche "{RawFileName}".
             Cette référence n'est pas "CopyLocal", car le paramètre "Private" d'au moins un élément source avait la valeur "false" et aucun élément source ne présentait de paramètre "Private" dont la valeur était "true".
         Référence primaire "System.Diagnostics.Contracts, Version=6.0.0.0, Culture=neutral, PublicKeyToken=b03f5f7f11d50a3a".
             Le chemin de fichier résolu est "C:\Users\rdenimal\.nuget\packages\microsoft.netcore.app.ref\6.0.36\ref\net6.0\System.Diagnostics.Contracts.dll".
             Référence trouvée dans l'emplacement du chemin d'accès de recherche "{RawFileName}".
             Cette référence n'est pas "CopyLocal", car le paramètre "Private" d'au moins un élément source avait la valeur "false" et aucun élément source ne présentait de paramètre "Private" dont la valeur était "true".
         Référence primaire "System.Diagnostics.Debug, Version=6.0.0.0, Culture=neutral, PublicKeyToken=b03f5f7f11d50a3a".
             Le chemin de fichier résolu est "C:\Users\rdenimal\.nuget\packages\microsoft.netcore.app.ref\6.0.36\ref\net6.0\System.Diagnostics.Debug.dll".
             Référence trouvée dans l'emplacement du chemin d'accès de recherche "{RawFileName}".
             Cette référence n'est pas "CopyLocal", car le paramètre "Private" d'au moins un élément source avait la valeur "false" et aucun élément source ne présentait de paramètre "Private" dont la valeur était "true".
         Référence primaire "System.Diagnostics.DiagnosticSource, Version=6.0.0.0, Culture=neutral, PublicKeyToken=cc7b13ffcd2ddd51".
             Le chemin de fichier résolu est "C:\Users\rdenimal\.nuget\packages\microsoft.netcore.app.ref\6.0.36\ref\net6.0\System.Diagnostics.DiagnosticSource.dll".
             Référence trouvée dans l'emplacement du chemin d'accès de recherche "{RawFileName}".
             Cette référence n'est pas "CopyLocal", car le paramètre "Private" d'au moins un élément source avait la valeur "false" et aucun élément source ne présentait de paramètre "Private" dont la valeur était "true".
         Référence primaire "System.Diagnostics.FileVersionInfo, Version=6.0.0.0, Culture=neutral, PublicKeyToken=b03f5f7f11d50a3a".
             Le chemin de fichier résolu est "C:\Users\rdenimal\.nuget\packages\microsoft.netcore.app.ref\6.0.36\ref\net6.0\System.Diagnostics.FileVersionInfo.dll".
             Référence trouvée dans l'emplacement du chemin d'accès de recherche "{RawFileName}".
             Cette référence n'est pas "CopyLocal", car le paramètre "Private" d'au moins un élément source avait la valeur "false" et aucun élément source ne présentait de paramètre "Private" dont la valeur était "true".
         Référence primaire "System.Diagnostics.Process, Version=6.0.0.0, Culture=neutral, PublicKeyToken=b03f5f7f11d50a3a".
             Le chemin de fichier résolu est "C:\Users\rdenimal\.nuget\packages\microsoft.netcore.app.ref\6.0.36\ref\net6.0\System.Diagnostics.Process.dll".
             Référence trouvée dans l'emplacement du chemin d'accès de recherche "{RawFileName}".
             Cette référence n'est pas "CopyLocal", car le paramètre "Private" d'au moins un élément source avait la valeur "false" et aucun élément source ne présentait de paramètre "Private" dont la valeur était "true".
         Référence primaire "System.Diagnostics.StackTrace, Version=6.0.0.0, Culture=neutral, PublicKeyToken=b03f5f7f11d50a3a".
             Le chemin de fichier résolu est "C:\Users\rdenimal\.nuget\packages\microsoft.netcore.app.ref\6.0.36\ref\net6.0\System.Diagnostics.StackTrace.dll".
             Référence trouvée dans l'emplacement du chemin d'accès de recherche "{RawFileName}".
             Cette référence n'est pas "CopyLocal", car le paramètre "Private" d'au moins un élément source avait la valeur "false" et aucun élément source ne présentait de paramètre "Private" dont la valeur était "true".
         Référence primaire "System.Diagnostics.TextWriterTraceListener, Version=6.0.0.0, Culture=neutral, PublicKeyToken=b03f5f7f11d50a3a".
             Le chemin de fichier résolu est "C:\Users\rdenimal\.nuget\packages\microsoft.netcore.app.ref\6.0.36\ref\net6.0\System.Diagnostics.TextWriterTraceListener.dll".
             Référence trouvée dans l'emplacement du chemin d'accès de recherche "{RawFileName}".
             Cette référence n'est pas "CopyLocal", car le paramètre "Private" d'au moins un élément source avait la valeur "false" et aucun élément source ne présentait de paramètre "Private" dont la valeur était "true".
         Référence primaire "System.Diagnostics.Tools, Version=6.0.0.0, Culture=neutral, PublicKeyToken=b03f5f7f11d50a3a".
             Le chemin de fichier résolu est "C:\Users\rdenimal\.nuget\packages\microsoft.netcore.app.ref\6.0.36\ref\net6.0\System.Diagnostics.Tools.dll".
             Référence trouvée dans l'emplacement du chemin d'accès de recherche "{RawFileName}".
             Cette référence n'est pas "CopyLocal", car le paramètre "Private" d'au moins un élément source avait la valeur "false" et aucun élément source ne présentait de paramètre "Private" dont la valeur était "true".
         Référence primaire "System.Diagnostics.TraceSource, Version=6.0.0.0, Culture=neutral, PublicKeyToken=b03f5f7f11d50a3a".
             Le chemin de fichier résolu est "C:\Users\rdenimal\.nuget\packages\microsoft.netcore.app.ref\6.0.36\ref\net6.0\System.Diagnostics.TraceSource.dll".
             Référence trouvée dans l'emplacement du chemin d'accès de recherche "{RawFileName}".
             Cette référence n'est pas "CopyLocal", car le paramètre "Private" d'au moins un élément source avait la valeur "false" et aucun élément source ne présentait de paramètre "Private" dont la valeur était "true".
         Référence primaire "System.Diagnostics.Tracing, Version=6.0.0.0, Culture=neutral, PublicKeyToken=b03f5f7f11d50a3a".
             Le chemin de fichier résolu est "C:\Users\rdenimal\.nuget\packages\microsoft.netcore.app.ref\6.0.36\ref\net6.0\System.Diagnostics.Tracing.dll".
             Référence trouvée dans l'emplacement du chemin d'accès de recherche "{RawFileName}".
             Cette référence n'est pas "CopyLocal", car le paramètre "Private" d'au moins un élément source avait la valeur "false" et aucun élément source ne présentait de paramètre "Private" dont la valeur était "true".
         Référence primaire "System.Drawing.Primitives, Version=6.0.0.0, Culture=neutral, PublicKeyToken=b03f5f7f11d50a3a".
             Le chemin de fichier résolu est "C:\Users\rdenimal\.nuget\packages\microsoft.netcore.app.ref\6.0.36\ref\net6.0\System.Drawing.Primitives.dll".
             Référence trouvée dans l'emplacement du chemin d'accès de recherche "{RawFileName}".
             Cette référence n'est pas "CopyLocal", car le paramètre "Private" d'au moins un élément source avait la valeur "false" et aucun élément source ne présentait de paramètre "Private" dont la valeur était "true".
         Référence primaire "System.Dynamic.Runtime, Version=6.0.0.0, Culture=neutral, PublicKeyToken=b03f5f7f11d50a3a".
             Le chemin de fichier résolu est "C:\Users\rdenimal\.nuget\packages\microsoft.netcore.app.ref\6.0.36\ref\net6.0\System.Dynamic.Runtime.dll".
             Référence trouvée dans l'emplacement du chemin d'accès de recherche "{RawFileName}".
             Cette référence n'est pas "CopyLocal", car le paramètre "Private" d'au moins un élément source avait la valeur "false" et aucun élément source ne présentait de paramètre "Private" dont la valeur était "true".
         Référence primaire "System.Formats.Asn1, Version=6.0.0.0, Culture=neutral, PublicKeyToken=cc7b13ffcd2ddd51".
             Le chemin de fichier résolu est "C:\Users\rdenimal\.nuget\packages\microsoft.netcore.app.ref\6.0.36\ref\net6.0\System.Formats.Asn1.dll".
             Référence trouvée dans l'emplacement du chemin d'accès de recherche "{RawFileName}".
             Cette référence n'est pas "CopyLocal", car le paramètre "Private" d'au moins un élément source avait la valeur "false" et aucun élément source ne présentait de paramètre "Private" dont la valeur était "true".
         Référence primaire "System.Globalization.Calendars, Version=6.0.0.0, Culture=neutral, PublicKeyToken=b03f5f7f11d50a3a".
             Le chemin de fichier résolu est "C:\Users\rdenimal\.nuget\packages\microsoft.netcore.app.ref\6.0.36\ref\net6.0\System.Globalization.Calendars.dll".
             Référence trouvée dans l'emplacement du chemin d'accès de recherche "{RawFileName}".
             Cette référence n'est pas "CopyLocal", car le paramètre "Private" d'au moins un élément source avait la valeur "false" et aucun élément source ne présentait de paramètre "Private" dont la valeur était "true".
         Référence primaire "System.Globalization.Extensions, Version=6.0.0.0, Culture=neutral, PublicKeyToken=b03f5f7f11d50a3a".
             Le chemin de fichier résolu est "C:\Users\rdenimal\.nuget\packages\microsoft.netcore.app.ref\6.0.36\ref\net6.0\System.Globalization.Extensions.dll".
             Référence trouvée dans l'emplacement du chemin d'accès de recherche "{RawFileName}".
             Cette référence n'est pas "CopyLocal", car le paramètre "Private" d'au moins un élément source avait la valeur "false" et aucun élément source ne présentait de paramètre "Private" dont la valeur était "true".
         Référence primaire "System.Globalization, Version=6.0.0.0, Culture=neutral, PublicKeyToken=b03f5f7f11d50a3a".
             Le chemin de fichier résolu est "C:\Users\rdenimal\.nuget\packages\microsoft.netcore.app.ref\6.0.36\ref\net6.0\System.Globalization.dll".
             Référence trouvée dans l'emplacement du chemin d'accès de recherche "{RawFileName}".
             Cette référence n'est pas "CopyLocal", car le paramètre "Private" d'au moins un élément source avait la valeur "false" et aucun élément source ne présentait de paramètre "Private" dont la valeur était "true".
         Référence primaire "System.IO.Compression.Brotli, Version=6.0.0.0, Culture=neutral, PublicKeyToken=b77a5c561934e089".
             Le chemin de fichier résolu est "C:\Users\rdenimal\.nuget\packages\microsoft.netcore.app.ref\6.0.36\ref\net6.0\System.IO.Compression.Brotli.dll".
             Référence trouvée dans l'emplacement du chemin d'accès de recherche "{RawFileName}".
             Cette référence n'est pas "CopyLocal", car le paramètre "Private" d'au moins un élément source avait la valeur "false" et aucun élément source ne présentait de paramètre "Private" dont la valeur était "true".
         Référence primaire "System.IO.Compression.FileSystem, Version=4.0.0.0, Culture=neutral, PublicKeyToken=b77a5c561934e089".
             Le chemin de fichier résolu est "C:\Users\rdenimal\.nuget\packages\microsoft.netcore.app.ref\6.0.36\ref\net6.0\System.IO.Compression.FileSystem.dll".
             Référence trouvée dans l'emplacement du chemin d'accès de recherche "{RawFileName}".
             Cette référence n'est pas "CopyLocal", car le paramètre "Private" d'au moins un élément source avait la valeur "false" et aucun élément source ne présentait de paramètre "Private" dont la valeur était "true".
         Référence primaire "System.IO.Compression.ZipFile, Version=6.0.0.0, Culture=neutral, PublicKeyToken=b77a5c561934e089".
             Le chemin de fichier résolu est "C:\Users\rdenimal\.nuget\packages\microsoft.netcore.app.ref\6.0.36\ref\net6.0\System.IO.Compression.ZipFile.dll".
             Référence trouvée dans l'emplacement du chemin d'accès de recherche "{RawFileName}".
             Cette référence n'est pas "CopyLocal", car le paramètre "Private" d'au moins un élément source avait la valeur "false" et aucun élément source ne présentait de paramètre "Private" dont la valeur était "true".
         Référence primaire "System.IO.Compression, Version=6.0.0.0, Culture=neutral, PublicKeyToken=b77a5c561934e089".
             Le chemin de fichier résolu est "C:\Users\rdenimal\.nuget\packages\microsoft.netcore.app.ref\6.0.36\ref\net6.0\System.IO.Compression.dll".
             Référence trouvée dans l'emplacement du chemin d'accès de recherche "{RawFileName}".
             Cette référence n'est pas "CopyLocal", car le paramètre "Private" d'au moins un élément source avait la valeur "false" et aucun élément source ne présentait de paramètre "Private" dont la valeur était "true".
         Référence primaire "System.IO.FileSystem.AccessControl, Version=6.0.0.0, Culture=neutral, PublicKeyToken=b03f5f7f11d50a3a".
             Le chemin de fichier résolu est "C:\Users\rdenimal\.nuget\packages\microsoft.netcore.app.ref\6.0.36\ref\net6.0\System.IO.FileSystem.AccessControl.dll".
             Référence trouvée dans l'emplacement du chemin d'accès de recherche "{RawFileName}".
             Cette référence n'est pas "CopyLocal", car le paramètre "Private" d'au moins un élément source avait la valeur "false" et aucun élément source ne présentait de paramètre "Private" dont la valeur était "true".
         Référence primaire "System.IO.FileSystem.DriveInfo, Version=6.0.0.0, Culture=neutral, PublicKeyToken=b03f5f7f11d50a3a".
             Le chemin de fichier résolu est "C:\Users\rdenimal\.nuget\packages\microsoft.netcore.app.ref\6.0.36\ref\net6.0\System.IO.FileSystem.DriveInfo.dll".
             Référence trouvée dans l'emplacement du chemin d'accès de recherche "{RawFileName}".
             Cette référence n'est pas "CopyLocal", car le paramètre "Private" d'au moins un élément source avait la valeur "false" et aucun élément source ne présentait de paramètre "Private" dont la valeur était "true".
         Référence primaire "System.IO.FileSystem.Primitives, Version=6.0.0.0, Culture=neutral, PublicKeyToken=b03f5f7f11d50a3a".
             Le chemin de fichier résolu est "C:\Users\rdenimal\.nuget\packages\microsoft.netcore.app.ref\6.0.36\ref\net6.0\System.IO.FileSystem.Primitives.dll".
             Référence trouvée dans l'emplacement du chemin d'accès de recherche "{RawFileName}".
             Cette référence n'est pas "CopyLocal", car le paramètre "Private" d'au moins un élément source avait la valeur "false" et aucun élément source ne présentait de paramètre "Private" dont la valeur était "true".
         Référence primaire "System.IO.FileSystem.Watcher, Version=6.0.0.0, Culture=neutral, PublicKeyToken=b03f5f7f11d50a3a".
             Le chemin de fichier résolu est "C:\Users\rdenimal\.nuget\packages\microsoft.netcore.app.ref\6.0.36\ref\net6.0\System.IO.FileSystem.Watcher.dll".
             Référence trouvée dans l'emplacement du chemin d'accès de recherche "{RawFileName}".
             Cette référence n'est pas "CopyLocal", car le paramètre "Private" d'au moins un élément source avait la valeur "false" et aucun élément source ne présentait de paramètre "Private" dont la valeur était "true".
         Référence primaire "System.IO.FileSystem, Version=6.0.0.0, Culture=neutral, PublicKeyToken=b03f5f7f11d50a3a".
             Le chemin de fichier résolu est "C:\Users\rdenimal\.nuget\packages\microsoft.netcore.app.ref\6.0.36\ref\net6.0\System.IO.FileSystem.dll".
             Référence trouvée dans l'emplacement du chemin d'accès de recherche "{RawFileName}".
             Cette référence n'est pas "CopyLocal", car le paramètre "Private" d'au moins un élément source avait la valeur "false" et aucun élément source ne présentait de paramètre "Private" dont la valeur était "true".
         Référence primaire "System.IO.IsolatedStorage, Version=6.0.0.0, Culture=neutral, PublicKeyToken=b03f5f7f11d50a3a".
             Le chemin de fichier résolu est "C:\Users\rdenimal\.nuget\packages\microsoft.netcore.app.ref\6.0.36\ref\net6.0\System.IO.IsolatedStorage.dll".
             Référence trouvée dans l'emplacement du chemin d'accès de recherche "{RawFileName}".
             Cette référence n'est pas "CopyLocal", car le paramètre "Private" d'au moins un élément source avait la valeur "false" et aucun élément source ne présentait de paramètre "Private" dont la valeur était "true".
         Référence primaire "System.IO.MemoryMappedFiles, Version=6.0.0.0, Culture=neutral, PublicKeyToken=b03f5f7f11d50a3a".
             Le chemin de fichier résolu est "C:\Users\rdenimal\.nuget\packages\microsoft.netcore.app.ref\6.0.36\ref\net6.0\System.IO.MemoryMappedFiles.dll".
             Référence trouvée dans l'emplacement du chemin d'accès de recherche "{RawFileName}".
             Cette référence n'est pas "CopyLocal", car le paramètre "Private" d'au moins un élément source avait la valeur "false" et aucun élément source ne présentait de paramètre "Private" dont la valeur était "true".
         Référence primaire "System.IO.Pipes.AccessControl, Version=6.0.0.0, Culture=neutral, PublicKeyToken=b03f5f7f11d50a3a".
             Le chemin de fichier résolu est "C:\Users\rdenimal\.nuget\packages\microsoft.netcore.app.ref\6.0.36\ref\net6.0\System.IO.Pipes.AccessControl.dll".
             Référence trouvée dans l'emplacement du chemin d'accès de recherche "{RawFileName}".
             Cette référence n'est pas "CopyLocal", car le paramètre "Private" d'au moins un élément source avait la valeur "false" et aucun élément source ne présentait de paramètre "Private" dont la valeur était "true".
         Référence primaire "System.IO.Pipes, Version=6.0.0.0, Culture=neutral, PublicKeyToken=b03f5f7f11d50a3a".
             Le chemin de fichier résolu est "C:\Users\rdenimal\.nuget\packages\microsoft.netcore.app.ref\6.0.36\ref\net6.0\System.IO.Pipes.dll".
             Référence trouvée dans l'emplacement du chemin d'accès de recherche "{RawFileName}".
             Cette référence n'est pas "CopyLocal", car le paramètre "Private" d'au moins un élément source avait la valeur "false" et aucun élément source ne présentait de paramètre "Private" dont la valeur était "true".
         Référence primaire "System.IO.UnmanagedMemoryStream, Version=6.0.0.0, Culture=neutral, PublicKeyToken=b03f5f7f11d50a3a".
             Le chemin de fichier résolu est "C:\Users\rdenimal\.nuget\packages\microsoft.netcore.app.ref\6.0.36\ref\net6.0\System.IO.UnmanagedMemoryStream.dll".
             Référence trouvée dans l'emplacement du chemin d'accès de recherche "{RawFileName}".
             Cette référence n'est pas "CopyLocal", car le paramètre "Private" d'au moins un élément source avait la valeur "false" et aucun élément source ne présentait de paramètre "Private" dont la valeur était "true".
         Référence primaire "System.IO, Version=6.0.0.0, Culture=neutral, PublicKeyToken=b03f5f7f11d50a3a".
             Le chemin de fichier résolu est "C:\Users\rdenimal\.nuget\packages\microsoft.netcore.app.ref\6.0.36\ref\net6.0\System.IO.dll".
             Référence trouvée dans l'emplacement du chemin d'accès de recherche "{RawFileName}".
             Cette référence n'est pas "CopyLocal", car le paramètre "Private" d'au moins un élément source avait la valeur "false" et aucun élément source ne présentait de paramètre "Private" dont la valeur était "true".
         Référence primaire "System.Linq.Expressions, Version=6.0.0.0, Culture=neutral, PublicKeyToken=b03f5f7f11d50a3a".
             Le chemin de fichier résolu est "C:\Users\rdenimal\.nuget\packages\microsoft.netcore.app.ref\6.0.36\ref\net6.0\System.Linq.Expressions.dll".
             Référence trouvée dans l'emplacement du chemin d'accès de recherche "{RawFileName}".
             Cette référence n'est pas "CopyLocal", car le paramètre "Private" d'au moins un élément source avait la valeur "false" et aucun élément source ne présentait de paramètre "Private" dont la valeur était "true".
         Référence primaire "System.Linq.Parallel, Version=6.0.0.0, Culture=neutral, PublicKeyToken=b03f5f7f11d50a3a".
             Le chemin de fichier résolu est "C:\Users\rdenimal\.nuget\packages\microsoft.netcore.app.ref\6.0.36\ref\net6.0\System.Linq.Parallel.dll".
             Référence trouvée dans l'emplacement du chemin d'accès de recherche "{RawFileName}".
             Cette référence n'est pas "CopyLocal", car le paramètre "Private" d'au moins un élément source avait la valeur "false" et aucun élément source ne présentait de paramètre "Private" dont la valeur était "true".
         Référence primaire "System.Linq.Queryable, Version=6.0.0.0, Culture=neutral, PublicKeyToken=b03f5f7f11d50a3a".
             Le chemin de fichier résolu est "C:\Users\rdenimal\.nuget\packages\microsoft.netcore.app.ref\6.0.36\ref\net6.0\System.Linq.Queryable.dll".
             Référence trouvée dans l'emplacement du chemin d'accès de recherche "{RawFileName}".
             Cette référence n'est pas "CopyLocal", car le paramètre "Private" d'au moins un élément source avait la valeur "false" et aucun élément source ne présentait de paramètre "Private" dont la valeur était "true".
         Référence primaire "System.Linq, Version=6.0.0.0, Culture=neutral, PublicKeyToken=b03f5f7f11d50a3a".
             Le chemin de fichier résolu est "C:\Users\rdenimal\.nuget\packages\microsoft.netcore.app.ref\6.0.36\ref\net6.0\System.Linq.dll".
             Référence trouvée dans l'emplacement du chemin d'accès de recherche "{RawFileName}".
             Cette référence n'est pas "CopyLocal", car le paramètre "Private" d'au moins un élément source avait la valeur "false" et aucun élément source ne présentait de paramètre "Private" dont la valeur était "true".
         Référence primaire "System.Memory, Version=6.0.0.0, Culture=neutral, PublicKeyToken=cc7b13ffcd2ddd51".
             Le chemin de fichier résolu est "C:\Users\rdenimal\.nuget\packages\microsoft.netcore.app.ref\6.0.36\ref\net6.0\System.Memory.dll".
             Référence trouvée dans l'emplacement du chemin d'accès de recherche "{RawFileName}".
             Cette référence n'est pas "CopyLocal", car le paramètre "Private" d'au moins un élément source avait la valeur "false" et aucun élément source ne présentait de paramètre "Private" dont la valeur était "true".
         Référence primaire "System.Net.Http.Json, Version=6.0.0.0, Culture=neutral, PublicKeyToken=cc7b13ffcd2ddd51".
             Le chemin de fichier résolu est "C:\Users\rdenimal\.nuget\packages\microsoft.netcore.app.ref\6.0.36\ref\net6.0\System.Net.Http.Json.dll".
             Référence trouvée dans l'emplacement du chemin d'accès de recherche "{RawFileName}".
             Cette référence n'est pas "CopyLocal", car le paramètre "Private" d'au moins un élément source avait la valeur "false" et aucun élément source ne présentait de paramètre "Private" dont la valeur était "true".
         Référence primaire "System.Net.Http, Version=6.0.0.0, Culture=neutral, PublicKeyToken=b03f5f7f11d50a3a".
             Le chemin de fichier résolu est "C:\Users\rdenimal\.nuget\packages\microsoft.netcore.app.ref\6.0.36\ref\net6.0\System.Net.Http.dll".
             Référence trouvée dans l'emplacement du chemin d'accès de recherche "{RawFileName}".
             Cette référence n'est pas "CopyLocal", car le paramètre "Private" d'au moins un élément source avait la valeur "false" et aucun élément source ne présentait de paramètre "Private" dont la valeur était "true".
         Référence primaire "System.Net.HttpListener, Version=6.0.0.0, Culture=neutral, PublicKeyToken=cc7b13ffcd2ddd51".
             Le chemin de fichier résolu est "C:\Users\rdenimal\.nuget\packages\microsoft.netcore.app.ref\6.0.36\ref\net6.0\System.Net.HttpListener.dll".
             Référence trouvée dans l'emplacement du chemin d'accès de recherche "{RawFileName}".
             Cette référence n'est pas "CopyLocal", car le paramètre "Private" d'au moins un élément source avait la valeur "false" et aucun élément source ne présentait de paramètre "Private" dont la valeur était "true".
         Référence primaire "System.Net.Mail, Version=6.0.0.0, Culture=neutral, PublicKeyToken=cc7b13ffcd2ddd51".
             Le chemin de fichier résolu est "C:\Users\rdenimal\.nuget\packages\microsoft.netcore.app.ref\6.0.36\ref\net6.0\System.Net.Mail.dll".
             Référence trouvée dans l'emplacement du chemin d'accès de recherche "{RawFileName}".
             Cette référence n'est pas "CopyLocal", car le paramètre "Private" d'au moins un élément source avait la valeur "false" et aucun élément source ne présentait de paramètre "Private" dont la valeur était "true".
         Référence primaire "System.Net.NameResolution, Version=6.0.0.0, Culture=neutral, PublicKeyToken=b03f5f7f11d50a3a".
             Le chemin de fichier résolu est "C:\Users\rdenimal\.nuget\packages\microsoft.netcore.app.ref\6.0.36\ref\net6.0\System.Net.NameResolution.dll".
             Référence trouvée dans l'emplacement du chemin d'accès de recherche "{RawFileName}".
             Cette référence n'est pas "CopyLocal", car le paramètre "Private" d'au moins un élément source avait la valeur "false" et aucun élément source ne présentait de paramètre "Private" dont la valeur était "true".
         Référence primaire "System.Net.NetworkInformation, Version=6.0.0.0, Culture=neutral, PublicKeyToken=b03f5f7f11d50a3a".
             Le chemin de fichier résolu est "C:\Users\rdenimal\.nuget\packages\microsoft.netcore.app.ref\6.0.36\ref\net6.0\System.Net.NetworkInformation.dll".
             Référence trouvée dans l'emplacement du chemin d'accès de recherche "{RawFileName}".
             Cette référence n'est pas "CopyLocal", car le paramètre "Private" d'au moins un élément source avait la valeur "false" et aucun élément source ne présentait de paramètre "Private" dont la valeur était "true".
         Référence primaire "System.Net.Ping, Version=6.0.0.0, Culture=neutral, PublicKeyToken=b03f5f7f11d50a3a".
             Le chemin de fichier résolu est "C:\Users\rdenimal\.nuget\packages\microsoft.netcore.app.ref\6.0.36\ref\net6.0\System.Net.Ping.dll".
             Référence trouvée dans l'emplacement du chemin d'accès de recherche "{RawFileName}".
             Cette référence n'est pas "CopyLocal", car le paramètre "Private" d'au moins un élément source avait la valeur "false" et aucun élément source ne présentait de paramètre "Private" dont la valeur était "true".
         Référence primaire "System.Net.Primitives, Version=6.0.0.0, Culture=neutral, PublicKeyToken=b03f5f7f11d50a3a".
             Le chemin de fichier résolu est "C:\Users\rdenimal\.nuget\packages\microsoft.netcore.app.ref\6.0.36\ref\net6.0\System.Net.Primitives.dll".
             Référence trouvée dans l'emplacement du chemin d'accès de recherche "{RawFileName}".
             Cette référence n'est pas "CopyLocal", car le paramètre "Private" d'au moins un élément source avait la valeur "false" et aucun élément source ne présentait de paramètre "Private" dont la valeur était "true".
         Référence primaire "System.Net.Requests, Version=6.0.0.0, Culture=neutral, PublicKeyToken=b03f5f7f11d50a3a".
             Le chemin de fichier résolu est "C:\Users\rdenimal\.nuget\packages\microsoft.netcore.app.ref\6.0.36\ref\net6.0\System.Net.Requests.dll".
             Référence trouvée dans l'emplacement du chemin d'accès de recherche "{RawFileName}".
             Cette référence n'est pas "CopyLocal", car le paramètre "Private" d'au moins un élément source avait la valeur "false" et aucun élément source ne présentait de paramètre "Private" dont la valeur était "true".
         Référence primaire "System.Net.Security, Version=6.0.0.0, Culture=neutral, PublicKeyToken=b03f5f7f11d50a3a".
             Le chemin de fichier résolu est "C:\Users\rdenimal\.nuget\packages\microsoft.netcore.app.ref\6.0.36\ref\net6.0\System.Net.Security.dll".
             Référence trouvée dans l'emplacement du chemin d'accès de recherche "{RawFileName}".
             Cette référence n'est pas "CopyLocal", car le paramètre "Private" d'au moins un élément source avait la valeur "false" et aucun élément source ne présentait de paramètre "Private" dont la valeur était "true".
         Référence primaire "System.Net.ServicePoint, Version=6.0.0.0, Culture=neutral, PublicKeyToken=cc7b13ffcd2ddd51".
             Le chemin de fichier résolu est "C:\Users\rdenimal\.nuget\packages\microsoft.netcore.app.ref\6.0.36\ref\net6.0\System.Net.ServicePoint.dll".
             Référence trouvée dans l'emplacement du chemin d'accès de recherche "{RawFileName}".
             Cette référence n'est pas "CopyLocal", car le paramètre "Private" d'au moins un élément source avait la valeur "false" et aucun élément source ne présentait de paramètre "Private" dont la valeur était "true".
         Référence primaire "System.Net.Sockets, Version=6.0.0.0, Culture=neutral, PublicKeyToken=b03f5f7f11d50a3a".
             Le chemin de fichier résolu est "C:\Users\rdenimal\.nuget\packages\microsoft.netcore.app.ref\6.0.36\ref\net6.0\System.Net.Sockets.dll".
             Référence trouvée dans l'emplacement du chemin d'accès de recherche "{RawFileName}".
             Cette référence n'est pas "CopyLocal", car le paramètre "Private" d'au moins un élément source avait la valeur "false" et aucun élément source ne présentait de paramètre "Private" dont la valeur était "true".
         Référence primaire "System.Net.WebClient, Version=6.0.0.0, Culture=neutral, PublicKeyToken=cc7b13ffcd2ddd51".
             Le chemin de fichier résolu est "C:\Users\rdenimal\.nuget\packages\microsoft.netcore.app.ref\6.0.36\ref\net6.0\System.Net.WebClient.dll".
             Référence trouvée dans l'emplacement du chemin d'accès de recherche "{RawFileName}".
             Cette référence n'est pas "CopyLocal", car le paramètre "Private" d'au moins un élément source avait la valeur "false" et aucun élément source ne présentait de paramètre "Private" dont la valeur était "true".
         Référence primaire "System.Net.WebHeaderCollection, Version=6.0.0.0, Culture=neutral, PublicKeyToken=b03f5f7f11d50a3a".
             Le chemin de fichier résolu est "C:\Users\rdenimal\.nuget\packages\microsoft.netcore.app.ref\6.0.36\ref\net6.0\System.Net.WebHeaderCollection.dll".
             Référence trouvée dans l'emplacement du chemin d'accès de recherche "{RawFileName}".
             Cette référence n'est pas "CopyLocal", car le paramètre "Private" d'au moins un élément source avait la valeur "false" et aucun élément source ne présentait de paramètre "Private" dont la valeur était "true".
         Référence primaire "System.Net.WebProxy, Version=6.0.0.0, Culture=neutral, PublicKeyToken=cc7b13ffcd2ddd51".
             Le chemin de fichier résolu est "C:\Users\rdenimal\.nuget\packages\microsoft.netcore.app.ref\6.0.36\ref\net6.0\System.Net.WebProxy.dll".
             Référence trouvée dans l'emplacement du chemin d'accès de recherche "{RawFileName}".
             Cette référence n'est pas "CopyLocal", car le paramètre "Private" d'au moins un élément source avait la valeur "false" et aucun élément source ne présentait de paramètre "Private" dont la valeur était "true".
         Référence primaire "System.Net.WebSockets.Client, Version=6.0.0.0, Culture=neutral, PublicKeyToken=b03f5f7f11d50a3a".
             Le chemin de fichier résolu est "C:\Users\rdenimal\.nuget\packages\microsoft.netcore.app.ref\6.0.36\ref\net6.0\System.Net.WebSockets.Client.dll".
             Référence trouvée dans l'emplacement du chemin d'accès de recherche "{RawFileName}".
             Cette référence n'est pas "CopyLocal", car le paramètre "Private" d'au moins un élément source avait la valeur "false" et aucun élément source ne présentait de paramètre "Private" dont la valeur était "true".
         Référence primaire "System.Net.WebSockets, Version=6.0.0.0, Culture=neutral, PublicKeyToken=b03f5f7f11d50a3a".
             Le chemin de fichier résolu est "C:\Users\rdenimal\.nuget\packages\microsoft.netcore.app.ref\6.0.36\ref\net6.0\System.Net.WebSockets.dll".
             Référence trouvée dans l'emplacement du chemin d'accès de recherche "{RawFileName}".
             Cette référence n'est pas "CopyLocal", car le paramètre "Private" d'au moins un élément source avait la valeur "false" et aucun élément source ne présentait de paramètre "Private" dont la valeur était "true".
         Référence primaire "System.Net, Version=4.0.0.0, Culture=neutral, PublicKeyToken=b03f5f7f11d50a3a".
             Le chemin de fichier résolu est "C:\Users\rdenimal\.nuget\packages\microsoft.netcore.app.ref\6.0.36\ref\net6.0\System.Net.dll".
             Référence trouvée dans l'emplacement du chemin d'accès de recherche "{RawFileName}".
             Cette référence n'est pas "CopyLocal", car le paramètre "Private" d'au moins un élément source avait la valeur "false" et aucun élément source ne présentait de paramètre "Private" dont la valeur était "true".
         Référence primaire "System.Numerics.Vectors, Version=6.0.0.0, Culture=neutral, PublicKeyToken=b03f5f7f11d50a3a".
             Le chemin de fichier résolu est "C:\Users\rdenimal\.nuget\packages\microsoft.netcore.app.ref\6.0.36\ref\net6.0\System.Numerics.Vectors.dll".
             Référence trouvée dans l'emplacement du chemin d'accès de recherche "{RawFileName}".
             Cette référence n'est pas "CopyLocal", car le paramètre "Private" d'au moins un élément source avait la valeur "false" et aucun élément source ne présentait de paramètre "Private" dont la valeur était "true".
         Référence primaire "System.Numerics, Version=4.0.0.0, Culture=neutral, PublicKeyToken=b77a5c561934e089".
             Le chemin de fichier résolu est "C:\Users\rdenimal\.nuget\packages\microsoft.netcore.app.ref\6.0.36\ref\net6.0\System.Numerics.dll".
             Référence trouvée dans l'emplacement du chemin d'accès de recherche "{RawFileName}".
             Cette référence n'est pas "CopyLocal", car le paramètre "Private" d'au moins un élément source avait la valeur "false" et aucun élément source ne présentait de paramètre "Private" dont la valeur était "true".
         Référence primaire "System.ObjectModel, Version=6.0.0.0, Culture=neutral, PublicKeyToken=b03f5f7f11d50a3a".
             Le chemin de fichier résolu est "C:\Users\rdenimal\.nuget\packages\microsoft.netcore.app.ref\6.0.36\ref\net6.0\System.ObjectModel.dll".
             Référence trouvée dans l'emplacement du chemin d'accès de recherche "{RawFileName}".
             Cette référence n'est pas "CopyLocal", car le paramètre "Private" d'au moins un élément source avait la valeur "false" et aucun élément source ne présentait de paramètre "Private" dont la valeur était "true".
         Référence primaire "System.Reflection.DispatchProxy, Version=6.0.0.0, Culture=neutral, PublicKeyToken=b03f5f7f11d50a3a".
             Le chemin de fichier résolu est "C:\Users\rdenimal\.nuget\packages\microsoft.netcore.app.ref\6.0.36\ref\net6.0\System.Reflection.DispatchProxy.dll".
             Référence trouvée dans l'emplacement du chemin d'accès de recherche "{RawFileName}".
             Cette référence n'est pas "CopyLocal", car le paramètre "Private" d'au moins un élément source avait la valeur "false" et aucun élément source ne présentait de paramètre "Private" dont la valeur était "true".
         Référence primaire "System.Reflection.Emit.ILGeneration, Version=6.0.0.0, Culture=neutral, PublicKeyToken=b03f5f7f11d50a3a".
             Le chemin de fichier résolu est "C:\Users\rdenimal\.nuget\packages\microsoft.netcore.app.ref\6.0.36\ref\net6.0\System.Reflection.Emit.ILGeneration.dll".
             Référence trouvée dans l'emplacement du chemin d'accès de recherche "{RawFileName}".
             Cette référence n'est pas "CopyLocal", car le paramètre "Private" d'au moins un élément source avait la valeur "false" et aucun élément source ne présentait de paramètre "Private" dont la valeur était "true".
         Référence primaire "System.Reflection.Emit.Lightweight, Version=6.0.0.0, Culture=neutral, PublicKeyToken=b03f5f7f11d50a3a".
             Le chemin de fichier résolu est "C:\Users\rdenimal\.nuget\packages\microsoft.netcore.app.ref\6.0.36\ref\net6.0\System.Reflection.Emit.Lightweight.dll".
             Référence trouvée dans l'emplacement du chemin d'accès de recherche "{RawFileName}".
             Cette référence n'est pas "CopyLocal", car le paramètre "Private" d'au moins un élément source avait la valeur "false" et aucun élément source ne présentait de paramètre "Private" dont la valeur était "true".
         Référence primaire "System.Reflection.Emit, Version=6.0.0.0, Culture=neutral, PublicKeyToken=b03f5f7f11d50a3a".
             Le chemin de fichier résolu est "C:\Users\rdenimal\.nuget\packages\microsoft.netcore.app.ref\6.0.36\ref\net6.0\System.Reflection.Emit.dll".
             Référence trouvée dans l'emplacement du chemin d'accès de recherche "{RawFileName}".
             Cette référence n'est pas "CopyLocal", car le paramètre "Private" d'au moins un élément source avait la valeur "false" et aucun élément source ne présentait de paramètre "Private" dont la valeur était "true".
         Référence primaire "System.Reflection.Extensions, Version=6.0.0.0, Culture=neutral, PublicKeyToken=b03f5f7f11d50a3a".
             Le chemin de fichier résolu est "C:\Users\rdenimal\.nuget\packages\microsoft.netcore.app.ref\6.0.36\ref\net6.0\System.Reflection.Extensions.dll".
             Référence trouvée dans l'emplacement du chemin d'accès de recherche "{RawFileName}".
             Cette référence n'est pas "CopyLocal", car le paramètre "Private" d'au moins un élément source avait la valeur "false" et aucun élément source ne présentait de paramètre "Private" dont la valeur était "true".
         Référence primaire "System.Reflection.Metadata, Version=6.0.0.0, Culture=neutral, PublicKeyToken=b03f5f7f11d50a3a".
             Le chemin de fichier résolu est "C:\Users\rdenimal\.nuget\packages\microsoft.netcore.app.ref\6.0.36\ref\net6.0\System.Reflection.Metadata.dll".
             Référence trouvée dans l'emplacement du chemin d'accès de recherche "{RawFileName}".
             Cette référence n'est pas "CopyLocal", car le paramètre "Private" d'au moins un élément source avait la valeur "false" et aucun élément source ne présentait de paramètre "Private" dont la valeur était "true".
         Référence primaire "System.Reflection.Primitives, Version=6.0.0.0, Culture=neutral, PublicKeyToken=b03f5f7f11d50a3a".
             Le chemin de fichier résolu est "C:\Users\rdenimal\.nuget\packages\microsoft.netcore.app.ref\6.0.36\ref\net6.0\System.Reflection.Primitives.dll".
             Référence trouvée dans l'emplacement du chemin d'accès de recherche "{RawFileName}".
             Cette référence n'est pas "CopyLocal", car le paramètre "Private" d'au moins un élément source avait la valeur "false" et aucun élément source ne présentait de paramètre "Private" dont la valeur était "true".
         Référence primaire "System.Reflection.TypeExtensions, Version=6.0.0.0, Culture=neutral, PublicKeyToken=b03f5f7f11d50a3a".
             Le chemin de fichier résolu est "C:\Users\rdenimal\.nuget\packages\microsoft.netcore.app.ref\6.0.36\ref\net6.0\System.Reflection.TypeExtensions.dll".
             Référence trouvée dans l'emplacement du chemin d'accès de recherche "{RawFileName}".
             Cette référence n'est pas "CopyLocal", car le paramètre "Private" d'au moins un élément source avait la valeur "false" et aucun élément source ne présentait de paramètre "Private" dont la valeur était "true".
         Référence primaire "System.Reflection, Version=6.0.0.0, Culture=neutral, PublicKeyToken=b03f5f7f11d50a3a".
             Le chemin de fichier résolu est "C:\Users\rdenimal\.nuget\packages\microsoft.netcore.app.ref\6.0.36\ref\net6.0\System.Reflection.dll".
             Référence trouvée dans l'emplacement du chemin d'accès de recherche "{RawFileName}".
             Cette référence n'est pas "CopyLocal", car le paramètre "Private" d'au moins un élément source avait la valeur "false" et aucun élément source ne présentait de paramètre "Private" dont la valeur était "true".
         Référence primaire "System.Resources.Reader, Version=6.0.0.0, Culture=neutral, PublicKeyToken=b03f5f7f11d50a3a".
             Le chemin de fichier résolu est "C:\Users\rdenimal\.nuget\packages\microsoft.netcore.app.ref\6.0.36\ref\net6.0\System.Resources.Reader.dll".
             Référence trouvée dans l'emplacement du chemin d'accès de recherche "{RawFileName}".
             Cette référence n'est pas "CopyLocal", car le paramètre "Private" d'au moins un élément source avait la valeur "false" et aucun élément source ne présentait de paramètre "Private" dont la valeur était "true".
         Référence primaire "System.Resources.ResourceManager, Version=6.0.0.0, Culture=neutral, PublicKeyToken=b03f5f7f11d50a3a".
             Le chemin de fichier résolu est "C:\Users\rdenimal\.nuget\packages\microsoft.netcore.app.ref\6.0.36\ref\net6.0\System.Resources.ResourceManager.dll".
             Référence trouvée dans l'emplacement du chemin d'accès de recherche "{RawFileName}".
             Cette référence n'est pas "CopyLocal", car le paramètre "Private" d'au moins un élément source avait la valeur "false" et aucun élément source ne présentait de paramètre "Private" dont la valeur était "true".
         Référence primaire "System.Resources.Writer, Version=6.0.0.0, Culture=neutral, PublicKeyToken=b03f5f7f11d50a3a".
             Le chemin de fichier résolu est "C:\Users\rdenimal\.nuget\packages\microsoft.netcore.app.ref\6.0.36\ref\net6.0\System.Resources.Writer.dll".
             Référence trouvée dans l'emplacement du chemin d'accès de recherche "{RawFileName}".
             Cette référence n'est pas "CopyLocal", car le paramètre "Private" d'au moins un élément source avait la valeur "false" et aucun élément source ne présentait de paramètre "Private" dont la valeur était "true".
         Référence primaire "System.Runtime.CompilerServices.Unsafe, Version=6.0.0.0, Culture=neutral, PublicKeyToken=b03f5f7f11d50a3a".
             Le chemin de fichier résolu est "C:\Users\rdenimal\.nuget\packages\microsoft.netcore.app.ref\6.0.36\ref\net6.0\System.Runtime.CompilerServices.Unsafe.dll".
             Référence trouvée dans l'emplacement du chemin d'accès de recherche "{RawFileName}".
             Cette référence n'est pas "CopyLocal", car le paramètre "Private" d'au moins un élément source avait la valeur "false" et aucun élément source ne présentait de paramètre "Private" dont la valeur était "true".
         Référence primaire "System.Runtime.CompilerServices.VisualC, Version=6.0.0.0, Culture=neutral, PublicKeyToken=b03f5f7f11d50a3a".
             Le chemin de fichier résolu est "C:\Users\rdenimal\.nuget\packages\microsoft.netcore.app.ref\6.0.36\ref\net6.0\System.Runtime.CompilerServices.VisualC.dll".
             Référence trouvée dans l'emplacement du chemin d'accès de recherche "{RawFileName}".
             Cette référence n'est pas "CopyLocal", car le paramètre "Private" d'au moins un élément source avait la valeur "false" et aucun élément source ne présentait de paramètre "Private" dont la valeur était "true".
         Référence primaire "System.Runtime.Extensions, Version=6.0.0.0, Culture=neutral, PublicKeyToken=b03f5f7f11d50a3a".
             Le chemin de fichier résolu est "C:\Users\rdenimal\.nuget\packages\microsoft.netcore.app.ref\6.0.36\ref\net6.0\System.Runtime.Extensions.dll".
             Référence trouvée dans l'emplacement du chemin d'accès de recherche "{RawFileName}".
             Cette référence n'est pas "CopyLocal", car le paramètre "Private" d'au moins un élément source avait la valeur "false" et aucun élément source ne présentait de paramètre "Private" dont la valeur était "true".
         Référence primaire "System.Runtime.Handles, Version=6.0.0.0, Culture=neutral, PublicKeyToken=b03f5f7f11d50a3a".
             Le chemin de fichier résolu est "C:\Users\rdenimal\.nuget\packages\microsoft.netcore.app.ref\6.0.36\ref\net6.0\System.Runtime.Handles.dll".
             Référence trouvée dans l'emplacement du chemin d'accès de recherche "{RawFileName}".
             Cette référence n'est pas "CopyLocal", car le paramètre "Private" d'au moins un élément source avait la valeur "false" et aucun élément source ne présentait de paramètre "Private" dont la valeur était "true".
         Référence primaire "System.Runtime.InteropServices.RuntimeInformation, Version=6.0.0.0, Culture=neutral, PublicKeyToken=b03f5f7f11d50a3a".
             Le chemin de fichier résolu est "C:\Users\rdenimal\.nuget\packages\microsoft.netcore.app.ref\6.0.36\ref\net6.0\System.Runtime.InteropServices.RuntimeInformation.dll".
             Référence trouvée dans l'emplacement du chemin d'accès de recherche "{RawFileName}".
             Cette référence n'est pas "CopyLocal", car le paramètre "Private" d'au moins un élément source avait la valeur "false" et aucun élément source ne présentait de paramètre "Private" dont la valeur était "true".
         Référence primaire "System.Runtime.InteropServices, Version=6.0.0.0, Culture=neutral, PublicKeyToken=b03f5f7f11d50a3a".
             Le chemin de fichier résolu est "C:\Users\rdenimal\.nuget\packages\microsoft.netcore.app.ref\6.0.36\ref\net6.0\System.Runtime.InteropServices.dll".
             Référence trouvée dans l'emplacement du chemin d'accès de recherche "{RawFileName}".
             Cette référence n'est pas "CopyLocal", car le paramètre "Private" d'au moins un élément source avait la valeur "false" et aucun élément source ne présentait de paramètre "Private" dont la valeur était "true".
         Référence primaire "System.Runtime.Intrinsics, Version=6.0.0.0, Culture=neutral, PublicKeyToken=cc7b13ffcd2ddd51".
             Le chemin de fichier résolu est "C:\Users\rdenimal\.nuget\packages\microsoft.netcore.app.ref\6.0.36\ref\net6.0\System.Runtime.Intrinsics.dll".
             Référence trouvée dans l'emplacement du chemin d'accès de recherche "{RawFileName}".
             Cette référence n'est pas "CopyLocal", car le paramètre "Private" d'au moins un élément source avait la valeur "false" et aucun élément source ne présentait de paramètre "Private" dont la valeur était "true".
         Référence primaire "System.Runtime.Loader, Version=6.0.0.0, Culture=neutral, PublicKeyToken=b03f5f7f11d50a3a".
             Le chemin de fichier résolu est "C:\Users\rdenimal\.nuget\packages\microsoft.netcore.app.ref\6.0.36\ref\net6.0\System.Runtime.Loader.dll".
             Référence trouvée dans l'emplacement du chemin d'accès de recherche "{RawFileName}".
             Cette référence n'est pas "CopyLocal", car le paramètre "Private" d'au moins un élément source avait la valeur "false" et aucun élément source ne présentait de paramètre "Private" dont la valeur était "true".
         Référence primaire "System.Runtime.Numerics, Version=6.0.0.0, Culture=neutral, PublicKeyToken=b03f5f7f11d50a3a".
             Le chemin de fichier résolu est "C:\Users\rdenimal\.nuget\packages\microsoft.netcore.app.ref\6.0.36\ref\net6.0\System.Runtime.Numerics.dll".
             Référence trouvée dans l'emplacement du chemin d'accès de recherche "{RawFileName}".
             Cette référence n'est pas "CopyLocal", car le paramètre "Private" d'au moins un élément source avait la valeur "false" et aucun élément source ne présentait de paramètre "Private" dont la valeur était "true".
         Référence primaire "System.Runtime.Serialization.Formatters, Version=6.0.0.0, Culture=neutral, PublicKeyToken=b03f5f7f11d50a3a".
             Le chemin de fichier résolu est "C:\Users\rdenimal\.nuget\packages\microsoft.netcore.app.ref\6.0.36\ref\net6.0\System.Runtime.Serialization.Formatters.dll".
             Référence trouvée dans l'emplacement du chemin d'accès de recherche "{RawFileName}".
             Cette référence n'est pas "CopyLocal", car le paramètre "Private" d'au moins un élément source avait la valeur "false" et aucun élément source ne présentait de paramètre "Private" dont la valeur était "true".
         Référence primaire "System.Runtime.Serialization.Json, Version=6.0.0.0, Culture=neutral, PublicKeyToken=b03f5f7f11d50a3a".
             Le chemin de fichier résolu est "C:\Users\rdenimal\.nuget\packages\microsoft.netcore.app.ref\6.0.36\ref\net6.0\System.Runtime.Serialization.Json.dll".
             Référence trouvée dans l'emplacement du chemin d'accès de recherche "{RawFileName}".
             Cette référence n'est pas "CopyLocal", car le paramètre "Private" d'au moins un élément source avait la valeur "false" et aucun élément source ne présentait de paramètre "Private" dont la valeur était "true".
         Référence primaire "System.Runtime.Serialization.Primitives, Version=6.0.0.0, Culture=neutral, PublicKeyToken=b03f5f7f11d50a3a".
             Le chemin de fichier résolu est "C:\Users\rdenimal\.nuget\packages\microsoft.netcore.app.ref\6.0.36\ref\net6.0\System.Runtime.Serialization.Primitives.dll".
             Référence trouvée dans l'emplacement du chemin d'accès de recherche "{RawFileName}".
             Cette référence n'est pas "CopyLocal", car le paramètre "Private" d'au moins un élément source avait la valeur "false" et aucun élément source ne présentait de paramètre "Private" dont la valeur était "true".
         Référence primaire "System.Runtime.Serialization.Xml, Version=6.0.0.0, Culture=neutral, PublicKeyToken=b03f5f7f11d50a3a".
             Le chemin de fichier résolu est "C:\Users\rdenimal\.nuget\packages\microsoft.netcore.app.ref\6.0.36\ref\net6.0\System.Runtime.Serialization.Xml.dll".
             Référence trouvée dans l'emplacement du chemin d'accès de recherche "{RawFileName}".
             Cette référence n'est pas "CopyLocal", car le paramètre "Private" d'au moins un élément source avait la valeur "false" et aucun élément source ne présentait de paramètre "Private" dont la valeur était "true".
         Référence primaire "System.Runtime.Serialization, Version=4.0.0.0, Culture=neutral, PublicKeyToken=b77a5c561934e089".
             Le chemin de fichier résolu est "C:\Users\rdenimal\.nuget\packages\microsoft.netcore.app.ref\6.0.36\ref\net6.0\System.Runtime.Serialization.dll".
             Référence trouvée dans l'emplacement du chemin d'accès de recherche "{RawFileName}".
             Cette référence n'est pas "CopyLocal", car le paramètre "Private" d'au moins un élément source avait la valeur "false" et aucun élément source ne présentait de paramètre "Private" dont la valeur était "true".
         Référence primaire "System.Runtime, Version=6.0.0.0, Culture=neutral, PublicKeyToken=b03f5f7f11d50a3a".
             Le chemin de fichier résolu est "C:\Users\rdenimal\.nuget\packages\microsoft.netcore.app.ref\6.0.36\ref\net6.0\System.Runtime.dll".
             Référence trouvée dans l'emplacement du chemin d'accès de recherche "{RawFileName}".
             Cette référence n'est pas "CopyLocal", car le paramètre "Private" d'au moins un élément source avait la valeur "false" et aucun élément source ne présentait de paramètre "Private" dont la valeur était "true".
         Référence primaire "System.Security.AccessControl, Version=6.0.0.0, Culture=neutral, PublicKeyToken=b03f5f7f11d50a3a".
             Le chemin de fichier résolu est "C:\Users\rdenimal\.nuget\packages\microsoft.netcore.app.ref\6.0.36\ref\net6.0\System.Security.AccessControl.dll".
             Référence trouvée dans l'emplacement du chemin d'accès de recherche "{RawFileName}".
             Cette référence n'est pas "CopyLocal", car le paramètre "Private" d'au moins un élément source avait la valeur "false" et aucun élément source ne présentait de paramètre "Private" dont la valeur était "true".
         Référence primaire "System.Security.Claims, Version=6.0.0.0, Culture=neutral, PublicKeyToken=b03f5f7f11d50a3a".
             Le chemin de fichier résolu est "C:\Users\rdenimal\.nuget\packages\microsoft.netcore.app.ref\6.0.36\ref\net6.0\System.Security.Claims.dll".
             Référence trouvée dans l'emplacement du chemin d'accès de recherche "{RawFileName}".
             Cette référence n'est pas "CopyLocal", car le paramètre "Private" d'au moins un élément source avait la valeur "false" et aucun élément source ne présentait de paramètre "Private" dont la valeur était "true".
         Référence primaire "System.Security.Cryptography.Algorithms, Version=6.0.0.0, Culture=neutral, PublicKeyToken=b03f5f7f11d50a3a".
             Le chemin de fichier résolu est "C:\Users\rdenimal\.nuget\packages\microsoft.netcore.app.ref\6.0.36\ref\net6.0\System.Security.Cryptography.Algorithms.dll".
             Référence trouvée dans l'emplacement du chemin d'accès de recherche "{RawFileName}".
             Cette référence n'est pas "CopyLocal", car le paramètre "Private" d'au moins un élément source avait la valeur "false" et aucun élément source ne présentait de paramètre "Private" dont la valeur était "true".
         Référence primaire "System.Security.Cryptography.Cng, Version=6.0.0.0, Culture=neutral, PublicKeyToken=b03f5f7f11d50a3a".
             Le chemin de fichier résolu est "C:\Users\rdenimal\.nuget\packages\microsoft.netcore.app.ref\6.0.36\ref\net6.0\System.Security.Cryptography.Cng.dll".
             Référence trouvée dans l'emplacement du chemin d'accès de recherche "{RawFileName}".
             Cette référence n'est pas "CopyLocal", car le paramètre "Private" d'au moins un élément source avait la valeur "false" et aucun élément source ne présentait de paramètre "Private" dont la valeur était "true".
         Référence primaire "System.Security.Cryptography.Csp, Version=6.0.0.0, Culture=neutral, PublicKeyToken=b03f5f7f11d50a3a".
             Le chemin de fichier résolu est "C:\Users\rdenimal\.nuget\packages\microsoft.netcore.app.ref\6.0.36\ref\net6.0\System.Security.Cryptography.Csp.dll".
             Référence trouvée dans l'emplacement du chemin d'accès de recherche "{RawFileName}".
             Cette référence n'est pas "CopyLocal", car le paramètre "Private" d'au moins un élément source avait la valeur "false" et aucun élément source ne présentait de paramètre "Private" dont la valeur était "true".
         Référence primaire "System.Security.Cryptography.Encoding, Version=6.0.0.0, Culture=neutral, PublicKeyToken=b03f5f7f11d50a3a".
             Le chemin de fichier résolu est "C:\Users\rdenimal\.nuget\packages\microsoft.netcore.app.ref\6.0.36\ref\net6.0\System.Security.Cryptography.Encoding.dll".
             Référence trouvée dans l'emplacement du chemin d'accès de recherche "{RawFileName}".
             Cette référence n'est pas "CopyLocal", car le paramètre "Private" d'au moins un élément source avait la valeur "false" et aucun élément source ne présentait de paramètre "Private" dont la valeur était "true".
         Référence primaire "System.Security.Cryptography.OpenSsl, Version=6.0.0.0, Culture=neutral, PublicKeyToken=b03f5f7f11d50a3a".
             Le chemin de fichier résolu est "C:\Users\rdenimal\.nuget\packages\microsoft.netcore.app.ref\6.0.36\ref\net6.0\System.Security.Cryptography.OpenSsl.dll".
             Référence trouvée dans l'emplacement du chemin d'accès de recherche "{RawFileName}".
             Cette référence n'est pas "CopyLocal", car le paramètre "Private" d'au moins un élément source avait la valeur "false" et aucun élément source ne présentait de paramètre "Private" dont la valeur était "true".
         Référence primaire "System.Security.Cryptography.Primitives, Version=6.0.0.0, Culture=neutral, PublicKeyToken=b03f5f7f11d50a3a".
             Le chemin de fichier résolu est "C:\Users\rdenimal\.nuget\packages\microsoft.netcore.app.ref\6.0.36\ref\net6.0\System.Security.Cryptography.Primitives.dll".
             Référence trouvée dans l'emplacement du chemin d'accès de recherche "{RawFileName}".
             Cette référence n'est pas "CopyLocal", car le paramètre "Private" d'au moins un élément source avait la valeur "false" et aucun élément source ne présentait de paramètre "Private" dont la valeur était "true".
         Référence primaire "System.Security.Cryptography.X509Certificates, Version=6.0.0.0, Culture=neutral, PublicKeyToken=b03f5f7f11d50a3a".
             Le chemin de fichier résolu est "C:\Users\rdenimal\.nuget\packages\microsoft.netcore.app.ref\6.0.36\ref\net6.0\System.Security.Cryptography.X509Certificates.dll".
             Référence trouvée dans l'emplacement du chemin d'accès de recherche "{RawFileName}".
             Cette référence n'est pas "CopyLocal", car le paramètre "Private" d'au moins un élément source avait la valeur "false" et aucun élément source ne présentait de paramètre "Private" dont la valeur était "true".
         Référence primaire "System.Security.Principal.Windows, Version=6.0.0.0, Culture=neutral, PublicKeyToken=b03f5f7f11d50a3a".
             Le chemin de fichier résolu est "C:\Users\rdenimal\.nuget\packages\microsoft.netcore.app.ref\6.0.36\ref\net6.0\System.Security.Principal.Windows.dll".
             Référence trouvée dans l'emplacement du chemin d'accès de recherche "{RawFileName}".
             Cette référence n'est pas "CopyLocal", car le paramètre "Private" d'au moins un élément source avait la valeur "false" et aucun élément source ne présentait de paramètre "Private" dont la valeur était "true".
         Référence primaire "System.Security.Principal, Version=6.0.0.0, Culture=neutral, PublicKeyToken=b03f5f7f11d50a3a".
             Le chemin de fichier résolu est "C:\Users\rdenimal\.nuget\packages\microsoft.netcore.app.ref\6.0.36\ref\net6.0\System.Security.Principal.dll".
             Référence trouvée dans l'emplacement du chemin d'accès de recherche "{RawFileName}".
             Cette référence n'est pas "CopyLocal", car le paramètre "Private" d'au moins un élément source avait la valeur "false" et aucun élément source ne présentait de paramètre "Private" dont la valeur était "true".
         Référence primaire "System.Security.SecureString, Version=6.0.0.0, Culture=neutral, PublicKeyToken=b03f5f7f11d50a3a".
             Le chemin de fichier résolu est "C:\Users\rdenimal\.nuget\packages\microsoft.netcore.app.ref\6.0.36\ref\net6.0\System.Security.SecureString.dll".
             Référence trouvée dans l'emplacement du chemin d'accès de recherche "{RawFileName}".
             Cette référence n'est pas "CopyLocal", car le paramètre "Private" d'au moins un élément source avait la valeur "false" et aucun élément source ne présentait de paramètre "Private" dont la valeur était "true".
         Référence primaire "System.Security, Version=4.0.0.0, Culture=neutral, PublicKeyToken=b03f5f7f11d50a3a".
             Le chemin de fichier résolu est "C:\Users\rdenimal\.nuget\packages\microsoft.netcore.app.ref\6.0.36\ref\net6.0\System.Security.dll".
             Référence trouvée dans l'emplacement du chemin d'accès de recherche "{RawFileName}".
             Cette référence n'est pas "CopyLocal", car le paramètre "Private" d'au moins un élément source avait la valeur "false" et aucun élément source ne présentait de paramètre "Private" dont la valeur était "true".
         Référence primaire "System.ServiceModel.Web, Version=4.0.0.0, Culture=neutral, PublicKeyToken=31bf3856ad364e35".
             Le chemin de fichier résolu est "C:\Users\rdenimal\.nuget\packages\microsoft.netcore.app.ref\6.0.36\ref\net6.0\System.ServiceModel.Web.dll".
             Référence trouvée dans l'emplacement du chemin d'accès de recherche "{RawFileName}".
             Cette référence n'est pas "CopyLocal", car le paramètre "Private" d'au moins un élément source avait la valeur "false" et aucun élément source ne présentait de paramètre "Private" dont la valeur était "true".
         Référence primaire "System.ServiceProcess, Version=4.0.0.0, Culture=neutral, PublicKeyToken=b03f5f7f11d50a3a".
             Le chemin de fichier résolu est "C:\Users\rdenimal\.nuget\packages\microsoft.netcore.app.ref\6.0.36\ref\net6.0\System.ServiceProcess.dll".
             Référence trouvée dans l'emplacement du chemin d'accès de recherche "{RawFileName}".
             Cette référence n'est pas "CopyLocal", car le paramètre "Private" d'au moins un élément source avait la valeur "false" et aucun élément source ne présentait de paramètre "Private" dont la valeur était "true".
         Référence primaire "System.Text.Encoding.CodePages, Version=6.0.0.0, Culture=neutral, PublicKeyToken=b03f5f7f11d50a3a".
             Le chemin de fichier résolu est "C:\Users\rdenimal\.nuget\packages\microsoft.netcore.app.ref\6.0.36\ref\net6.0\System.Text.Encoding.CodePages.dll".
             Référence trouvée dans l'emplacement du chemin d'accès de recherche "{RawFileName}".
             Cette référence n'est pas "CopyLocal", car le paramètre "Private" d'au moins un élément source avait la valeur "false" et aucun élément source ne présentait de paramètre "Private" dont la valeur était "true".
         Référence primaire "System.Text.Encoding.Extensions, Version=6.0.0.0, Culture=neutral, PublicKeyToken=b03f5f7f11d50a3a".
             Le chemin de fichier résolu est "C:\Users\rdenimal\.nuget\packages\microsoft.netcore.app.ref\6.0.36\ref\net6.0\System.Text.Encoding.Extensions.dll".
             Référence trouvée dans l'emplacement du chemin d'accès de recherche "{RawFileName}".
             Cette référence n'est pas "CopyLocal", car le paramètre "Private" d'au moins un élément source avait la valeur "false" et aucun élément source ne présentait de paramètre "Private" dont la valeur était "true".
         Référence primaire "System.Text.Encoding, Version=6.0.0.0, Culture=neutral, PublicKeyToken=b03f5f7f11d50a3a".
             Le chemin de fichier résolu est "C:\Users\rdenimal\.nuget\packages\microsoft.netcore.app.ref\6.0.36\ref\net6.0\System.Text.Encoding.dll".
             Référence trouvée dans l'emplacement du chemin d'accès de recherche "{RawFileName}".
             Cette référence n'est pas "CopyLocal", car le paramètre "Private" d'au moins un élément source avait la valeur "false" et aucun élément source ne présentait de paramètre "Private" dont la valeur était "true".
         Référence primaire "System.Text.Encodings.Web, Version=6.0.0.0, Culture=neutral, PublicKeyToken=cc7b13ffcd2ddd51".
             Le chemin de fichier résolu est "C:\Users\rdenimal\.nuget\packages\microsoft.netcore.app.ref\6.0.36\ref\net6.0\System.Text.Encodings.Web.dll".
             Référence trouvée dans l'emplacement du chemin d'accès de recherche "{RawFileName}".
             Cette référence n'est pas "CopyLocal", car le paramètre "Private" d'au moins un élément source avait la valeur "false" et aucun élément source ne présentait de paramètre "Private" dont la valeur était "true".
         Référence primaire "System.Text.Json, Version=6.0.0.0, Culture=neutral, PublicKeyToken=cc7b13ffcd2ddd51".
             Le chemin de fichier résolu est "C:\Users\rdenimal\.nuget\packages\microsoft.netcore.app.ref\6.0.36\ref\net6.0\System.Text.Json.dll".
             Référence trouvée dans l'emplacement du chemin d'accès de recherche "{RawFileName}".
             Cette référence n'est pas "CopyLocal", car le paramètre "Private" d'au moins un élément source avait la valeur "false" et aucun élément source ne présentait de paramètre "Private" dont la valeur était "true".
         Référence primaire "System.Text.RegularExpressions, Version=6.0.0.0, Culture=neutral, PublicKeyToken=b03f5f7f11d50a3a".
             Le chemin de fichier résolu est "C:\Users\rdenimal\.nuget\packages\microsoft.netcore.app.ref\6.0.36\ref\net6.0\System.Text.RegularExpressions.dll".
             Référence trouvée dans l'emplacement du chemin d'accès de recherche "{RawFileName}".
             Cette référence n'est pas "CopyLocal", car le paramètre "Private" d'au moins un élément source avait la valeur "false" et aucun élément source ne présentait de paramètre "Private" dont la valeur était "true".
         Référence primaire "System.Threading.Channels, Version=6.0.0.0, Culture=neutral, PublicKeyToken=cc7b13ffcd2ddd51".
             Le chemin de fichier résolu est "C:\Users\rdenimal\.nuget\packages\microsoft.netcore.app.ref\6.0.36\ref\net6.0\System.Threading.Channels.dll".
             Référence trouvée dans l'emplacement du chemin d'accès de recherche "{RawFileName}".
             Cette référence n'est pas "CopyLocal", car le paramètre "Private" d'au moins un élément source avait la valeur "false" et aucun élément source ne présentait de paramètre "Private" dont la valeur était "true".
         Référence primaire "System.Threading.Overlapped, Version=6.0.0.0, Culture=neutral, PublicKeyToken=b03f5f7f11d50a3a".
             Le chemin de fichier résolu est "C:\Users\rdenimal\.nuget\packages\microsoft.netcore.app.ref\6.0.36\ref\net6.0\System.Threading.Overlapped.dll".
             Référence trouvée dans l'emplacement du chemin d'accès de recherche "{RawFileName}".
             Cette référence n'est pas "CopyLocal", car le paramètre "Private" d'au moins un élément source avait la valeur "false" et aucun élément source ne présentait de paramètre "Private" dont la valeur était "true".
         Référence primaire "System.Threading.Tasks.Dataflow, Version=6.0.0.0, Culture=neutral, PublicKeyToken=b03f5f7f11d50a3a".
             Le chemin de fichier résolu est "C:\Users\rdenimal\.nuget\packages\microsoft.netcore.app.ref\6.0.36\ref\net6.0\System.Threading.Tasks.Dataflow.dll".
             Référence trouvée dans l'emplacement du chemin d'accès de recherche "{RawFileName}".
             Cette référence n'est pas "CopyLocal", car le paramètre "Private" d'au moins un élément source avait la valeur "false" et aucun élément source ne présentait de paramètre "Private" dont la valeur était "true".
         Référence primaire "System.Threading.Tasks.Extensions, Version=6.0.0.0, Culture=neutral, PublicKeyToken=cc7b13ffcd2ddd51".
             Le chemin de fichier résolu est "C:\Users\rdenimal\.nuget\packages\microsoft.netcore.app.ref\6.0.36\ref\net6.0\System.Threading.Tasks.Extensions.dll".
             Référence trouvée dans l'emplacement du chemin d'accès de recherche "{RawFileName}".
             Cette référence n'est pas "CopyLocal", car le paramètre "Private" d'au moins un élément source avait la valeur "false" et aucun élément source ne présentait de paramètre "Private" dont la valeur était "true".
         Référence primaire "System.Threading.Tasks.Parallel, Version=6.0.0.0, Culture=neutral, PublicKeyToken=b03f5f7f11d50a3a".
             Le chemin de fichier résolu est "C:\Users\rdenimal\.nuget\packages\microsoft.netcore.app.ref\6.0.36\ref\net6.0\System.Threading.Tasks.Parallel.dll".
             Référence trouvée dans l'emplacement du chemin d'accès de recherche "{RawFileName}".
             Cette référence n'est pas "CopyLocal", car le paramètre "Private" d'au moins un élément source avait la valeur "false" et aucun élément source ne présentait de paramètre "Private" dont la valeur était "true".
         Référence primaire "System.Threading.Tasks, Version=6.0.0.0, Culture=neutral, PublicKeyToken=b03f5f7f11d50a3a".
             Le chemin de fichier résolu est "C:\Users\rdenimal\.nuget\packages\microsoft.netcore.app.ref\6.0.36\ref\net6.0\System.Threading.Tasks.dll".
             Référence trouvée dans l'emplacement du chemin d'accès de recherche "{RawFileName}".
             Cette référence n'est pas "CopyLocal", car le paramètre "Private" d'au moins un élément source avait la valeur "false" et aucun élément source ne présentait de paramètre "Private" dont la valeur était "true".
         Référence primaire "System.Threading.Thread, Version=6.0.0.0, Culture=neutral, PublicKeyToken=b03f5f7f11d50a3a".
             Le chemin de fichier résolu est "C:\Users\rdenimal\.nuget\packages\microsoft.netcore.app.ref\6.0.36\ref\net6.0\System.Threading.Thread.dll".
             Référence trouvée dans l'emplacement du chemin d'accès de recherche "{RawFileName}".
             Cette référence n'est pas "CopyLocal", car le paramètre "Private" d'au moins un élément source avait la valeur "false" et aucun élément source ne présentait de paramètre "Private" dont la valeur était "true".
         Référence primaire "System.Threading.ThreadPool, Version=6.0.0.0, Culture=neutral, PublicKeyToken=b03f5f7f11d50a3a".
             Le chemin de fichier résolu est "C:\Users\rdenimal\.nuget\packages\microsoft.netcore.app.ref\6.0.36\ref\net6.0\System.Threading.ThreadPool.dll".
             Référence trouvée dans l'emplacement du chemin d'accès de recherche "{RawFileName}".
             Cette référence n'est pas "CopyLocal", car le paramètre "Private" d'au moins un élément source avait la valeur "false" et aucun élément source ne présentait de paramètre "Private" dont la valeur était "true".
         Référence primaire "System.Threading.Timer, Version=6.0.0.0, Culture=neutral, PublicKeyToken=b03f5f7f11d50a3a".
             Le chemin de fichier résolu est "C:\Users\rdenimal\.nuget\packages\microsoft.netcore.app.ref\6.0.36\ref\net6.0\System.Threading.Timer.dll".
             Référence trouvée dans l'emplacement du chemin d'accès de recherche "{RawFileName}".
             Cette référence n'est pas "CopyLocal", car le paramètre "Private" d'au moins un élément source avait la valeur "false" et aucun élément source ne présentait de paramètre "Private" dont la valeur était "true".
         Référence primaire "System.Threading, Version=6.0.0.0, Culture=neutral, PublicKeyToken=b03f5f7f11d50a3a".
             Le chemin de fichier résolu est "C:\Users\rdenimal\.nuget\packages\microsoft.netcore.app.ref\6.0.36\ref\net6.0\System.Threading.dll".
             Référence trouvée dans l'emplacement du chemin d'accès de recherche "{RawFileName}".
             Cette référence n'est pas "CopyLocal", car le paramètre "Private" d'au moins un élément source avait la valeur "false" et aucun élément source ne présentait de paramètre "Private" dont la valeur était "true".
         Référence primaire "System.Transactions.Local, Version=6.0.0.0, Culture=neutral, PublicKeyToken=cc7b13ffcd2ddd51".
             Le chemin de fichier résolu est "C:\Users\rdenimal\.nuget\packages\microsoft.netcore.app.ref\6.0.36\ref\net6.0\System.Transactions.Local.dll".
             Référence trouvée dans l'emplacement du chemin d'accès de recherche "{RawFileName}".
             Cette référence n'est pas "CopyLocal", car le paramètre "Private" d'au moins un élément source avait la valeur "false" et aucun élément source ne présentait de paramètre "Private" dont la valeur était "true".
         Référence primaire "System.Transactions, Version=4.0.0.0, Culture=neutral, PublicKeyToken=b77a5c561934e089".
             Le chemin de fichier résolu est "C:\Users\rdenimal\.nuget\packages\microsoft.netcore.app.ref\6.0.36\ref\net6.0\System.Transactions.dll".
             Référence trouvée dans l'emplacement du chemin d'accès de recherche "{RawFileName}".
             Cette référence n'est pas "CopyLocal", car le paramètre "Private" d'au moins un élément source avait la valeur "false" et aucun élément source ne présentait de paramètre "Private" dont la valeur était "true".
         Référence primaire "System.ValueTuple, Version=4.0.3.0, Culture=neutral, PublicKeyToken=cc7b13ffcd2ddd51".
             Le chemin de fichier résolu est "C:\Users\rdenimal\.nuget\packages\microsoft.netcore.app.ref\6.0.36\ref\net6.0\System.ValueTuple.dll".
             Référence trouvée dans l'emplacement du chemin d'accès de recherche "{RawFileName}".
             Cette référence n'est pas "CopyLocal", car le paramètre "Private" d'au moins un élément source avait la valeur "false" et aucun élément source ne présentait de paramètre "Private" dont la valeur était "true".
         Référence primaire "System.Web.HttpUtility, Version=6.0.0.0, Culture=neutral, PublicKeyToken=cc7b13ffcd2ddd51".
             Le chemin de fichier résolu est "C:\Users\rdenimal\.nuget\packages\microsoft.netcore.app.ref\6.0.36\ref\net6.0\System.Web.HttpUtility.dll".
             Référence trouvée dans l'emplacement du chemin d'accès de recherche "{RawFileName}".
             Cette référence n'est pas "CopyLocal", car le paramètre "Private" d'au moins un élément source avait la valeur "false" et aucun élément source ne présentait de paramètre "Private" dont la valeur était "true".
         Référence primaire "System.Web, Version=4.0.0.0, Culture=neutral, PublicKeyToken=b03f5f7f11d50a3a".
             Le chemin de fichier résolu est "C:\Users\rdenimal\.nuget\packages\microsoft.netcore.app.ref\6.0.36\ref\net6.0\System.Web.dll".
             Référence trouvée dans l'emplacement du chemin d'accès de recherche "{RawFileName}".
             Cette référence n'est pas "CopyLocal", car le paramètre "Private" d'au moins un élément source avait la valeur "false" et aucun élément source ne présentait de paramètre "Private" dont la valeur était "true".
         Référence primaire "System.Windows, Version=4.0.0.0, Culture=neutral, PublicKeyToken=b03f5f7f11d50a3a".
             Le chemin de fichier résolu est "C:\Users\rdenimal\.nuget\packages\microsoft.netcore.app.ref\6.0.36\ref\net6.0\System.Windows.dll".
             Référence trouvée dans l'emplacement du chemin d'accès de recherche "{RawFileName}".
             Cette référence n'est pas "CopyLocal", car le paramètre "Private" d'au moins un élément source avait la valeur "false" et aucun élément source ne présentait de paramètre "Private" dont la valeur était "true".
         Référence primaire "System.Xml.Linq, Version=4.0.0.0, Culture=neutral, PublicKeyToken=b77a5c561934e089".
             Le chemin de fichier résolu est "C:\Users\rdenimal\.nuget\packages\microsoft.netcore.app.ref\6.0.36\ref\net6.0\System.Xml.Linq.dll".
             Référence trouvée dans l'emplacement du chemin d'accès de recherche "{RawFileName}".
             Cette référence n'est pas "CopyLocal", car le paramètre "Private" d'au moins un élément source avait la valeur "false" et aucun élément source ne présentait de paramètre "Private" dont la valeur était "true".
         Référence primaire "System.Xml.ReaderWriter, Version=6.0.0.0, Culture=neutral, PublicKeyToken=b03f5f7f11d50a3a".
             Le chemin de fichier résolu est "C:\Users\rdenimal\.nuget\packages\microsoft.netcore.app.ref\6.0.36\ref\net6.0\System.Xml.ReaderWriter.dll".
             Référence trouvée dans l'emplacement du chemin d'accès de recherche "{RawFileName}".
             Cette référence n'est pas "CopyLocal", car le paramètre "Private" d'au moins un élément source avait la valeur "false" et aucun élément source ne présentait de paramètre "Private" dont la valeur était "true".
         Référence primaire "System.Xml.Serialization, Version=4.0.0.0, Culture=neutral, PublicKeyToken=b77a5c561934e089".
             Le chemin de fichier résolu est "C:\Users\rdenimal\.nuget\packages\microsoft.netcore.app.ref\6.0.36\ref\net6.0\System.Xml.Serialization.dll".
             Référence trouvée dans l'emplacement du chemin d'accès de recherche "{RawFileName}".
             Cette référence n'est pas "CopyLocal", car le paramètre "Private" d'au moins un élément source avait la valeur "false" et aucun élément source ne présentait de paramètre "Private" dont la valeur était "true".
         Référence primaire "System.Xml.XDocument, Version=6.0.0.0, Culture=neutral, PublicKeyToken=b03f5f7f11d50a3a".
             Le chemin de fichier résolu est "C:\Users\rdenimal\.nuget\packages\microsoft.netcore.app.ref\6.0.36\ref\net6.0\System.Xml.XDocument.dll".
             Référence trouvée dans l'emplacement du chemin d'accès de recherche "{RawFileName}".
             Cette référence n'est pas "CopyLocal", car le paramètre "Private" d'au moins un élément source avait la valeur "false" et aucun élément source ne présentait de paramètre "Private" dont la valeur était "true".
         Référence primaire "System.Xml.XPath.XDocument, Version=6.0.0.0, Culture=neutral, PublicKeyToken=b03f5f7f11d50a3a".
             Le chemin de fichier résolu est "C:\Users\rdenimal\.nuget\packages\microsoft.netcore.app.ref\6.0.36\ref\net6.0\System.Xml.XPath.XDocument.dll".
             Référence trouvée dans l'emplacement du chemin d'accès de recherche "{RawFileName}".
             Cette référence n'est pas "CopyLocal", car le paramètre "Private" d'au moins un élément source avait la valeur "false" et aucun élément source ne présentait de paramètre "Private" dont la valeur était "true".
         Référence primaire "System.Xml.XPath, Version=6.0.0.0, Culture=neutral, PublicKeyToken=b03f5f7f11d50a3a".
             Le chemin de fichier résolu est "C:\Users\rdenimal\.nuget\packages\microsoft.netcore.app.ref\6.0.36\ref\net6.0\System.Xml.XPath.dll".
             Référence trouvée dans l'emplacement du chemin d'accès de recherche "{RawFileName}".
             Cette référence n'est pas "CopyLocal", car le paramètre "Private" d'au moins un élément source avait la valeur "false" et aucun élément source ne présentait de paramètre "Private" dont la valeur était "true".
         Référence primaire "System.Xml.XmlDocument, Version=6.0.0.0, Culture=neutral, PublicKeyToken=b03f5f7f11d50a3a".
             Le chemin de fichier résolu est "C:\Users\rdenimal\.nuget\packages\microsoft.netcore.app.ref\6.0.36\ref\net6.0\System.Xml.XmlDocument.dll".
             Référence trouvée dans l'emplacement du chemin d'accès de recherche "{RawFileName}".
             Cette référence n'est pas "CopyLocal", car le paramètre "Private" d'au moins un élément source avait la valeur "false" et aucun élément source ne présentait de paramètre "Private" dont la valeur était "true".
         Référence primaire "System.Xml.XmlSerializer, Version=6.0.0.0, Culture=neutral, PublicKeyToken=b03f5f7f11d50a3a".
             Le chemin de fichier résolu est "C:\Users\rdenimal\.nuget\packages\microsoft.netcore.app.ref\6.0.36\ref\net6.0\System.Xml.XmlSerializer.dll".
             Référence trouvée dans l'emplacement du chemin d'accès de recherche "{RawFileName}".
             Cette référence n'est pas "CopyLocal", car le paramètre "Private" d'au moins un élément source avait la valeur "false" et aucun élément source ne présentait de paramètre "Private" dont la valeur était "true".
         Référence primaire "System.Xml, Version=4.0.0.0, Culture=neutral, PublicKeyToken=b77a5c561934e089".
             Le chemin de fichier résolu est "C:\Users\rdenimal\.nuget\packages\microsoft.netcore.app.ref\6.0.36\ref\net6.0\System.Xml.dll".
             Référence trouvée dans l'emplacement du chemin d'accès de recherche "{RawFileName}".
             Cette référence n'est pas "CopyLocal", car le paramètre "Private" d'au moins un élément source avait la valeur "false" et aucun élément source ne présentait de paramètre "Private" dont la valeur était "true".
         Référence primaire "System, Version=4.0.0.0, Culture=neutral, PublicKeyToken=b77a5c561934e089".
             Le chemin de fichier résolu est "C:\Users\rdenimal\.nuget\packages\microsoft.netcore.app.ref\6.0.36\ref\net6.0\System.dll".
             Référence trouvée dans l'emplacement du chemin d'accès de recherche "{RawFileName}".
             Cette référence n'est pas "CopyLocal", car le paramètre "Private" d'au moins un élément source avait la valeur "false" et aucun élément source ne présentait de paramètre "Private" dont la valeur était "true".
         Référence primaire "WindowsBase, Version=4.0.0.0, Culture=neutral, PublicKeyToken=31bf3856ad364e35".
             Le chemin de fichier résolu est "C:\Users\rdenimal\.nuget\packages\microsoft.netcore.app.ref\6.0.36\ref\net6.0\WindowsBase.dll".
             Référence trouvée dans l'emplacement du chemin d'accès de recherche "{RawFileName}".
             Cette référence n'est pas "CopyLocal", car le paramètre "Private" d'au moins un élément source avait la valeur "false" et aucun élément source ne présentait de paramètre "Private" dont la valeur était "true".
         Référence primaire "mscorlib, Version=4.0.0.0, Culture=neutral, PublicKeyToken=b77a5c561934e089".
             Le chemin de fichier résolu est "C:\Users\rdenimal\.nuget\packages\microsoft.netcore.app.ref\6.0.36\ref\net6.0\mscorlib.dll".
             Référence trouvée dans l'emplacement du chemin d'accès de recherche "{RawFileName}".
             Cette référence n'est pas "CopyLocal", car le paramètre "Private" d'au moins un élément source avait la valeur "false" et aucun élément source ne présentait de paramètre "Private" dont la valeur était "true".
         Référence primaire "netstandard, Version=2.1.0.0, Culture=neutral, PublicKeyToken=cc7b13ffcd2ddd51".
             Le chemin de fichier résolu est "C:\Users\rdenimal\.nuget\packages\microsoft.netcore.app.ref\6.0.36\ref\net6.0\netstandard.dll".
             Référence trouvée dans l'emplacement du chemin d'accès de recherche "{RawFileName}".
             Cette référence n'est pas "CopyLocal", car le paramètre "Private" d'au moins un élément source avait la valeur "false" et aucun élément source ne présentait de paramètre "Private" dont la valeur était "true".
         Référence primaire "Accessibility, Version=4.0.0.0, Culture=neutral, PublicKeyToken=31bf3856ad364e35".
             Le chemin de fichier résolu est "C:\Users\rdenimal\.nuget\packages\microsoft.windowsdesktop.app.ref\6.0.36\ref\net6.0\Accessibility.dll".
             Référence trouvée dans l'emplacement du chemin d'accès de recherche "{RawFileName}".
             Cette référence n'est pas "CopyLocal", car le paramètre "Private" d'au moins un élément source avait la valeur "false" et aucun élément source ne présentait de paramètre "Private" dont la valeur était "true".
         Référence primaire "Microsoft.VisualBasic.Forms, Version=6.0.2.0, Culture=neutral, PublicKeyToken=b03f5f7f11d50a3a".
             Le chemin de fichier résolu est "C:\Users\rdenimal\.nuget\packages\microsoft.windowsdesktop.app.ref\6.0.36\ref\net6.0\Microsoft.VisualBasic.Forms.dll".
             Référence trouvée dans l'emplacement du chemin d'accès de recherche "{RawFileName}".
             Cette référence n'est pas "CopyLocal", car le paramètre "Private" d'au moins un élément source avait la valeur "false" et aucun élément source ne présentait de paramètre "Private" dont la valeur était "true".
         Référence primaire "Microsoft.VisualBasic, Version=10.1.0.0, Culture=neutral, PublicKeyToken=b03f5f7f11d50a3a".
             Le chemin de fichier résolu est "C:\Users\rdenimal\.nuget\packages\microsoft.windowsdesktop.app.ref\6.0.36\ref\net6.0\Microsoft.VisualBasic.dll".
             Référence trouvée dans l'emplacement du chemin d'accès de recherche "{RawFileName}".
             Cette référence n'est pas "CopyLocal", car le paramètre "Private" d'au moins un élément source avait la valeur "false" et aucun élément source ne présentait de paramètre "Private" dont la valeur était "true".
         Référence primaire "Microsoft.Win32.Registry.AccessControl, Version=6.0.0.0, Culture=neutral, PublicKeyToken=b03f5f7f11d50a3a".
             Le chemin de fichier résolu est "C:\Users\rdenimal\.nuget\packages\microsoft.windowsdesktop.app.ref\6.0.36\ref\net6.0\Microsoft.Win32.Registry.AccessControl.dll".
             Référence trouvée dans l'emplacement du chemin d'accès de recherche "{RawFileName}".
             Cette référence n'est pas "CopyLocal", car le paramètre "Private" d'au moins un élément source avait la valeur "false" et aucun élément source ne présentait de paramètre "Private" dont la valeur était "true".
         Référence primaire "System.CodeDom, Version=6.0.0.0, Culture=neutral, PublicKeyToken=cc7b13ffcd2ddd51".
             Le chemin de fichier résolu est "C:\Users\rdenimal\.nuget\packages\microsoft.windowsdesktop.app.ref\6.0.36\ref\net6.0\System.CodeDom.dll".
             Référence trouvée dans l'emplacement du chemin d'accès de recherche "{RawFileName}".
             Cette référence n'est pas "CopyLocal", car le paramètre "Private" d'au moins un élément source avait la valeur "false" et aucun élément source ne présentait de paramètre "Private" dont la valeur était "true".
         Référence primaire "System.Design, Version=6.0.2.0, Culture=neutral, PublicKeyToken=b03f5f7f11d50a3a".
             Le chemin de fichier résolu est "C:\Users\rdenimal\.nuget\packages\microsoft.windowsdesktop.app.ref\6.0.36\ref\net6.0\System.Design.dll".
             Référence trouvée dans l'emplacement du chemin d'accès de recherche "{RawFileName}".
             Cette référence n'est pas "CopyLocal", car le paramètre "Private" d'au moins un élément source avait la valeur "false" et aucun élément source ne présentait de paramètre "Private" dont la valeur était "true".
         Référence primaire "System.Diagnostics.EventLog, Version=6.0.0.0, Culture=neutral, PublicKeyToken=cc7b13ffcd2ddd51".
             Le chemin de fichier résolu est "C:\Users\rdenimal\.nuget\packages\microsoft.windowsdesktop.app.ref\6.0.36\ref\net6.0\System.Diagnostics.EventLog.dll".
             Référence trouvée dans l'emplacement du chemin d'accès de recherche "{RawFileName}".
             Cette référence n'est pas "CopyLocal", car le paramètre "Private" d'au moins un élément source avait la valeur "false" et aucun élément source ne présentait de paramètre "Private" dont la valeur était "true".
         Référence primaire "System.Diagnostics.PerformanceCounter, Version=6.0.0.0, Culture=neutral, PublicKeyToken=cc7b13ffcd2ddd51".
             Le chemin de fichier résolu est "C:\Users\rdenimal\.nuget\packages\microsoft.windowsdesktop.app.ref\6.0.36\ref\net6.0\System.Diagnostics.PerformanceCounter.dll".
             Référence trouvée dans l'emplacement du chemin d'accès de recherche "{RawFileName}".
             Cette référence n'est pas "CopyLocal", car le paramètre "Private" d'au moins un élément source avait la valeur "false" et aucun élément source ne présentait de paramètre "Private" dont la valeur était "true".
         Référence primaire "System.DirectoryServices, Version=4.0.0.0, Culture=neutral, PublicKeyToken=b03f5f7f11d50a3a".
             Le chemin de fichier résolu est "C:\Users\rdenimal\.nuget\packages\microsoft.windowsdesktop.app.ref\6.0.36\ref\net6.0\System.DirectoryServices.dll".
             Référence trouvée dans l'emplacement du chemin d'accès de recherche "{RawFileName}".
             Cette référence n'est pas "CopyLocal", car le paramètre "Private" d'au moins un élément source avait la valeur "false" et aucun élément source ne présentait de paramètre "Private" dont la valeur était "true".
         Référence primaire "System.Drawing.Design, Version=6.0.2.0, Culture=neutral, PublicKeyToken=b03f5f7f11d50a3a".
             Le chemin de fichier résolu est "C:\Users\rdenimal\.nuget\packages\microsoft.windowsdesktop.app.ref\6.0.36\ref\net6.0\System.Drawing.Design.dll".
             Référence trouvée dans l'emplacement du chemin d'accès de recherche "{RawFileName}".
             Cette référence n'est pas "CopyLocal", car le paramètre "Private" d'au moins un élément source avait la valeur "false" et aucun élément source ne présentait de paramètre "Private" dont la valeur était "true".
         Référence primaire "System.Drawing, Version=6.0.2.0, Culture=neutral, PublicKeyToken=b03f5f7f11d50a3a".
             Le chemin de fichier résolu est "C:\Users\rdenimal\.nuget\packages\microsoft.windowsdesktop.app.ref\6.0.36\ref\net6.0\System.Drawing.dll".
             Référence trouvée dans l'emplacement du chemin d'accès de recherche "{RawFileName}".
             Cette référence n'est pas "CopyLocal", car le paramètre "Private" d'au moins un élément source avait la valeur "false" et aucun élément source ne présentait de paramètre "Private" dont la valeur était "true".
         Référence primaire "System.IO.Packaging, Version=6.0.0.0, Culture=neutral, PublicKeyToken=b03f5f7f11d50a3a".
             Le chemin de fichier résolu est "C:\Users\rdenimal\.nuget\packages\microsoft.windowsdesktop.app.ref\6.0.36\ref\net6.0\System.IO.Packaging.dll".
             Référence trouvée dans l'emplacement du chemin d'accès de recherche "{RawFileName}".
             Cette référence n'est pas "CopyLocal", car le paramètre "Private" d'au moins un élément source avait la valeur "false" et aucun élément source ne présentait de paramètre "Private" dont la valeur était "true".
         Référence primaire "System.Resources.Extensions, Version=6.0.0.0, Culture=neutral, PublicKeyToken=cc7b13ffcd2ddd51".
             Le chemin de fichier résolu est "C:\Users\rdenimal\.nuget\packages\microsoft.windowsdesktop.app.ref\6.0.36\ref\net6.0\System.Resources.Extensions.dll".
             Référence trouvée dans l'emplacement du chemin d'accès de recherche "{RawFileName}".
             Cette référence n'est pas "CopyLocal", car le paramètre "Private" d'au moins un élément source avait la valeur "false" et aucun élément source ne présentait de paramètre "Private" dont la valeur était "true".
         Référence primaire "System.Security.Cryptography.Pkcs, Version=6.0.0.0, Culture=neutral, PublicKeyToken=b03f5f7f11d50a3a".
             Le chemin de fichier résolu est "C:\Users\rdenimal\.nuget\packages\microsoft.windowsdesktop.app.ref\6.0.36\ref\net6.0\System.Security.Cryptography.Pkcs.dll".
             Référence trouvée dans l'emplacement du chemin d'accès de recherche "{RawFileName}".
             Cette référence n'est pas "CopyLocal", car le paramètre "Private" d'au moins un élément source avait la valeur "false" et aucun élément source ne présentait de paramètre "Private" dont la valeur était "true".
         Référence primaire "System.Security.Cryptography.Xml, Version=6.0.0.0, Culture=neutral, PublicKeyToken=cc7b13ffcd2ddd51".
             Le chemin de fichier résolu est "C:\Users\rdenimal\.nuget\packages\microsoft.windowsdesktop.app.ref\6.0.36\ref\net6.0\System.Security.Cryptography.Xml.dll".
             Référence trouvée dans l'emplacement du chemin d'accès de recherche "{RawFileName}".
             Cette référence n'est pas "CopyLocal", car le paramètre "Private" d'au moins un élément source avait la valeur "false" et aucun élément source ne présentait de paramètre "Private" dont la valeur était "true".
         Référence primaire "System.Threading.AccessControl, Version=6.0.0.0, Culture=neutral, PublicKeyToken=b03f5f7f11d50a3a".
             Le chemin de fichier résolu est "C:\Users\rdenimal\.nuget\packages\microsoft.windowsdesktop.app.ref\6.0.36\ref\net6.0\System.Threading.AccessControl.dll".
             Référence trouvée dans l'emplacement du chemin d'accès de recherche "{RawFileName}".
             Cette référence n'est pas "CopyLocal", car le paramètre "Private" d'au moins un élément source avait la valeur "false" et aucun élément source ne présentait de paramètre "Private" dont la valeur était "true".
         Référence primaire "System.Windows.Forms.Design.Editors, Version=6.0.2.0, Culture=neutral, PublicKeyToken=b03f5f7f11d50a3a".
             Le chemin de fichier résolu est "C:\Users\rdenimal\.nuget\packages\microsoft.windowsdesktop.app.ref\6.0.36\ref\net6.0\System.Windows.Forms.Design.Editors.dll".
             Référence trouvée dans l'emplacement du chemin d'accès de recherche "{RawFileName}".
             Cette référence n'est pas "CopyLocal", car le paramètre "Private" d'au moins un élément source avait la valeur "false" et aucun élément source ne présentait de paramètre "Private" dont la valeur était "true".
         Référence primaire "System.Windows.Forms.Design, Version=6.0.2.0, Culture=neutral, PublicKeyToken=b77a5c561934e089".
             Le chemin de fichier résolu est "C:\Users\rdenimal\.nuget\packages\microsoft.windowsdesktop.app.ref\6.0.36\ref\net6.0\System.Windows.Forms.Design.dll".
             Référence trouvée dans l'emplacement du chemin d'accès de recherche "{RawFileName}".
             Cette référence n'est pas "CopyLocal", car le paramètre "Private" d'au moins un élément source avait la valeur "false" et aucun élément source ne présentait de paramètre "Private" dont la valeur était "true".
         Référence primaire "System.Windows.Forms.Primitives, Version=6.0.2.0, Culture=neutral, PublicKeyToken=b77a5c561934e089".
             Le chemin de fichier résolu est "C:\Users\rdenimal\.nuget\packages\microsoft.windowsdesktop.app.ref\6.0.36\ref\net6.0\System.Windows.Forms.Primitives.dll".
             Référence trouvée dans l'emplacement du chemin d'accès de recherche "{RawFileName}".
             Cette référence n'est pas "CopyLocal", car le paramètre "Private" d'au moins un élément source avait la valeur "false" et aucun élément source ne présentait de paramètre "Private" dont la valeur était "true".
         Référence primaire "System.Windows.Forms, Version=6.0.2.0, Culture=neutral, PublicKeyToken=b77a5c561934e089".
             Le chemin de fichier résolu est "C:\Users\rdenimal\.nuget\packages\microsoft.windowsdesktop.app.ref\6.0.36\ref\net6.0\System.Windows.Forms.dll".
             Référence trouvée dans l'emplacement du chemin d'accès de recherche "{RawFileName}".
             Cette référence n'est pas "CopyLocal", car le paramètre "Private" d'au moins un élément source avait la valeur "false" et aucun élément source ne présentait de paramètre "Private" dont la valeur était "true".
       Exécution de la tâche "ResolveAssemblyReference" terminée.
   1:7>Génération de la cible "ResolveAssemblyReferences" terminée dans le projet "DoublonManager.csproj".
   1:7>Cible "AfterResolveReferences" dans le fichier "C:\Program Files\dotnet\sdk\10.0.101\Microsoft.Common.CurrentVersion.targets" du projet "C:\Users\rdenimal\Documents\gestionnaire_doublon\DoublonManager\DoublonManager.csproj" (la cible "ResolveReferences" en dépend) :
   1:7>Génération de la cible "AfterResolveReferences" terminée dans le projet "DoublonManager.csproj".
   1:7>Cible "ResolveReferences" dans le fichier "C:\Program Files\dotnet\sdk\10.0.101\Microsoft.Common.CurrentVersion.targets" du projet "C:\Users\rdenimal\Documents\gestionnaire_doublon\DoublonManager\DoublonManager.csproj" (la cible "_BlockWinMDsOnUnsupportedTFMs" en dépend) :
   1:7>Génération de la cible "ResolveReferences" terminée dans le projet "DoublonManager.csproj".
   1:7>Cible "_BlockWinMDsOnUnsupportedTFMs" dans le fichier "C:\Program Files\dotnet\sdk\10.0.101\Sdks\Microsoft.NET.Sdk\targets\Microsoft.NET.Sdk.targets" du projet "C:\Users\rdenimal\Documents\gestionnaire_doublon\DoublonManager\DoublonManager.csproj" (la cible "CoreBuild" en dépend) :
       Utilisation de la tâche "CheckForUnsupportedWinMDReferences" à partir de l'assembly "C:\Program Files\dotnet\sdk\10.0.101\Sdks\Microsoft.NET.Sdk\targets\..\tools\net10.0\Microsoft.NET.Build.Tasks.dll".
       Tâche "CheckForUnsupportedWinMDReferences"
       Exécution de la tâche "CheckForUnsupportedWinMDReferences" terminée.
   1:7>Génération de la cible "_BlockWinMDsOnUnsupportedTFMs" terminée dans le projet "DoublonManager.csproj".
       Cible "ResolveReferences" ignorée. Elle a été générée.
   1:7>Cible "AfterMarkupCompilePass1" dans le fichier "C:\Program Files\dotnet\sdk\10.0.101\Sdks\Microsoft.NET.Sdk.WindowsDesktop\targets\Microsoft.WinFX.targets" du projet "C:\Users\rdenimal\Documents\gestionnaire_doublon\DoublonManager\DoublonManager.csproj" (la cible "PrepareResources" en dépend) :
   1:7>Génération de la cible "AfterMarkupCompilePass1" terminée dans le projet "DoublonManager.csproj".
   1:7>Cible "FileClassification" dans le fichier "C:\Program Files\dotnet\sdk\10.0.101\Sdks\Microsoft.NET.Sdk.WindowsDesktop\targets\Microsoft.WinFX.targets" du projet "C:\Users\rdenimal\Documents\gestionnaire_doublon\DoublonManager\DoublonManager.csproj" (la cible "PrepareResources" en dépend) :
   1:7>Génération de la cible "FileClassification" terminée dans le projet "DoublonManager.csproj".
       Cible "ResolvePackageDependenciesForBuild" ignorée. Elle a été générée.
       Cible "_HandlePackageFileConflicts" ignorée. Elle a été générée.
   1:7>Cible "CopyAdditionalFiles" dans le fichier "C:\Program Files\dotnet\sdk\10.0.101\Roslyn\Microsoft.Managed.Core.targets" du projet "C:\Users\rdenimal\Documents\gestionnaire_doublon\DoublonManager\DoublonManager.csproj" (la cible "AssignTargetPaths" en dépend) :
   1:7>Génération de la cible "CopyAdditionalFiles" terminée dans le projet "DoublonManager.csproj".
       Cible "ResolvePackageAssets" ignorée. Elle a été générée.
       Cible "ResolveFrameworkReferences" ignorée. Elle a été générée.
   1:7>Cible "_GetAppHostPaths" dans le fichier "C:\Program Files\dotnet\sdk\10.0.101\Sdks\Microsoft.NET.Sdk\targets\Microsoft.NET.Sdk.targets" du projet "C:\Users\rdenimal\Documents\gestionnaire_doublon\DoublonManager\DoublonManager.csproj" (la cible "_ComputeNETCoreBuildOutputFiles" en dépend) :
   1:7>Génération de la cible "_GetAppHostPaths" terminée dans le projet "DoublonManager.csproj".
   1:7>Cible "_GetAppHostCreationConfiguration" dans le fichier "C:\Program Files\dotnet\sdk\10.0.101\Sdks\Microsoft.NET.Sdk\targets\Microsoft.NET.Sdk.targets" du projet "C:\Users\rdenimal\Documents\gestionnaire_doublon\DoublonManager\DoublonManager.csproj" (la cible "_ComputeNETCoreBuildOutputFiles" en dépend) :
   1:7>Génération de la cible "_GetAppHostCreationConfiguration" terminée dans le projet "DoublonManager.csproj".
   1:7>Cible "_ComputeNETCoreBuildOutputFiles" dans le fichier "C:\Program Files\dotnet\sdk\10.0.101\Sdks\Microsoft.NET.Sdk\targets\Microsoft.NET.Sdk.targets" du projet "C:\Users\rdenimal\Documents\gestionnaire_doublon\DoublonManager\DoublonManager.csproj" (la cible "AssignTargetPaths" en dépend) :
   1:7>Génération de la cible "_ComputeNETCoreBuildOutputFiles" terminée dans le projet "DoublonManager.csproj".
   1:7>Cible "AssignTargetPaths" dans le fichier "C:\Program Files\dotnet\sdk\10.0.101\Microsoft.Common.CurrentVersion.targets" du projet "C:\Users\rdenimal\Documents\gestionnaire_doublon\DoublonManager\DoublonManager.csproj" (la cible "PrepareResourceNames" en dépend) :
       Utilisation de la tâche "AssignTargetPath" à partir de l'assembly "Microsoft.Build.Tasks.Core, Version=15.1.0.0, Culture=neutral, PublicKeyToken=b03f5f7f11d50a3a".
       Tâche "AssignTargetPath"
       Exécution de la tâche "AssignTargetPath" terminée.
       Tâche "AssignTargetPath"
       Exécution de la tâche "AssignTargetPath" terminée.
       Tâche "AssignTargetPath"
       Exécution de la tâche "AssignTargetPath" terminée.
       Tâche "AssignTargetPath"
       Exécution de la tâche "AssignTargetPath" terminée.
   1:7>Génération de la cible "AssignTargetPaths" terminée dans le projet "DoublonManager.csproj".
       Cible "AssignTargetPaths" ignorée. Elle a été générée.
   1:7>Cible "SplitResourcesByCulture" dans le fichier "C:\Program Files\dotnet\sdk\10.0.101\Microsoft.Common.CurrentVersion.targets" du projet "C:\Users\rdenimal\Documents\gestionnaire_doublon\DoublonManager\DoublonManager.csproj" (la cible "PrepareResourceNames" en dépend) :
       Utilisation de la tâche "AssignCulture" à partir de l'assembly "Microsoft.Build.Tasks.Core, Version=15.1.0.0, Culture=neutral, PublicKeyToken=b03f5f7f11d50a3a".
       Tâche "AssignCulture"
       Exécution de la tâche "AssignCulture" terminée.
   1:7>Génération de la cible "SplitResourcesByCulture" terminée dans le projet "DoublonManager.csproj".
   1:7>Cible "CreateCustomManifestResourceNames" dans le fichier "C:\Program Files\dotnet\sdk\10.0.101\Microsoft.Common.CurrentVersion.targets" du projet "C:\Users\rdenimal\Documents\gestionnaire_doublon\DoublonManager\DoublonManager.csproj" (la cible "PrepareResourceNames" en dépend) :
   1:7>Génération de la cible "CreateCustomManifestResourceNames" terminée dans le projet "DoublonManager.csproj".
   1:7>Cible "PrepareResourceNames" dans le fichier "C:\Program Files\dotnet\sdk\10.0.101\Microsoft.Common.CurrentVersion.targets" du projet "C:\Users\rdenimal\Documents\gestionnaire_doublon\DoublonManager\DoublonManager.csproj" (la cible "PrepareResources" en dépend) :
   1:7>Génération de la cible "PrepareResourceNames" terminée dans le projet "DoublonManager.csproj".
       Cible "ResolveAssemblyReferences" ignorée. Elle a été générée.
       Cible "SplitResourcesByCulture" ignorée. Elle a été générée.
   1:7>Cible "BeforeResGen" dans le fichier "C:\Program Files\dotnet\sdk\10.0.101\Microsoft.Common.CurrentVersion.targets" du projet "C:\Users\rdenimal\Documents\gestionnaire_doublon\DoublonManager\DoublonManager.csproj" (la cible "ResGen" en dépend) :
   1:7>Génération de la cible "BeforeResGen" terminée dans le projet "DoublonManager.csproj".
       Cible "ResolveReferences" ignorée. Elle a été générée.
   1:7>Cible "FindReferenceAssembliesForReferences" dans le fichier "C:\Program Files\dotnet\sdk\10.0.101\Microsoft.Common.CurrentVersion.targets" du projet "C:\Users\rdenimal\Documents\gestionnaire_doublon\DoublonManager\DoublonManager.csproj" (la cible "CoreResGen" en dépend) :
   1:7>Génération de la cible "FindReferenceAssembliesForReferences" terminée dans le projet "DoublonManager.csproj".
   1:7>Cible "CoreResGen" dans le fichier "C:\Program Files\dotnet\sdk\10.0.101\Microsoft.Common.CurrentVersion.targets" du projet "C:\Users\rdenimal\Documents\gestionnaire_doublon\DoublonManager\DoublonManager.csproj" (la cible "ResGen" en dépend) :
   1:7>Génération de la cible "CoreResGen" terminée dans le projet "DoublonManager.csproj".
   1:7>Cible "AfterResGen" dans le fichier "C:\Program Files\dotnet\sdk\10.0.101\Microsoft.Common.CurrentVersion.targets" du projet "C:\Users\rdenimal\Documents\gestionnaire_doublon\DoublonManager\DoublonManager.csproj" (la cible "ResGen" en dépend) :
   1:7>Génération de la cible "AfterResGen" terminée dans le projet "DoublonManager.csproj".
   1:7>Cible "ResGen" dans le fichier "C:\Program Files\dotnet\sdk\10.0.101\Microsoft.Common.CurrentVersion.targets" du projet "C:\Users\rdenimal\Documents\gestionnaire_doublon\DoublonManager\DoublonManager.csproj" (la cible "PrepareResources" en dépend) :
   1:7>Génération de la cible "ResGen" terminée dans le projet "DoublonManager.csproj".
   1:7>Cible "PrepareResources" dans le fichier "C:\Program Files\dotnet\sdk\10.0.101\Microsoft.Common.CurrentVersion.targets" du projet "C:\Users\rdenimal\Documents\gestionnaire_doublon\DoublonManager\DoublonManager.csproj" (la cible "CoreBuild" en dépend) :
   1:7>Génération de la cible "PrepareResources" terminée dans le projet "DoublonManager.csproj".
       Cible "ResolveReferences" ignorée. Elle a été générée.
   1:7>Cible "_SetEmbeddedWin32ManifestProperties" dans le fichier "C:\Program Files\dotnet\sdk\10.0.101\Microsoft.Common.CurrentVersion.targets" du projet "C:\Users\rdenimal\Documents\gestionnaire_doublon\DoublonManager\DoublonManager.csproj" (la cible "SetWin32ManifestProperties" en dépend) :
       Utilisation de la tâche "GetFrameworkPath" à partir de l'assembly "Microsoft.Build.Tasks.Core, Version=15.1.0.0, Culture=neutral, PublicKeyToken=b03f5f7f11d50a3a".
       Tâche "GetFrameworkPath"
       Exécution de la tâche "GetFrameworkPath" terminée.
   1:7>Génération de la cible "_SetEmbeddedWin32ManifestProperties" terminée dans le projet "DoublonManager.csproj".
   1:7>Cible "SetWin32ManifestProperties" dans le fichier "C:\Program Files\dotnet\sdk\10.0.101\Microsoft.Common.CurrentVersion.targets" du projet "C:\Users\rdenimal\Documents\gestionnaire_doublon\DoublonManager\DoublonManager.csproj" (la cible "Compile" en dépend) :
   1:7>Génération de la cible "SetWin32ManifestProperties" terminée dans le projet "DoublonManager.csproj".
       Cible "FindReferenceAssembliesForReferences" ignorée. Elle a été générée.
   1:7>Cible "_GenerateCompileInputs" dans le fichier "C:\Program Files\dotnet\sdk\10.0.101\Microsoft.Common.CurrentVersion.targets" du projet "C:\Users\rdenimal\Documents\gestionnaire_doublon\DoublonManager\DoublonManager.csproj" (la cible "Compile" en dépend) :
   1:7>Génération de la cible "_GenerateCompileInputs" terminée dans le projet "DoublonManager.csproj".
       Cible "PrepareForBuild" ignorée. Elle a été générée.
   1:7>Cible "GenerateMSBuildEditorConfigFileShouldRun" dans le fichier "C:\Program Files\dotnet\sdk\10.0.101\Roslyn\Microsoft.Managed.Core.targets" du projet "C:\Users\rdenimal\Documents\gestionnaire_doublon\DoublonManager\DoublonManager.csproj" (la cible "GenerateMSBuildEditorConfigFile" en dépend) :
   1:7>Génération de la cible "GenerateMSBuildEditorConfigFileShouldRun" terminée dans le projet "DoublonManager.csproj".
   1:7>Cible "AddGlobalAnalyzerConfigForPackage_MicrosoftCodeAnalysisCSharpCodeStyle" dans le fichier "C:\Program Files\dotnet\sdk\10.0.101\Sdks\Microsoft.NET.Sdk\codestyle\cs\build\Microsoft.CodeAnalysis.CSharp.CodeStyle.targets" du projet "C:\Users\rdenimal\Documents\gestionnaire_doublon\DoublonManager\DoublonManager.csproj" (la cible "GenerateMSBuildEditorConfigFileCore" en dépend) :
   1:7>Génération de la cible "AddGlobalAnalyzerConfigForPackage_MicrosoftCodeAnalysisCSharpCodeStyle" terminée dans le projet "DoublonManager.csproj".
   1:7>Cible "GenerateMSBuildEditorConfigFileCore" dans le fichier "C:\Program Files\dotnet\sdk\10.0.101\Roslyn\Microsoft.Managed.Core.targets" du projet "C:\Users\rdenimal\Documents\gestionnaire_doublon\DoublonManager\DoublonManager.csproj" (la cible "GenerateMSBuildEditorConfigFile" en dépend) :
       Génération complète de la cible "GenerateMSBuildEditorConfigFileCore".
       Aucun fichier d'entrée n'a été spécifié.
       Utilisation de la tâche "GenerateMSBuildEditorConfig" à partir de l'assembly "C:\Program Files\dotnet\sdk\10.0.101\Sdks\Microsoft.NET.Sdk\targets\..\..\..\Roslyn\Microsoft.Build.Tasks.CodeAnalysis.dll".
       Tâche "GenerateMSBuildEditorConfig"
       Exécution de la tâche "GenerateMSBuildEditorConfig" terminée.
   1:7>Génération de la cible "GenerateMSBuildEditorConfigFileCore" terminée dans le projet "DoublonManager.csproj".
   1:7>Cible "GenerateMSBuildEditorConfigFile" dans le fichier "C:\Program Files\dotnet\sdk\10.0.101\Roslyn\Microsoft.Managed.Core.targets" du projet "C:\Users\rdenimal\Documents\gestionnaire_doublon\DoublonManager\DoublonManager.csproj" (la cible "BeforeCompile" en dépend) :
   1:7>Génération de la cible "GenerateMSBuildEditorConfigFile" terminée dans le projet "DoublonManager.csproj".
       Cible "PrepareForBuild" ignorée. Elle a été générée.
       Cible "GetReferenceAssemblyPaths" ignorée. Elle a été générée.
   1:7>Cible "_SetTargetFrameworkMonikerAttribute" dans le fichier "C:\Program Files\dotnet\sdk\10.0.101\Microsoft.CSharp.CurrentVersion.targets" du projet "C:\Users\rdenimal\Documents\gestionnaire_doublon\DoublonManager\DoublonManager.csproj" (la cible "GenerateTargetFrameworkMonikerAttribute" en dépend) :
   1:7>Génération de la cible "_SetTargetFrameworkMonikerAttribute" terminée dans le projet "DoublonManager.csproj".
   1:7>Cible "GenerateTargetFrameworkMonikerAttribute" dans le fichier "C:\Program Files\dotnet\sdk\10.0.101\Microsoft.Common.CurrentVersion.targets" du projet "C:\Users\rdenimal\Documents\gestionnaire_doublon\DoublonManager\DoublonManager.csproj" (la cible "BeforeCompile" en dépend) :
       La cible est ignorée "GenerateTargetFrameworkMonikerAttribute", car tous les fichiers de sortie sont à jour par rapport aux fichiers d'entrée.
       Fichiers d'entrée : C:\Program Files\dotnet\sdk\10.0.101\Microsoft.Common.targets
       Fichiers de sortie : obj\Debug\net6.0-windows\.NETCoreApp,Version=v6.0.AssemblyAttributes.cs
   1:7>Génération de la cible "GenerateTargetFrameworkMonikerAttribute" terminée dans le projet "DoublonManager.csproj".
       Cible "PrepareForBuild" ignorée. Elle a été générée.
   1:7>Cible "GetAssemblyVersion" dans le fichier "C:\Program Files\dotnet\sdk\10.0.101\Sdks\Microsoft.NET.Sdk\targets\Microsoft.NET.GenerateAssemblyInfo.targets" du projet "C:\Users\rdenimal\Documents\gestionnaire_doublon\DoublonManager\DoublonManager.csproj" (la cible "GetAssemblyAttributes" en dépend) :
       Utilisation de la tâche "GetAssemblyVersion" à partir de l'assembly "C:\Program Files\dotnet\sdk\10.0.101\Sdks\Microsoft.NET.Sdk\targets\..\tools\net10.0\Microsoft.NET.Build.Tasks.dll".
       Tâche "GetAssemblyVersion"
       Exécution de la tâche "GetAssemblyVersion" terminée.
   1:7>Génération de la cible "GetAssemblyVersion" terminée dans le projet "DoublonManager.csproj".
   1:7>Cible "InitializeSourceControlInformationFromSourceControlManager" dans le fichier "C:\Program Files\dotnet\sdk\10.0.101\Sdks\Microsoft.Build.Tasks.Git\build\Microsoft.Build.Tasks.Git.targets" du projet "C:\Users\rdenimal\Documents\gestionnaire_doublon\DoublonManager\DoublonManager.csproj" (la cible "_InitializeSourceControlInformationFromSourceControlManager" en dépend) :
       Utilisation de la tâche "Microsoft.Build.Tasks.Git.LocateRepository" à partir de l'assembly "C:\Program Files\dotnet\sdk\10.0.101\Sdks\Microsoft.Build.Tasks.Git\build\..\tools\net\Microsoft.Build.Tasks.Git.dll".
       Tâche "Microsoft.Build.Tasks.Git.LocateRepository"
         SourceLink: Repository instance not found in cache: '*:C:\Users\rdenimal\Documents\gestionnaire_doublon\DoublonManager\.git'
       Exécution de la tâche "Microsoft.Build.Tasks.Git.LocateRepository" terminée.
   1:7>Génération de la cible "InitializeSourceControlInformationFromSourceControlManager" terminée dans le projet "DoublonManager.csproj".
   1:7>Cible "_SourceLinkHasSingleProvider" dans le fichier "C:\Program Files\dotnet\sdk\10.0.101\Sdks\Microsoft.SourceLink.Common\build\InitializeSourceControlInformation.targets" du projet "C:\Users\rdenimal\Documents\gestionnaire_doublon\DoublonManager\DoublonManager.csproj" (la cible "_InitializeSourceControlInformationFromSourceControlManager" en dépend) :
       Assembly chargé pendant TaskRun : Microsoft.SourceLink.Common, Version=10.0.13.7005, Culture=neutral, PublicKeyToken=31bf3856ad364e35 (emplacement : C:\Program Files\dotnet\sdk\10.0.101\Sdks\Microsoft.SourceLink.Common\tools\net\Microsoft.SourceLink.Common.dll, MVID : 3cb9be59-45f3-469a-bcf6-c9ffcd17a00c, AssemblyLoadContext : MSBuild plugin C:\Program Files\dotnet\sdk\10.0.101\Sdks\Microsoft.SourceLink.Common\tools\net\Microsoft.SourceLink.Common.dll)
       Utilisation de la tâche "Microsoft.SourceLink.Common.SourceLinkHasSingleProvider" à partir de l'assembly "C:\Program Files\dotnet\sdk\10.0.101\Sdks\Microsoft.SourceLink.Common\build\..\tools\net\Microsoft.SourceLink.Common.dll".
       Tâche "Microsoft.SourceLink.Common.SourceLinkHasSingleProvider"
       Exécution de la tâche "Microsoft.SourceLink.Common.SourceLinkHasSingleProvider" terminée.
   1:7>Génération de la cible "_SourceLinkHasSingleProvider" terminée dans le projet "DoublonManager.csproj".
   1:7>Cible "TranslateGitHubUrlsInSourceControlInformation" dans le fichier "C:\Program Files\dotnet\sdk\10.0.101\Sdks\Microsoft.SourceLink.GitHub\build\Microsoft.SourceLink.GitHub.targets" du projet "C:\Users\rdenimal\Documents\gestionnaire_doublon\DoublonManager\DoublonManager.csproj" (la cible "_InitializeSourceControlInformationFromSourceControlManager" en dépend) :
       Assembly chargé pendant TaskRun : Microsoft.SourceLink.GitHub, Version=10.0.13.7005, Culture=neutral, PublicKeyToken=31bf3856ad364e35 (emplacement : C:\Program Files\dotnet\sdk\10.0.101\Sdks\Microsoft.SourceLink.GitHub\tools\net\Microsoft.SourceLink.GitHub.dll, MVID : 36076676-40e3-4132-a682-ec33e7c38cb5, AssemblyLoadContext : MSBuild plugin C:\Program Files\dotnet\sdk\10.0.101\Sdks\Microsoft.SourceLink.GitHub\tools\net\Microsoft.SourceLink.GitHub.dll)
       Utilisation de la tâche "Microsoft.SourceLink.GitHub.TranslateRepositoryUrls" à partir de l'assembly "C:\Program Files\dotnet\sdk\10.0.101\Sdks\Microsoft.SourceLink.GitHub\build\..\tools\net\Microsoft.SourceLink.GitHub.dll".
       Tâche "Microsoft.SourceLink.GitHub.TranslateRepositoryUrls"
       C:\Program Files\dotnet\sdk\10.0.101\Sdks\Microsoft.SourceLink.GitHub\build\Microsoft.SourceLink.GitHub.targets(56,7): message : Réassignation de propriété : $(ScmRepositoryUrl)="https://github.com/DASHNOV/DualSiteClean.git" (valeur précédente : "ssh://git@github.com/DASHNOV/DualSiteClean.git") à C:\Program Files\dotnet\sdk\10.0.101\Sdks\Microsoft.SourceLink.GitHub\build\Microsoft.SourceLink.GitHub.targets (56,7) [C:\Users\rdenimal\Documents\gestionnaire_doublon\DoublonManager\DoublonManager.csproj]
       Exécution de la tâche "Microsoft.SourceLink.GitHub.TranslateRepositoryUrls" terminée.
   1:7>Génération de la cible "TranslateGitHubUrlsInSourceControlInformation" terminée dans le projet "DoublonManager.csproj".
   1:7>Cible "TranslateGitLabUrlsInSourceControlInformation" dans le fichier "C:\Program Files\dotnet\sdk\10.0.101\Sdks\Microsoft.SourceLink.GitLab\build\Microsoft.SourceLink.GitLab.targets" du projet "C:\Users\rdenimal\Documents\gestionnaire_doublon\DoublonManager\DoublonManager.csproj" (la cible "_InitializeSourceControlInformationFromSourceControlManager" en dépend) :
       Assembly chargé pendant TaskRun : Microsoft.SourceLink.GitLab, Version=10.0.13.7005, Culture=neutral, PublicKeyToken=31bf3856ad364e35 (emplacement : C:\Program Files\dotnet\sdk\10.0.101\Sdks\Microsoft.SourceLink.GitLab\tools\net\Microsoft.SourceLink.GitLab.dll, MVID : ecde11a6-fe59-46bf-9fae-7364c94777ba, AssemblyLoadContext : MSBuild plugin C:\Program Files\dotnet\sdk\10.0.101\Sdks\Microsoft.SourceLink.GitLab\tools\net\Microsoft.SourceLink.GitLab.dll)
       Utilisation de la tâche "Microsoft.SourceLink.GitLab.TranslateRepositoryUrls" à partir de l'assembly "C:\Program Files\dotnet\sdk\10.0.101\Sdks\Microsoft.SourceLink.GitLab\build\..\tools\net\Microsoft.SourceLink.GitLab.dll".
       Tâche "Microsoft.SourceLink.GitLab.TranslateRepositoryUrls"
       Exécution de la tâche "Microsoft.SourceLink.GitLab.TranslateRepositoryUrls" terminée.
   1:7>Génération de la cible "TranslateGitLabUrlsInSourceControlInformation" terminée dans le projet "DoublonManager.csproj".
   1:7>Cible "TranslateAzureReposGitUrlsInSourceControlInformation" dans le fichier "C:\Program Files\dotnet\sdk\10.0.101\Sdks\Microsoft.SourceLink.AzureRepos.Git\build\Microsoft.SourceLink.AzureRepos.Git.targets" du projet "C:\Users\rdenimal\Documents\gestionnaire_doublon\DoublonManager\DoublonManager.csproj" (la cible "_InitializeSourceControlInformationFromSourceControlManager" en dépend) :
       Assembly chargé pendant TaskRun : Microsoft.SourceLink.AzureRepos.Git, Version=10.0.13.7005, Culture=neutral, PublicKeyToken=31bf3856ad364e35 (emplacement : C:\Program Files\dotnet\sdk\10.0.101\Sdks\Microsoft.SourceLink.AzureRepos.Git\tools\net\Microsoft.SourceLink.AzureRepos.Git.dll, MVID : 0c017808-bddf-44d0-8d72-b0d1c8417eac, AssemblyLoadContext : MSBuild plugin C:\Program Files\dotnet\sdk\10.0.101\Sdks\Microsoft.SourceLink.AzureRepos.Git\tools\net\Microsoft.SourceLink.AzureRepos.Git.dll)
       Utilisation de la tâche "Microsoft.SourceLink.AzureRepos.Git.TranslateRepositoryUrls" à partir de l'assembly "C:\Program Files\dotnet\sdk\10.0.101\Sdks\Microsoft.SourceLink.AzureRepos.Git\build\..\tools\net\Microsoft.SourceLink.AzureRepos.Git.dll".
       Tâche "Microsoft.SourceLink.AzureRepos.Git.TranslateRepositoryUrls"
       Exécution de la tâche "Microsoft.SourceLink.AzureRepos.Git.TranslateRepositoryUrls" terminée.
   1:7>Génération de la cible "TranslateAzureReposGitUrlsInSourceControlInformation" terminée dans le projet "DoublonManager.csproj".
   1:7>Cible "TranslateBitbucketGitUrlsInSourceControlInformation" dans le fichier "C:\Program Files\dotnet\sdk\10.0.101\Sdks\Microsoft.SourceLink.Bitbucket.Git\build\Microsoft.SourceLink.Bitbucket.Git.targets" du projet "C:\Users\rdenimal\Documents\gestionnaire_doublon\DoublonManager\DoublonManager.csproj" (la cible "_InitializeSourceControlInformationFromSourceControlManager" en dépend) :
       Assembly chargé pendant TaskRun : Microsoft.SourceLink.Bitbucket.Git, Version=10.0.13.7005, Culture=neutral, PublicKeyToken=31bf3856ad364e35 (emplacement : C:\Program Files\dotnet\sdk\10.0.101\Sdks\Microsoft.SourceLink.Bitbucket.Git\tools\net\Microsoft.SourceLink.Bitbucket.Git.dll, MVID : 4b52ed62-9a3e-4649-b031-80835f902681, AssemblyLoadContext : MSBuild plugin C:\Program Files\dotnet\sdk\10.0.101\Sdks\Microsoft.SourceLink.Bitbucket.Git\tools\net\Microsoft.SourceLink.Bitbucket.Git.dll)
       Utilisation de la tâche "Microsoft.SourceLink.Bitbucket.Git.TranslateRepositoryUrls" à partir de l'assembly "C:\Program Files\dotnet\sdk\10.0.101\Sdks\Microsoft.SourceLink.Bitbucket.Git\build\..\tools\net\Microsoft.SourceLink.Bitbucket.Git.dll".
       Tâche "Microsoft.SourceLink.Bitbucket.Git.TranslateRepositoryUrls"
       Exécution de la tâche "Microsoft.SourceLink.Bitbucket.Git.TranslateRepositoryUrls" terminée.
   1:7>Génération de la cible "TranslateBitbucketGitUrlsInSourceControlInformation" terminée dans le projet "DoublonManager.csproj".
   1:7>Cible "SourceControlManagerPublishTranslatedUrls" dans le fichier "C:\Program Files\dotnet\sdk\10.0.101\Sdks\Microsoft.SourceLink.Common\build\InitializeSourceControlInformation.targets" du projet "C:\Users\rdenimal\Documents\gestionnaire_doublon\DoublonManager\DoublonManager.csproj" (la cible "_InitializeSourceControlInformationFromSourceControlManager" en dépend) :
   1:7>Génération de la cible "SourceControlManagerPublishTranslatedUrls" terminée dans le projet "DoublonManager.csproj".
   1:7>Cible "_InitializeSourceControlInformationFromSourceControlManager" dans le fichier "C:\Program Files\dotnet\sdk\10.0.101\Sdks\Microsoft.SourceLink.Common\build\InitializeSourceControlInformation.targets" du projet "C:\Users\rdenimal\Documents\gestionnaire_doublon\DoublonManager\DoublonManager.csproj" (la cible "InitializeSourceControlInformation" en dépend) :
   1:7>Génération de la cible "_InitializeSourceControlInformationFromSourceControlManager" terminée dans le projet "DoublonManager.csproj".
   1:7>Cible "InitializeSourceControlInformation" dans le fichier "C:\Program Files\dotnet\sdk\10.0.101\Microsoft.Common.CurrentVersion.targets" du projet "C:\Users\rdenimal\Documents\gestionnaire_doublon\DoublonManager\DoublonManager.csproj" (la cible "GetAssemblyAttributes" en dépend) :
   1:7>Génération de la cible "InitializeSourceControlInformation" terminée dans le projet "DoublonManager.csproj".
       Cible "GetAssemblyVersion" ignorée. Elle a été générée.
       Cible "InitializeSourceControlInformation" ignorée. Elle a été générée.
   1:7>Cible "AddSourceRevisionToInformationalVersion" dans le fichier "C:\Program Files\dotnet\sdk\10.0.101\Sdks\Microsoft.NET.Sdk\targets\Microsoft.NET.GenerateAssemblyInfo.targets" du projet "C:\Users\rdenimal\Documents\gestionnaire_doublon\DoublonManager\DoublonManager.csproj" (la cible "GetAssemblyAttributes" en dépend) :
       C:\Program Files\dotnet\sdk\10.0.101\Sdks\Microsoft.NET.Sdk\targets\Microsoft.NET.GenerateAssemblyInfo.targets(70,7): message : Réassignation de propriété : $(InformationalVersion)="1.0.0+809c6a39ca00c183181b7ee265cc2f8121e4780c" (valeur précédente : "1.0.0") à C:\Program Files\dotnet\sdk\10.0.101\Sdks\Microsoft.NET.Sdk\targets\Microsoft.NET.GenerateAssemblyInfo.targets (70,7) [C:\Users\rdenimal\Documents\gestionnaire_doublon\DoublonManager\DoublonManager.csproj]
   1:7>Génération de la cible "AddSourceRevisionToInformationalVersion" terminée dans le projet "DoublonManager.csproj".
   1:7>Cible "GetAssemblyAttributes" dans le fichier "C:\Program Files\dotnet\sdk\10.0.101\Sdks\Microsoft.NET.Sdk\targets\Microsoft.NET.GenerateAssemblyInfo.targets" du projet "C:\Users\rdenimal\Documents\gestionnaire_doublon\DoublonManager\DoublonManager.csproj" (la cible "CreateGeneratedAssemblyInfoInputsCacheFile" en dépend) :
   1:7>Génération de la cible "GetAssemblyAttributes" terminée dans le projet "DoublonManager.csproj".
   1:7>Cible "CreateGeneratedAssemblyInfoInputsCacheFile" dans le fichier "C:\Program Files\dotnet\sdk\10.0.101\Sdks\Microsoft.NET.Sdk\targets\Microsoft.NET.GenerateAssemblyInfo.targets" du projet "C:\Users\rdenimal\Documents\gestionnaire_doublon\DoublonManager\DoublonManager.csproj" (la cible "CoreGenerateAssemblyInfo" en dépend) :
       Utilisation de la tâche "Hash" à partir de l'assembly "Microsoft.Build.Tasks.Core, Version=15.1.0.0, Culture=neutral, PublicKeyToken=b03f5f7f11d50a3a".
       Tâche "Hash"
       Exécution de la tâche "Hash" terminée.
       Tâche "WriteLinesToFile"
         L'écriture dans le fichier "obj\Debug\net6.0-windows\DoublonManager.AssemblyInfoInputs.cache" est ignorée, car le contenu ne change pas.
       Exécution de la tâche "WriteLinesToFile" terminée.
   1:7>Génération de la cible "CreateGeneratedAssemblyInfoInputsCacheFile" terminée dans le projet "DoublonManager.csproj".
   1:7>Cible "CoreGenerateAssemblyInfo" dans le fichier "C:\Program Files\dotnet\sdk\10.0.101\Sdks\Microsoft.NET.Sdk\targets\Microsoft.NET.GenerateAssemblyInfo.targets" du projet "C:\Users\rdenimal\Documents\gestionnaire_doublon\DoublonManager\DoublonManager.csproj" (la cible "GenerateAssemblyInfo" en dépend) :
       La cible est ignorée "CoreGenerateAssemblyInfo", car tous les fichiers de sortie sont à jour par rapport aux fichiers d'entrée.
       Fichiers d'entrée : obj\Debug\net6.0-windows\DoublonManager.AssemblyInfoInputs.cache
       Fichiers de sortie : obj\Debug\net6.0-windows\DoublonManager.AssemblyInfo.cs
   1:7>Génération de la cible "CoreGenerateAssemblyInfo" terminée dans le projet "DoublonManager.csproj".
   1:7>Cible "GenerateAssemblyInfo" dans le fichier "C:\Program Files\dotnet\sdk\10.0.101\Sdks\Microsoft.NET.Sdk\targets\Microsoft.NET.GenerateAssemblyInfo.targets" du projet "C:\Users\rdenimal\Documents\gestionnaire_doublon\DoublonManager\DoublonManager.csproj" (la cible "BeforeCompile" en dépend) :
   1:7>Génération de la cible "GenerateAssemblyInfo" terminée dans le projet "DoublonManager.csproj".
   1:7>Cible "BeforeCompile" dans le fichier "C:\Program Files\dotnet\sdk\10.0.101\Microsoft.Common.CurrentVersion.targets" du projet "C:\Users\rdenimal\Documents\gestionnaire_doublon\DoublonManager\DoublonManager.csproj" (la cible "Compile" en dépend) :
   1:7>Génération de la cible "BeforeCompile" terminée dans le projet "DoublonManager.csproj".
       Cible "ResolveAssemblyReferences" ignorée. Elle a été générée.
       Cible "_GenerateCompileInputs" ignorée. Elle a été générée.
   1:7>Cible "_GenerateCompileDependencyCache" dans le fichier "C:\Program Files\dotnet\sdk\10.0.101\Microsoft.Common.CurrentVersion.targets" du projet "C:\Users\rdenimal\Documents\gestionnaire_doublon\DoublonManager\DoublonManager.csproj" (la cible "Compile" en dépend) :
       Tâche "Hash"
       Exécution de la tâche "Hash" terminée.
       Tâche "WriteLinesToFile"
         L'écriture dans le fichier "obj\Debug\net6.0-windows\DoublonManager.csproj.CoreCompileInputs.cache" est ignorée, car le contenu ne change pas.
       Exécution de la tâche "WriteLinesToFile" terminée.
   1:7>Génération de la cible "_GenerateCompileDependencyCache" terminée dans le projet "DoublonManager.csproj".
   1:7>Cible "_BeforeVBCSCoreCompile" dans le fichier "C:\Program Files\dotnet\sdk\10.0.101\Roslyn\Microsoft.Managed.Core.targets" du projet "C:\Users\rdenimal\Documents\gestionnaire_doublon\DoublonManager\DoublonManager.csproj" (la cible "CoreCompile" en dépend) :
   1:7>Génération de la cible "_BeforeVBCSCoreCompile" terminée dans le projet "DoublonManager.csproj".
   1:7>Cible "_ComputeSkipAnalyzers" dans le fichier "C:\Program Files\dotnet\sdk\10.0.101\Roslyn\Microsoft.Managed.Core.targets" du projet "C:\Users\rdenimal\Documents\gestionnaire_doublon\DoublonManager\DoublonManager.csproj" (la cible "CoreCompile" en dépend) :
   1:7>Génération de la cible "_ComputeSkipAnalyzers" terminée dans le projet "DoublonManager.csproj".
       Cible "BeforeCompile" ignorée. Elle a été générée.
       Cible "InitializeSourceControlInformationFromSourceControlManager" ignorée. Elle a été générée.
   1:7>Cible "SetEmbeddedFilesFromSourceControlManagerUntrackedFiles" dans le fichier "C:\Program Files\dotnet\sdk\10.0.101\Sdks\Microsoft.Build.Tasks.Git\build\Microsoft.Build.Tasks.Git.targets" du projet "C:\Users\rdenimal\Documents\gestionnaire_doublon\DoublonManager\DoublonManager.csproj" (la cible "_SetEmbeddedFilesFromSourceControlManagerUntrackedFiles" en dépend) :
       Utilisation de la tâche "Microsoft.Build.Tasks.Git.GetUntrackedFiles" à partir de l'assembly "C:\Program Files\dotnet\sdk\10.0.101\Sdks\Microsoft.Build.Tasks.Git\build\..\tools\net\Microsoft.Build.Tasks.Git.dll".
       Tâche "Microsoft.Build.Tasks.Git.GetUntrackedFiles"
         SourceLink: Reusing cached git repository information.
       Exécution de la tâche "Microsoft.Build.Tasks.Git.GetUntrackedFiles" terminée.
   1:7>Génération de la cible "SetEmbeddedFilesFromSourceControlManagerUntrackedFiles" terminée dans le projet "DoublonManager.csproj".
   1:7>Cible "_SetEmbeddedFilesFromSourceControlManagerUntrackedFiles" dans le fichier "C:\Program Files\dotnet\sdk\10.0.101\Sdks\Microsoft.SourceLink.Common\build\Microsoft.SourceLink.Common.targets" du projet "C:\Users\rdenimal\Documents\gestionnaire_doublon\DoublonManager\DoublonManager.csproj" (la cible "CoreCompile" en dépend) :
   1:7>Génération de la cible "_SetEmbeddedFilesFromSourceControlManagerUntrackedFiles" terminée dans le projet "DoublonManager.csproj".
       Cible "InitializeSourceControlInformation" ignorée. Elle a été générée.
   1:7>Cible "_SetSourceLinkFilePath" dans le fichier "C:\Program Files\dotnet\sdk\10.0.101\Sdks\Microsoft.SourceLink.Common\build\Microsoft.SourceLink.Common.targets" du projet "C:\Users\rdenimal\Documents\gestionnaire_doublon\DoublonManager\DoublonManager.csproj" (la cible "_GenerateSourceLinkFile" en dépend) :
   1:7>Génération de la cible "_SetSourceLinkFilePath" terminée dans le projet "DoublonManager.csproj".
       Cible "InitializeSourceControlInformation" ignorée. Elle a été générée.
   1:7>Cible "_InitializeSourceRootMappedPathsFromSourceControl" dans le fichier "C:\Program Files\dotnet\sdk\10.0.101\Roslyn\Microsoft.Managed.Core.targets" du projet "C:\Users\rdenimal\Documents\gestionnaire_doublon\DoublonManager\DoublonManager.csproj" (la cible "InitializeSourceRootMappedPaths" en dépend) :
   1:7>Génération de la cible "_InitializeSourceRootMappedPathsFromSourceControl" terminée dans le projet "DoublonManager.csproj".
   1:7>Cible "InitializeSourceRootMappedPaths" dans le fichier "C:\Program Files\dotnet\sdk\10.0.101\Roslyn\Microsoft.Managed.Core.targets" du projet "C:\Users\rdenimal\Documents\gestionnaire_doublon\DoublonManager\DoublonManager.csproj" (la cible "_InitializeSourceRootMappedPathsOpt" en dépend) :
       Utilisation de la tâche "Microsoft.CodeAnalysis.BuildTasks.MapSourceRoots" à partir de l'assembly "C:\Program Files\dotnet\sdk\10.0.101\Sdks\Microsoft.NET.Sdk\targets\..\..\..\Roslyn\Microsoft.Build.Tasks.CodeAnalysis.dll".
       Tâche "Microsoft.CodeAnalysis.BuildTasks.MapSourceRoots"
       Exécution de la tâche "Microsoft.CodeAnalysis.BuildTasks.MapSourceRoots" terminée.
   1:7>Génération de la cible "InitializeSourceRootMappedPaths" terminée dans le projet "DoublonManager.csproj".
   1:7>Cible "_InitializeSourceRootMappedPathsOpt" dans le fichier "C:\Program Files\dotnet\sdk\10.0.101\Sdks\Microsoft.SourceLink.Common\build\Microsoft.SourceLink.Common.targets" du projet "C:\Users\rdenimal\Documents\gestionnaire_doublon\DoublonManager\DoublonManager.csproj" (la cible "_GenerateSourceLinkFile" en dépend) :
   1:7>Génération de la cible "_InitializeSourceRootMappedPathsOpt" terminée dans le projet "DoublonManager.csproj".
   1:7>Cible "_InitializeGitHubSourceLinkUrl" dans le fichier "C:\Program Files\dotnet\sdk\10.0.101\Sdks\Microsoft.SourceLink.GitHub\build\Microsoft.SourceLink.GitHub.targets" du projet "C:\Users\rdenimal\Documents\gestionnaire_doublon\DoublonManager\DoublonManager.csproj" (la cible "_GenerateSourceLinkFile" en dépend) :
       Génération complète de la cible "_InitializeGitHubSourceLinkUrl".
       Aucun fichier d'entrée n'a été spécifié.
       Utilisation de la tâche "Microsoft.SourceLink.GitHub.GetSourceLinkUrl" à partir de l'assembly "C:\Program Files\dotnet\sdk\10.0.101\Sdks\Microsoft.SourceLink.GitHub\build\..\tools\net\Microsoft.SourceLink.GitHub.dll".
       Tâche "Microsoft.SourceLink.GitHub.GetSourceLinkUrl"
       Exécution de la tâche "Microsoft.SourceLink.GitHub.GetSourceLinkUrl" terminée.
   1:7>Génération de la cible "_InitializeGitHubSourceLinkUrl" terminée dans le projet "DoublonManager.csproj".
   1:7>Cible "_InitializeGitHubSourceLinkUrl" dans le fichier "C:\Program Files\dotnet\sdk\10.0.101\Sdks\Microsoft.SourceLink.GitHub\build\Microsoft.SourceLink.GitHub.targets" du projet "C:\Users\rdenimal\Documents\gestionnaire_doublon\DoublonManager\DoublonManager.csproj" (la cible "_GenerateSourceLinkFile" en dépend) :
       Génération complète de la cible "_InitializeGitHubSourceLinkUrl".
       Aucun fichier d'entrée n'a été spécifié.
       Tâche "Microsoft.SourceLink.GitHub.GetSourceLinkUrl"
       Exécution de la tâche "Microsoft.SourceLink.GitHub.GetSourceLinkUrl" terminée.
   1:7>Génération de la cible "_InitializeGitHubSourceLinkUrl" terminée dans le projet "DoublonManager.csproj".
   1:7>Cible "_InitializeGitLabSourceLinkUrl" dans le fichier "C:\Program Files\dotnet\sdk\10.0.101\Sdks\Microsoft.SourceLink.GitLab\build\Microsoft.SourceLink.GitLab.targets" du projet "C:\Users\rdenimal\Documents\gestionnaire_doublon\DoublonManager\DoublonManager.csproj" (la cible "_GenerateSourceLinkFile" en dépend) :
       Génération complète de la cible "_InitializeGitLabSourceLinkUrl".
       Aucun fichier d'entrée n'a été spécifié.
       Utilisation de la tâche "Microsoft.SourceLink.GitLab.GetSourceLinkUrl" à partir de l'assembly "C:\Program Files\dotnet\sdk\10.0.101\Sdks\Microsoft.SourceLink.GitLab\build\..\tools\net\Microsoft.SourceLink.GitLab.dll".
       Tâche "Microsoft.SourceLink.GitLab.GetSourceLinkUrl"
       C:\Program Files\dotnet\sdk\10.0.101\Sdks\Microsoft.SourceLink.GitLab\build\Microsoft.SourceLink.GitLab.targets(37,7): message : Réassignation de propriété : $(_SourceLinkUrlToUpdate)="N/A" (valeur précédente : "https://raw.githubusercontent.com/DASHNOV/DualSiteClean/809c6a39ca00c183181b7ee265cc2f8121e4780c/*") à C:\Program Files\dotnet\sdk\10.0.101\Sdks\Microsoft.SourceLink.GitLab\build\Microsoft.SourceLink.GitLab.targets (37,7) [C:\Users\rdenimal\Documents\gestionnaire_doublon\DoublonManager\DoublonManager.csproj]
       Exécution de la tâche "Microsoft.SourceLink.GitLab.GetSourceLinkUrl" terminée.
   1:7>Génération de la cible "_InitializeGitLabSourceLinkUrl" terminée dans le projet "DoublonManager.csproj".
   1:7>Cible "_InitializeGitLabSourceLinkUrl" dans le fichier "C:\Program Files\dotnet\sdk\10.0.101\Sdks\Microsoft.SourceLink.GitLab\build\Microsoft.SourceLink.GitLab.targets" du projet "C:\Users\rdenimal\Documents\gestionnaire_doublon\DoublonManager\DoublonManager.csproj" (la cible "_GenerateSourceLinkFile" en dépend) :
       Génération complète de la cible "_InitializeGitLabSourceLinkUrl".
       Aucun fichier d'entrée n'a été spécifié.
       Tâche "Microsoft.SourceLink.GitLab.GetSourceLinkUrl"
       C:\Program Files\dotnet\sdk\10.0.101\Sdks\Microsoft.SourceLink.GitLab\build\Microsoft.SourceLink.GitLab.targets(37,7): message : Réassignation de propriété : $(_SourceLinkUrlToUpdate)="N/A" (valeur précédente : "https://raw.githubusercontent.com/DASHNOV/DualSiteClean/809c6a39ca00c183181b7ee265cc2f8121e4780c/*") à C:\Program Files\dotnet\sdk\10.0.101\Sdks\Microsoft.SourceLink.GitLab\build\Microsoft.SourceLink.GitLab.targets (37,7) [C:\Users\rdenimal\Documents\gestionnaire_doublon\DoublonManager\DoublonManager.csproj]
       Exécution de la tâche "Microsoft.SourceLink.GitLab.GetSourceLinkUrl" terminée.
   1:7>Génération de la cible "_InitializeGitLabSourceLinkUrl" terminée dans le projet "DoublonManager.csproj".
   1:7>Cible "_InitializeAzureReposGitSourceLinkUrl" dans le fichier "C:\Program Files\dotnet\sdk\10.0.101\Sdks\Microsoft.SourceLink.AzureRepos.Git\build\Microsoft.SourceLink.AzureRepos.Git.targets" du projet "C:\Users\rdenimal\Documents\gestionnaire_doublon\DoublonManager\DoublonManager.csproj" (la cible "_GenerateSourceLinkFile" en dépend) :
       Génération complète de la cible "_InitializeAzureReposGitSourceLinkUrl".
       Aucun fichier d'entrée n'a été spécifié.
       Utilisation de la tâche "Microsoft.SourceLink.AzureRepos.Git.GetSourceLinkUrl" à partir de l'assembly "C:\Program Files\dotnet\sdk\10.0.101\Sdks\Microsoft.SourceLink.AzureRepos.Git\build\..\tools\net\Microsoft.SourceLink.AzureRepos.Git.dll".
       Tâche "Microsoft.SourceLink.AzureRepos.Git.GetSourceLinkUrl"
       Exécution de la tâche "Microsoft.SourceLink.AzureRepos.Git.GetSourceLinkUrl" terminée.
   1:7>Génération de la cible "_InitializeAzureReposGitSourceLinkUrl" terminée dans le projet "DoublonManager.csproj".
   1:7>Cible "_InitializeAzureReposGitSourceLinkUrl" dans le fichier "C:\Program Files\dotnet\sdk\10.0.101\Sdks\Microsoft.SourceLink.AzureRepos.Git\build\Microsoft.SourceLink.AzureRepos.Git.targets" du projet "C:\Users\rdenimal\Documents\gestionnaire_doublon\DoublonManager\DoublonManager.csproj" (la cible "_GenerateSourceLinkFile" en dépend) :
       Génération complète de la cible "_InitializeAzureReposGitSourceLinkUrl".
       Aucun fichier d'entrée n'a été spécifié.
       Tâche "Microsoft.SourceLink.AzureRepos.Git.GetSourceLinkUrl"
       Exécution de la tâche "Microsoft.SourceLink.AzureRepos.Git.GetSourceLinkUrl" terminée.
   1:7>Génération de la cible "_InitializeAzureReposGitSourceLinkUrl" terminée dans le projet "DoublonManager.csproj".
   1:7>Cible "_InitializeBitbucketGitSourceLinkUrl" dans le fichier "C:\Program Files\dotnet\sdk\10.0.101\Sdks\Microsoft.SourceLink.Bitbucket.Git\build\Microsoft.SourceLink.Bitbucket.Git.targets" du projet "C:\Users\rdenimal\Documents\gestionnaire_doublon\DoublonManager\DoublonManager.csproj" (la cible "_GenerateSourceLinkFile" en dépend) :
       Génération complète de la cible "_InitializeBitbucketGitSourceLinkUrl".
       Aucun fichier d'entrée n'a été spécifié.
       Utilisation de la tâche "Microsoft.SourceLink.Bitbucket.Git.GetSourceLinkUrl" à partir de l'assembly "C:\Program Files\dotnet\sdk\10.0.101\Sdks\Microsoft.SourceLink.Bitbucket.Git\build\..\tools\net\Microsoft.SourceLink.Bitbucket.Git.dll".
       Tâche "Microsoft.SourceLink.Bitbucket.Git.GetSourceLinkUrl"
       Exécution de la tâche "Microsoft.SourceLink.Bitbucket.Git.GetSourceLinkUrl" terminée.
   1:7>Génération de la cible "_InitializeBitbucketGitSourceLinkUrl" terminée dans le projet "DoublonManager.csproj".
   1:7>Cible "_InitializeBitbucketGitSourceLinkUrl" dans le fichier "C:\Program Files\dotnet\sdk\10.0.101\Sdks\Microsoft.SourceLink.Bitbucket.Git\build\Microsoft.SourceLink.Bitbucket.Git.targets" du projet "C:\Users\rdenimal\Documents\gestionnaire_doublon\DoublonManager\DoublonManager.csproj" (la cible "_GenerateSourceLinkFile" en dépend) :
       Génération complète de la cible "_InitializeBitbucketGitSourceLinkUrl".
       Aucun fichier d'entrée n'a été spécifié.
       Tâche "Microsoft.SourceLink.Bitbucket.Git.GetSourceLinkUrl"
       Exécution de la tâche "Microsoft.SourceLink.Bitbucket.Git.GetSourceLinkUrl" terminée.
   1:7>Génération de la cible "_InitializeBitbucketGitSourceLinkUrl" terminée dans le projet "DoublonManager.csproj".
   1:7>Cible "_GenerateSourceLinkFile" dans le fichier "C:\Program Files\dotnet\sdk\10.0.101\Sdks\Microsoft.SourceLink.Common\build\Microsoft.SourceLink.Common.targets" du projet "C:\Users\rdenimal\Documents\gestionnaire_doublon\DoublonManager\DoublonManager.csproj" (la cible "GenerateSourceLinkFile" en dépend) :
       Génération complète de la cible "_GenerateSourceLinkFile".
       Aucun fichier d'entrée n'a été spécifié.
       Utilisation de la tâche "Microsoft.SourceLink.Common.GenerateSourceLinkFile" à partir de l'assembly "C:\Program Files\dotnet\sdk\10.0.101\Sdks\Microsoft.SourceLink.Common\build\..\tools\net\Microsoft.SourceLink.Common.dll".
       Tâche "Microsoft.SourceLink.Common.GenerateSourceLinkFile"
         Assembly chargé pendant TaskRun (Microsoft.SourceLink.Common.GenerateSourceLinkFile) : Microsoft.SourceLink.Common.resources, Version=10.0.13.7005, Culture=fr, PublicKeyToken=31bf3856ad364e35 (emplacement : C:\Program Files\dotnet\sdk\10.0.101\Sdks\Microsoft.SourceLink.Common\tools\net\fr\Microsoft.SourceLink.Common.resources.dll, MVID : dc7a6a46-b458-42f6-8549-db9820a0c75c, AssemblyLoadContext : MSBuild plugin C:\Program Files\dotnet\sdk\10.0.101\Sdks\Microsoft.SourceLink.Common\tools\net\Microsoft.SourceLink.Common.dll)
         Le fichier 'obj\Debug\net6.0-windows\DoublonManager.sourcelink.json' de Source Link est à jour.
       Exécution de la tâche "Microsoft.SourceLink.Common.GenerateSourceLinkFile" terminée.
   1:7>Génération de la cible "_GenerateSourceLinkFile" terminée dans le projet "DoublonManager.csproj".
   1:7>Cible "GenerateSourceLinkFile" dans le fichier "C:\Program Files\dotnet\sdk\10.0.101\Sdks\Microsoft.SourceLink.Common\build\Microsoft.SourceLink.Common.targets" du projet "C:\Users\rdenimal\Documents\gestionnaire_doublon\DoublonManager\DoublonManager.csproj" (la cible "CoreCompile" en dépend) :
   1:7>Génération de la cible "GenerateSourceLinkFile" terminée dans le projet "DoublonManager.csproj".
   1:7>Cible "AddGlobalAnalyzerConfigForPackage_MicrosoftCodeAnalysisNetAnalyzers" dans le fichier "C:\Program Files\dotnet\sdk\10.0.101\Sdks\Microsoft.NET.Sdk\analyzers\build\Microsoft.CodeAnalysis.NetAnalyzers.targets" du projet "C:\Users\rdenimal\Documents\gestionnaire_doublon\DoublonManager\DoublonManager.csproj" (la cible "CoreCompile" en dépend) :
   1:7>Génération de la cible "AddGlobalAnalyzerConfigForPackage_MicrosoftCodeAnalysisNetAnalyzers" terminée dans le projet "DoublonManager.csproj".
   1:7>Cible "RemoveDuplicateAnalyzers" dans le fichier "C:\Program Files\dotnet\sdk\10.0.101\Sdks\Microsoft.NET.Sdk.WindowsDesktop\targets\Microsoft.WinFX.targets" du projet "C:\Users\rdenimal\Documents\gestionnaire_doublon\DoublonManager\DoublonManager.csproj" (la cible "CoreCompile" en dépend) :
   1:7>Génération de la cible "RemoveDuplicateAnalyzers" terminée dans le projet "DoublonManager.csproj".
   1:7>Cible "CoreCompile" dans le fichier "C:\Program Files\dotnet\sdk\10.0.101\Roslyn\Microsoft.CSharp.Core.targets" du projet "C:\Users\rdenimal\Documents\gestionnaire_doublon\DoublonManager\DoublonManager.csproj" (la cible "Compile" en dépend) :
       Génération complète de la cible "CoreCompile".
       Le fichier d'entrée "Forms\SplashScreen.cs" est plus récent que le fichier de sortie "obj\Debug\net6.0-windows\DoublonManager.pdb".
       C:\Program Files\dotnet\sdk\10.0.101\Roslyn\Microsoft.CSharp.Core.targets(66,7): message : Réassignation de propriété : $(NoWarn)="1701;1702;1701;1702" (valeur précédente : "1701;1702") à C:\Program Files\dotnet\sdk\10.0.101\Roslyn\Microsoft.CSharp.Core.targets (66,7) [C:\Users\rdenimal\Documents\gestionnaire_doublon\DoublonManager\DoublonManager.csproj]
       Utilisation de la tâche "Csc" à partir de l'assembly "C:\Program Files\dotnet\sdk\10.0.101\Sdks\Microsoft.NET.Sdk\targets\..\..\..\Roslyn\Microsoft.Build.Tasks.CodeAnalysis.dll".
       Tâche "Csc"
         Setting DOTNET_ROOT to 'C:\Program Files\dotnet'
         Assembly chargé pendant TaskRun (Microsoft.CodeAnalysis.BuildTasks.Csc) : Microsoft.Build.Utilities.Core.resources, Version=15.1.0.0, Culture=fr, PublicKeyToken=b03f5f7f11d50a3a (emplacement : C:\Program Files\dotnet\sdk\10.0.101\fr\Microsoft.Build.Utilities.Core.resources.dll, MVID : c7e92bf9-0a49-40fd-b18f-fbab0b70d0cd, AssemblyLoadContext : Default)
         Variables d'environnement passées à l'outil :
           DOTNET_ROOT=C:\Program Files\dotnet
         C:\Program Files\dotnet\sdk\10.0.101\Roslyn\bincore\csc.exe /noconfig /unsafe- /checked- /nowarn:1701,1702,1701,1702 /fullpaths /nostdlib+ /errorreport:prompt /warn:6 /define:TRACE;DEBUG;NET;NET6_0;NETCOREAPP;WINDOWS;WINDOWS7_0;NET5_0_OR_GREATER;NET6_0_OR_GREATER;NETCOREAPP3_0_OR_GREATER;NETCOREAPP3_1_OR_GREATER;WINDOWS7_0_OR_GREATER /highentropyva+ /nullable:enable /reference:C:\Users\rdenimal\.nuget\packages\microsoft.windowsdesktop.app.ref\6.0.36\ref\net6.0\Accessibility.dll /reference:C:\Users\rdenimal\.nuget\packages\microsoft.netcore.app.ref\6.0.36\ref\net6.0\Microsoft.CSharp.dll /reference:C:\Users\rdenimal\.nuget\packages\microsoft.netcore.app.ref\6.0.36\ref\net6.0\Microsoft.VisualBasic.Core.dll /reference:C:\Users\rdenimal\.nuget\packages\microsoft.windowsdesktop.app.ref\6.0.36\ref\net6.0\Microsoft.VisualBasic.dll /reference:C:\Users\rdenimal\.nuget\packages\microsoft.windowsdesktop.app.ref\6.0.36\ref\net6.0\Microsoft.VisualBasic.Forms.dll /reference:C:\Users\rdenimal\.nuget\packages\microsoft.netcore.app.ref\6.0.36\ref\net6.0\Microsoft.Win32.Primitives.dll /reference:C:\Users\rdenimal\.nuget\packages\microsoft.windowsdesktop.app.ref\6.0.36\ref\net6.0\Microsoft.Win32.Registry.AccessControl.dll /reference:C:\Users\rdenimal\.nuget\packages\microsoft.netcore.app.ref\6.0.36\ref\net6.0\Microsoft.Win32.Registry.dll /reference:C:\Users\rdenimal\.nuget\packages\microsoft.win32.systemevents\7.0.0\lib\net6.0\Microsoft.Win32.SystemEvents.dll /reference:C:\Users\rdenimal\.nuget\packages\microsoft.netcore.app.ref\6.0.36\ref\net6.0\mscorlib.dll /reference:C:\Users\rdenimal\.nuget\packages\microsoft.netcore.app.ref\6.0.36\ref\net6.0\netstandard.dll /reference:C:\Users\rdenimal\.nuget\packages\newtonsoft.json\13.0.4\lib\net6.0\Newtonsoft.Json.dll /reference:C:\Users\rdenimal\.nuget\packages\microsoft.netcore.app.ref\6.0.36\ref\net6.0\System.AppContext.dll /reference:C:\Users\rdenimal\.nuget\packages\microsoft.netcore.app.ref\6.0.36\ref\net6.0\System.Buffers.dll /reference:C:\Users\rdenimal\.nuget\packages\microsoft.windowsdesktop.app.ref\6.0.36\ref\net6.0\System.CodeDom.dll /reference:C:\Users\rdenimal\.nuget\packages\microsoft.netcore.app.ref\6.0.36\ref\net6.0\System.Collections.Concurrent.dll /reference:C:\Users\rdenimal\.nuget\packages\microsoft.netcore.app.ref\6.0.36\ref\net6.0\System.Collections.dll /reference:C:\Users\rdenimal\.nuget\packages\microsoft.netcore.app.ref\6.0.36\ref\net6.0\System.Collections.Immutable.dll /reference:C:\Users\rdenimal\.nuget\packages\microsoft.netcore.app.ref\6.0.36\ref\net6.0\System.Collections.NonGeneric.dll /reference:C:\Users\rdenimal\.nuget\packages\microsoft.netcore.app.ref\6.0.36\ref\net6.0\System.Collections.Specialized.dll /reference:C:\Users\rdenimal\.nuget\packages\microsoft.netcore.app.ref\6.0.36\ref\net6.0\System.ComponentModel.Annotations.dll /reference:C:\Users\rdenimal\.nuget\packages\microsoft.netcore.app.ref\6.0.36\ref\net6.0\System.ComponentModel.DataAnnotations.dll /reference:C:\Users\rdenimal\.nuget\packages\microsoft.netcore.app.ref\6.0.36\ref\net6.0\System.ComponentModel.dll /reference:C:\Users\rdenimal\.nuget\packages\microsoft.netcore.app.ref\6.0.36\ref\net6.0\System.ComponentModel.EventBasedAsync.dll /reference:C:\Users\rdenimal\.nuget\packages\microsoft.netcore.app.ref\6.0.36\ref\net6.0\System.ComponentModel.Primitives.dll /reference:C:\Users\rdenimal\.nuget\packages\microsoft.netcore.app.ref\6.0.36\ref\net6.0\System.ComponentModel.TypeConverter.dll /reference:C:\Users\rdenimal\.nuget\packages\system.configuration.configurationmanager\7.0.0\lib\net6.0\System.Configuration.ConfigurationManager.dll /reference:C:\Users\rdenimal\.nuget\packages\microsoft.netcore.app.ref\6.0.36\ref\net6.0\System.Configuration.dll /reference:C:\Users\rdenimal\.nuget\packages\microsoft.netcore.app.ref\6.0.36\ref\net6.0\System.Console.dll /reference:C:\Users\rdenimal\.nuget\packages\microsoft.netcore.app.ref\6.0.36\ref\net6.0\System.Core.dll /reference:C:\Users\rdenimal\.nuget\packages\microsoft.netcore.app.ref\6.0.36\ref\net6.0\System.Data.Common.dll /reference:C:\Users\rdenimal\.nuget\packages\microsoft.netcore.app.ref\6.0.36\ref\net6.0\System.Data.DataSetExtensions.dll /reference:C:\Users\rdenimal\.nuget\packages\microsoft.netcore.app.ref\6.0.36\ref\net6.0\System.Data.dll /reference:C:\Users\rdenimal\.nuget\packages\system.data.sqlclient\4.9.0\lib\net6.0\System.Data.SqlClient.dll /reference:C:\Users\rdenimal\.nuget\packages\microsoft.windowsdesktop.app.ref\6.0.36\ref\net6.0\System.Design.dll /reference:C:\Users\rdenimal\.nuget\packages\microsoft.netcore.app.ref\6.0.36\ref\net6.0\System.Diagnostics.Contracts.dll /reference:C:\Users\rdenimal\.nuget\packages\microsoft.netcore.app.ref\6.0.36\ref\net6.0\System.Diagnostics.Debug.dll /reference:C:\Users\rdenimal\.nuget\packages\microsoft.netcore.app.ref\6.0.36\ref\net6.0\System.Diagnostics.DiagnosticSource.dll /reference:C:\Users\rdenimal\.nuget\packages\microsoft.windowsdesktop.app.ref\6.0.36\ref\net6.0\System.Diagnostics.EventLog.dll /reference:C:\Users\rdenimal\.nuget\packages\microsoft.netcore.app.ref\6.0.36\ref\net6.0\System.Diagnostics.FileVersionInfo.dll /reference:C:\Users\rdenimal\.nuget\packages\microsoft.windowsdesktop.app.ref\6.0.36\ref\net6.0\System.Diagnostics.PerformanceCounter.dll /reference:C:\Users\rdenimal\.nuget\packages\microsoft.netcore.app.ref\6.0.36\ref\net6.0\System.Diagnostics.Process.dll /reference:C:\Users\rdenimal\.nuget\packages\microsoft.netcore.app.ref\6.0.36\ref\net6.0\System.Diagnostics.StackTrace.dll /reference:C:\Users\rdenimal\.nuget\packages\microsoft.netcore.app.ref\6.0.36\ref\net6.0\System.Diagnostics.TextWriterTraceListener.dll /reference:C:\Users\rdenimal\.nuget\packages\microsoft.netcore.app.ref\6.0.36\ref\net6.0\System.Diagnostics.Tools.dll /reference:C:\Users\rdenimal\.nuget\packages\microsoft.netcore.app.ref\6.0.36\ref\net6.0\System.Diagnostics.TraceSource.dll /reference:C:\Users\rdenimal\.nuget\packages\microsoft.netcore.app.ref\6.0.36\ref\net6.0\System.Diagnostics.Tracing.dll /reference:C:\Users\rdenimal\.nuget\packages\microsoft.windowsdesktop.app.ref\6.0.36\ref\net6.0\System.DirectoryServices.dll /reference:C:\Users\rdenimal\.nuget\packages\microsoft.netcore.app.ref\6.0.36\ref\net6.0\System.dll /reference:C:\Users\rdenimal\.nuget\packages\system.drawing.common\7.0.0\lib\net6.0\System.Drawing.Common.dll /reference:C:\Users\rdenimal\.nuget\packages\microsoft.windowsdesktop.app.ref\6.0.36\ref\net6.0\System.Drawing.Design.dll /reference:C:\Users\rdenimal\.nuget\packages\microsoft.windowsdesktop.app.ref\6.0.36\ref\net6.0\System.Drawing.dll /reference:C:\Users\rdenimal\.nuget\packages\microsoft.netcore.app.ref\6.0.36\ref\net6.0\System.Drawing.Primitives.dll /reference:C:\Users\rdenimal\.nuget\packages\microsoft.netcore.app.ref\6.0.36\ref\net6.0\System.Dynamic.Runtime.dll /reference:C:\Users\rdenimal\.nuget\packages\microsoft.netcore.app.ref\6.0.36\ref\net6.0\System.Formats.Asn1.dll /reference:C:\Users\rdenimal\.nuget\packages\microsoft.netcore.app.ref\6.0.36\ref\net6.0\System.Globalization.Calendars.dll /reference:C:\Users\rdenimal\.nuget\packages\microsoft.netcore.app.ref\6.0.36\ref\net6.0\System.Globalization.dll /reference:C:\Users\rdenimal\.nuget\packages\microsoft.netcore.app.ref\6.0.36\ref\net6.0\System.Globalization.Extensions.dll /reference:C:\Users\rdenimal\.nuget\packages\microsoft.netcore.app.ref\6.0.36\ref\net6.0\System.IO.Compression.Brotli.dll /reference:C:\Users\rdenimal\.nuget\packages\microsoft.netcore.app.ref\6.0.36\ref\net6.0\System.IO.Compression.dll /reference:C:\Users\rdenimal\.nuget\packages\microsoft.netcore.app.ref\6.0.36\ref\net6.0\System.IO.Compression.FileSystem.dll /reference:C:\Users\rdenimal\.nuget\packages\microsoft.netcore.app.ref\6.0.36\ref\net6.0\System.IO.Compression.ZipFile.dll /reference:C:\Users\rdenimal\.nuget\packages\microsoft.netcore.app.ref\6.0.36\ref\net6.0\System.IO.dll /reference:C:\Users\rdenimal\.nuget\packages\microsoft.netcore.app.ref\6.0.36\ref\net6.0\System.IO.FileSystem.AccessControl.dll /reference:C:\Users\rdenimal\.nuget\packages\microsoft.netcore.app.ref\6.0.36\ref\net6.0\System.IO.FileSystem.dll /reference:C:\Users\rdenimal\.nuget\packages\microsoft.netcore.app.ref\6.0.36\ref\net6.0\System.IO.FileSystem.DriveInfo.dll /reference:C:\Users\rdenimal\.nuget\packages\microsoft.netcore.app.ref\6.0.36\ref\net6.0\System.IO.FileSystem.Primitives.dll /reference:C:\Users\rdenimal\.nuget\packages\microsoft.netcore.app.ref\6.0.36\ref\net6.0\System.IO.FileSystem.Watcher.dll /reference:C:\Users\rdenimal\.nuget\packages\microsoft.netcore.app.ref\6.0.36\ref\net6.0\System.IO.IsolatedStorage.dll /reference:C:\Users\rdenimal\.nuget\packages\microsoft.netcore.app.ref\6.0.36\ref\net6.0\System.IO.MemoryMappedFiles.dll /reference:C:\Users\rdenimal\.nuget\packages\microsoft.windowsdesktop.app.ref\6.0.36\ref\net6.0\System.IO.Packaging.dll /reference:C:\Users\rdenimal\.nuget\packages\microsoft.netcore.app.ref\6.0.36\ref\net6.0\System.IO.Pipes.AccessControl.dll /reference:C:\Users\rdenimal\.nuget\packages\microsoft.netcore.app.ref\6.0.36\ref\net6.0\System.IO.Pipes.dll /reference:C:\Users\rdenimal\.nuget\packages\microsoft.netcore.app.ref\6.0.36\ref\net6.0\System.IO.UnmanagedMemoryStream.dll /reference:C:\Users\rdenimal\.nuget\packages\microsoft.netcore.app.ref\6.0.36\ref\net6.0\System.Linq.dll /reference:C:\Users\rdenimal\.nuget\packages\microsoft.netcore.app.ref\6.0.36\ref\net6.0\System.Linq.Expressions.dll /reference:C:\Users\rdenimal\.nuget\packages\microsoft.netcore.app.ref\6.0.36\ref\net6.0\System.Linq.Parallel.dll /reference:C:\Users\rdenimal\.nuget\packages\microsoft.netcore.app.ref\6.0.36\ref\net6.0\System.Linq.Queryable.dll /reference:C:\Users\rdenimal\.nuget\packages\microsoft.netcore.app.ref\6.0.36\ref\net6.0\System.Memory.dll /reference:C:\Users\rdenimal\.nuget\packages\microsoft.netcore.app.ref\6.0.36\ref\net6.0\System.Net.dll /reference:C:\Users\rdenimal\.nuget\packages\microsoft.netcore.app.ref\6.0.36\ref\net6.0\System.Net.Http.dll /reference:C:\Users\rdenimal\.nuget\packages\microsoft.netcore.app.ref\6.0.36\ref\net6.0\System.Net.Http.Json.dll /reference:C:\Users\rdenimal\.nuget\packages\microsoft.netcore.app.ref\6.0.36\ref\net6.0\System.Net.HttpListener.dll /reference:C:\Users\rdenimal\.nuget\packages\microsoft.netcore.app.ref\6.0.36\ref\net6.0\System.Net.Mail.dll /reference:C:\Users\rdenimal\.nuget\packages\microsoft.netcore.app.ref\6.0.36\ref\net6.0\System.Net.NameResolution.dll /reference:C:\Users\rdenimal\.nuget\packages\microsoft.netcore.app.ref\6.0.36\ref\net6.0\System.Net.NetworkInformation.dll /reference:C:\Users\rdenimal\.nuget\packages\microsoft.netcore.app.ref\6.0.36\ref\net6.0\System.Net.Ping.dll /reference:C:\Users\rdenimal\.nuget\packages\microsoft.netcore.app.ref\6.0.36\ref\net6.0\System.Net.Primitives.dll /reference:C:\Users\rdenimal\.nuget\packages\microsoft.netcore.app.ref\6.0.36\ref\net6.0\System.Net.Requests.dll /reference:C:\Users\rdenimal\.nuget\packages\microsoft.netcore.app.ref\6.0.36\ref\net6.0\System.Net.Security.dll /reference:C:\Users\rdenimal\.nuget\packages\microsoft.netcore.app.ref\6.0.36\ref\net6.0\System.Net.ServicePoint.dll /reference:C:\Users\rdenimal\.nuget\packages\microsoft.netcore.app.ref\6.0.36\ref\net6.0\System.Net.Sockets.dll /reference:C:\Users\rdenimal\.nuget\packages\microsoft.netcore.app.ref\6.0.36\ref\net6.0\System.Net.WebClient.dll /reference:C:\Users\rdenimal\.nuget\packages\microsoft.netcore.app.ref\6.0.36\ref\net6.0\System.Net.WebHeaderCollection.dll /reference:C:\Users\rdenimal\.nuget\packages\microsoft.netcore.app.ref\6.0.36\ref\net6.0\System.Net.WebProxy.dll /reference:C:\Users\rdenimal\.nuget\packages\microsoft.netcore.app.ref\6.0.36\ref\net6.0\System.Net.WebSockets.Client.dll /reference:C:\Users\rdenimal\.nuget\packages\microsoft.netcore.app.ref\6.0.36\ref\net6.0\System.Net.WebSockets.dll /reference:C:\Users\rdenimal\.nuget\packages\microsoft.netcore.app.ref\6.0.36\ref\net6.0\System.Numerics.dll /reference:C:\Users\rdenimal\.nuget\packages\microsoft.netcore.app.ref\6.0.36\ref\net6.0\System.Numerics.Vectors.dll /reference:C:\Users\rdenimal\.nuget\packages\microsoft.netcore.app.ref\6.0.36\ref\net6.0\System.ObjectModel.dll /reference:C:\Users\rdenimal\.nuget\packages\microsoft.netcore.app.ref\6.0.36\ref\net6.0\System.Reflection.DispatchProxy.dll /reference:C:\Users\rdenimal\.nuget\packages\microsoft.netcore.app.ref\6.0.36\ref\net6.0\System.Reflection.dll /reference:C:\Users\rdenimal\.nuget\packages\microsoft.netcore.app.ref\6.0.36\ref\net6.0\System.Reflection.Emit.dll /reference:C:\Users\rdenimal\.nuget\packages\microsoft.netcore.app.ref\6.0.36\ref\net6.0\System.Reflection.Emit.ILGeneration.dll /reference:C:\Users\rdenimal\.nuget\packages\microsoft.netcore.app.ref\6.0.36\ref\net6.0\System.Reflection.Emit.Lightweight.dll /reference:C:\Users\rdenimal\.nuget\packages\microsoft.netcore.app.ref\6.0.36\ref\net6.0\System.Reflection.Extensions.dll /reference:C:\Users\rdenimal\.nuget\packages\microsoft.netcore.app.ref\6.0.36\ref\net6.0\System.Reflection.Metadata.dll /reference:C:\Users\rdenimal\.nuget\packages\microsoft.netcore.app.ref\6.0.36\ref\net6.0\System.Reflection.Primitives.dll /reference:C:\Users\rdenimal\.nuget\packages\microsoft.netcore.app.ref\6.0.36\ref\net6.0\System.Reflection.TypeExtensions.dll /reference:C:\Users\rdenimal\.nuget\packages\microsoft.windowsdesktop.app.ref\6.0.36\ref\net6.0\System.Resources.Extensions.dll /reference:C:\Users\rdenimal\.nuget\packages\microsoft.netcore.app.ref\6.0.36\ref\net6.0\System.Resources.Reader.dll /reference:C:\Users\rdenimal\.nuget\packages\microsoft.netcore.app.ref\6.0.36\ref\net6.0\System.Resources.ResourceManager.dll /reference:C:\Users\rdenimal\.nuget\packages\microsoft.netcore.app.ref\6.0.36\ref\net6.0\System.Resources.Writer.dll /reference:C:\Users\rdenimal\.nuget\packages\microsoft.netcore.app.ref\6.0.36\ref\net6.0\System.Runtime.CompilerServices.Unsafe.dll /reference:C:\Users\rdenimal\.nuget\packages\microsoft.netcore.app.ref\6.0.36\ref\net6.0\System.Runtime.CompilerServices.VisualC.dll /reference:C:\Users\rdenimal\.nuget\packages\microsoft.netcore.app.ref\6.0.36\ref\net6.0\System.Runtime.dll /reference:C:\Users\rdenimal\.nuget\packages\microsoft.netcore.app.ref\6.0.36\ref\net6.0\System.Runtime.Extensions.dll /reference:C:\Users\rdenimal\.nuget\packages\microsoft.netcore.app.ref\6.0.36\ref\net6.0\System.Runtime.Handles.dll /reference:C:\Users\rdenimal\.nuget\packages\microsoft.netcore.app.ref\6.0.36\ref\net6.0\System.Runtime.InteropServices.dll /reference:C:\Users\rdenimal\.nuget\packages\microsoft.netcore.app.ref\6.0.36\ref\net6.0\System.Runtime.InteropServices.RuntimeInformation.dll /reference:C:\Users\rdenimal\.nuget\packages\microsoft.netcore.app.ref\6.0.36\ref\net6.0\System.Runtime.Intrinsics.dll /reference:C:\Users\rdenimal\.nuget\packages\microsoft.netcore.app.ref\6.0.36\ref\net6.0\System.Runtime.Loader.dll /reference:C:\Users\rdenimal\.nuget\packages\microsoft.netcore.app.ref\6.0.36\ref\net6.0\System.Runtime.Numerics.dll /reference:C:\Users\rdenimal\.nuget\packages\microsoft.netcore.app.ref\6.0.36\ref\net6.0\System.Runtime.Serialization.dll /reference:C:\Users\rdenimal\.nuget\packages\microsoft.netcore.app.ref\6.0.36\ref\net6.0\System.Runtime.Serialization.Formatters.dll /reference:C:\Users\rdenimal\.nuget\packages\microsoft.netcore.app.ref\6.0.36\ref\net6.0\System.Runtime.Serialization.Json.dll /reference:C:\Users\rdenimal\.nuget\packages\microsoft.netcore.app.ref\6.0.36\ref\net6.0\System.Runtime.Serialization.Primitives.dll /reference:C:\Users\rdenimal\.nuget\packages\microsoft.netcore.app.ref\6.0.36\ref\net6.0\System.Runtime.Serialization.Xml.dll /reference:C:\Users\rdenimal\.nuget\packages\microsoft.netcore.app.ref\6.0.36\ref\net6.0\System.Security.AccessControl.dll /reference:C:\Users\rdenimal\.nuget\packages\microsoft.netcore.app.ref\6.0.36\ref\net6.0\System.Security.Claims.dll /reference:C:\Users\rdenimal\.nuget\packages\microsoft.netcore.app.ref\6.0.36\ref\net6.0\System.Security.Cryptography.Algorithms.dll /reference:C:\Users\rdenimal\.nuget\packages\microsoft.netcore.app.ref\6.0.36\ref\net6.0\System.Security.Cryptography.Cng.dll /reference:C:\Users\rdenimal\.nuget\packages\microsoft.netcore.app.ref\6.0.36\ref\net6.0\System.Security.Cryptography.Csp.dll /reference:C:\Users\rdenimal\.nuget\packages\microsoft.netcore.app.ref\6.0.36\ref\net6.0\System.Security.Cryptography.Encoding.dll /reference:C:\Users\rdenimal\.nuget\packages\microsoft.netcore.app.ref\6.0.36\ref\net6.0\System.Security.Cryptography.OpenSsl.dll /reference:C:\Users\rdenimal\.nuget\packages\microsoft.windowsdesktop.app.ref\6.0.36\ref\net6.0\System.Security.Cryptography.Pkcs.dll /reference:C:\Users\rdenimal\.nuget\packages\microsoft.netcore.app.ref\6.0.36\ref\net6.0\System.Security.Cryptography.Primitives.dll /reference:C:\Users\rdenimal\.nuget\packages\system.security.cryptography.protecteddata\7.0.0\lib\net6.0\System.Security.Cryptography.ProtectedData.dll /reference:C:\Users\rdenimal\.nuget\packages\microsoft.netcore.app.ref\6.0.36\ref\net6.0\System.Security.Cryptography.X509Certificates.dll /reference:C:\Users\rdenimal\.nuget\packages\microsoft.windowsdesktop.app.ref\6.0.36\ref\net6.0\System.Security.Cryptography.Xml.dll /reference:C:\Users\rdenimal\.nuget\packages\microsoft.netcore.app.ref\6.0.36\ref\net6.0\System.Security.dll /reference:C:\Users\rdenimal\.nuget\packages\system.security.permissions\7.0.0\lib\net6.0\System.Security.Permissions.dll /reference:C:\Users\rdenimal\.nuget\packages\microsoft.netcore.app.ref\6.0.36\ref\net6.0\System.Security.Principal.dll /reference:C:\Users\rdenimal\.nuget\packages\microsoft.netcore.app.ref\6.0.36\ref\net6.0\System.Security.Principal.Windows.dll /reference:C:\Users\rdenimal\.nuget\packages\microsoft.netcore.app.ref\6.0.36\ref\net6.0\System.Security.SecureString.dll /reference:C:\Users\rdenimal\.nuget\packages\microsoft.netcore.app.ref\6.0.36\ref\net6.0\System.ServiceModel.Web.dll /reference:C:\Users\rdenimal\.nuget\packages\microsoft.netcore.app.ref\6.0.36\ref\net6.0\System.ServiceProcess.dll /reference:C:\Users\rdenimal\.nuget\packages\microsoft.netcore.app.ref\6.0.36\ref\net6.0\System.Text.Encoding.CodePages.dll /reference:C:\Users\rdenimal\.nuget\packages\microsoft.netcore.app.ref\6.0.36\ref\net6.0\System.Text.Encoding.dll /reference:C:\Users\rdenimal\.nuget\packages\microsoft.netcore.app.ref\6.0.36\ref\net6.0\System.Text.Encoding.Extensions.dll /reference:C:\Users\rdenimal\.nuget\packages\microsoft.netcore.app.ref\6.0.36\ref\net6.0\System.Text.Encodings.Web.dll /reference:C:\Users\rdenimal\.nuget\packages\microsoft.netcore.app.ref\6.0.36\ref\net6.0\System.Text.Json.dll /reference:C:\Users\rdenimal\.nuget\packages\microsoft.netcore.app.ref\6.0.36\ref\net6.0\System.Text.RegularExpressions.dll /reference:C:\Users\rdenimal\.nuget\packages\microsoft.windowsdesktop.app.ref\6.0.36\ref\net6.0\System.Threading.AccessControl.dll /reference:C:\Users\rdenimal\.nuget\packages\microsoft.netcore.app.ref\6.0.36\ref\net6.0\System.Threading.Channels.dll /reference:C:\Users\rdenimal\.nuget\packages\microsoft.netcore.app.ref\6.0.36\ref\net6.0\System.Threading.dll /reference:C:\Users\rdenimal\.nuget\packages\microsoft.netcore.app.ref\6.0.36\ref\net6.0\System.Threading.Overlapped.dll /reference:C:\Users\rdenimal\.nuget\packages\microsoft.netcore.app.ref\6.0.36\ref\net6.0\System.Threading.Tasks.Dataflow.dll /reference:C:\Users\rdenimal\.nuget\packages\microsoft.netcore.app.ref\6.0.36\ref\net6.0\System.Threading.Tasks.dll /reference:C:\Users\rdenimal\.nuget\packages\microsoft.netcore.app.ref\6.0.36\ref\net6.0\System.Threading.Tasks.Extensions.dll /reference:C:\Users\rdenimal\.nuget\packages\microsoft.netcore.app.ref\6.0.36\ref\net6.0\System.Threading.Tasks.Parallel.dll /reference:C:\Users\rdenimal\.nuget\packages\microsoft.netcore.app.ref\6.0.36\ref\net6.0\System.Threading.Thread.dll /reference:C:\Users\rdenimal\.nuget\packages\microsoft.netcore.app.ref\6.0.36\ref\net6.0\System.Threading.ThreadPool.dll /reference:C:\Users\rdenimal\.nuget\packages\microsoft.netcore.app.ref\6.0.36\ref\net6.0\System.Threading.Timer.dll /reference:C:\Users\rdenimal\.nuget\packages\microsoft.netcore.app.ref\6.0.36\ref\net6.0\System.Transactions.dll /reference:C:\Users\rdenimal\.nuget\packages\microsoft.netcore.app.ref\6.0.36\ref\net6.0\System.Transactions.Local.dll /reference:C:\Users\rdenimal\.nuget\packages\microsoft.netcore.app.ref\6.0.36\ref\net6.0\System.ValueTuple.dll /reference:C:\Users\rdenimal\.nuget\packages\microsoft.netcore.app.ref\6.0.36\ref\net6.0\System.Web.dll /reference:C:\Users\rdenimal\.nuget\packages\microsoft.netcore.app.ref\6.0.36\ref\net6.0\System.Web.HttpUtility.dll /reference:C:\Users\rdenimal\.nuget\packages\microsoft.netcore.app.ref\6.0.36\ref\net6.0\System.Windows.dll /reference:C:\Users\rdenimal\.nuget\packages\system.windows.extensions\7.0.0\lib\net6.0\System.Windows.Extensions.dll /reference:C:\Users\rdenimal\.nuget\packages\microsoft.windowsdesktop.app.ref\6.0.36\ref\net6.0\System.Windows.Forms.Design.dll /reference:C:\Users\rdenimal\.nuget\packages\microsoft.windowsdesktop.app.ref\6.0.36\ref\net6.0\System.Windows.Forms.Design.Editors.dll /reference:C:\Users\rdenimal\.nuget\packages\microsoft.windowsdesktop.app.ref\6.0.36\ref\net6.0\System.Windows.Forms.dll /reference:C:\Users\rdenimal\.nuget\packages\microsoft.windowsdesktop.app.ref\6.0.36\ref\net6.0\System.Windows.Forms.Primitives.dll /reference:C:\Users\rdenimal\.nuget\packages\microsoft.netcore.app.ref\6.0.36\ref\net6.0\System.Xml.dll /reference:C:\Users\rdenimal\.nuget\packages\microsoft.netcore.app.ref\6.0.36\ref\net6.0\System.Xml.Linq.dll /reference:C:\Users\rdenimal\.nuget\packages\microsoft.netcore.app.ref\6.0.36\ref\net6.0\System.Xml.ReaderWriter.dll /reference:C:\Users\rdenimal\.nuget\packages\microsoft.netcore.app.ref\6.0.36\ref\net6.0\System.Xml.Serialization.dll /reference:C:\Users\rdenimal\.nuget\packages\microsoft.netcore.app.ref\6.0.36\ref\net6.0\System.Xml.XDocument.dll /reference:C:\Users\rdenimal\.nuget\packages\microsoft.netcore.app.ref\6.0.36\ref\net6.0\System.Xml.XmlDocument.dll /reference:C:\Users\rdenimal\.nuget\packages\microsoft.netcore.app.ref\6.0.36\ref\net6.0\System.Xml.XmlSerializer.dll /reference:C:\Users\rdenimal\.nuget\packages\microsoft.netcore.app.ref\6.0.36\ref\net6.0\System.Xml.XPath.dll /reference:C:\Users\rdenimal\.nuget\packages\microsoft.netcore.app.ref\6.0.36\ref\net6.0\System.Xml.XPath.XDocument.dll /reference:C:\Users\rdenimal\.nuget\packages\microsoft.netcore.app.ref\6.0.36\ref\net6.0\WindowsBase.dll /debug+ /debug:portable /filealign:512 /optimize- /out:obj\Debug\net6.0-windows\DoublonManager.dll /refout:obj\Debug\net6.0-windows\refint\DoublonManager.dll /target:winexe /warnaserror- /utf8output /deterministic+ /sourcelink:obj\Debug\net6.0-windows\DoublonManager.sourcelink.json /langversion:10.0 /analyzerconfig:obj\Debug\net6.0-windows\DoublonManager.GeneratedMSBuildEditorConfig.editorconfig /analyzerconfig:"C:\Program Files\dotnet\sdk\10.0.101\Sdks\Microsoft.NET.Sdk\analyzers\build\config\analysislevel_6_default.globalconfig" /analyzer:"C:\Program Files\dotnet\sdk\10.0.101\Sdks\Microsoft.NET.Sdk\targets\..\analyzers\Microsoft.CodeAnalysis.CSharp.NetAnalyzers.dll" /analyzer:"C:\Program Files\dotnet\sdk\10.0.101\Sdks\Microsoft.NET.Sdk\targets\..\analyzers\Microsoft.CodeAnalysis.NetAnalyzers.dll" /analyzer:C:\Users\rdenimal\.nuget\packages\microsoft.netcore.app.ref\6.0.36\analyzers/dotnet/cs/System.Text.Json.SourceGeneration.dll /analyzer:C:\Users\rdenimal\.nuget\packages\microsoft.windowsdesktop.app.ref\6.0.36\analyzers/dotnet/System.Windows.Forms.Analyzers.dll /analyzer:C:\Users\rdenimal\.nuget\packages\microsoft.windowsdesktop.app.ref\6.0.36\analyzers/dotnet/cs/System.Windows.Forms.Analyzers.CSharp.dll Forms\AnalysisForm.cs Forms\ConfirmationDialog.cs Forms\DeleteConfirmationForm.cs Forms\FormDoublonManager.cs Forms\FormDoublonManager.Designer.cs Forms\HistoryForm.cs Forms\MainDashboard.cs Forms\ProgressForm.cs Forms\SettingsForm.cs Forms\SplashScreen.cs Helpers\ColorHelper.cs Helpers\ConfigManager.cs Helpers\ConnectionHelper.cs Helpers\LogHelper.cs Models\AnalysisResult.cs Models\Duplicate.cs Models\EmployeDoublonFedere.cs Models\Employee.cs Models\LogEntry.cs Program.cs Services\AnalysisService.cs Services\DatabaseService.cs Services\DeletionService.cs Services\DoublonActionService.cs Services\DoublonDetectionService.cs Services\LogService.cs Services\ReportService.cs obj\Debug\net6.0-windows\DoublonManager.GlobalUsings.g.cs "obj\Debug\net6.0-windows\.NETCoreApp,Version=v6.0.AssemblyAttributes.cs" obj\Debug\net6.0-windows\DoublonManager.AssemblyInfo.cs /warnaserror+:NU1605
         Compilation request DoublonManager (net6.0-windows), PathToTool=C:\Program Files\dotnet\sdk\10.0.101\Roslyn\bincore\csc.exe
         CommandLine = ' /noconfig'
         BuildResponseFile = '/unsafe- /checked- /nowarn:1701,1702,1701,1702 /fullpaths /nostdlib+ /errorreport:prompt /warn:6 /define:TRACE;DEBUG;NET;NET6_0;NETCOREAPP;WINDOWS;WINDOWS7_0;NET5_0_OR_GREATER;NET6_0_OR_GREATER;NETCOREAPP3_0_OR_GREATER;NETCOREAPP3_1_OR_GREATER;WINDOWS7_0_OR_GREATER /highentropyva+ /nullable:enable /reference:C:\Users\rdenimal\.nuget\packages\microsoft.windowsdesktop.app.ref\6.0.36\ref\net6.0\Accessibility.dll /reference:C:\Users\rdenimal\.nuget\packages\microsoft.netcore.app.ref\6.0.36\ref\net6.0\Microsoft.CSharp.dll /reference:C:\Users\rdenimal\.nuget\packages\microsoft.netcore.app.ref\6.0.36\ref\net6.0\Microsoft.VisualBasic.Core.dll /reference:C:\Users\rdenimal\.nuget\packages\microsoft.windowsdesktop.app.ref\6.0.36\ref\net6.0\Microsoft.VisualBasic.dll /reference:C:\Users\rdenimal\.nuget\packages\microsoft.windowsdesktop.app.ref\6.0.36\ref\net6.0\Microsoft.VisualBasic.Forms.dll /reference:C:\Users\rdenimal\.nuget\packages\microsoft.netcore.app.ref\6.0.36\ref\net6.0\Microsoft.Win32.Primitives.dll /reference:C:\Users\rdenimal\.nuget\packages\microsoft.windowsdesktop.app.ref\6.0.36\ref\net6.0\Microsoft.Win32.Registry.AccessControl.dll /reference:C:\Users\rdenimal\.nuget\packages\microsoft.netcore.app.ref\6.0.36\ref\net6.0\Microsoft.Win32.Registry.dll /reference:C:\Users\rdenimal\.nuget\packages\microsoft.win32.systemevents\7.0.0\lib\net6.0\Microsoft.Win32.SystemEvents.dll /reference:C:\Users\rdenimal\.nuget\packages\microsoft.netcore.app.ref\6.0.36\ref\net6.0\mscorlib.dll /reference:C:\Users\rdenimal\.nuget\packages\microsoft.netcore.app.ref\6.0.36\ref\net6.0\netstandard.dll /reference:C:\Users\rdenimal\.nuget\packages\newtonsoft.json\13.0.4\lib\net6.0\Newtonsoft.Json.dll /reference:C:\Users\rdenimal\.nuget\packages\microsoft.netcore.app.ref\6.0.36\ref\net6.0\System.AppContext.dll /reference:C:\Users\rdenimal\.nuget\packages\microsoft.netcore.app.ref\6.0.36\ref\net6.0\System.Buffers.dll /reference:C:\Users\rdenimal\.nuget\packages\microsoft.windowsdesktop.app.ref\6.0.36\ref\net6.0\System.CodeDom.dll /reference:C:\Users\rdenimal\.nuget\packages\microsoft.netcore.app.ref\6.0.36\ref\net6.0\System.Collections.Concurrent.dll /reference:C:\Users\rdenimal\.nuget\packages\microsoft.netcore.app.ref\6.0.36\ref\net6.0\System.Collections.dll /reference:C:\Users\rdenimal\.nuget\packages\microsoft.netcore.app.ref\6.0.36\ref\net6.0\System.Collections.Immutable.dll /reference:C:\Users\rdenimal\.nuget\packages\microsoft.netcore.app.ref\6.0.36\ref\net6.0\System.Collections.NonGeneric.dll /reference:C:\Users\rdenimal\.nuget\packages\microsoft.netcore.app.ref\6.0.36\ref\net6.0\System.Collections.Specialized.dll /reference:C:\Users\rdenimal\.nuget\packages\microsoft.netcore.app.ref\6.0.36\ref\net6.0\System.ComponentModel.Annotations.dll /reference:C:\Users\rdenimal\.nuget\packages\microsoft.netcore.app.ref\6.0.36\ref\net6.0\System.ComponentModel.DataAnnotations.dll /reference:C:\Users\rdenimal\.nuget\packages\microsoft.netcore.app.ref\6.0.36\ref\net6.0\System.ComponentModel.dll /reference:C:\Users\rdenimal\.nuget\packages\microsoft.netcore.app.ref\6.0.36\ref\net6.0\System.ComponentModel.EventBasedAsync.dll /reference:C:\Users\rdenimal\.nuget\packages\microsoft.netcore.app.ref\6.0.36\ref\net6.0\System.ComponentModel.Primitives.dll /reference:C:\Users\rdenimal\.nuget\packages\microsoft.netcore.app.ref\6.0.36\ref\net6.0\System.ComponentModel.TypeConverter.dll /reference:C:\Users\rdenimal\.nuget\packages\system.configuration.configurationmanager\7.0.0\lib\net6.0\System.Configuration.ConfigurationManager.dll /reference:C:\Users\rdenimal\.nuget\packages\microsoft.netcore.app.ref\6.0.36\ref\net6.0\System.Configuration.dll /reference:C:\Users\rdenimal\.nuget\packages\microsoft.netcore.app.ref\6.0.36\ref\net6.0\System.Console.dll /reference:C:\Users\rdenimal\.nuget\packages\microsoft.netcore.app.ref\6.0.36\ref\net6.0\System.Core.dll /reference:C:\Users\rdenimal\.nuget\packages\microsoft.netcore.app.ref\6.0.36\ref\net6.0\System.Data.Common.dll /reference:C:\Users\rdenimal\.nuget\packages\microsoft.netcore.app.ref\6.0.36\ref\net6.0\System.Data.DataSetExtensions.dll /reference:C:\Users\rdenimal\.nuget\packages\microsoft.netcore.app.ref\6.0.36\ref\net6.0\System.Data.dll /reference:C:\Users\rdenimal\.nuget\packages\system.data.sqlclient\4.9.0\lib\net6.0\System.Data.SqlClient.dll /reference:C:\Users\rdenimal\.nuget\packages\microsoft.windowsdesktop.app.ref\6.0.36\ref\net6.0\System.Design.dll /reference:C:\Users\rdenimal\.nuget\packages\microsoft.netcore.app.ref\6.0.36\ref\net6.0\System.Diagnostics.Contracts.dll /reference:C:\Users\rdenimal\.nuget\packages\microsoft.netcore.app.ref\6.0.36\ref\net6.0\System.Diagnostics.Debug.dll /reference:C:\Users\rdenimal\.nuget\packages\microsoft.netcore.app.ref\6.0.36\ref\net6.0\System.Diagnostics.DiagnosticSource.dll /reference:C:\Users\rdenimal\.nuget\packages\microsoft.windowsdesktop.app.ref\6.0.36\ref\net6.0\System.Diagnostics.EventLog.dll /reference:C:\Users\rdenimal\.nuget\packages\microsoft.netcore.app.ref\6.0.36\ref\net6.0\System.Diagnostics.FileVersionInfo.dll /reference:C:\Users\rdenimal\.nuget\packages\microsoft.windowsdesktop.app.ref\6.0.36\ref\net6.0\System.Diagnostics.PerformanceCounter.dll /reference:C:\Users\rdenimal\.nuget\packages\microsoft.netcore.app.ref\6.0.36\ref\net6.0\System.Diagnostics.Process.dll /reference:C:\Users\rdenimal\.nuget\packages\microsoft.netcore.app.ref\6.0.36\ref\net6.0\System.Diagnostics.StackTrace.dll /reference:C:\Users\rdenimal\.nuget\packages\microsoft.netcore.app.ref\6.0.36\ref\net6.0\System.Diagnostics.TextWriterTraceListener.dll /reference:C:\Users\rdenimal\.nuget\packages\microsoft.netcore.app.ref\6.0.36\ref\net6.0\System.Diagnostics.Tools.dll /reference:C:\Users\rdenimal\.nuget\packages\microsoft.netcore.app.ref\6.0.36\ref\net6.0\System.Diagnostics.TraceSource.dll /reference:C:\Users\rdenimal\.nuget\packages\microsoft.netcore.app.ref\6.0.36\ref\net6.0\System.Diagnostics.Tracing.dll /reference:C:\Users\rdenimal\.nuget\packages\microsoft.windowsdesktop.app.ref\6.0.36\ref\net6.0\System.DirectoryServices.dll /reference:C:\Users\rdenimal\.nuget\packages\microsoft.netcore.app.ref\6.0.36\ref\net6.0\System.dll /reference:C:\Users\rdenimal\.nuget\packages\system.drawing.common\7.0.0\lib\net6.0\System.Drawing.Common.dll /reference:C:\Users\rdenimal\.nuget\packages\microsoft.windowsdesktop.app.ref\6.0.36\ref\net6.0\System.Drawing.Design.dll /reference:C:\Users\rdenimal\.nuget\packages\microsoft.windowsdesktop.app.ref\6.0.36\ref\net6.0\System.Drawing.dll /reference:C:\Users\rdenimal\.nuget\packages\microsoft.netcore.app.ref\6.0.36\ref\net6.0\System.Drawing.Primitives.dll /reference:C:\Users\rdenimal\.nuget\packages\microsoft.netcore.app.ref\6.0.36\ref\net6.0\System.Dynamic.Runtime.dll /reference:C:\Users\rdenimal\.nuget\packages\microsoft.netcore.app.ref\6.0.36\ref\net6.0\System.Formats.Asn1.dll /reference:C:\Users\rdenimal\.nuget\packages\microsoft.netcore.app.ref\6.0.36\ref\net6.0\System.Globalization.Calendars.dll /reference:C:\Users\rdenimal\.nuget\packages\microsoft.netcore.app.ref\6.0.36\ref\net6.0\System.Globalization.dll /reference:C:\Users\rdenimal\.nuget\packages\microsoft.netcore.app.ref\6.0.36\ref\net6.0\System.Globalization.Extensions.dll /reference:C:\Users\rdenimal\.nuget\packages\microsoft.netcore.app.ref\6.0.36\ref\net6.0\System.IO.Compression.Brotli.dll /reference:C:\Users\rdenimal\.nuget\packages\microsoft.netcore.app.ref\6.0.36\ref\net6.0\System.IO.Compression.dll /reference:C:\Users\rdenimal\.nuget\packages\microsoft.netcore.app.ref\6.0.36\ref\net6.0\System.IO.Compression.FileSystem.dll /reference:C:\Users\rdenimal\.nuget\packages\microsoft.netcore.app.ref\6.0.36\ref\net6.0\System.IO.Compression.ZipFile.dll /reference:C:\Users\rdenimal\.nuget\packages\microsoft.netcore.app.ref\6.0.36\ref\net6.0\System.IO.dll /reference:C:\Users\rdenimal\.nuget\packages\microsoft.netcore.app.ref\6.0.36\ref\net6.0\System.IO.FileSystem.AccessControl.dll /reference:C:\Users\rdenimal\.nuget\packages\microsoft.netcore.app.ref\6.0.36\ref\net6.0\System.IO.FileSystem.dll /reference:C:\Users\rdenimal\.nuget\packages\microsoft.netcore.app.ref\6.0.36\ref\net6.0\System.IO.FileSystem.DriveInfo.dll /reference:C:\Users\rdenimal\.nuget\packages\microsoft.netcore.app.ref\6.0.36\ref\net6.0\System.IO.FileSystem.Primitives.dll /reference:C:\Users\rdenimal\.nuget\packages\microsoft.netcore.app.ref\6.0.36\ref\net6.0\System.IO.FileSystem.Watcher.dll /reference:C:\Users\rdenimal\.nuget\packages\microsoft.netcore.app.ref\6.0.36\ref\net6.0\System.IO.IsolatedStorage.dll /reference:C:\Users\rdenimal\.nuget\packages\microsoft.netcore.app.ref\6.0.36\ref\net6.0\System.IO.MemoryMappedFiles.dll /reference:C:\Users\rdenimal\.nuget\packages\microsoft.windowsdesktop.app.ref\6.0.36\ref\net6.0\System.IO.Packaging.dll /reference:C:\Users\rdenimal\.nuget\packages\microsoft.netcore.app.ref\6.0.36\ref\net6.0\System.IO.Pipes.AccessControl.dll /reference:C:\Users\rdenimal\.nuget\packages\microsoft.netcore.app.ref\6.0.36\ref\net6.0\System.IO.Pipes.dll /reference:C:\Users\rdenimal\.nuget\packages\microsoft.netcore.app.ref\6.0.36\ref\net6.0\System.IO.UnmanagedMemoryStream.dll /reference:C:\Users\rdenimal\.nuget\packages\microsoft.netcore.app.ref\6.0.36\ref\net6.0\System.Linq.dll /reference:C:\Users\rdenimal\.nuget\packages\microsoft.netcore.app.ref\6.0.36\ref\net6.0\System.Linq.Expressions.dll /reference:C:\Users\rdenimal\.nuget\packages\microsoft.netcore.app.ref\6.0.36\ref\net6.0\System.Linq.Parallel.dll /reference:C:\Users\rdenimal\.nuget\packages\microsoft.netcore.app.ref\6.0.36\ref\net6.0\System.Linq.Queryable.dll /reference:C:\Users\rdenimal\.nuget\packages\microsoft.netcore.app.ref\6.0.36\ref\net6.0\System.Memory.dll /reference:C:\Users\rdenimal\.nuget\packages\microsoft.netcore.app.ref\6.0.36\ref\net6.0\System.Net.dll /reference:C:\Users\rdenimal\.nuget\packages\microsoft.netcore.app.ref\6.0.36\ref\net6.0\System.Net.Http.dll /reference:C:\Users\rdenimal\.nuget\packages\microsoft.netcore.app.ref\6.0.36\ref\net6.0\System.Net.Http.Json.dll /reference:C:\Users\rdenimal\.nuget\packages\microsoft.netcore.app.ref\6.0.36\ref\net6.0\System.Net.HttpListener.dll /reference:C:\Users\rdenimal\.nuget\packages\microsoft.netcore.app.ref\6.0.36\ref\net6.0\System.Net.Mail.dll /reference:C:\Users\rdenimal\.nuget\packages\microsoft.netcore.app.ref\6.0.36\ref\net6.0\System.Net.NameResolution.dll /reference:C:\Users\rdenimal\.nuget\packages\microsoft.netcore.app.ref\6.0.36\ref\net6.0\System.Net.NetworkInformation.dll /reference:C:\Users\rdenimal\.nuget\packages\microsoft.netcore.app.ref\6.0.36\ref\net6.0\System.Net.Ping.dll /reference:C:\Users\rdenimal\.nuget\packages\microsoft.netcore.app.ref\6.0.36\ref\net6.0\System.Net.Primitives.dll /reference:C:\Users\rdenimal\.nuget\packages\microsoft.netcore.app.ref\6.0.36\ref\net6.0\System.Net.Requests.dll /reference:C:\Users\rdenimal\.nuget\packages\microsoft.netcore.app.ref\6.0.36\ref\net6.0\System.Net.Security.dll /reference:C:\Users\rdenimal\.nuget\packages\microsoft.netcore.app.ref\6.0.36\ref\net6.0\System.Net.ServicePoint.dll /reference:C:\Users\rdenimal\.nuget\packages\microsoft.netcore.app.ref\6.0.36\ref\net6.0\System.Net.Sockets.dll /reference:C:\Users\rdenimal\.nuget\packages\microsoft.netcore.app.ref\6.0.36\ref\net6.0\System.Net.WebClient.dll /reference:C:\Users\rdenimal\.nuget\packages\microsoft.netcore.app.ref\6.0.36\ref\net6.0\System.Net.WebHeaderCollection.dll /reference:C:\Users\rdenimal\.nuget\packages\microsoft.netcore.app.ref\6.0.36\ref\net6.0\System.Net.WebProxy.dll /reference:C:\Users\rdenimal\.nuget\packages\microsoft.netcore.app.ref\6.0.36\ref\net6.0\System.Net.WebSockets.Client.dll /reference:C:\Users\rdenimal\.nuget\packages\microsoft.netcore.app.ref\6.0.36\ref\net6.0\System.Net.WebSockets.dll /reference:C:\Users\rdenimal\.nuget\packages\microsoft.netcore.app.ref\6.0.36\ref\net6.0\System.Numerics.dll /reference:C:\Users\rdenimal\.nuget\packages\microsoft.netcore.app.ref\6.0.36\ref\net6.0\System.Numerics.Vectors.dll /reference:C:\Users\rdenimal\.nuget\packages\microsoft.netcore.app.ref\6.0.36\ref\net6.0\System.ObjectModel.dll /reference:C:\Users\rdenimal\.nuget\packages\microsoft.netcore.app.ref\6.0.36\ref\net6.0\System.Reflection.DispatchProxy.dll /reference:C:\Users\rdenimal\.nuget\packages\microsoft.netcore.app.ref\6.0.36\ref\net6.0\System.Reflection.dll /reference:C:\Users\rdenimal\.nuget\packages\microsoft.netcore.app.ref\6.0.36\ref\net6.0\System.Reflection.Emit.dll /reference:C:\Users\rdenimal\.nuget\packages\microsoft.netcore.app.ref\6.0.36\ref\net6.0\System.Reflection.Emit.ILGeneration.dll /reference:C:\Users\rdenimal\.nuget\packages\microsoft.netcore.app.ref\6.0.36\ref\net6.0\System.Reflection.Emit.Lightweight.dll /reference:C:\Users\rdenimal\.nuget\packages\microsoft.netcore.app.ref\6.0.36\ref\net6.0\System.Reflection.Extensions.dll /reference:C:\Users\rdenimal\.nuget\packages\microsoft.netcore.app.ref\6.0.36\ref\net6.0\System.Reflection.Metadata.dll /reference:C:\Users\rdenimal\.nuget\packages\microsoft.netcore.app.ref\6.0.36\ref\net6.0\System.Reflection.Primitives.dll /reference:C:\Users\rdenimal\.nuget\packages\microsoft.netcore.app.ref\6.0.36\ref\net6.0\System.Reflection.TypeExtensions.dll /reference:C:\Users\rdenimal\.nuget\packages\microsoft.windowsdesktop.app.ref\6.0.36\ref\net6.0\System.Resources.Extensions.dll /reference:C:\Users\rdenimal\.nuget\packages\microsoft.netcore.app.ref\6.0.36\ref\net6.0\System.Resources.Reader.dll /reference:C:\Users\rdenimal\.nuget\packages\microsoft.netcore.app.ref\6.0.36\ref\net6.0\System.Resources.ResourceManager.dll /reference:C:\Users\rdenimal\.nuget\packages\microsoft.netcore.app.ref\6.0.36\ref\net6.0\System.Resources.Writer.dll /reference:C:\Users\rdenimal\.nuget\packages\microsoft.netcore.app.ref\6.0.36\ref\net6.0\System.Runtime.CompilerServices.Unsafe.dll /reference:C:\Users\rdenimal\.nuget\packages\microsoft.netcore.app.ref\6.0.36\ref\net6.0\System.Runtime.CompilerServices.VisualC.dll /reference:C:\Users\rdenimal\.nuget\packages\microsoft.netcore.app.ref\6.0.36\ref\net6.0\System.Runtime.dll /reference:C:\Users\rdenimal\.nuget\packages\microsoft.netcore.app.ref\6.0.36\ref\net6.0\System.Runtime.Extensions.dll /reference:C:\Users\rdenimal\.nuget\packages\microsoft.netcore.app.ref\6.0.36\ref\net6.0\System.Runtime.Handles.dll /reference:C:\Users\rdenimal\.nuget\packages\microsoft.netcore.app.ref\6.0.36\ref\net6.0\System.Runtime.InteropServices.dll /reference:C:\Users\rdenimal\.nuget\packages\microsoft.netcore.app.ref\6.0.36\ref\net6.0\System.Runtime.InteropServices.RuntimeInformation.dll /reference:C:\Users\rdenimal\.nuget\packages\microsoft.netcore.app.ref\6.0.36\ref\net6.0\System.Runtime.Intrinsics.dll /reference:C:\Users\rdenimal\.nuget\packages\microsoft.netcore.app.ref\6.0.36\ref\net6.0\System.Runtime.Loader.dll /reference:C:\Users\rdenimal\.nuget\packages\microsoft.netcore.app.ref\6.0.36\ref\net6.0\System.Runtime.Numerics.dll /reference:C:\Users\rdenimal\.nuget\packages\microsoft.netcore.app.ref\6.0.36\ref\net6.0\System.Runtime.Serialization.dll /reference:C:\Users\rdenimal\.nuget\packages\microsoft.netcore.app.ref\6.0.36\ref\net6.0\System.Runtime.Serialization.Formatters.dll /reference:C:\Users\rdenimal\.nuget\packages\microsoft.netcore.app.ref\6.0.36\ref\net6.0\System.Runtime.Serialization.Json.dll /reference:C:\Users\rdenimal\.nuget\packages\microsoft.netcore.app.ref\6.0.36\ref\net6.0\System.Runtime.Serialization.Primitives.dll /reference:C:\Users\rdenimal\.nuget\packages\microsoft.netcore.app.ref\6.0.36\ref\net6.0\System.Runtime.Serialization.Xml.dll /reference:C:\Users\rdenimal\.nuget\packages\microsoft.netcore.app.ref\6.0.36\ref\net6.0\System.Security.AccessControl.dll /reference:C:\Users\rdenimal\.nuget\packages\microsoft.netcore.app.ref\6.0.36\ref\net6.0\System.Security.Claims.dll /reference:C:\Users\rdenimal\.nuget\packages\microsoft.netcore.app.ref\6.0.36\ref\net6.0\System.Security.Cryptography.Algorithms.dll /reference:C:\Users\rdenimal\.nuget\packages\microsoft.netcore.app.ref\6.0.36\ref\net6.0\System.Security.Cryptography.Cng.dll /reference:C:\Users\rdenimal\.nuget\packages\microsoft.netcore.app.ref\6.0.36\ref\net6.0\System.Security.Cryptography.Csp.dll /reference:C:\Users\rdenimal\.nuget\packages\microsoft.netcore.app.ref\6.0.36\ref\net6.0\System.Security.Cryptography.Encoding.dll /reference:C:\Users\rdenimal\.nuget\packages\microsoft.netcore.app.ref\6.0.36\ref\net6.0\System.Security.Cryptography.OpenSsl.dll /reference:C:\Users\rdenimal\.nuget\packages\microsoft.windowsdesktop.app.ref\6.0.36\ref\net6.0\System.Security.Cryptography.Pkcs.dll /reference:C:\Users\rdenimal\.nuget\packages\microsoft.netcore.app.ref\6.0.36\ref\net6.0\System.Security.Cryptography.Primitives.dll /reference:C:\Users\rdenimal\.nuget\packages\system.security.cryptography.protecteddata\7.0.0\lib\net6.0\System.Security.Cryptography.ProtectedData.dll /reference:C:\Users\rdenimal\.nuget\packages\microsoft.netcore.app.ref\6.0.36\ref\net6.0\System.Security.Cryptography.X509Certificates.dll /reference:C:\Users\rdenimal\.nuget\packages\microsoft.windowsdesktop.app.ref\6.0.36\ref\net6.0\System.Security.Cryptography.Xml.dll /reference:C:\Users\rdenimal\.nuget\packages\microsoft.netcore.app.ref\6.0.36\ref\net6.0\System.Security.dll /reference:C:\Users\rdenimal\.nuget\packages\system.security.permissions\7.0.0\lib\net6.0\System.Security.Permissions.dll /reference:C:\Users\rdenimal\.nuget\packages\microsoft.netcore.app.ref\6.0.36\ref\net6.0\System.Security.Principal.dll /reference:C:\Users\rdenimal\.nuget\packages\microsoft.netcore.app.ref\6.0.36\ref\net6.0\System.Security.Principal.Windows.dll /reference:C:\Users\rdenimal\.nuget\packages\microsoft.netcore.app.ref\6.0.36\ref\net6.0\System.Security.SecureString.dll /reference:C:\Users\rdenimal\.nuget\packages\microsoft.netcore.app.ref\6.0.36\ref\net6.0\System.ServiceModel.Web.dll /reference:C:\Users\rdenimal\.nuget\packages\microsoft.netcore.app.ref\6.0.36\ref\net6.0\System.ServiceProcess.dll /reference:C:\Users\rdenimal\.nuget\packages\microsoft.netcore.app.ref\6.0.36\ref\net6.0\System.Text.Encoding.CodePages.dll /reference:C:\Users\rdenimal\.nuget\packages\microsoft.netcore.app.ref\6.0.36\ref\net6.0\System.Text.Encoding.dll /reference:C:\Users\rdenimal\.nuget\packages\microsoft.netcore.app.ref\6.0.36\ref\net6.0\System.Text.Encoding.Extensions.dll /reference:C:\Users\rdenimal\.nuget\packages\microsoft.netcore.app.ref\6.0.36\ref\net6.0\System.Text.Encodings.Web.dll /reference:C:\Users\rdenimal\.nuget\packages\microsoft.netcore.app.ref\6.0.36\ref\net6.0\System.Text.Json.dll /reference:C:\Users\rdenimal\.nuget\packages\microsoft.netcore.app.ref\6.0.36\ref\net6.0\System.Text.RegularExpressions.dll /reference:C:\Users\rdenimal\.nuget\packages\microsoft.windowsdesktop.app.ref\6.0.36\ref\net6.0\System.Threading.AccessControl.dll /reference:C:\Users\rdenimal\.nuget\packages\microsoft.netcore.app.ref\6.0.36\ref\net6.0\System.Threading.Channels.dll /reference:C:\Users\rdenimal\.nuget\packages\microsoft.netcore.app.ref\6.0.36\ref\net6.0\System.Threading.dll /reference:C:\Users\rdenimal\.nuget\packages\microsoft.netcore.app.ref\6.0.36\ref\net6.0\System.Threading.Overlapped.dll /reference:C:\Users\rdenimal\.nuget\packages\microsoft.netcore.app.ref\6.0.36\ref\net6.0\System.Threading.Tasks.Dataflow.dll /reference:C:\Users\rdenimal\.nuget\packages\microsoft.netcore.app.ref\6.0.36\ref\net6.0\System.Threading.Tasks.dll /reference:C:\Users\rdenimal\.nuget\packages\microsoft.netcore.app.ref\6.0.36\ref\net6.0\System.Threading.Tasks.Extensions.dll /reference:C:\Users\rdenimal\.nuget\packages\microsoft.netcore.app.ref\6.0.36\ref\net6.0\System.Threading.Tasks.Parallel.dll /reference:C:\Users\rdenimal\.nuget\packages\microsoft.netcore.app.ref\6.0.36\ref\net6.0\System.Threading.Thread.dll /reference:C:\Users\rdenimal\.nuget\packages\microsoft.netcore.app.ref\6.0.36\ref\net6.0\System.Threading.ThreadPool.dll /reference:C:\Users\rdenimal\.nuget\packages\microsoft.netcore.app.ref\6.0.36\ref\net6.0\System.Threading.Timer.dll /reference:C:\Users\rdenimal\.nuget\packages\microsoft.netcore.app.ref\6.0.36\ref\net6.0\System.Transactions.dll /reference:C:\Users\rdenimal\.nuget\packages\microsoft.netcore.app.ref\6.0.36\ref\net6.0\System.Transactions.Local.dll /reference:C:\Users\rdenimal\.nuget\packages\microsoft.netcore.app.ref\6.0.36\ref\net6.0\System.ValueTuple.dll /reference:C:\Users\rdenimal\.nuget\packages\microsoft.netcore.app.ref\6.0.36\ref\net6.0\System.Web.dll /reference:C:\Users\rdenimal\.nuget\packages\microsoft.netcore.app.ref\6.0.36\ref\net6.0\System.Web.HttpUtility.dll /reference:C:\Users\rdenimal\.nuget\packages\microsoft.netcore.app.ref\6.0.36\ref\net6.0\System.Windows.dll /reference:C:\Users\rdenimal\.nuget\packages\system.windows.extensions\7.0.0\lib\net6.0\System.Windows.Extensions.dll /reference:C:\Users\rdenimal\.nuget\packages\microsoft.windowsdesktop.app.ref\6.0.36\ref\net6.0\System.Windows.Forms.Design.dll /reference:C:\Users\rdenimal\.nuget\packages\microsoft.windowsdesktop.app.ref\6.0.36\ref\net6.0\System.Windows.Forms.Design.Editors.dll /reference:C:\Users\rdenimal\.nuget\packages\microsoft.windowsdesktop.app.ref\6.0.36\ref\net6.0\System.Windows.Forms.dll /reference:C:\Users\rdenimal\.nuget\packages\microsoft.windowsdesktop.app.ref\6.0.36\ref\net6.0\System.Windows.Forms.Primitives.dll /reference:C:\Users\rdenimal\.nuget\packages\microsoft.netcore.app.ref\6.0.36\ref\net6.0\System.Xml.dll /reference:C:\Users\rdenimal\.nuget\packages\microsoft.netcore.app.ref\6.0.36\ref\net6.0\System.Xml.Linq.dll /reference:C:\Users\rdenimal\.nuget\packages\microsoft.netcore.app.ref\6.0.36\ref\net6.0\System.Xml.ReaderWriter.dll /reference:C:\Users\rdenimal\.nuget\packages\microsoft.netcore.app.ref\6.0.36\ref\net6.0\System.Xml.Serialization.dll /reference:C:\Users\rdenimal\.nuget\packages\microsoft.netcore.app.ref\6.0.36\ref\net6.0\System.Xml.XDocument.dll /reference:C:\Users\rdenimal\.nuget\packages\microsoft.netcore.app.ref\6.0.36\ref\net6.0\System.Xml.XmlDocument.dll /reference:C:\Users\rdenimal\.nuget\packages\microsoft.netcore.app.ref\6.0.36\ref\net6.0\System.Xml.XmlSerializer.dll /reference:C:\Users\rdenimal\.nuget\packages\microsoft.netcore.app.ref\6.0.36\ref\net6.0\System.Xml.XPath.dll /reference:C:\Users\rdenimal\.nuget\packages\microsoft.netcore.app.ref\6.0.36\ref\net6.0\System.Xml.XPath.XDocument.dll /reference:C:\Users\rdenimal\.nuget\packages\microsoft.netcore.app.ref\6.0.36\ref\net6.0\WindowsBase.dll /debug+ /debug:portable /filealign:512 /optimize- /out:obj\Debug\net6.0-windows\DoublonManager.dll /refout:obj\Debug\net6.0-windows\refint\DoublonManager.dll /target:winexe /warnaserror- /utf8output /deterministic+ /sourcelink:obj\Debug\net6.0-windows\DoublonManager.sourcelink.json /langversion:10.0 /analyzerconfig:obj\Debug\net6.0-windows\DoublonManager.GeneratedMSBuildEditorConfig.editorconfig /analyzerconfig:"C:\Program Files\dotnet\sdk\10.0.101\Sdks\Microsoft.NET.Sdk\analyzers\build\config\analysislevel_6_default.globalconfig" /analyzer:"C:\Program Files\dotnet\sdk\10.0.101\Sdks\Microsoft.NET.Sdk\targets\..\analyzers\Microsoft.CodeAnalysis.CSharp.NetAnalyzers.dll" /analyzer:"C:\Program Files\dotnet\sdk\10.0.101\Sdks\Microsoft.NET.Sdk\targets\..\analyzers\Microsoft.CodeAnalysis.NetAnalyzers.dll" /analyzer:C:\Users\rdenimal\.nuget\packages\microsoft.netcore.app.ref\6.0.36\analyzers/dotnet/cs/System.Text.Json.SourceGeneration.dll /analyzer:C:\Users\rdenimal\.nuget\packages\microsoft.windowsdesktop.app.ref\6.0.36\analyzers/dotnet/System.Windows.Forms.Analyzers.dll /analyzer:C:\Users\rdenimal\.nuget\packages\microsoft.windowsdesktop.app.ref\6.0.36\analyzers/dotnet/cs/System.Windows.Forms.Analyzers.CSharp.dll Forms\AnalysisForm.cs Forms\ConfirmationDialog.cs Forms\DeleteConfirmationForm.cs Forms\FormDoublonManager.cs Forms\FormDoublonManager.Designer.cs Forms\HistoryForm.cs Forms\MainDashboard.cs Forms\ProgressForm.cs Forms\SettingsForm.cs Forms\SplashScreen.cs Helpers\ColorHelper.cs Helpers\ConfigManager.cs Helpers\ConnectionHelper.cs Helpers\LogHelper.cs Models\AnalysisResult.cs Models\Duplicate.cs Models\EmployeDoublonFedere.cs Models\Employee.cs Models\LogEntry.cs Program.cs Services\AnalysisService.cs Services\DatabaseService.cs Services\DeletionService.cs Services\DoublonActionService.cs Services\DoublonDetectionService.cs Services\LogService.cs Services\ReportService.cs obj\Debug\net6.0-windows\DoublonManager.GlobalUsings.g.cs "obj\Debug\net6.0-windows\.NETCoreApp,Version=v6.0.AssemblyAttributes.cs" obj\Debug\net6.0-windows\DoublonManager.AssemblyInfo.cs /warnaserror+:NU1605'
         Assembly chargé pendant TaskRun (Microsoft.CodeAnalysis.BuildTasks.Csc) : System.IO.Pipes, Version=10.0.0.0, Culture=neutral, PublicKeyToken=b03f5f7f11d50a3a (emplacement : C:\Program Files\dotnet\shared\Microsoft.NETCore.App\10.0.1\System.IO.Pipes.dll, MVID : e7e51e92-ffa5-4700-bc91-2860dedad6a8, AssemblyLoadContext : Default)
         Attempt to open named pipe 'MVQbJfh5pO54_6b+ZzuaIOfmGaKQYGw1A+tb+kZIc2o'
         Attempt to connect named pipe 'MVQbJfh5pO54_6b+ZzuaIOfmGaKQYGw1A+tb+kZIc2o'
         Assembly chargé pendant TaskRun (Microsoft.CodeAnalysis.BuildTasks.Csc) : System.Security.AccessControl, Version=10.0.0.0, Culture=neutral, PublicKeyToken=b03f5f7f11d50a3a (emplacement : C:\Program Files\dotnet\shared\Microsoft.NETCore.App\10.0.1\System.Security.AccessControl.dll, MVID : 22453100-b461-47c3-bff4-d88d0f363dee, AssemblyLoadContext : Default)
         Named pipe 'MVQbJfh5pO54_6b+ZzuaIOfmGaKQYGw1A+tb+kZIc2o' connected
         Begin writing request for DoublonManager (net6.0-windows)
         End writing request for DoublonManager (net6.0-windows)
         Begin reading response for DoublonManager (net6.0-windows)
         End reading response for DoublonManager (net6.0-windows)
         Compilateur Microsoft (R) Visual C# version 5.0.0-2.25569.105 (fad253f5)
         Copyright (C) Microsoft Corporation. Tous droits réservés.
   1:7>C:\Users\rdenimal\Documents\gestionnaire_doublon\DoublonManager\Forms\SplashScreen.cs(10,17): error CS0104: 'Timer' est une référence ambiguë entre 'System.Windows.Forms.Timer' et 'System.Threading.Timer' [C:\Users\rdenimal\Documents\gestionnaire_doublon\DoublonManager\DoublonManager.csproj]
   1:7>C:\Users\rdenimal\Documents\gestionnaire_doublon\DoublonManager\Helpers\LogHelper.cs(37,96): warning CS8625: Impossible de convertir un littéral ayant une valeur null en type référence non-nullable. [C:\Users\rdenimal\Documents\gestionnaire_doublon\DoublonManager\DoublonManager.csproj]
   1:7>C:\Users\rdenimal\Documents\gestionnaire_doublon\DoublonManager\Helpers\LogHelper.cs(97,82): warning CS8625: Impossible de convertir un littéral ayant une valeur null en type référence non-nullable. [C:\Users\rdenimal\Documents\gestionnaire_doublon\DoublonManager\DoublonManager.csproj]
   1:7>C:\Users\rdenimal\Documents\gestionnaire_doublon\DoublonManager\Helpers\LogHelper.cs(113,124): warning CS8625: Impossible de convertir un littéral ayant une valeur null en type référence non-nullable. [C:\Users\rdenimal\Documents\gestionnaire_doublon\DoublonManager\DoublonManager.csproj]
   1:7>C:\Users\rdenimal\Documents\gestionnaire_doublon\DoublonManager\Services\DoublonActionService.cs(39,119): warning CS8625: Impossible de convertir un littéral ayant une valeur null en type référence non-nullable. [C:\Users\rdenimal\Documents\gestionnaire_doublon\DoublonManager\DoublonManager.csproj]
         CompilerServer: server - server processed compilation - DoublonManager (net6.0-windows)
       Exécution de la tâche "Csc" terminée -- ÉCHEC.
   1:7>Génération de la cible "CoreCompile" terminée dans le projet "DoublonManager.csproj" -- ÉCHEC.
   1:7>Cible "_CheckForCompileOutputs" dans le fichier "C:\Program Files\dotnet\sdk\10.0.101\Microsoft.Common.CurrentVersion.targets" du projet "C:\Users\rdenimal\Documents\gestionnaire_doublon\DoublonManager\DoublonManager.csproj" (la cible "_CleanGetCurrentAndPriorFileWrites" en dépend) :
   1:7>Génération de la cible "_CheckForCompileOutputs" terminée dans le projet "DoublonManager.csproj".
   1:7>Cible "_CleanGetCurrentAndPriorFileWrites" dans le fichier "C:\Program Files\dotnet\sdk\10.0.101\Microsoft.Common.CurrentVersion.targets" du projet "C:\Users\rdenimal\Documents\gestionnaire_doublon\DoublonManager\DoublonManager.csproj" (la cible "_CleanRecordFileWrites" en dépend) :
       Utilisation de la tâche "ReadLinesFromFile" à partir de l'assembly "Microsoft.Build.Tasks.Core, Version=15.1.0.0, Culture=neutral, PublicKeyToken=b03f5f7f11d50a3a".
       Tâche "ReadLinesFromFile"
       Exécution de la tâche "ReadLinesFromFile" terminée.
       Tâche "ConvertToAbsolutePath"
       Exécution de la tâche "ConvertToAbsolutePath" terminée.
       Utilisation de la tâche "FindUnderPath" à partir de l'assembly "Microsoft.Build.Tasks.Core, Version=15.1.0.0, Culture=neutral, PublicKeyToken=b03f5f7f11d50a3a".
       Tâche "FindUnderPath"
         Le chemin de comparaison est "C:\Users\rdenimal\Documents\gestionnaire_doublon\DoublonManager".
       Exécution de la tâche "FindUnderPath" terminée.
       Tâche "FindUnderPath"
         Le chemin de comparaison est "bin\Debug\net6.0-windows\".
       Exécution de la tâche "FindUnderPath" terminée.
       Tâche "FindUnderPath"
         Le chemin de comparaison est "obj\Debug\net6.0-windows\".
       Exécution de la tâche "FindUnderPath" terminée.
       Tâche "RemoveDuplicates"
       Exécution de la tâche "RemoveDuplicates" terminée.
   1:7>Génération de la cible "_CleanGetCurrentAndPriorFileWrites" terminée dans le projet "DoublonManager.csproj".
   1:7>Cible "_CleanRecordFileWrites" dans le fichier "C:\Program Files\dotnet\sdk\10.0.101\Microsoft.Common.CurrentVersion.targets" du projet "C:\Users\rdenimal\Documents\gestionnaire_doublon\DoublonManager\DoublonManager.csproj" (la cible "CoreBuild" en dépend) :
       Tâche "RemoveDuplicates"
       Exécution de la tâche "RemoveDuplicates" terminée.
       Tâche "MakeDir"
       Exécution de la tâche "MakeDir" terminée.
       Tâche "WriteLinesToFile"
         L'écriture dans le fichier "obj\Debug\net6.0-windows\DoublonManager.csproj.FileListAbsolute.txt" est ignorée, car le contenu ne change pas.
       Exécution de la tâche "WriteLinesToFile" terminée.
   1:7>Génération de la cible "_CleanRecordFileWrites" terminée dans le projet "DoublonManager.csproj".
   1:7>Génération du projet "C:\Users\rdenimal\Documents\gestionnaire_doublon\DoublonManager\DoublonManager.csproj" terminée (cibles par défaut) -- ÉCHEC.

ÉCHEC de la build.

       "C:\Users\rdenimal\Documents\gestionnaire_doublon\DoublonManager\DoublonManager.csproj" (Restore cible) (1) ->
       "C:\Users\rdenimal\Documents\gestionnaire_doublon\DoublonManager\DoublonManager.csproj" (_GenerateRestoreGraphProjectEntry cible) (1:5) ->
       (_CheckForEolTargetFrameworks cible) -> 
         C:\Program Files\dotnet\sdk\10.0.101\Sdks\Microsoft.NET.Sdk\targets\Microsoft.NET.EolTargetFrameworks.targets(32,5): warning NETSDK1138: La version cible de .NET Framework ('net6.0-windows') n'est pas prise en charge et ne recevra pas les mises à jour de sécurité. Consultez https://aka.ms/dotnet-core-support pour plus d'informations sur la stratégie de support. [C:\Users\rdenimal\Documents\gestionnaire_doublon\DoublonManager\DoublonManager.csproj]


       "C:\Users\rdenimal\Documents\gestionnaire_doublon\DoublonManager\DoublonManager.csproj" (Restore cible) (1) ->
         C:\Program Files\dotnet\sdk\10.0.101\Sdks\Microsoft.NET.Sdk\targets\Microsoft.NET.EolTargetFrameworks.targets(32,5): warning NETSDK1138: La version cible de .NET Framework ('net6.0-windows') n'est pas prise en charge et ne recevra pas les mises à jour de sécurité. Consultez https://aka.ms/dotnet-core-support pour plus d'informations sur la stratégie de support. [C:\Users\rdenimal\Documents\gestionnaire_doublon\DoublonManager\DoublonManager.csproj]


       "C:\Users\rdenimal\Documents\gestionnaire_doublon\DoublonManager\DoublonManager.csproj" (cible par défaut) (1:7) ->
         C:\Program Files\dotnet\sdk\10.0.101\Sdks\Microsoft.NET.Sdk\targets\Microsoft.NET.EolTargetFrameworks.targets(32,5): warning NETSDK1138: La version cible de .NET Framework ('net6.0-windows') n'est pas prise en charge et ne recevra pas les mises à jour de sécurité. Consultez https://aka.ms/dotnet-core-support pour plus d'informations sur la stratégie de support. [C:\Users\rdenimal\Documents\gestionnaire_doublon\DoublonManager\DoublonManager.csproj]


       "C:\Users\rdenimal\Documents\gestionnaire_doublon\DoublonManager\DoublonManager.csproj" (cible par défaut) (1:7) ->
       (CoreCompile cible) -> 
         C:\Users\rdenimal\Documents\gestionnaire_doublon\DoublonManager\Helpers\LogHelper.cs(37,96): warning CS8625: Impossible de convertir un littéral ayant une valeur null en type référence non-nullable. [C:\Users\rdenimal\Documents\gestionnaire_doublon\DoublonManager\DoublonManager.csproj]
         C:\Users\rdenimal\Documents\gestionnaire_doublon\DoublonManager\Helpers\LogHelper.cs(97,82): warning CS8625: Impossible de convertir un littéral ayant une valeur null en type référence non-nullable. [C:\Users\rdenimal\Documents\gestionnaire_doublon\DoublonManager\DoublonManager.csproj]
         C:\Users\rdenimal\Documents\gestionnaire_doublon\DoublonManager\Helpers\LogHelper.cs(113,124): warning CS8625: Impossible de convertir un littéral ayant une valeur null en type référence non-nullable. [C:\Users\rdenimal\Documents\gestionnaire_doublon\DoublonManager\DoublonManager.csproj]
         C:\Users\rdenimal\Documents\gestionnaire_doublon\DoublonManager\Services\DoublonActionService.cs(39,119): warning CS8625: Impossible de convertir un littéral ayant une valeur null en type référence non-nullable. [C:\Users\rdenimal\Documents\gestionnaire_doublon\DoublonManager\DoublonManager.csproj]


       "C:\Users\rdenimal\Documents\gestionnaire_doublon\DoublonManager\DoublonManager.csproj" (cible par défaut) (1:7) ->
       (CoreCompile cible) -> 
         C:\Users\rdenimal\Documents\gestionnaire_doublon\DoublonManager\Forms\SplashScreen.cs(10,17): error CS0104: 'Timer' est une référence ambiguë entre 'System.Windows.Forms.Timer' et 'System.Threading.Timer' [C:\Users\rdenimal\Documents\gestionnaire_doublon\DoublonManager\DoublonManager.csproj]

    7 Avertissement(s)
    1 Erreur(s)

Temps écoulé 00:00:01.87
